@crouching
@time_limit -1
@crouching true
@is_deluxe true
@time_limit -1
@background mountains
@author AshQuimby
@name Tutorial
@double_jumping true
@version 0.7
@wall_sliding true
82 10 tiles/sets/stone 34 
74 9 tiles/sets/stone 36 
80 35 tiles/sets/malice 3 
85 28 tiles/sets/stone 3 
74 6 tiles/sets/stone 4 
80 34 tiles/sets/malice 3 
73 1 tiles/sets/ice 19 
72 1 tiles/sets/ice 19 
73 9 tiles/sets/malice 49 
68 8 tiles/sets/stone 5 
60 2 tiles/sets/ice 17 
8 4 tiles/sets/stone 47 
81 31 tiles/sets/grass 17 
74 18 tiles/sets/slick_block 4 
0 1 tiles/sets/stone 47 
17 13 tiles/coin 0 
69 10 tiles/sets/malice 5 
64 1 tiles/sets/ice 19 
29 9 tiles/sets/stone 49 
2 0 tiles/sets/stone 49 
85 29 tiles/sets/stone 3 
75 6 tiles/sets/stone 34 
75 7 tiles/sets/stone 34 
28 9 tiles/sets/stone 47 
71 8 tiles/sets/stone 21 
41 12 tiles/sets/malice 34 
41 7 tiles/sets/grass 19 
67 7 tiles/sets/stone 4 
84 34 tiles/key 0 
66 10 tiles/sets/malice 51 
61 1 tiles/sets/ice 19 
66 11 tiles/sets/malice 2 
81 22 tiles/sets/stone 49 
71 10 tiles/sets/malice 5 
65 9 tiles/sets/malice 47 
69 4 tiles/sets/stone 19 
33 10 tiles/sets/grass 19 
78 6 tiles/text 1 Hang on to walls to wallslide... 
83 22 tiles/sets/stone 49 
82 31 tiles/one_way 2 
80 32 tiles/sets/malice 3 
26 13 tiles/coin 0 
80 23 tiles/sets/malice 11 
2 1 tiles/sets/stone 5 
81 8 tiles/sets/stone 4 
3 0 tiles/sets/stone 32 
83 31 tiles/one_way 2 
1 1 tiles/sets/stone 36 
67 11 tiles/sets/malice 19 
73 0 tiles/sets/stone 49 
75 4 tiles/sets/stone 32 
74 13 tiles/sets/stone 4 
65 10 tiles/sets/malice 2 
87 38 tiles/sets/malice 18 
81 12 tiles/sets/slick_block 4 
51 6 tiles/sets/stone 49 
82 23 tiles/sets/grass 19 
63 1 tiles/sets/ice 19 
80 37 tiles/sets/malice 3 
92 13 tiles/sets/stone 32 
36 10 tiles/sets/grass 17 
50 6 tiles/sets/stone 49 
19 14 tiles/coin 0 
82 11 tiles/sets/stone 34 
40 7 tiles/sets/grass 19 
16 13 tiles/coin 0 
92 14 tiles/sets/grass 17 
40 11 tiles/sets/malice 4 
90 25 tiles/end 0 
81 5 tiles/sets/stone 4 
91 22 tiles/sets/stone 49 
41 13 tiles/sets/malice 34 
74 19 tiles/sets/slick_block 4 
67 9 tiles/sets/stone 5 
39 15 tiles/sets/malice 49 
68 4 tiles/sets/stone 19 
69 3 tiles/sets/stone 49 
71 5 tiles/sets/stone 3 
70 1 tiles/sets/ice 19 
74 11 tiles/sets/stone 4 
82 27 tiles/one_way 2 
82 22 tiles/sets/stone 49 
66 8 tiles/sets/malice 47 
65 1 tiles/sets/ice 19 
84 30 tiles/sets/stone 47 
59 2 tiles/sets/stone 8 
90 23 tiles/sets/grass 19 
42 6 tiles/sets/stone 49 
10 5 tiles/sets/grass 17 
69 8 tiles/sets/stone 5 
68 9 tiles/sets/stone 5 
86 13 tiles/sets/stone 49 
86 23 tiles/one_way 2 
84 13 tiles/sets/stone 49 
36 9 tiles/sets/stone 32 
90 13 tiles/sets/stone 49 
50 7 tiles/sets/ice 19 
87 30 tiles/sets/stone 49 
68 11 tiles/sets/malice 19 
66 1 tiles/sets/ice 19 
69 5 tiles/text 1 Hold S to crouch or slide. 
69 2 tiles/half_spike 2 
81 1 tiles/sets/stone 51 
77 0 tiles/sets/stone 49 
81 6 tiles/sets/stone 4 
85 38 tiles/sets/malice 18 
78 0 tiles/sets/stone 49 
58 2 tiles/sets/stone 47 
47 7 tiles/sets/ice 19 
90 14 tiles/sets/grass 19 
31 10 tiles/sets/grass 19 
45 7 tiles/sets/ice 19 
76 0 tiles/sets/stone 49 
57 4 tiles/sets/stone 8 
89 38 tiles/sets/malice 18 
55 7 tiles/sets/ice 17 
72 9 tiles/sets/malice 21 
89 30 tiles/sets/stone 32 
75 9 tiles/sets/stone 34 
86 30 tiles/sets/stone 49 
40 15 tiles/sets/malice 36 
76 1 tiles/sets/grass 19 
4 2 tiles/sets/grass 17 
75 21 tiles/sets/slick_block 17 
88 13 tiles/sets/stone 49 
88 31 tiles/sets/grass 19 
75 17 tiles/sets/slick_block 34 
41 6 tiles/sets/stone 49 
33 9 tiles/sets/stone 49 
61 0 tiles/sets/stone 49 
15 13 tiles/coin 0 
12 10 tiles/sets/grass 2 
25 13 tiles/coin 0 
79 1 tiles/sets/grass 19 
40 9 tiles/sets/malice 47 
73 10 tiles/sets/malice 19 
81 14 tiles/sets/slick_block 2 
49 7 tiles/sets/ice 19 
72 8 tiles/sets/malice 32 
85 22 tiles/sets/stone 32 
27 13 tiles/coin 0 
2 3 tiles/spawn 0 
80 31 tiles/sets/malice 11 
86 14 tiles/sets/grass 19 
88 23 tiles/sets/grass 11 
91 14 tiles/sets/grass 19 
21 14 tiles/coin 0 
80 38 tiles/sets/malice 14 
81 30 tiles/sets/stone 32 
62 1 tiles/sets/ice 19 
56 6 tiles/sets/ice 17 
87 23 tiles/one_way 2 
92 31 tiles/sets/grass 2 
70 7 tiles/sets/stone 5 
44 7 tiles/sets/grass 19 
43 7 tiles/sets/grass 19 
81 3 tiles/sets/stone 4 
70 8 tiles/sets/stone 5 
89 22 tiles/sets/stone 49 
88 25 tiles/sets/stone 3 
80 25 tiles/sets/malice 3 
13 10 tiles/sets/grass 19 
93 38 tiles/sets/malice 29 
39 6 tiles/sets/stone 49 
93 22 tiles/sets/malice 32 
75 0 tiles/sets/stone 49 
74 8 tiles/sets/stone 4 
71 1 tiles/sets/ice 19 
13 9 tiles/sets/stone 49 
41 15 tiles/sets/malice 21 
41 8 tiles/text 1 Things that look dangerous probably are! 
83 13 tiles/sets/stone 49 
80 27 tiles/sets/malice 3 
74 15 tiles/sets/slick_block 4 
38 7 tiles/sets/grass 19 
54 7 tiles/sets/ice 19 
80 29 tiles/sets/malice 3 
93 25 tiles/sets/malice 3 
41 9 tiles/sets/malice 32 
84 38 tiles/sets/malice 18 
50 10 tiles/text 1 Ice is slippery. 
88 30 tiles/sets/stone 49 
90 22 tiles/sets/stone 49 
4 1 tiles/sets/stone 32 
48 7 tiles/sets/ice 19 
84 22 tiles/sets/stone 49 
74 4 tiles/sets/stone 47 
1 0 tiles/sets/stone 47 
3 1 tiles/sets/stone 21 
81 23 tiles/sets/grass 19 
80 30 tiles/sets/malice 12 
80 22 tiles/sets/malice 47 
89 33 tiles/text 1 Key boxes can be opened with a key. 
68 10 tiles/sets/malice 5 
66 0 tiles/sets/stone 49 
70 9 tiles/sets/stone 5 
3 2 tiles/sets/grass 19 
53 6 tiles/sets/stone 49 
93 35 tiles/sets/malice 3 
82 5 tiles/sets/stone 34 
41 10 tiles/sets/malice 34 
34 9 tiles/sets/stone 49 
89 14 tiles/sets/grass 19 
74 10 tiles/sets/stone 51 
41 11 tiles/sets/malice 34 
81 13 tiles/sets/slick_block 4 
68 7 tiles/sets/stone 5 
70 6 tiles/sets/stone 49 
75 18 tiles/sets/slick_block 34 
93 32 tiles/sets/malice 3 
86 18 tiles/sets/bounce 46 
24 14 tiles/coin 0 
62 2 tiles/checkpoint 0 
87 31 tiles/sets/grass 19 
87 18 tiles/sets/bounce 16 
37 7 tiles/sets/grass 2 
81 2 tiles/sets/stone 4 
82 8 tiles/sets/stone 34 
42 7 tiles/sets/grass 19 
38 16 tiles/sets/malice 2 
48 6 tiles/sets/stone 49 
84 23 tiles/sets/grass 19 
52 7 tiles/sets/ice 19 
22 14 tiles/coin 0 
82 13 tiles/sets/stone 21 
80 1 tiles/sets/grass 19 
14 10 tiles/sets/grass 17 
92 30 tiles/sets/stone 47 
83 15 tiles/checkpoint 0 
83 27 tiles/one_way 2 
85 31 tiles/sets/grass 19 
32 10 tiles/sets/grass 19 
72 0 tiles/sets/stone 49 
86 26 tiles/sets/stone 18 
74 1 tiles/sets/ice 19 
52 6 tiles/sets/stone 49 
75 11 tiles/sets/stone 34 
84 25 tiles/text 1 One-way gates block off one direction. 
42 15 tiles/sets/malice 49 
85 23 tiles/sets/grass 17 
57 3 tiles/sets/stone 47 
14 12 tiles/coin 0 
38 6 tiles/sets/stone 49 
38 15 tiles/sets/malice 47 
46 7 tiles/sets/ice 19 
59 3 tiles/sets/ice 17 
75 1 tiles/sets/ice 19 
80 26 tiles/sets/malice 3 
82 2 tiles/sets/stone 34 
28 12 tiles/coin 0 
35 10 tiles/sets/grass 19 
49 6 tiles/sets/stone 49 
46 6 tiles/sets/stone 49 
70 10 tiles/sets/malice 5 
41 14 tiles/sets/malice 34 
90 38 tiles/sets/malice 18 
86 31 tiles/sets/grass 19 
83 14 tiles/sets/grass 19 
60 1 tiles/sets/stone 8 
65 0 tiles/sets/stone 49 
40 14 tiles/sets/malice 4 
87 14 tiles/sets/grass 19 
80 0 tiles/sets/stone 49 
89 23 tiles/sets/grass 19 
74 14 tiles/sets/slick_block 4 
68 1 tiles/sets/ice 19 
10 4 tiles/sets/stone 32 
70 4 tiles/sets/stone 19 
69 11 tiles/sets/malice 19 
85 26 tiles/sets/stone 59 
75 14 tiles/sets/slick_block 34 
93 26 tiles/sets/malice 3 
68 6 tiles/sets/stone 49 
39 7 tiles/sets/grass 19 
74 20 tiles/sets/slick_block 4 
81 4 tiles/sets/stone 4 
71 6 tiles/sets/stone 41 
35 13 tiles/text 1 You will respawn at your most recent checkpoint. 
93 27 tiles/sets/malice 3 
93 34 tiles/sets/malice 3 
45 6 tiles/sets/stone 49 
87 26 tiles/sets/stone 18 
92 23 tiles/sets/grass 19 
23 14 tiles/coin 0 
71 3 tiles/sets/stone 32 
12 9 tiles/sets/stone 47 
56 5 tiles/sets/stone 8 
88 26 tiles/sets/stone 29 
30 10 tiles/sets/grass 19 
69 1 tiles/sets/ice 19 
1 2 tiles/sets/grass 19 
88 24 tiles/sets/stone 3 
67 1 tiles/sets/ice 19 
75 20 tiles/sets/slick_block 34 
62 0 tiles/sets/stone 49 
74 7 tiles/sets/stone 4 
88 14 tiles/sets/grass 19 
7 8 tiles/text 1 Space or W to jump! 
57 5 tiles/sets/ice 17 
93 29 tiles/sets/malice 3 
74 12 tiles/sets/stone 4 
59 1 tiles/sets/stone 47 
74 0 tiles/sets/stone 49 
28 10 tiles/sets/grass 2 
67 5 tiles/sets/stone 3 
68 0 tiles/sets/stone 49 
30 9 tiles/sets/stone 49 
78 5 tiles/text 1 Then jump again to jump off! 
70 3 tiles/sets/stone 49 
40 13 tiles/sets/malice 4 
53 7 tiles/sets/ice 19 
82 7 tiles/sets/stone 34 
82 1 tiles/sets/stone 34 
44 6 tiles/sets/stone 49 
42 16 tiles/sets/malice 19 
91 31 tiles/key_box 0 
31 9 tiles/sets/stone 49 
47 6 tiles/sets/stone 49 
55 6 tiles/sets/stone 8 
82 0 tiles/sets/stone 32 
93 31 tiles/sets/malice 42 
67 4 tiles/sets/stone 11 
2 6 tiles/text 1 A & D move left and right. 
54 6 tiles/sets/stone 49 
35 11 tiles/checkpoint 0 
18 14 tiles/coin 0 
74 5 tiles/sets/stone 4 
89 13 tiles/sets/stone 49 
40 12 tiles/sets/malice 4 
56 4 tiles/sets/stone 47 
66 9 tiles/sets/malice 36 
9 5 tiles/sets/grass 19 
39 16 tiles/sets/malice 19 
81 11 tiles/sets/slick_block 4 
85 14 tiles/sets/grass 19 
82 3 tiles/sets/stone 34 
79 0 tiles/sets/stone 49 
37 6 tiles/sets/stone 47 
67 8 tiles/sets/stone 36 
9 4 tiles/sets/stone 49 
75 16 tiles/sets/slick_block 34 
67 0 tiles/sets/stone 49 
82 14 tiles/sets/grass 19 
93 24 tiles/sets/malice 3 
88 38 tiles/sets/malice 18 
83 38 tiles/sets/malice 18 
86 38 tiles/sets/malice 18 
71 7 tiles/sets/stone 34 
75 12 tiles/sets/stone 34 
69 7 tiles/sets/stone 5 
82 12 tiles/sets/stone 34 
90 31 tiles/key_box 0 
82 4 tiles/sets/stone 34 
80 28 tiles/sets/malice 3 
68 3 tiles/sets/stone 49 
43 15 tiles/sets/malice 32 
43 6 tiles/sets/stone 49 
8 5 tiles/sets/grass 2 
14 9 tiles/sets/stone 32 
85 27 tiles/sets/stone 3 
67 10 tiles/sets/malice 5 
70 11 tiles/sets/malice 19 
64 0 tiles/sets/stone 49 
80 33 tiles/sets/malice 3 
71 11 tiles/sets/malice 19 
81 0 tiles/sets/stone 49 
85 13 tiles/sets/stone 49 
92 38 tiles/sets/malice 18 
81 10 tiles/sets/stone 4 
80 36 tiles/sets/malice 3 
92 22 tiles/sets/stone 49 
85 30 tiles/sets/stone 22 
78 1 tiles/sets/grass 19 
10 11 tiles/text 1 Jump again in mid-air to double jump. 
80 24 tiles/sets/malice 3 
71 9 tiles/sets/stone 5 
87 13 tiles/sets/stone 49 
58 3 tiles/sets/stone 8 
75 5 tiles/sets/stone 34 
87 34 tiles/key 0 
72 11 tiles/sets/malice 17 
93 37 tiles/sets/malice 3 
75 13 tiles/sets/stone 34 
21 12 tiles/text 1 Hold shift to look ahead... 
83 23 tiles/sets/grass 19 
93 23 tiles/sets/malice 42 
81 38 tiles/sets/malice 18 
71 4 tiles/sets/stone 42 
0 2 tiles/sets/grass 2 
63 0 tiles/sets/stone 49 
51 7 tiles/sets/ice 19 
74 17 tiles/sets/slick_block 4 
40 16 tiles/sets/malice 19 
75 8 tiles/sets/stone 34 
88 17 tiles/text 1 Bounce platforms spring you up. 
69 0 tiles/sets/stone 49 
60 0 tiles/sets/stone 47 
77 17 tiles/text 1 You can't slide on "slick" blocks. 
75 19 tiles/sets/slick_block 34 
69 6 tiles/sets/stone 49 
74 16 tiles/sets/slick_block 4 
75 15 tiles/sets/slick_block 34 
2 2 tiles/sets/grass 19 
82 9 tiles/sets/stone 34 
32 9 tiles/sets/stone 49 
34 10 tiles/sets/grass 19 
82 38 tiles/sets/malice 18 
93 30 tiles/sets/malice 41 
93 36 tiles/sets/malice 3 
81 9 tiles/sets/stone 4 
58 4 tiles/sets/ice 17 
69 9 tiles/sets/stone 5 
71 0 tiles/sets/stone 49 
93 33 tiles/sets/malice 3 
35 9 tiles/sets/stone 49 
68 2 tiles/half_spike 2 
70 0 tiles/sets/stone 49 
91 38 tiles/sets/malice 18 
67 6 tiles/sets/stone 12 
29 10 tiles/sets/grass 19 
90 27 tiles/text 1 The goal crystal wins the level. 
82 6 tiles/sets/stone 34 
40 10 tiles/sets/malice 4 
89 31 tiles/sets/grass 17 
55 5 tiles/sets/stone 47 
77 1 tiles/sets/grass 19 
41 16 tiles/sets/malice 19 
70 2 tiles/half_spike 2 
84 31 tiles/sets/grass 2 
84 14 tiles/sets/grass 19 
67 3 tiles/sets/stone 47 
88 22 tiles/sets/stone 47 
91 13 tiles/sets/stone 49 
40 6 tiles/sets/stone 49 
91 23 tiles/sets/grass 19 
81 7 tiles/sets/stone 4 
93 28 tiles/sets/malice 3 
20 14 tiles/coin 0 
72 10 tiles/sets/malice 6 
74 21 tiles/sets/slick_block 2 
43 16 tiles/sets/malice 17 
75 10 tiles/sets/stone 34 
