@crouching true
@look_around true
@is_deluxe true
@time_limit -1
@author Jade
@background desert
@name GG!
@double_jumping true
@wall_sliding true
@version 0.1.5
98 5 tiles/sets/rock 5 
99 5 tiles/sets/rock 5 
100 5 tiles/sets/rock 5 
101 5 tiles/sets/rock 5 
102 5 tiles/sets/rock 5 
100 7 tiles/sets/rock 5 
101 7 tiles/sets/rock 5 
102 7 tiles/sets/rock 5 
102 8 tiles/sets/rock 5 
102 9 tiles/sets/rock 5 
101 9 tiles/sets/rock 5 
100 9 tiles/sets/rock 5 
101 8 tiles/sets/rock 5 
100 8 tiles/sets/rock 5 
98 6 tiles/sets/rock 5 
98 7 tiles/sets/rock 5 
98 8 tiles/sets/rock 5 
98 9 tiles/sets/rock 5 
98 10 tiles/sets/rock 5 
98 11 tiles/sets/rock 5 
99 11 tiles/sets/rock 5 
100 11 tiles/sets/rock 5 
101 11 tiles/sets/rock 5 
102 11 tiles/sets/rock 5 
103 11 tiles/sets/rock 5 
104 11 tiles/sets/rock 5 
104 10 tiles/sets/rock 5 
104 9 tiles/sets/rock 5 
104 8 tiles/sets/rock 5 
104 7 tiles/sets/rock 5 
104 6 tiles/sets/rock 5 
104 5 tiles/sets/rock 5 
103 5 tiles/sets/rock 5 
104 13 tiles/sets/rock 5 
104 15 tiles/sets/rock 5 
104 17 tiles/sets/rock 5 
104 19 tiles/sets/rock 5 
104 21 tiles/sets/rock 5 
104 23 tiles/sets/rock 5 
104 25 tiles/sets/rock 5 
104 27 tiles/sets/rock 5 
103 27 tiles/sets/rock 5 
102 27 tiles/sets/rock 5 
101 27 tiles/sets/rock 5 
100 27 tiles/sets/rock 5 
99 27 tiles/sets/rock 5 
98 27 tiles/sets/rock 5 
98 28 tiles/sets/rock 5 
98 29 tiles/sets/rock 5 
98 30 tiles/sets/rock 5 
98 31 tiles/sets/rock 5 
98 32 tiles/sets/rock 5 
98 33 tiles/sets/rock 5 
99 33 tiles/sets/rock 5 
100 33 tiles/sets/rock 5 
101 33 tiles/sets/rock 5 
102 33 tiles/sets/rock 5 
103 33 tiles/sets/rock 5 
104 33 tiles/sets/rock 5 
104 32 tiles/sets/rock 5 
104 31 tiles/sets/rock 5 
104 30 tiles/sets/rock 5 
104 29 tiles/sets/rock 5 
104 28 tiles/sets/rock 5 
102 29 tiles/sets/rock 5 
101 29 tiles/sets/rock 5 
100 29 tiles/sets/rock 5 
100 30 tiles/sets/rock 5 
100 31 tiles/sets/rock 5 
101 31 tiles/sets/rock 5 
102 31 tiles/sets/rock 5 
102 30 tiles/sets/rock 5 
101 30 tiles/sets/rock 5 
106 27 tiles/sets/rock 5 
108 27 tiles/sets/rock 5 
110 27 tiles/sets/rock 5 
112 27 tiles/sets/rock 5 
114 27 tiles/sets/rock 5 
116 27 tiles/sets/rock 5 
118 27 tiles/sets/rock 5 
120 27 tiles/sets/rock 5 
121 27 tiles/sets/rock 5 
122 27 tiles/sets/rock 5 
123 27 tiles/sets/rock 5 
124 27 tiles/sets/rock 5 
125 27 tiles/sets/rock 5 
126 27 tiles/sets/rock 5 
126 28 tiles/sets/rock 5 
126 29 tiles/sets/rock 5 
126 30 tiles/sets/rock 5 
126 31 tiles/sets/rock 5 
126 32 tiles/sets/rock 5 
126 33 tiles/sets/rock 5 
125 33 tiles/sets/rock 5 
124 33 tiles/sets/rock 5 
123 33 tiles/sets/rock 5 
122 33 tiles/sets/rock 5 
121 33 tiles/sets/rock 5 
120 33 tiles/sets/rock 5 
120 32 tiles/sets/rock 5 
120 31 tiles/sets/rock 5 
120 30 tiles/sets/rock 5 
120 29 tiles/sets/rock 5 
120 28 tiles/sets/rock 5 
122 29 tiles/sets/rock 5 
123 29 tiles/sets/rock 5 
124 29 tiles/sets/rock 5 
124 30 tiles/sets/rock 5 
124 31 tiles/sets/rock 5 
123 31 tiles/sets/rock 5 
122 31 tiles/sets/rock 5 
122 30 tiles/sets/rock 5 
123 30 tiles/sets/rock 5 
106 33 tiles/sets/rock 5 
108 33 tiles/sets/rock 5 
110 33 tiles/sets/rock 5 
112 33 tiles/sets/rock 5 
114 33 tiles/sets/rock 5 
107 32 tiles/sets/rock 5 
108 32 tiles/sets/rock 5 
109 32 tiles/sets/rock 5 
110 32 tiles/sets/rock 5 
108 31 tiles/sets/rock 5 
107 31 tiles/sets/rock 5 
106 31 tiles/sets/rock 5 
106 30 tiles/sets/rock 5 
107 30 tiles/sets/rock 5 
108 30 tiles/sets/rock 5 
106 29 tiles/sets/rock 5 
114 32 tiles/sets/rock 5 
116 32 tiles/sets/rock 5 
116 31 tiles/sets/rock 5 
118 32 tiles/sets/rock 5 
118 31 tiles/sets/rock 5 
118 30 tiles/sets/rock 5 
117 29 tiles/sets/rock 5 
114 31 tiles/sets/rock 5 
113 31 tiles/sets/rock 5 
112 31 tiles/sets/rock 5 
111 31 tiles/sets/rock 5 
113 30 tiles/sets/rock 5 
112 29 tiles/sets/rock 5 
114 30 tiles/sets/rock 5 
114 29 tiles/sets/rock 5 
114 28 tiles/sets/rock 5 
115 29 tiles/sets/rock 5 
115 28 tiles/sets/rock 5 
116 28 tiles/sets/rock 5 
117 28 tiles/sets/rock 5 
114 26 tiles/sets/rock 5 
115 26 tiles/sets/rock 5 
114 25 tiles/sets/rock 5 
115 25 tiles/sets/rock 5 
110 30 tiles/sets/rock 5 
110 29 tiles/sets/rock 5 
109 29 tiles/sets/rock 5 
109 28 tiles/sets/rock 5 
108 28 tiles/sets/rock 5 
110 26 tiles/sets/rock 5 
111 26 tiles/sets/rock 5 
112 26 tiles/sets/rock 5 
112 25 tiles/sets/rock 5 
111 25 tiles/sets/rock 5 
110 25 tiles/sets/rock 5 
108 26 tiles/sets/rock 5 
108 25 tiles/sets/rock 5 
108 24 tiles/sets/rock 5 
109 25 tiles/sets/rock 5 
110 24 tiles/sets/rock 5 
112 24 tiles/sets/rock 5 
114 23 tiles/sets/rock 5 
113 23 tiles/sets/rock 5 
112 23 tiles/sets/rock 5 
111 23 tiles/sets/rock 5 
110 23 tiles/sets/rock 5 
109 23 tiles/sets/rock 5 
108 23 tiles/sets/rock 5 
107 23 tiles/sets/rock 5 
106 23 tiles/sets/rock 5 
106 25 tiles/sets/rock 5 
105 24 tiles/sets/rock 5 
105 23 tiles/sets/rock 5 
112 22 tiles/sets/rock 5 
107 22 tiles/sets/rock 5 
108 22 tiles/sets/rock 5 
108 21 tiles/sets/rock 5 
107 21 tiles/sets/rock 5 
106 21 tiles/sets/rock 5 
105 21 tiles/sets/rock 5 
105 20 tiles/sets/rock 5 
106 20 tiles/sets/rock 5 
106 19 tiles/sets/rock 5 
107 19 tiles/sets/rock 5 
108 19 tiles/sets/rock 5 
109 19 tiles/sets/rock 5 
109 18 tiles/sets/rock 5 
108 18 tiles/sets/rock 5 
109 20 tiles/sets/rock 5 
110 20 tiles/sets/rock 5 
110 21 tiles/sets/rock 5 
113 21 tiles/sets/rock 5 
113 20 tiles/sets/rock 5 
112 20 tiles/sets/rock 5 
111 19 tiles/sets/rock 5 
98 25 tiles/sets/rock 5 
99 25 tiles/sets/rock 5 
100 25 tiles/sets/rock 5 
101 25 tiles/sets/rock 5 
102 24 tiles/sets/rock 5 
102 23 tiles/sets/rock 5 
101 23 tiles/sets/rock 5 
100 23 tiles/sets/rock 5 
101 22 tiles/sets/rock 5 
101 21 tiles/sets/rock 5 
102 20 tiles/sets/rock 5 
103 20 tiles/sets/rock 5 
103 19 tiles/sets/rock 5 
103 18 tiles/sets/rock 5 
102 18 tiles/sets/rock 5 
102 19 tiles/sets/rock 5 
103 17 tiles/sets/rock 5 
103 16 tiles/sets/rock 5 
102 16 tiles/sets/rock 5 
101 17 tiles/sets/rock 5 
98 24 tiles/sets/rock 5 
98 23 tiles/sets/rock 5 
98 22 tiles/sets/rock 5 
98 21 tiles/sets/rock 5 
99 21 tiles/sets/rock 5 
99 20 tiles/sets/rock 5 
100 19 tiles/sets/rock 5 
100 18 tiles/sets/rock 5 
99 18 tiles/sets/rock 5 
98 19 tiles/sets/rock 5 
98 18 tiles/sets/rock 5 
98 17 tiles/sets/rock 5 
98 15 tiles/sets/rock 5 
100 15 tiles/sets/rock 5 
99 13 tiles/sets/rock 5 
101 13 tiles/sets/rock 5 
102 13 tiles/sets/rock 5 
102 14 tiles/sets/rock 5 
103 14 tiles/sets/rock 5 
107 17 tiles/sets/rock 5 
110 17 tiles/sets/rock 5 
106 15 tiles/sets/rock 5 
107 15 tiles/sets/rock 5 
109 14 tiles/sets/rock 5 
108 14 tiles/sets/rock 5 
108 13 tiles/sets/rock 5 
107 13 tiles/sets/rock 5 
106 13 tiles/sets/rock 5 
105 13 tiles/sets/rock 5 
106 12 tiles/sets/rock 5 
108 12 tiles/sets/rock 5 
107 11 tiles/sets/rock 5 
117 26 tiles/sets/rock 5 
117 25 tiles/sets/rock 5 
117 24 tiles/sets/rock 5 
118 25 tiles/sets/rock 5 
119 25 tiles/sets/rock 5 
119 24 tiles/sets/rock 5 
118 24 tiles/sets/rock 5 
117 23 tiles/sets/rock 5 
118 23 tiles/sets/rock 5 
119 23 tiles/sets/rock 5 
119 22 tiles/sets/rock 5 
116 23 tiles/sets/rock 5 
115 22 tiles/sets/rock 5 
118 21 tiles/sets/rock 5 
116 21 tiles/sets/rock 5 
115 20 tiles/sets/rock 5 
115 19 tiles/sets/rock 5 
115 18 tiles/sets/rock 5 
114 18 tiles/sets/rock 5 
113 18 tiles/sets/rock 5 
114 17 tiles/sets/rock 5 
112 17 tiles/sets/rock 5 
116 17 tiles/sets/rock 5 
116 16 tiles/sets/rock 5 
117 18 tiles/sets/rock 5 
118 18 tiles/sets/rock 5 
119 18 tiles/sets/rock 5 
119 19 tiles/sets/rock 5 
119 20 tiles/sets/rock 5 
120 19 tiles/sets/rock 5 
121 19 tiles/sets/rock 5 
122 19 tiles/sets/rock 5 
122 18 tiles/sets/rock 5 
121 18 tiles/sets/rock 5 
120 18 tiles/sets/rock 5 
122 21 tiles/sets/rock 5 
121 21 tiles/sets/rock 5 
121 22 tiles/sets/rock 5 
122 23 tiles/sets/rock 5 
122 24 tiles/sets/rock 5 
122 25 tiles/sets/rock 5 
121 24 tiles/sets/rock 5 
123 23 tiles/sets/rock 5 
123 24 tiles/sets/rock 5 
123 25 tiles/sets/rock 5 
124 25 tiles/sets/rock 5 
126 25 tiles/sets/rock 5 
125 24 tiles/sets/rock 5 
125 23 tiles/sets/rock 5 
125 22 tiles/sets/rock 5 
123 20 tiles/sets/rock 5 
124 20 tiles/sets/rock 5 
124 19 tiles/sets/rock 5 
126 18 tiles/sets/rock 5 
125 18 tiles/sets/rock 5 
125 17 tiles/sets/rock 5 
124 17 tiles/sets/rock 5 
122 17 tiles/sets/rock 5 
121 16 tiles/sets/rock 5 
122 16 tiles/sets/rock 5 
123 16 tiles/sets/rock 5 
123 15 tiles/sets/rock 5 
124 15 tiles/sets/rock 5 
118 16 tiles/sets/rock 5 
111 15 tiles/sets/rock 5 
111 14 tiles/sets/rock 5 
111 13 tiles/sets/rock 5 
112 13 tiles/sets/rock 5 
112 14 tiles/sets/rock 5 
112 15 tiles/sets/rock 5 
113 12 tiles/sets/rock 5 
114 12 tiles/sets/rock 5 
114 11 tiles/sets/rock 5 
126 15 tiles/sets/rock 5 
126 14 tiles/sets/rock 5 
125 12 tiles/sets/rock 5 
125 11 tiles/sets/rock 5 
120 11 tiles/sets/rock 5 
121 6 tiles/sets/rock 5 
120 5 tiles/sets/rock 5 
126 7 tiles/sets/rock 5 
126 6 tiles/sets/rock 5 
125 5 tiles/sets/rock 5 
108 10 tiles/sets/rock 5 
109 10 tiles/sets/rock 5 
110 10 tiles/sets/rock 5 
111 10 tiles/sets/rock 5 
112 10 tiles/sets/rock 5 
112 11 tiles/sets/rock 5 
107 9 tiles/sets/rock 5 
109 9 tiles/sets/rock 5 
109 8 tiles/sets/rock 5 
108 8 tiles/sets/rock 5 
107 8 tiles/sets/rock 5 
106 8 tiles/sets/rock 5 
106 7 tiles/sets/rock 5 
107 7 tiles/sets/rock 5 
108 7 tiles/sets/rock 5 
107 6 tiles/sets/rock 5 
106 6 tiles/sets/rock 5 
107 5 tiles/sets/rock 5 
106 5 tiles/sets/rock 5 
108 5 tiles/sets/rock 5 
109 5 tiles/sets/rock 5 
110 7 tiles/sets/rock 5 
110 6 tiles/sets/rock 5 
111 6 tiles/sets/rock 5 
111 8 tiles/sets/rock 5 
112 7 tiles/sets/rock 5 
113 9 tiles/sets/rock 5 
113 8 tiles/sets/rock 5 
114 8 tiles/sets/rock 5 
114 9 tiles/sets/rock 5 
115 8 tiles/sets/rock 5 
116 8 tiles/sets/rock 5 
116 7 tiles/sets/rock 5 
116 6 tiles/sets/rock 5 
115 6 tiles/sets/rock 5 
115 7 tiles/sets/rock 5 
113 6 tiles/sets/rock 5 
114 6 tiles/sets/rock 5 
115 5 tiles/sets/rock 5 
117 5 tiles/sets/rock 5 
127 34 tiles/sets/sandstone 17 
99 4 tiles/sets/sandstone 49 
97 4 tiles/sets/sandstone 12 
97 6 tiles/sets/sandstone 4 
103 13 tiles/sets/sandstone 5 
100 4 tiles/sets/sandstone 49 
97 22 tiles/sets/sandstone 4 
126 23 tiles/sets/sandstone 5 
101 4 tiles/sets/sandstone 49 
97 5 tiles/sets/sandstone 4 
98 12 tiles/sets/sandstone 5 
104 22 tiles/sets/sandstone 5 
127 23 tiles/sets/sandstone 34 
102 4 tiles/sets/sandstone 49 
121 23 tiles/sets/sandstone 5 
124 23 tiles/sets/sandstone 5 
103 22 tiles/sets/sandstone 5 
100 13 tiles/sets/sandstone 5 
103 4 tiles/sets/sandstone 49 
120 23 tiles/sets/sandstone 5 
102 22 tiles/sets/sandstone 5 
104 4 tiles/sets/sandstone 49 
97 13 tiles/sets/sandstone 4 
127 13 tiles/sets/sandstone 34 
113 5 tiles/sets/sandstone 5 
105 4 tiles/sets/sandstone 49 
105 6 tiles/sets/sandstone 5 
98 20 tiles/sets/sandstone 5 
114 5 tiles/sets/sandstone 5 
125 13 tiles/sets/sandstone 5 
106 4 tiles/sets/sandstone 49 
126 13 tiles/sets/sandstone 5 
116 5 tiles/sets/sandstone 5 
107 4 tiles/sets/sandstone 49 
118 5 tiles/sets/sandstone 5 
119 5 tiles/sets/sandstone 5 
108 4 tiles/sets/sandstone 49 
121 5 tiles/sets/sandstone 5 
109 4 tiles/sets/sandstone 49 
122 5 tiles/sets/sandstone 5 
110 4 tiles/sets/sandstone 49 
124 5 tiles/sets/sandstone 5 
111 4 tiles/sets/sandstone 49 
106 22 tiles/sets/sandstone 5 
126 5 tiles/sets/sandstone 5 
97 23 tiles/sets/sandstone 4 
127 5 tiles/sets/sandstone 34 
112 4 tiles/sets/sandstone 49 
112 6 tiles/sets/sandstone 5 
105 22 tiles/sets/sandstone 5 
127 22 tiles/sets/sandstone 34 
113 4 tiles/sets/sandstone 49 
105 5 tiles/sets/sandstone 5 
114 4 tiles/sets/sandstone 49 
115 4 tiles/sets/sandstone 49 
126 22 tiles/sets/sandstone 5 
116 4 tiles/sets/sandstone 49 
123 22 tiles/sets/sandstone 5 
117 4 tiles/sets/sandstone 49 
124 22 tiles/sets/sandstone 5 
118 4 tiles/sets/sandstone 49 
103 23 tiles/sets/sandstone 5 
119 4 tiles/sets/sandstone 49 
122 22 tiles/sets/sandstone 5 
120 4 tiles/sets/sandstone 49 
121 4 tiles/sets/sandstone 49 
120 22 tiles/sets/sandstone 5 
122 4 tiles/sets/sandstone 49 
122 6 tiles/sets/sandstone 5 
123 4 tiles/sets/sandstone 49 
110 5 tiles/sets/sandstone 5 
124 4 tiles/sets/sandstone 49 
125 4 tiles/sets/sandstone 49 
111 5 tiles/sets/sandstone 5 
126 4 tiles/sets/sandstone 49 
127 6 tiles/sets/sandstone 34 
127 4 tiles/sets/sandstone 32 
112 5 tiles/sets/sandstone 5 
105 25 tiles/sets/sandstone 5 
97 24 tiles/sets/sandstone 4 
105 9 tiles/sets/sandstone 5 
101 14 tiles/sets/sandstone 5 
106 9 tiles/sets/sandstone 5 
107 25 tiles/sets/sandstone 5 
104 24 tiles/sets/sandstone 5 
127 9 tiles/sets/sandstone 34 
121 25 tiles/sets/sandstone 5 
103 24 tiles/sets/sandstone 5 
100 14 tiles/sets/sandstone 5 
127 25 tiles/sets/sandstone 34 
125 25 tiles/sets/sandstone 5 
120 25 tiles/sets/sandstone 5 
97 14 tiles/sets/sandstone 4 
99 14 tiles/sets/sandstone 5 
125 14 tiles/sets/sandstone 5 
127 14 tiles/sets/sandstone 34 
121 14 tiles/sets/sandstone 5 
122 14 tiles/sets/sandstone 5 
123 14 tiles/sets/sandstone 5 
124 14 tiles/sets/sandstone 5 
107 24 tiles/sets/sandstone 5 
118 14 tiles/sets/sandstone 5 
119 14 tiles/sets/sandstone 5 
97 25 tiles/sets/sandstone 4 
97 9 tiles/sets/sandstone 4 
106 24 tiles/sets/sandstone 5 
126 24 tiles/sets/sandstone 5 
127 24 tiles/sets/sandstone 34 
98 34 tiles/sets/sandstone 19 
103 25 tiles/sets/sandstone 5 
124 24 tiles/sets/sandstone 5 
120 24 tiles/sets/sandstone 5 
102 25 tiles/sets/sandstone 5 
100 26 tiles/sets/sandstone 5 
103 15 tiles/sets/sandstone 5 
105 27 tiles/sets/sandstone 5 
99 26 tiles/sets/sandstone 5 
97 26 tiles/sets/sandstone 4 
101 15 tiles/sets/sandstone 5 
107 27 tiles/sets/sandstone 5 
102 15 tiles/sets/sandstone 5 
103 26 tiles/sets/sandstone 5 
104 26 tiles/sets/sandstone 5 
127 27 tiles/sets/sandstone 34 
101 26 tiles/sets/sandstone 5 
97 15 tiles/sets/sandstone 4 
99 15 tiles/sets/sandstone 5 
102 26 tiles/sets/sandstone 5 
119 27 tiles/sets/sandstone 5 
121 15 tiles/sets/sandstone 5 
122 15 tiles/sets/sandstone 5 
127 15 tiles/sets/sandstone 34 
125 15 tiles/sets/sandstone 5 
106 26 tiles/sets/sandstone 5 
97 27 tiles/sets/sandstone 4 
105 26 tiles/sets/sandstone 5 
119 15 tiles/sets/sandstone 5 
120 15 tiles/sets/sandstone 5 
107 26 tiles/sets/sandstone 5 
118 15 tiles/sets/sandstone 5 
123 26 tiles/sets/sandstone 5 
124 26 tiles/sets/sandstone 5 
121 26 tiles/sets/sandstone 5 
122 26 tiles/sets/sandstone 5 
127 26 tiles/sets/sandstone 34 
125 26 tiles/sets/sandstone 5 
126 26 tiles/sets/sandstone 5 
119 26 tiles/sets/sandstone 5 
120 26 tiles/sets/sandstone 5 
118 26 tiles/sets/sandstone 5 
108 29 tiles/sets/sandstone 5 
107 29 tiles/sets/sandstone 5 
127 7 tiles/sets/sandstone 34 
105 29 tiles/sets/sandstone 5 
97 28 tiles/sets/sandstone 4 
105 10 tiles/sets/sandstone 5 
101 16 tiles/sets/sandstone 5 
106 10 tiles/sets/sandstone 5 
107 10 tiles/sets/sandstone 5 
100 16 tiles/sets/sandstone 5 
119 29 tiles/sets/sandstone 5 
118 29 tiles/sets/sandstone 5 
125 10 tiles/sets/sandstone 5 
116 29 tiles/sets/sandstone 5 
126 10 tiles/sets/sandstone 5 
127 10 tiles/sets/sandstone 34 
105 7 tiles/sets/sandstone 5 
97 16 tiles/sets/sandstone 4 
99 16 tiles/sets/sandstone 5 
127 29 tiles/sets/sandstone 34 
124 16 tiles/sets/sandstone 5 
125 16 tiles/sets/sandstone 5 
126 16 tiles/sets/sandstone 5 
127 16 tiles/sets/sandstone 34 
97 29 tiles/sets/sandstone 4 
105 28 tiles/sets/sandstone 5 
97 10 tiles/sets/sandstone 4 
106 28 tiles/sets/sandstone 5 
117 16 tiles/sets/sandstone 5 
107 28 tiles/sets/sandstone 5 
119 16 tiles/sets/sandstone 5 
120 16 tiles/sets/sandstone 5 
127 28 tiles/sets/sandstone 34 
97 7 tiles/sets/sandstone 4 
118 28 tiles/sets/sandstone 5 
119 28 tiles/sets/sandstone 5 
105 31 tiles/sets/sandstone 5 
97 30 tiles/sets/sandstone 4 
117 31 tiles/sets/sandstone 5 
119 31 tiles/sets/sandstone 5 
97 17 tiles/sets/sandstone 4 
99 17 tiles/sets/sandstone 5 
115 31 tiles/sets/sandstone 5 
127 31 tiles/sets/sandstone 34 
100 17 tiles/sets/sandstone 5 
119 17 tiles/sets/sandstone 5 
120 17 tiles/sets/sandstone 5 
117 17 tiles/sets/sandstone 5 
118 17 tiles/sets/sandstone 5 
97 31 tiles/sets/sandstone 4 
105 30 tiles/sets/sandstone 5 
127 17 tiles/sets/sandstone 34 
98 16 tiles/sets/sandstone 5 
126 17 tiles/sets/sandstone 5 
121 17 tiles/sets/sandstone 5 
119 30 tiles/sets/sandstone 5 
117 30 tiles/sets/sandstone 5 
115 30 tiles/sets/sandstone 5 
116 30 tiles/sets/sandstone 5 
127 30 tiles/sets/sandstone 34 
105 33 tiles/sets/sandstone 5 
97 32 tiles/sets/sandstone 4 
105 11 tiles/sets/sandstone 5 
106 11 tiles/sets/sandstone 5 
107 33 tiles/sets/sandstone 5 
109 33 tiles/sets/sandstone 5 
111 33 tiles/sets/sandstone 5 
116 33 tiles/sets/sandstone 5 
115 33 tiles/sets/sandstone 5 
113 33 tiles/sets/sandstone 5 
97 18 tiles/sets/sandstone 4 
119 33 tiles/sets/sandstone 5 
118 33 tiles/sets/sandstone 5 
117 33 tiles/sets/sandstone 5 
126 11 tiles/sets/sandstone 5 
127 11 tiles/sets/sandstone 34 
127 33 tiles/sets/sandstone 34 
97 33 tiles/sets/sandstone 4 
105 32 tiles/sets/sandstone 5 
97 11 tiles/sets/sandstone 4 
106 32 tiles/sets/sandstone 5 
111 32 tiles/sets/sandstone 5 
127 18 tiles/sets/sandstone 34 
112 32 tiles/sets/sandstone 5 
117 32 tiles/sets/sandstone 5 
119 32 tiles/sets/sandstone 5 
113 32 tiles/sets/sandstone 5 
115 32 tiles/sets/sandstone 5 
127 32 tiles/sets/sandstone 34 
98 26 tiles/sets/sandstone 5 
99 34 tiles/sets/sandstone 19 
97 34 tiles/sets/sandstone 2 
100 34 tiles/sets/sandstone 19 
101 34 tiles/sets/sandstone 19 
97 19 tiles/sets/sandstone 4 
102 34 tiles/sets/sandstone 19 
103 34 tiles/sets/sandstone 19 
104 34 tiles/sets/sandstone 19 
106 34 tiles/sets/sandstone 19 
105 34 tiles/sets/sandstone 19 
108 34 tiles/sets/sandstone 19 
107 34 tiles/sets/sandstone 19 
110 34 tiles/sets/sandstone 19 
109 34 tiles/sets/sandstone 19 
127 19 tiles/sets/sandstone 34 
112 34 tiles/sets/sandstone 19 
98 14 tiles/sets/sandstone 5 
125 19 tiles/sets/sandstone 5 
111 34 tiles/sets/sandstone 19 
126 19 tiles/sets/sandstone 5 
115 34 tiles/sets/sandstone 19 
116 34 tiles/sets/sandstone 19 
113 34 tiles/sets/sandstone 19 
114 34 tiles/sets/sandstone 19 
119 34 tiles/sets/sandstone 19 
120 34 tiles/sets/sandstone 19 
117 34 tiles/sets/sandstone 19 
118 34 tiles/sets/sandstone 19 
123 34 tiles/sets/sandstone 19 
124 34 tiles/sets/sandstone 19 
121 34 tiles/sets/sandstone 19 
122 34 tiles/sets/sandstone 19 
125 34 tiles/sets/sandstone 19 
126 34 tiles/sets/sandstone 19 
105 12 tiles/sets/sandstone 5 
126 8 tiles/sets/sandstone 5 
127 8 tiles/sets/sandstone 34 
105 8 tiles/sets/sandstone 5 
97 20 tiles/sets/sandstone 4 
127 21 tiles/sets/sandstone 34 
126 21 tiles/sets/sandstone 5 
125 21 tiles/sets/sandstone 5 
124 21 tiles/sets/sandstone 5 
123 21 tiles/sets/sandstone 5 
120 21 tiles/sets/sandstone 5 
119 21 tiles/sets/sandstone 5 
126 12 tiles/sets/sandstone 5 
127 12 tiles/sets/sandstone 34 
99 12 tiles/sets/sandstone 5 
97 12 tiles/sets/sandstone 4 
120 20 tiles/sets/sandstone 5 
121 20 tiles/sets/sandstone 5 
100 12 tiles/sets/sandstone 5 
122 20 tiles/sets/sandstone 5 
125 20 tiles/sets/sandstone 5 
126 20 tiles/sets/sandstone 5 
127 20 tiles/sets/sandstone 34 
98 13 tiles/sets/sandstone 5 
97 21 tiles/sets/sandstone 4 
98 4 tiles/sets/sandstone 49 
97 8 tiles/sets/sandstone 4 
101 12 tiles/sets/sandstone 5 
102 12 tiles/sets/sandstone 5 
103 21 tiles/sets/sandstone 5 
103 12 tiles/sets/sandstone 5 
102 21 tiles/sets/sandstone 5 
104 12 tiles/sets/sandstone 5 
125 29 tiles/sets/sandstone 5 
121 29 tiles/sets/sandstone 5 
121 28 tiles/sets/sandstone 5 
122 28 tiles/sets/sandstone 5 
123 28 tiles/sets/sandstone 5 
124 28 tiles/sets/sandstone 5 
125 28 tiles/sets/sandstone 5 
125 31 tiles/sets/sandstone 5 
121 31 tiles/sets/sandstone 5 
125 30 tiles/sets/sandstone 5 
121 30 tiles/sets/sandstone 5 
125 32 tiles/sets/sandstone 5 
121 32 tiles/sets/sandstone 5 
122 32 tiles/sets/sandstone 5 
123 32 tiles/sets/sandstone 5 
124 32 tiles/sets/sandstone 5 
123 17 tiles/sets/sandstone 5 
123 18 tiles/sets/sandstone 5 
124 18 tiles/sets/sandstone 5 
123 19 tiles/sets/sandstone 5 
123 10 tiles/sets/sandstone 5 
123 11 tiles/sets/sandstone 5 
124 11 tiles/sets/sandstone 5 
123 12 tiles/sets/sandstone 5 
124 12 tiles/sets/sandstone 5 
121 10 tiles/sets/sandstone 5 
119 10 tiles/sets/sandstone 5 
120 10 tiles/sets/sandstone 5 
119 11 tiles/sets/sandstone 5 
121 11 tiles/sets/sandstone 5 
119 12 tiles/sets/sandstone 5 
120 12 tiles/sets/sandstone 5 
121 12 tiles/sets/sandstone 5 
125 9 tiles/sets/rock 5 
124 6 tiles/sets/rock 5 
123 13 tiles/sets/rock 5 
120 14 tiles/sets/rock 5 
123 9 tiles/sets/rock 5 
124 7 tiles/sets/rock 5 
117 13 tiles/sets/rock 5 
118 12 tiles/sets/rock 5 
122 10 tiles/sets/rock 5 
123 6 tiles/sets/rock 5 
123 5 tiles/sets/rock 5 
122 9 tiles/sets/rock 5 
120 7 tiles/sets/rock 5 
119 8 tiles/sets/rock 5 
123 7 tiles/sets/rock 5 
120 13 tiles/sets/rock 5 
118 10 tiles/sets/rock 5 
120 9 tiles/sets/rock 5 
117 12 tiles/sets/rock 5 
125 8 tiles/sets/rock 5 
121 9 tiles/sets/rock 5 
119 7 tiles/sets/rock 5 
122 7 tiles/sets/rock 5 
119 13 tiles/sets/rock 5 
116 14 tiles/sets/rock 5 
117 10 tiles/sets/rock 5 
119 9 tiles/sets/rock 5 
116 12 tiles/sets/rock 5 
118 11 tiles/sets/rock 5 
124 8 tiles/sets/rock 5 
117 14 tiles/sets/rock 5 
122 12 tiles/sets/rock 5 
122 13 tiles/sets/rock 5 
115 14 tiles/sets/rock 5 
122 11 tiles/sets/rock 5 
116 10 tiles/sets/rock 5 
118 9 tiles/sets/rock 5 
117 11 tiles/sets/rock 5 
116 13 tiles/sets/rock 5 
115 15 tiles/sets/rock 5 
121 13 tiles/sets/rock 5 
114 14 tiles/sets/rock 5 
115 10 tiles/sets/rock 5 
119 6 tiles/sets/rock 5 
117 15 tiles/sets/rock 5 
115 13 tiles/sets/rock 5 
124 10 tiles/sets/rock 5 
126 9 tiles/sets/rock 5 
124 13 tiles/sets/rock 5 
124 9 tiles/sets/rock 5 
118 6 tiles/sets/rock 5 
118 13 tiles/sets/rock 5 
121 7 tiles/sets/sandstone 5 
120 8 tiles/sets/sandstone 5 
121 8 tiles/sets/sandstone 5 
122 8 tiles/sets/sandstone 5 
123 8 tiles/sets/sandstone 5 
125 6 tiles/sets/sandstone 5 
125 7 tiles/sets/sandstone 5 
120 6 tiles/sets/sandstone 5 
117 6 tiles/sets/sandstone 5 
117 9 tiles/sets/sandstone 5 
115 9 tiles/sets/sandstone 5 
116 9 tiles/sets/sandstone 5 
117 7 tiles/sets/sandstone 5 
118 7 tiles/sets/sandstone 5 
117 8 tiles/sets/sandstone 5 
118 8 tiles/sets/sandstone 5 
113 7 tiles/sets/sandstone 5 
114 7 tiles/sets/sandstone 5 
99 6 tiles/sets/sandstone 5 
100 6 tiles/sets/sandstone 5 
101 6 tiles/sets/sandstone 5 
102 6 tiles/sets/sandstone 5 
103 6 tiles/sets/sandstone 5 
99 9 tiles/sets/sandstone 5 
103 9 tiles/sets/sandstone 5 
103 7 tiles/sets/sandstone 5 
100 10 tiles/sets/sandstone 5 
99 10 tiles/sets/sandstone 5 
103 10 tiles/sets/sandstone 5 
99 7 tiles/sets/sandstone 5 
101 10 tiles/sets/sandstone 5 
102 10 tiles/sets/sandstone 5 
103 8 tiles/sets/sandstone 5 
99 8 tiles/sets/sandstone 5 
108 6 tiles/sets/sandstone 5 
109 6 tiles/sets/sandstone 5 
109 7 tiles/sets/sandstone 5 
111 7 tiles/sets/sandstone 5 
111 9 tiles/sets/sandstone 5 
112 9 tiles/sets/sandstone 5 
110 9 tiles/sets/sandstone 5 
110 8 tiles/sets/sandstone 5 
112 8 tiles/sets/sandstone 5 
108 9 tiles/sets/sandstone 5 
113 10 tiles/sets/sandstone 5 
114 10 tiles/sets/sandstone 5 
113 11 tiles/sets/sandstone 5 
115 11 tiles/sets/sandstone 5 
116 11 tiles/sets/sandstone 5 
115 12 tiles/sets/sandstone 5 
113 13 tiles/sets/sandstone 5 
114 13 tiles/sets/sandstone 5 
110 13 tiles/sets/sandstone 5 
109 13 tiles/sets/sandstone 5 
113 22 tiles/sets/sandstone 5 
114 22 tiles/sets/sandstone 5 
104 14 tiles/sets/sandstone 5 
113 14 tiles/sets/sandstone 5 
110 14 tiles/sets/sandstone 5 
107 14 tiles/sets/sandstone 5 
105 14 tiles/sets/sandstone 5 
106 14 tiles/sets/sandstone 5 
113 15 tiles/sets/sandstone 5 
114 15 tiles/sets/sandstone 5 
110 15 tiles/sets/sandstone 5 
109 15 tiles/sets/sandstone 5 
105 15 tiles/sets/sandstone 5 
108 15 tiles/sets/sandstone 5 
104 16 tiles/sets/sandstone 5 
113 16 tiles/sets/sandstone 5 
114 16 tiles/sets/sandstone 5 
115 16 tiles/sets/sandstone 5 
109 16 tiles/sets/sandstone 5 
110 16 tiles/sets/sandstone 5 
111 16 tiles/sets/sandstone 5 
112 16 tiles/sets/sandstone 5 
105 16 tiles/sets/sandstone 5 
106 16 tiles/sets/sandstone 5 
107 16 tiles/sets/sandstone 5 
108 16 tiles/sets/sandstone 5 
115 17 tiles/sets/sandstone 5 
113 17 tiles/sets/sandstone 5 
108 17 tiles/sets/sandstone 5 
106 17 tiles/sets/sandstone 5 
105 17 tiles/sets/sandstone 5 
111 17 tiles/sets/sandstone 5 
109 17 tiles/sets/sandstone 5 
108 11 tiles/sets/sandstone 5 
111 11 tiles/sets/sandstone 5 
104 18 tiles/sets/sandstone 5 
109 11 tiles/sets/sandstone 5 
110 11 tiles/sets/sandstone 5 
107 18 tiles/sets/sandstone 5 
105 18 tiles/sets/sandstone 5 
106 18 tiles/sets/sandstone 5 
111 18 tiles/sets/sandstone 5 
112 18 tiles/sets/sandstone 5 
110 18 tiles/sets/sandstone 5 
113 19 tiles/sets/sandstone 5 
114 19 tiles/sets/sandstone 5 
105 19 tiles/sets/sandstone 5 
110 19 tiles/sets/sandstone 5 
112 19 tiles/sets/sandstone 5 
109 12 tiles/sets/sandstone 5 
110 12 tiles/sets/sandstone 5 
111 12 tiles/sets/sandstone 5 
112 12 tiles/sets/sandstone 5 
115 21 tiles/sets/sandstone 5 
114 21 tiles/sets/sandstone 5 
114 20 tiles/sets/sandstone 5 
107 12 tiles/sets/sandstone 5 
116 15 tiles/sets/sandstone 5 
117 22 tiles/sets/sandstone 5 
118 22 tiles/sets/sandstone 5 
116 22 tiles/sets/sandstone 5 
116 18 tiles/sets/sandstone 5 
116 19 tiles/sets/sandstone 5 
117 19 tiles/sets/sandstone 5 
118 19 tiles/sets/sandstone 5 
117 21 tiles/sets/sandstone 5 
116 20 tiles/sets/sandstone 5 
117 20 tiles/sets/sandstone 5 
118 20 tiles/sets/sandstone 5 
115 23 tiles/sets/sandstone 5 
116 25 tiles/sets/sandstone 5 
113 25 tiles/sets/sandstone 5 
113 24 tiles/sets/sandstone 5 
114 24 tiles/sets/sandstone 5 
115 24 tiles/sets/sandstone 5 
116 24 tiles/sets/sandstone 5 
111 27 tiles/sets/sandstone 5 
113 27 tiles/sets/sandstone 5 
116 26 tiles/sets/sandstone 5 
113 26 tiles/sets/sandstone 5 
111 29 tiles/sets/sandstone 5 
113 29 tiles/sets/sandstone 5 
110 28 tiles/sets/sandstone 5 
111 28 tiles/sets/sandstone 5 
112 28 tiles/sets/sandstone 5 
113 28 tiles/sets/sandstone 5 
112 30 tiles/sets/sandstone 5 
111 30 tiles/sets/sandstone 5 
117 27 tiles/sets/sandstone 5 
115 27 tiles/sets/sandstone 5 
109 31 tiles/sets/sandstone 5 
110 31 tiles/sets/sandstone 5 
109 30 tiles/sets/sandstone 5 
100 28 tiles/sets/sandstone 5 
99 28 tiles/sets/sandstone 5 
103 28 tiles/sets/sandstone 5 
101 28 tiles/sets/sandstone 5 
102 28 tiles/sets/sandstone 5 
99 29 tiles/sets/sandstone 5 
103 29 tiles/sets/sandstone 5 
99 30 tiles/sets/sandstone 5 
103 30 tiles/sets/sandstone 5 
99 31 tiles/sets/sandstone 5 
103 31 tiles/sets/sandstone 5 
99 32 tiles/sets/sandstone 5 
100 32 tiles/sets/sandstone 5 
102 32 tiles/sets/sandstone 5 
101 32 tiles/sets/sandstone 5 
103 32 tiles/sets/sandstone 5 
100 22 tiles/sets/sandstone 5 
99 22 tiles/sets/sandstone 5 
99 23 tiles/sets/sandstone 5 
100 24 tiles/sets/sandstone 5 
99 24 tiles/sets/sandstone 5 
101 24 tiles/sets/sandstone 5 
101 18 tiles/sets/sandstone 5 
101 19 tiles/sets/sandstone 5 
101 20 tiles/sets/sandstone 5 
100 20 tiles/sets/sandstone 5 
100 21 tiles/sets/sandstone 5 
99 19 tiles/sets/sandstone 5 
102 17 tiles/sets/sandstone 5 
104 20 tiles/sets/sandstone 5 
107 20 tiles/sets/sandstone 5 
108 20 tiles/sets/sandstone 5 
111 22 tiles/sets/sandstone 5 
110 22 tiles/sets/sandstone 5 
109 22 tiles/sets/sandstone 5 
112 21 tiles/sets/sandstone 5 
111 21 tiles/sets/sandstone 5 
109 21 tiles/sets/sandstone 5 
111 20 tiles/sets/sandstone 5 
109 24 tiles/sets/sandstone 5 
111 24 tiles/sets/sandstone 5 
109 27 tiles/sets/sandstone 5 
109 26 tiles/sets/sandstone 5 
97 3 tiles/sets/sandstone 3 
97 2 tiles/sets/sandstone 3 
97 1 tiles/sets/sandstone 3 
97 0 tiles/sets/sandstone 58 
98 0 tiles/sets/sandstone 18 
99 0 tiles/sets/sandstone 18 
100 0 tiles/sets/sandstone 16 
128 0 tiles/sets/sandstone 18 
129 0 tiles/sets/sandstone 18 
130 0 tiles/sets/sandstone 18 
131 0 tiles/sets/sandstone 44 
131 1 tiles/sets/sandstone 3 
131 2 tiles/sets/sandstone 3 
131 3 tiles/sets/sandstone 3 
131 4 tiles/sets/sandstone 3 
131 5 tiles/sets/sandstone 3 
127 0 tiles/sets/sandstone 46 
131 6 tiles/sets/sandstone 3 
131 7 tiles/sets/sandstone 3 
131 8 tiles/sets/sandstone 3 
131 9 tiles/sets/sandstone 3 
131 10 tiles/sets/sandstone 3 
131 11 tiles/sets/sandstone 3 
131 12 tiles/sets/sandstone 3 
131 13 tiles/sets/sandstone 3 
131 14 tiles/sets/sandstone 3 
131 15 tiles/sets/sandstone 3 
131 16 tiles/sets/sandstone 3 
131 17 tiles/sets/sandstone 3 
131 18 tiles/sets/sandstone 3 
131 19 tiles/sets/sandstone 3 
131 20 tiles/sets/sandstone 3 
131 21 tiles/sets/sandstone 3 
131 22 tiles/sets/sandstone 3 
131 23 tiles/sets/sandstone 3 
131 24 tiles/sets/sandstone 3 
131 25 tiles/sets/sandstone 3 
131 26 tiles/sets/sandstone 3 
131 27 tiles/sets/sandstone 3 
131 28 tiles/sets/sandstone 3 
131 29 tiles/sets/sandstone 3 
131 30 tiles/sets/sandstone 3 
131 31 tiles/sets/sandstone 3 
131 32 tiles/sets/sandstone 3 
131 33 tiles/sets/sandstone 3 
131 34 tiles/sets/sandstone 3 
131 35 tiles/sets/sandstone 3 
131 36 tiles/sets/sandstone 3 
131 37 tiles/sets/sandstone 3 
131 38 tiles/sets/sandstone 29 
130 38 tiles/sets/sandstone 18 
129 38 tiles/sets/sandstone 18 
128 38 tiles/sets/sandstone 18 
127 38 tiles/sets/sandstone 18 
126 38 tiles/sets/sandstone 18 
125 38 tiles/sets/sandstone 18 
124 38 tiles/sets/sandstone 18 
123 38 tiles/sets/sandstone 18 
122 38 tiles/sets/sandstone 18 
121 38 tiles/sets/sandstone 18 
120 38 tiles/sets/sandstone 18 
119 38 tiles/sets/sandstone 18 
118 38 tiles/sets/sandstone 18 
117 38 tiles/sets/sandstone 18 
116 38 tiles/sets/sandstone 18 
115 38 tiles/sets/sandstone 18 
114 38 tiles/sets/sandstone 18 
113 38 tiles/sets/sandstone 18 
112 38 tiles/sets/sandstone 18 
111 38 tiles/sets/sandstone 18 
110 38 tiles/sets/sandstone 18 
109 38 tiles/sets/sandstone 18 
108 38 tiles/sets/sandstone 18 
107 38 tiles/sets/sandstone 18 
106 38 tiles/sets/sandstone 18 
105 38 tiles/sets/sandstone 18 
104 38 tiles/sets/sandstone 18 
103 38 tiles/sets/sandstone 18 
102 38 tiles/sets/sandstone 18 
101 38 tiles/sets/sandstone 18 
100 38 tiles/sets/sandstone 18 
99 38 tiles/sets/sandstone 18 
98 38 tiles/sets/sandstone 18 
97 38 tiles/sets/sandstone 18 
96 38 tiles/sets/sandstone 18 
95 38 tiles/sets/sandstone 18 
94 38 tiles/sets/sandstone 18 
93 38 tiles/sets/sandstone 14 
93 37 tiles/sets/sandstone 3 
93 36 tiles/sets/sandstone 3 
93 35 tiles/sets/sandstone 3 
93 34 tiles/sets/sandstone 3 
93 33 tiles/sets/sandstone 3 
93 32 tiles/sets/sandstone 3 
93 31 tiles/sets/sandstone 3 
93 30 tiles/sets/sandstone 3 
93 29 tiles/sets/sandstone 3 
93 28 tiles/sets/sandstone 3 
93 27 tiles/sets/sandstone 3 
93 26 tiles/sets/sandstone 3 
93 25 tiles/sets/sandstone 3 
93 24 tiles/sets/sandstone 3 
93 23 tiles/sets/sandstone 3 
93 22 tiles/sets/sandstone 3 
93 21 tiles/sets/sandstone 3 
93 20 tiles/sets/sandstone 3 
93 19 tiles/sets/sandstone 3 
93 18 tiles/sets/sandstone 3 
93 17 tiles/sets/sandstone 3 
93 16 tiles/sets/sandstone 3 
93 15 tiles/sets/sandstone 3 
93 14 tiles/sets/sandstone 3 
93 13 tiles/sets/sandstone 3 
93 12 tiles/sets/sandstone 3 
93 11 tiles/sets/sandstone 3 
93 10 tiles/sets/sandstone 3 
93 9 tiles/sets/sandstone 3 
93 8 tiles/sets/sandstone 3 
93 7 tiles/sets/sandstone 3 
93 6 tiles/sets/sandstone 3 
93 5 tiles/sets/sandstone 3 
93 4 tiles/sets/sandstone 3 
93 3 tiles/sets/sandstone 3 
93 2 tiles/sets/sandstone 3 
93 1 tiles/sets/sandstone 3 
93 0 tiles/sets/sandstone 59 
94 0 tiles/sets/sandstone 18 
95 0 tiles/sets/sandstone 18 
96 0 tiles/sets/sandstone 18 
98 35 tiles/coin 3 
99 35 tiles/coin 3 
100 35 tiles/coin 3 
101 35 tiles/coin 3 
102 35 tiles/coin 3 
103 35 tiles/coin 3 
104 35 tiles/coin 3 
105 35 tiles/coin 3 
106 35 tiles/coin 3 
107 35 tiles/coin 3 
108 35 tiles/coin 3 
109 35 tiles/coin 3 
110 35 tiles/coin 3 
111 35 tiles/coin 3 
112 35 tiles/coin 3 
113 35 tiles/coin 3 
114 35 tiles/coin 3 
115 35 tiles/coin 3 
116 35 tiles/coin 3 
117 35 tiles/coin 3 
118 35 tiles/coin 3 
119 35 tiles/coin 3 
120 35 tiles/coin 3 
121 35 tiles/coin 3 
122 35 tiles/coin 3 
123 35 tiles/coin 3 
124 35 tiles/coin 3 
125 35 tiles/coin 3 
126 35 tiles/coin 3 
126 36 tiles/coin 3 
125 36 tiles/coin 3 
124 36 tiles/coin 3 
123 36 tiles/coin 3 
122 36 tiles/coin 3 
121 36 tiles/coin 3 
120 36 tiles/coin 3 
119 36 tiles/coin 3 
118 36 tiles/coin 3 
117 36 tiles/coin 3 
116 36 tiles/coin 3 
115 36 tiles/coin 3 
114 36 tiles/coin 3 
113 36 tiles/coin 3 
112 36 tiles/coin 3 
111 36 tiles/coin 3 
110 36 tiles/coin 3 
109 36 tiles/coin 3 
108 36 tiles/coin 3 
107 36 tiles/coin 3 
106 36 tiles/coin 3 
105 36 tiles/coin 3 
104 36 tiles/coin 3 
103 36 tiles/coin 3 
102 36 tiles/coin 3 
101 36 tiles/coin 3 
100 36 tiles/coin 3 
99 36 tiles/coin 3 
98 36 tiles/coin 3 
98 37 tiles/coin 3 
99 37 tiles/coin 3 
100 37 tiles/coin 3 
101 37 tiles/coin 3 
102 37 tiles/coin 3 
103 37 tiles/coin 3 
104 37 tiles/coin 3 
105 37 tiles/coin 3 
106 37 tiles/coin 3 
107 37 tiles/coin 3 
108 37 tiles/coin 3 
109 37 tiles/coin 3 
110 37 tiles/coin 3 
111 37 tiles/coin 3 
112 37 tiles/coin 3 
113 37 tiles/coin 3 
114 37 tiles/coin 3 
115 37 tiles/coin 3 
116 37 tiles/coin 3 
117 37 tiles/coin 3 
118 37 tiles/coin 3 
119 37 tiles/coin 3 
120 37 tiles/coin 3 
121 37 tiles/coin 3 
122 37 tiles/coin 3 
123 37 tiles/coin 3 
124 37 tiles/coin 3 
125 37 tiles/coin 3 
126 37 tiles/coin 3 
128 4 tiles/half_spike 1 
128 5 tiles/half_spike 1 
128 6 tiles/half_spike 1 
128 7 tiles/half_spike 1 
128 8 tiles/half_spike 1 
128 9 tiles/half_spike 1 
128 10 tiles/half_spike 1 
128 11 tiles/half_spike 1 
128 12 tiles/half_spike 1 
128 13 tiles/half_spike 1 
128 14 tiles/half_spike 1 
128 15 tiles/half_spike 1 
128 16 tiles/half_spike 1 
128 17 tiles/half_spike 1 
128 18 tiles/half_spike 1 
128 19 tiles/half_spike 1 
128 20 tiles/half_spike 1 
128 21 tiles/half_spike 1 
128 22 tiles/half_spike 1 
128 23 tiles/half_spike 1 
128 24 tiles/half_spike 1 
128 25 tiles/half_spike 1 
128 26 tiles/half_spike 1 
128 27 tiles/half_spike 1 
128 28 tiles/half_spike 1 
128 29 tiles/half_spike 1 
128 30 tiles/half_spike 1 
128 31 tiles/half_spike 1 
128 32 tiles/half_spike 1 
128 33 tiles/half_spike 1 
128 34 tiles/half_spike 1 
130 37 tiles/half_spike 3 
130 36 tiles/half_spike 3 
130 35 tiles/half_spike 3 
130 34 tiles/half_spike 3 
130 33 tiles/half_spike 3 
130 32 tiles/half_spike 3 
130 31 tiles/half_spike 3 
130 30 tiles/half_spike 3 
130 29 tiles/half_spike 3 
130 28 tiles/half_spike 3 
130 27 tiles/half_spike 3 
130 26 tiles/half_spike 3 
130 25 tiles/half_spike 3 
130 24 tiles/half_spike 3 
130 23 tiles/half_spike 3 
130 22 tiles/half_spike 3 
130 21 tiles/half_spike 3 
130 20 tiles/half_spike 3 
130 19 tiles/half_spike 3 
130 18 tiles/half_spike 3 
130 17 tiles/half_spike 3 
130 16 tiles/half_spike 3 
130 15 tiles/half_spike 3 
130 14 tiles/half_spike 3 
130 13 tiles/half_spike 3 
130 12 tiles/half_spike 3 
130 11 tiles/half_spike 3 
130 10 tiles/half_spike 3 
130 9 tiles/half_spike 3 
130 8 tiles/half_spike 3 
130 7 tiles/half_spike 3 
130 6 tiles/half_spike 3 
130 5 tiles/half_spike 3 
130 4 tiles/half_spike 3 
130 3 tiles/half_spike 3 
130 2 tiles/half_spike 3 
130 1 tiles/half_spike 3 
95 1 tiles/spawn 0 
99 2 tiles/end 0 
94 1 tiles/half_spike 1 
94 2 tiles/half_spike 1 
94 3 tiles/half_spike 1 
94 4 tiles/half_spike 1 
94 5 tiles/half_spike 1 
94 37 tiles/half_spike 1 
94 36 tiles/half_spike 1 
94 35 tiles/half_spike 1 
94 34 tiles/half_spike 1 
94 33 tiles/half_spike 1 
94 29 tiles/half_spike 1 
94 28 tiles/half_spike 1 
94 27 tiles/half_spike 1 
94 23 tiles/half_spike 1 
94 22 tiles/half_spike 1 
94 21 tiles/half_spike 1 
94 17 tiles/half_spike 1 
94 16 tiles/half_spike 1 
94 15 tiles/half_spike 1 
94 11 tiles/half_spike 1 
94 10 tiles/half_spike 1 
94 9 tiles/half_spike 1 
96 6 tiles/half_spike 3 
96 7 tiles/half_spike 3 
96 8 tiles/half_spike 3 
96 12 tiles/half_spike 3 
96 13 tiles/half_spike 3 
96 14 tiles/half_spike 3 
96 18 tiles/half_spike 3 
96 19 tiles/half_spike 3 
96 20 tiles/half_spike 3 
96 24 tiles/half_spike 3 
96 25 tiles/half_spike 3 
96 26 tiles/half_spike 3 
96 30 tiles/half_spike 3 
96 31 tiles/half_spike 3 
96 32 tiles/half_spike 3 
101 0 tiles/coin_box 7 
102 0 tiles/coin_box 7 
103 0 tiles/coin_box 7 
104 0 tiles/coin_box 7 
105 0 tiles/coin_box 7 
106 0 tiles/coin_box 7 
107 0 tiles/coin_box 7 
108 0 tiles/coin_box 7 
109 0 tiles/coin_box 7 
110 0 tiles/coin_box 7 
111 0 tiles/coin_box 7 
112 0 tiles/coin_box 7 
113 0 tiles/coin_box 7 
114 0 tiles/coin_box 7 
115 0 tiles/coin_box 7 
116 0 tiles/coin_box 7 
117 0 tiles/coin_box 7 
118 0 tiles/coin_box 7 
119 0 tiles/coin_box 7 
120 0 tiles/coin_box 7 
121 0 tiles/coin_box 7 
122 0 tiles/coin_box 7 
123 0 tiles/coin_box 7 
124 0 tiles/coin_box 7 
125 0 tiles/coin_box 7 
126 0 tiles/coin_box 7 
1 0 tiles/sets/grass 0 
@background_tiles
93 0 tiles/sets/rock 47 
93 1 tiles/sets/rock 4 
93 2 tiles/sets/rock 4 
93 3 tiles/sets/rock 4 
93 4 tiles/sets/rock 4 
93 5 tiles/sets/rock 4 
93 6 tiles/sets/rock 4 
93 7 tiles/sets/rock 4 
93 8 tiles/sets/rock 4 
93 9 tiles/sets/rock 4 
93 10 tiles/sets/rock 4 
93 11 tiles/sets/rock 4 
93 12 tiles/sets/rock 4 
93 13 tiles/sets/rock 4 
93 14 tiles/sets/rock 4 
93 15 tiles/sets/rock 4 
93 16 tiles/sets/rock 4 
93 17 tiles/sets/rock 4 
93 18 tiles/sets/rock 4 
93 19 tiles/sets/rock 4 
93 20 tiles/sets/rock 4 
93 21 tiles/sets/rock 4 
93 22 tiles/sets/rock 4 
93 23 tiles/sets/rock 4 
93 24 tiles/sets/rock 4 
93 25 tiles/sets/rock 4 
93 26 tiles/sets/rock 4 
93 27 tiles/sets/rock 4 
93 28 tiles/sets/rock 4 
93 29 tiles/sets/rock 4 
93 30 tiles/sets/rock 4 
93 31 tiles/sets/rock 4 
93 32 tiles/sets/rock 4 
93 33 tiles/sets/rock 4 
93 34 tiles/sets/rock 4 
93 35 tiles/sets/rock 4 
93 36 tiles/sets/rock 4 
93 37 tiles/sets/rock 4 
93 38 tiles/sets/rock 2 
94 38 tiles/sets/rock 19 
95 38 tiles/sets/rock 19 
96 38 tiles/sets/rock 19 
97 38 tiles/sets/rock 19 
98 38 tiles/sets/rock 19 
99 38 tiles/sets/rock 19 
100 38 tiles/sets/rock 19 
101 38 tiles/sets/rock 19 
102 38 tiles/sets/rock 19 
103 38 tiles/sets/rock 19 
104 38 tiles/sets/rock 19 
105 38 tiles/sets/rock 19 
106 38 tiles/sets/rock 19 
107 38 tiles/sets/rock 19 
108 38 tiles/sets/rock 19 
109 38 tiles/sets/rock 19 
110 38 tiles/sets/rock 19 
111 38 tiles/sets/rock 19 
112 38 tiles/sets/rock 19 
113 38 tiles/sets/rock 19 
114 38 tiles/sets/rock 19 
115 38 tiles/sets/rock 19 
116 38 tiles/sets/rock 19 
117 38 tiles/sets/rock 19 
118 38 tiles/sets/rock 19 
119 38 tiles/sets/rock 19 
120 38 tiles/sets/rock 19 
121 38 tiles/sets/rock 19 
122 38 tiles/sets/rock 19 
123 38 tiles/sets/rock 19 
124 38 tiles/sets/rock 19 
125 38 tiles/sets/rock 19 
126 38 tiles/sets/rock 19 
127 38 tiles/sets/rock 19 
128 38 tiles/sets/rock 19 
129 38 tiles/sets/rock 19 
130 38 tiles/sets/rock 19 
131 38 tiles/sets/rock 17 
131 37 tiles/sets/rock 34 
131 36 tiles/sets/rock 34 
131 35 tiles/sets/rock 34 
131 34 tiles/sets/rock 34 
131 33 tiles/sets/rock 34 
131 32 tiles/sets/rock 34 
131 31 tiles/sets/rock 34 
131 30 tiles/sets/rock 34 
131 29 tiles/sets/rock 34 
131 28 tiles/sets/rock 34 
131 27 tiles/sets/rock 34 
131 26 tiles/sets/rock 34 
131 25 tiles/sets/rock 34 
131 24 tiles/sets/rock 34 
131 23 tiles/sets/rock 34 
131 22 tiles/sets/rock 34 
131 21 tiles/sets/rock 34 
131 20 tiles/sets/rock 34 
131 19 tiles/sets/rock 34 
131 18 tiles/sets/rock 34 
131 17 tiles/sets/rock 34 
131 16 tiles/sets/rock 34 
131 15 tiles/sets/rock 34 
131 14 tiles/sets/rock 34 
131 13 tiles/sets/rock 34 
131 12 tiles/sets/rock 34 
131 11 tiles/sets/rock 34 
131 10 tiles/sets/rock 34 
131 9 tiles/sets/rock 34 
131 8 tiles/sets/rock 34 
131 7 tiles/sets/rock 34 
131 6 tiles/sets/rock 34 
131 5 tiles/sets/rock 34 
131 4 tiles/sets/rock 34 
131 3 tiles/sets/rock 34 
131 2 tiles/sets/rock 34 
131 1 tiles/sets/rock 34 
131 0 tiles/sets/rock 32 
130 0 tiles/sets/rock 49 
129 0 tiles/sets/rock 49 
128 0 tiles/sets/rock 49 
127 0 tiles/sets/rock 49 
126 0 tiles/sets/rock 49 
125 0 tiles/sets/rock 49 
124 0 tiles/sets/rock 49 
123 0 tiles/sets/rock 49 
122 0 tiles/sets/rock 49 
121 0 tiles/sets/rock 49 
120 0 tiles/sets/rock 49 
119 0 tiles/sets/rock 49 
118 0 tiles/sets/rock 49 
117 0 tiles/sets/rock 49 
116 0 tiles/sets/rock 49 
115 0 tiles/sets/rock 49 
114 0 tiles/sets/rock 49 
113 0 tiles/sets/rock 49 
112 0 tiles/sets/rock 49 
111 0 tiles/sets/rock 49 
110 0 tiles/sets/rock 49 
109 0 tiles/sets/rock 49 
108 0 tiles/sets/rock 49 
107 0 tiles/sets/rock 49 
106 0 tiles/sets/rock 49 
105 0 tiles/sets/rock 49 
104 0 tiles/sets/rock 49 
103 0 tiles/sets/rock 49 
102 0 tiles/sets/rock 49 
101 0 tiles/sets/rock 49 
100 0 tiles/sets/rock 49 
99 0 tiles/sets/rock 49 
98 0 tiles/sets/rock 49 
97 0 tiles/sets/rock 49 
96 0 tiles/sets/rock 49 
95 0 tiles/sets/rock 49 
94 0 tiles/sets/rock 49 
94 2 tiles/sets/rock 5 
95 37 tiles/sets/rock 5 
95 2 tiles/sets/rock 5 
94 37 tiles/sets/rock 5 
96 2 tiles/sets/rock 5 
99 37 tiles/sets/rock 5 
97 2 tiles/sets/rock 5 
98 37 tiles/sets/rock 5 
98 2 tiles/sets/rock 5 
97 37 tiles/sets/rock 5 
99 2 tiles/sets/rock 5 
96 37 tiles/sets/rock 5 
100 2 tiles/sets/rock 5 
106 37 tiles/sets/rock 5 
101 2 tiles/sets/rock 5 
107 37 tiles/sets/rock 5 
102 2 tiles/sets/rock 5 
104 37 tiles/sets/rock 5 
103 2 tiles/sets/rock 5 
105 37 tiles/sets/rock 5 
104 2 tiles/sets/rock 5 
102 37 tiles/sets/rock 5 
105 2 tiles/sets/rock 5 
103 37 tiles/sets/rock 5 
106 2 tiles/sets/rock 5 
100 37 tiles/sets/rock 5 
107 2 tiles/sets/rock 5 
101 37 tiles/sets/rock 5 
108 2 tiles/sets/rock 5 
121 37 tiles/sets/rock 5 
109 2 tiles/sets/rock 5 
120 37 tiles/sets/rock 5 
110 2 tiles/sets/rock 5 
123 37 tiles/sets/rock 5 
111 2 tiles/sets/rock 5 
122 37 tiles/sets/rock 5 
112 2 tiles/sets/rock 5 
117 37 tiles/sets/rock 5 
113 2 tiles/sets/rock 5 
116 37 tiles/sets/rock 5 
114 2 tiles/sets/rock 5 
119 37 tiles/sets/rock 5 
115 2 tiles/sets/rock 5 
118 37 tiles/sets/rock 5 
116 2 tiles/sets/rock 5 
113 37 tiles/sets/rock 5 
117 2 tiles/sets/rock 5 
112 37 tiles/sets/rock 5 
118 2 tiles/sets/rock 5 
115 37 tiles/sets/rock 5 
119 2 tiles/sets/rock 5 
114 37 tiles/sets/rock 5 
120 2 tiles/sets/rock 5 
109 37 tiles/sets/rock 5 
121 2 tiles/sets/rock 5 
108 37 tiles/sets/rock 5 
122 2 tiles/sets/rock 5 
111 37 tiles/sets/rock 5 
123 2 tiles/sets/rock 5 
110 37 tiles/sets/rock 5 
124 2 tiles/sets/rock 5 
125 2 tiles/sets/rock 5 
126 2 tiles/sets/rock 5 
127 2 tiles/sets/rock 5 
128 2 tiles/sets/rock 5 
129 2 tiles/sets/rock 5 
130 2 tiles/sets/rock 5 
126 37 tiles/sets/rock 5 
127 37 tiles/sets/rock 5 
124 37 tiles/sets/rock 5 
125 37 tiles/sets/rock 5 
130 37 tiles/sets/rock 5 
128 37 tiles/sets/rock 5 
129 37 tiles/sets/rock 5 
124 3 tiles/sets/rock 5 
125 3 tiles/sets/rock 5 
126 3 tiles/sets/rock 5 
127 3 tiles/sets/rock 5 
128 3 tiles/sets/rock 5 
129 3 tiles/sets/rock 5 
130 3 tiles/sets/rock 5 
116 3 tiles/sets/rock 5 
117 3 tiles/sets/rock 5 
118 3 tiles/sets/rock 5 
119 3 tiles/sets/rock 5 
120 3 tiles/sets/rock 5 
121 3 tiles/sets/rock 5 
122 3 tiles/sets/rock 5 
123 3 tiles/sets/rock 5 
108 3 tiles/sets/rock 5 
109 3 tiles/sets/rock 5 
110 3 tiles/sets/rock 5 
111 3 tiles/sets/rock 5 
112 3 tiles/sets/rock 5 
113 3 tiles/sets/rock 5 
114 3 tiles/sets/rock 5 
115 3 tiles/sets/rock 5 
104 3 tiles/sets/rock 5 
105 3 tiles/sets/rock 5 
106 3 tiles/sets/rock 5 
107 3 tiles/sets/rock 5 
100 3 tiles/sets/rock 5 
101 3 tiles/sets/rock 5 
102 3 tiles/sets/rock 5 
103 3 tiles/sets/rock 5 
98 3 tiles/sets/rock 5 
99 3 tiles/sets/rock 5 
96 3 tiles/sets/rock 5 
97 3 tiles/sets/rock 5 
95 3 tiles/sets/rock 5 
94 3 tiles/sets/rock 5 
124 4 tiles/sets/rock 5 
125 4 tiles/sets/rock 5 
126 4 tiles/sets/rock 5 
127 4 tiles/sets/rock 5 
128 4 tiles/sets/rock 5 
129 4 tiles/sets/rock 5 
130 4 tiles/sets/rock 5 
108 4 tiles/sets/rock 5 
109 4 tiles/sets/rock 5 
110 4 tiles/sets/rock 5 
111 4 tiles/sets/rock 5 
112 4 tiles/sets/rock 5 
113 4 tiles/sets/rock 5 
114 4 tiles/sets/rock 5 
115 4 tiles/sets/rock 5 
116 4 tiles/sets/rock 5 
117 4 tiles/sets/rock 5 
118 4 tiles/sets/rock 5 
119 4 tiles/sets/rock 5 
120 4 tiles/sets/rock 5 
121 4 tiles/sets/rock 5 
122 4 tiles/sets/rock 5 
123 4 tiles/sets/rock 5 
100 4 tiles/sets/rock 5 
101 4 tiles/sets/rock 5 
102 4 tiles/sets/rock 5 
103 4 tiles/sets/rock 5 
104 4 tiles/sets/rock 5 
105 4 tiles/sets/rock 5 
106 4 tiles/sets/rock 5 
107 4 tiles/sets/rock 5 
96 4 tiles/sets/rock 5 
97 4 tiles/sets/rock 5 
98 4 tiles/sets/rock 5 
99 4 tiles/sets/rock 5 
94 4 tiles/sets/rock 5 
95 4 tiles/sets/rock 5 
124 5 tiles/sets/rock 5 
125 5 tiles/sets/rock 5 
126 5 tiles/sets/rock 5 
127 5 tiles/sets/rock 5 
128 5 tiles/sets/rock 5 
129 5 tiles/sets/rock 5 
130 5 tiles/sets/rock 5 
106 5 tiles/sets/rock 5 
107 5 tiles/sets/rock 5 
104 5 tiles/sets/rock 5 
105 5 tiles/sets/rock 5 
102 5 tiles/sets/rock 5 
103 5 tiles/sets/rock 5 
100 5 tiles/sets/rock 5 
101 5 tiles/sets/rock 5 
120 5 tiles/sets/rock 5 
121 5 tiles/sets/rock 5 
122 5 tiles/sets/rock 5 
123 5 tiles/sets/rock 5 
116 5 tiles/sets/rock 5 
117 5 tiles/sets/rock 5 
118 5 tiles/sets/rock 5 
119 5 tiles/sets/rock 5 
112 5 tiles/sets/rock 5 
113 5 tiles/sets/rock 5 
114 5 tiles/sets/rock 5 
115 5 tiles/sets/rock 5 
108 5 tiles/sets/rock 5 
109 5 tiles/sets/rock 5 
110 5 tiles/sets/rock 5 
111 5 tiles/sets/rock 5 
95 5 tiles/sets/rock 5 
94 5 tiles/sets/rock 5 
99 5 tiles/sets/rock 5 
98 5 tiles/sets/rock 5 
97 5 tiles/sets/rock 5 
96 5 tiles/sets/rock 5 
124 6 tiles/sets/rock 5 
125 6 tiles/sets/rock 5 
126 6 tiles/sets/rock 5 
127 6 tiles/sets/rock 5 
128 6 tiles/sets/rock 5 
129 6 tiles/sets/rock 5 
130 6 tiles/sets/rock 5 
104 6 tiles/sets/rock 5 
105 6 tiles/sets/rock 5 
106 6 tiles/sets/rock 5 
107 6 tiles/sets/rock 5 
100 6 tiles/sets/rock 5 
101 6 tiles/sets/rock 5 
102 6 tiles/sets/rock 5 
103 6 tiles/sets/rock 5 
116 6 tiles/sets/rock 5 
117 6 tiles/sets/rock 5 
118 6 tiles/sets/rock 5 
119 6 tiles/sets/rock 5 
120 6 tiles/sets/rock 5 
121 6 tiles/sets/rock 5 
122 6 tiles/sets/rock 5 
123 6 tiles/sets/rock 5 
108 6 tiles/sets/rock 5 
109 6 tiles/sets/rock 5 
110 6 tiles/sets/rock 5 
111 6 tiles/sets/rock 5 
112 6 tiles/sets/rock 5 
113 6 tiles/sets/rock 5 
114 6 tiles/sets/rock 5 
115 6 tiles/sets/rock 5 
95 6 tiles/sets/rock 5 
94 6 tiles/sets/rock 5 
98 6 tiles/sets/rock 5 
99 6 tiles/sets/rock 5 
96 6 tiles/sets/rock 5 
97 6 tiles/sets/rock 5 
124 7 tiles/sets/rock 5 
125 7 tiles/sets/rock 5 
126 7 tiles/sets/rock 5 
127 7 tiles/sets/rock 5 
128 7 tiles/sets/rock 5 
129 7 tiles/sets/rock 5 
130 7 tiles/sets/rock 5 
102 7 tiles/sets/rock 5 
103 7 tiles/sets/rock 5 
100 7 tiles/sets/rock 5 
101 7 tiles/sets/rock 5 
106 7 tiles/sets/rock 5 
107 7 tiles/sets/rock 5 
104 7 tiles/sets/rock 5 
105 7 tiles/sets/rock 5 
112 7 tiles/sets/rock 5 
113 7 tiles/sets/rock 5 
114 7 tiles/sets/rock 5 
115 7 tiles/sets/rock 5 
108 7 tiles/sets/rock 5 
109 7 tiles/sets/rock 5 
110 7 tiles/sets/rock 5 
111 7 tiles/sets/rock 5 
120 7 tiles/sets/rock 5 
121 7 tiles/sets/rock 5 
122 7 tiles/sets/rock 5 
123 7 tiles/sets/rock 5 
116 7 tiles/sets/rock 5 
117 7 tiles/sets/rock 5 
118 7 tiles/sets/rock 5 
119 7 tiles/sets/rock 5 
94 7 tiles/sets/rock 5 
95 7 tiles/sets/rock 5 
97 7 tiles/sets/rock 5 
96 7 tiles/sets/rock 5 
99 7 tiles/sets/rock 5 
98 7 tiles/sets/rock 5 
124 8 tiles/sets/rock 5 
125 8 tiles/sets/rock 5 
126 8 tiles/sets/rock 5 
127 8 tiles/sets/rock 5 
128 8 tiles/sets/rock 5 
129 8 tiles/sets/rock 5 
130 8 tiles/sets/rock 5 
100 8 tiles/sets/rock 5 
101 8 tiles/sets/rock 5 
102 8 tiles/sets/rock 5 
103 8 tiles/sets/rock 5 
104 8 tiles/sets/rock 5 
105 8 tiles/sets/rock 5 
106 8 tiles/sets/rock 5 
107 8 tiles/sets/rock 5 
108 8 tiles/sets/rock 5 
109 8 tiles/sets/rock 5 
110 8 tiles/sets/rock 5 
111 8 tiles/sets/rock 5 
112 8 tiles/sets/rock 5 
113 8 tiles/sets/rock 5 
114 8 tiles/sets/rock 5 
115 8 tiles/sets/rock 5 
116 8 tiles/sets/rock 5 
117 8 tiles/sets/rock 5 
118 8 tiles/sets/rock 5 
119 8 tiles/sets/rock 5 
120 8 tiles/sets/rock 5 
121 8 tiles/sets/rock 5 
122 8 tiles/sets/rock 5 
123 8 tiles/sets/rock 5 
94 8 tiles/sets/rock 5 
95 8 tiles/sets/rock 5 
96 8 tiles/sets/rock 5 
97 8 tiles/sets/rock 5 
98 8 tiles/sets/rock 5 
99 8 tiles/sets/rock 5 
99 9 tiles/sets/rock 5 
98 9 tiles/sets/rock 5 
97 9 tiles/sets/rock 5 
96 9 tiles/sets/rock 5 
95 9 tiles/sets/rock 5 
124 10 tiles/sets/rock 5 
125 10 tiles/sets/rock 5 
126 10 tiles/sets/rock 5 
127 10 tiles/sets/rock 5 
128 10 tiles/sets/rock 5 
129 10 tiles/sets/rock 5 
94 9 tiles/sets/rock 5 
130 10 tiles/sets/rock 5 
122 9 tiles/sets/rock 5 
123 9 tiles/sets/rock 5 
120 9 tiles/sets/rock 5 
121 9 tiles/sets/rock 5 
118 9 tiles/sets/rock 5 
119 9 tiles/sets/rock 5 
116 9 tiles/sets/rock 5 
117 9 tiles/sets/rock 5 
114 9 tiles/sets/rock 5 
115 9 tiles/sets/rock 5 
112 9 tiles/sets/rock 5 
113 9 tiles/sets/rock 5 
110 9 tiles/sets/rock 5 
111 9 tiles/sets/rock 5 
108 9 tiles/sets/rock 5 
109 9 tiles/sets/rock 5 
107 9 tiles/sets/rock 5 
106 9 tiles/sets/rock 5 
105 9 tiles/sets/rock 5 
104 9 tiles/sets/rock 5 
103 9 tiles/sets/rock 5 
102 9 tiles/sets/rock 5 
101 9 tiles/sets/rock 5 
100 9 tiles/sets/rock 5 
99 10 tiles/sets/rock 5 
98 10 tiles/sets/rock 5 
97 10 tiles/sets/rock 5 
96 10 tiles/sets/rock 5 
95 10 tiles/sets/rock 5 
128 9 tiles/sets/rock 5 
129 9 tiles/sets/rock 5 
94 10 tiles/sets/rock 5 
130 9 tiles/sets/rock 5 
124 9 tiles/sets/rock 5 
125 9 tiles/sets/rock 5 
126 9 tiles/sets/rock 5 
127 9 tiles/sets/rock 5 
120 10 tiles/sets/rock 5 
121 10 tiles/sets/rock 5 
122 10 tiles/sets/rock 5 
123 10 tiles/sets/rock 5 
116 10 tiles/sets/rock 5 
117 10 tiles/sets/rock 5 
118 10 tiles/sets/rock 5 
119 10 tiles/sets/rock 5 
112 10 tiles/sets/rock 5 
113 10 tiles/sets/rock 5 
114 10 tiles/sets/rock 5 
115 10 tiles/sets/rock 5 
108 10 tiles/sets/rock 5 
109 10 tiles/sets/rock 5 
110 10 tiles/sets/rock 5 
111 10 tiles/sets/rock 5 
106 10 tiles/sets/rock 5 
107 10 tiles/sets/rock 5 
104 10 tiles/sets/rock 5 
105 10 tiles/sets/rock 5 
102 10 tiles/sets/rock 5 
103 10 tiles/sets/rock 5 
100 10 tiles/sets/rock 5 
101 10 tiles/sets/rock 5 
98 11 tiles/sets/rock 5 
99 11 tiles/sets/rock 5 
96 11 tiles/sets/rock 5 
97 11 tiles/sets/rock 5 
95 11 tiles/sets/rock 5 
124 12 tiles/sets/rock 5 
125 12 tiles/sets/rock 5 
126 12 tiles/sets/rock 5 
127 12 tiles/sets/rock 5 
128 12 tiles/sets/rock 5 
129 12 tiles/sets/rock 5 
94 11 tiles/sets/rock 5 
130 12 tiles/sets/rock 5 
118 11 tiles/sets/rock 5 
119 11 tiles/sets/rock 5 
116 11 tiles/sets/rock 5 
117 11 tiles/sets/rock 5 
122 11 tiles/sets/rock 5 
123 11 tiles/sets/rock 5 
120 11 tiles/sets/rock 5 
121 11 tiles/sets/rock 5 
110 11 tiles/sets/rock 5 
111 11 tiles/sets/rock 5 
108 11 tiles/sets/rock 5 
109 11 tiles/sets/rock 5 
114 11 tiles/sets/rock 5 
115 11 tiles/sets/rock 5 
112 11 tiles/sets/rock 5 
113 11 tiles/sets/rock 5 
105 11 tiles/sets/rock 5 
104 11 tiles/sets/rock 5 
107 11 tiles/sets/rock 5 
106 11 tiles/sets/rock 5 
101 11 tiles/sets/rock 5 
100 11 tiles/sets/rock 5 
103 11 tiles/sets/rock 5 
102 11 tiles/sets/rock 5 
98 12 tiles/sets/rock 5 
99 12 tiles/sets/rock 5 
96 12 tiles/sets/rock 5 
97 12 tiles/sets/rock 5 
95 12 tiles/sets/rock 5 
128 11 tiles/sets/rock 5 
129 11 tiles/sets/rock 5 
94 12 tiles/sets/rock 5 
130 11 tiles/sets/rock 5 
124 11 tiles/sets/rock 5 
125 11 tiles/sets/rock 5 
126 11 tiles/sets/rock 5 
127 11 tiles/sets/rock 5 
116 12 tiles/sets/rock 5 
117 12 tiles/sets/rock 5 
118 12 tiles/sets/rock 5 
119 12 tiles/sets/rock 5 
120 12 tiles/sets/rock 5 
121 12 tiles/sets/rock 5 
122 12 tiles/sets/rock 5 
123 12 tiles/sets/rock 5 
108 12 tiles/sets/rock 5 
109 12 tiles/sets/rock 5 
110 12 tiles/sets/rock 5 
111 12 tiles/sets/rock 5 
112 12 tiles/sets/rock 5 
113 12 tiles/sets/rock 5 
114 12 tiles/sets/rock 5 
115 12 tiles/sets/rock 5 
104 12 tiles/sets/rock 5 
105 12 tiles/sets/rock 5 
106 12 tiles/sets/rock 5 
107 12 tiles/sets/rock 5 
100 12 tiles/sets/rock 5 
101 12 tiles/sets/rock 5 
102 12 tiles/sets/rock 5 
103 12 tiles/sets/rock 5 
97 13 tiles/sets/rock 5 
96 13 tiles/sets/rock 5 
99 13 tiles/sets/rock 5 
98 13 tiles/sets/rock 5 
124 14 tiles/sets/rock 5 
125 14 tiles/sets/rock 5 
126 14 tiles/sets/rock 5 
127 14 tiles/sets/rock 5 
128 14 tiles/sets/rock 5 
129 14 tiles/sets/rock 5 
94 13 tiles/sets/rock 5 
130 14 tiles/sets/rock 5 
95 13 tiles/sets/rock 5 
114 13 tiles/sets/rock 5 
115 13 tiles/sets/rock 5 
112 13 tiles/sets/rock 5 
113 13 tiles/sets/rock 5 
110 13 tiles/sets/rock 5 
111 13 tiles/sets/rock 5 
108 13 tiles/sets/rock 5 
109 13 tiles/sets/rock 5 
122 13 tiles/sets/rock 5 
123 13 tiles/sets/rock 5 
120 13 tiles/sets/rock 5 
121 13 tiles/sets/rock 5 
118 13 tiles/sets/rock 5 
119 13 tiles/sets/rock 5 
116 13 tiles/sets/rock 5 
117 13 tiles/sets/rock 5 
103 13 tiles/sets/rock 5 
102 13 tiles/sets/rock 5 
101 13 tiles/sets/rock 5 
100 13 tiles/sets/rock 5 
107 13 tiles/sets/rock 5 
106 13 tiles/sets/rock 5 
105 13 tiles/sets/rock 5 
104 13 tiles/sets/rock 5 
97 14 tiles/sets/rock 5 
96 14 tiles/sets/rock 5 
99 14 tiles/sets/rock 5 
98 14 tiles/sets/rock 5 
128 13 tiles/sets/rock 5 
129 13 tiles/sets/rock 5 
94 14 tiles/sets/rock 5 
130 13 tiles/sets/rock 5 
124 13 tiles/sets/rock 5 
125 13 tiles/sets/rock 5 
126 13 tiles/sets/rock 5 
127 13 tiles/sets/rock 5 
95 14 tiles/sets/rock 5 
112 14 tiles/sets/rock 5 
113 14 tiles/sets/rock 5 
114 14 tiles/sets/rock 5 
115 14 tiles/sets/rock 5 
108 14 tiles/sets/rock 5 
109 14 tiles/sets/rock 5 
110 14 tiles/sets/rock 5 
111 14 tiles/sets/rock 5 
120 14 tiles/sets/rock 5 
121 14 tiles/sets/rock 5 
122 14 tiles/sets/rock 5 
123 14 tiles/sets/rock 5 
116 14 tiles/sets/rock 5 
117 14 tiles/sets/rock 5 
118 14 tiles/sets/rock 5 
119 14 tiles/sets/rock 5 
102 14 tiles/sets/rock 5 
103 14 tiles/sets/rock 5 
100 14 tiles/sets/rock 5 
101 14 tiles/sets/rock 5 
106 14 tiles/sets/rock 5 
107 14 tiles/sets/rock 5 
104 14 tiles/sets/rock 5 
105 14 tiles/sets/rock 5 
96 15 tiles/sets/rock 5 
97 15 tiles/sets/rock 5 
98 15 tiles/sets/rock 5 
99 15 tiles/sets/rock 5 
124 16 tiles/sets/rock 5 
125 16 tiles/sets/rock 5 
126 16 tiles/sets/rock 5 
127 16 tiles/sets/rock 5 
128 16 tiles/sets/rock 5 
129 16 tiles/sets/rock 5 
94 15 tiles/sets/rock 5 
130 16 tiles/sets/rock 5 
95 15 tiles/sets/rock 5 
110 15 tiles/sets/rock 5 
111 15 tiles/sets/rock 5 
108 15 tiles/sets/rock 5 
109 15 tiles/sets/rock 5 
114 15 tiles/sets/rock 5 
115 15 tiles/sets/rock 5 
112 15 tiles/sets/rock 5 
113 15 tiles/sets/rock 5 
118 15 tiles/sets/rock 5 
119 15 tiles/sets/rock 5 
116 15 tiles/sets/rock 5 
117 15 tiles/sets/rock 5 
122 15 tiles/sets/rock 5 
130 17 tiles/sets/rock 5 
123 15 tiles/sets/rock 5 
128 17 tiles/sets/rock 5 
129 17 tiles/sets/rock 5 
120 15 tiles/sets/rock 5 
126 17 tiles/sets/rock 5 
127 17 tiles/sets/rock 5 
121 15 tiles/sets/rock 5 
124 17 tiles/sets/rock 5 
125 17 tiles/sets/rock 5 
101 15 tiles/sets/rock 5 
100 15 tiles/sets/rock 5 
103 15 tiles/sets/rock 5 
102 15 tiles/sets/rock 5 
105 15 tiles/sets/rock 5 
104 15 tiles/sets/rock 5 
107 15 tiles/sets/rock 5 
106 15 tiles/sets/rock 5 
96 16 tiles/sets/rock 5 
107 17 tiles/sets/rock 5 
106 17 tiles/sets/rock 5 
97 16 tiles/sets/rock 5 
105 17 tiles/sets/rock 5 
104 17 tiles/sets/rock 5 
98 16 tiles/sets/rock 5 
103 17 tiles/sets/rock 5 
102 17 tiles/sets/rock 5 
99 16 tiles/sets/rock 5 
101 17 tiles/sets/rock 5 
100 17 tiles/sets/rock 5 
123 17 tiles/sets/rock 5 
128 15 tiles/sets/rock 5 
129 15 tiles/sets/rock 5 
94 16 tiles/sets/rock 5 
122 17 tiles/sets/rock 5 
130 15 tiles/sets/rock 5 
124 15 tiles/sets/rock 5 
125 15 tiles/sets/rock 5 
121 17 tiles/sets/rock 5 
126 15 tiles/sets/rock 5 
127 15 tiles/sets/rock 5 
120 17 tiles/sets/rock 5 
119 17 tiles/sets/rock 5 
118 17 tiles/sets/rock 5 
117 17 tiles/sets/rock 5 
116 17 tiles/sets/rock 5 
115 17 tiles/sets/rock 5 
95 16 tiles/sets/rock 5 
114 17 tiles/sets/rock 5 
113 17 tiles/sets/rock 5 
112 17 tiles/sets/rock 5 
111 17 tiles/sets/rock 5 
110 17 tiles/sets/rock 5 
109 17 tiles/sets/rock 5 
108 17 tiles/sets/rock 5 
108 16 tiles/sets/rock 5 
109 16 tiles/sets/rock 5 
110 16 tiles/sets/rock 5 
111 16 tiles/sets/rock 5 
112 16 tiles/sets/rock 5 
113 16 tiles/sets/rock 5 
114 16 tiles/sets/rock 5 
115 16 tiles/sets/rock 5 
95 17 tiles/sets/rock 5 
116 16 tiles/sets/rock 5 
117 16 tiles/sets/rock 5 
118 16 tiles/sets/rock 5 
119 16 tiles/sets/rock 5 
120 16 tiles/sets/rock 5 
121 16 tiles/sets/rock 5 
122 16 tiles/sets/rock 5 
123 16 tiles/sets/rock 5 
94 17 tiles/sets/rock 5 
100 16 tiles/sets/rock 5 
101 16 tiles/sets/rock 5 
99 17 tiles/sets/rock 5 
102 16 tiles/sets/rock 5 
103 16 tiles/sets/rock 5 
98 17 tiles/sets/rock 5 
104 16 tiles/sets/rock 5 
105 16 tiles/sets/rock 5 
97 17 tiles/sets/rock 5 
106 16 tiles/sets/rock 5 
107 16 tiles/sets/rock 5 
96 17 tiles/sets/rock 5 
96 1 tiles/sets/rock 5 
106 19 tiles/sets/rock 5 
107 19 tiles/sets/rock 5 
97 1 tiles/sets/rock 5 
104 19 tiles/sets/rock 5 
95 18 tiles/sets/rock 5 
105 19 tiles/sets/rock 5 
98 1 tiles/sets/rock 5 
102 19 tiles/sets/rock 5 
103 19 tiles/sets/rock 5 
124 20 tiles/sets/rock 5 
125 20 tiles/sets/rock 5 
99 1 tiles/sets/rock 5 
126 20 tiles/sets/rock 5 
127 20 tiles/sets/rock 5 
100 19 tiles/sets/rock 5 
128 20 tiles/sets/rock 5 
129 20 tiles/sets/rock 5 
94 18 tiles/sets/rock 5 
130 20 tiles/sets/rock 5 
101 19 tiles/sets/rock 5 
121 19 tiles/sets/rock 5 
94 1 tiles/sets/rock 5 
120 19 tiles/sets/rock 5 
123 19 tiles/sets/rock 5 
99 18 tiles/sets/rock 5 
122 19 tiles/sets/rock 5 
117 19 tiles/sets/rock 5 
116 19 tiles/sets/rock 5 
119 19 tiles/sets/rock 5 
98 18 tiles/sets/rock 5 
118 19 tiles/sets/rock 5 
113 19 tiles/sets/rock 5 
95 1 tiles/sets/rock 5 
112 19 tiles/sets/rock 5 
115 19 tiles/sets/rock 5 
97 18 tiles/sets/rock 5 
114 19 tiles/sets/rock 5 
109 19 tiles/sets/rock 5 
108 19 tiles/sets/rock 5 
111 19 tiles/sets/rock 5 
96 18 tiles/sets/rock 5 
110 19 tiles/sets/rock 5 
108 1 tiles/sets/rock 5 
107 18 tiles/sets/rock 5 
109 1 tiles/sets/rock 5 
110 1 tiles/sets/rock 5 
106 18 tiles/sets/rock 5 
111 1 tiles/sets/rock 5 
112 1 tiles/sets/rock 5 
105 18 tiles/sets/rock 5 
113 1 tiles/sets/rock 5 
95 19 tiles/sets/rock 5 
114 1 tiles/sets/rock 5 
104 18 tiles/sets/rock 5 
115 1 tiles/sets/rock 5 
116 1 tiles/sets/rock 5 
130 21 tiles/sets/rock 5 
103 18 tiles/sets/rock 5 
117 1 tiles/sets/rock 5 
128 21 tiles/sets/rock 5 
129 21 tiles/sets/rock 5 
118 1 tiles/sets/rock 5 
126 21 tiles/sets/rock 5 
127 21 tiles/sets/rock 5 
102 18 tiles/sets/rock 5 
119 1 tiles/sets/rock 5 
124 21 tiles/sets/rock 5 
125 21 tiles/sets/rock 5 
120 1 tiles/sets/rock 5 
101 18 tiles/sets/rock 5 
121 1 tiles/sets/rock 5 
94 19 tiles/sets/rock 5 
122 1 tiles/sets/rock 5 
100 18 tiles/sets/rock 5 
123 1 tiles/sets/rock 5 
122 18 tiles/sets/rock 5 
100 1 tiles/sets/rock 5 
123 18 tiles/sets/rock 5 
99 19 tiles/sets/rock 5 
120 18 tiles/sets/rock 5 
101 1 tiles/sets/rock 5 
121 18 tiles/sets/rock 5 
118 18 tiles/sets/rock 5 
102 1 tiles/sets/rock 5 
119 18 tiles/sets/rock 5 
98 19 tiles/sets/rock 5 
116 18 tiles/sets/rock 5 
103 1 tiles/sets/rock 5 
117 18 tiles/sets/rock 5 
114 18 tiles/sets/rock 5 
104 1 tiles/sets/rock 5 
115 18 tiles/sets/rock 5 
97 19 tiles/sets/rock 5 
112 18 tiles/sets/rock 5 
105 1 tiles/sets/rock 5 
113 18 tiles/sets/rock 5 
106 1 tiles/sets/rock 5 
110 18 tiles/sets/rock 5 
111 18 tiles/sets/rock 5 
96 19 tiles/sets/rock 5 
107 1 tiles/sets/rock 5 
108 18 tiles/sets/rock 5 
109 18 tiles/sets/rock 5 
105 21 tiles/sets/rock 5 
104 21 tiles/sets/rock 5 
95 20 tiles/sets/rock 5 
107 21 tiles/sets/rock 5 
106 21 tiles/sets/rock 5 
101 21 tiles/sets/rock 5 
100 21 tiles/sets/rock 5 
128 18 tiles/sets/rock 5 
129 18 tiles/sets/rock 5 
94 20 tiles/sets/rock 5 
130 18 tiles/sets/rock 5 
103 21 tiles/sets/rock 5 
124 18 tiles/sets/rock 5 
125 18 tiles/sets/rock 5 
126 18 tiles/sets/rock 5 
127 18 tiles/sets/rock 5 
102 21 tiles/sets/rock 5 
124 1 tiles/sets/rock 5 
125 1 tiles/sets/rock 5 
119 21 tiles/sets/rock 5 
99 20 tiles/sets/rock 5 
126 1 tiles/sets/rock 5 
127 1 tiles/sets/rock 5 
118 21 tiles/sets/rock 5 
128 1 tiles/sets/rock 5 
129 1 tiles/sets/rock 5 
117 21 tiles/sets/rock 5 
130 1 tiles/sets/rock 5 
116 21 tiles/sets/rock 5 
123 21 tiles/sets/rock 5 
98 20 tiles/sets/rock 5 
122 21 tiles/sets/rock 5 
121 21 tiles/sets/rock 5 
120 21 tiles/sets/rock 5 
111 21 tiles/sets/rock 5 
97 20 tiles/sets/rock 5 
110 21 tiles/sets/rock 5 
109 21 tiles/sets/rock 5 
108 21 tiles/sets/rock 5 
115 21 tiles/sets/rock 5 
96 20 tiles/sets/rock 5 
114 21 tiles/sets/rock 5 
113 21 tiles/sets/rock 5 
112 21 tiles/sets/rock 5 
106 20 tiles/sets/rock 5 
107 20 tiles/sets/rock 5 
95 21 tiles/sets/rock 5 
104 20 tiles/sets/rock 5 
105 20 tiles/sets/rock 5 
102 20 tiles/sets/rock 5 
103 20 tiles/sets/rock 5 
94 21 tiles/sets/rock 5 
126 19 tiles/sets/rock 5 
127 19 tiles/sets/rock 5 
100 20 tiles/sets/rock 5 
124 19 tiles/sets/rock 5 
125 19 tiles/sets/rock 5 
130 19 tiles/sets/rock 5 
101 20 tiles/sets/rock 5 
128 19 tiles/sets/rock 5 
129 19 tiles/sets/rock 5 
120 20 tiles/sets/rock 5 
121 20 tiles/sets/rock 5 
122 20 tiles/sets/rock 5 
123 20 tiles/sets/rock 5 
98 21 tiles/sets/rock 5 
116 20 tiles/sets/rock 5 
117 20 tiles/sets/rock 5 
118 20 tiles/sets/rock 5 
119 20 tiles/sets/rock 5 
99 21 tiles/sets/rock 5 
112 20 tiles/sets/rock 5 
113 20 tiles/sets/rock 5 
114 20 tiles/sets/rock 5 
115 20 tiles/sets/rock 5 
96 21 tiles/sets/rock 5 
108 20 tiles/sets/rock 5 
109 20 tiles/sets/rock 5 
110 20 tiles/sets/rock 5 
111 20 tiles/sets/rock 5 
97 21 tiles/sets/rock 5 
104 23 tiles/sets/rock 5 
95 22 tiles/sets/rock 5 
105 23 tiles/sets/rock 5 
106 23 tiles/sets/rock 5 
107 23 tiles/sets/rock 5 
124 24 tiles/sets/rock 5 
125 24 tiles/sets/rock 5 
126 24 tiles/sets/rock 5 
127 24 tiles/sets/rock 5 
100 23 tiles/sets/rock 5 
128 24 tiles/sets/rock 5 
129 24 tiles/sets/rock 5 
94 22 tiles/sets/rock 5 
130 24 tiles/sets/rock 5 
101 23 tiles/sets/rock 5 
102 23 tiles/sets/rock 5 
103 23 tiles/sets/rock 5 
117 23 tiles/sets/rock 5 
116 23 tiles/sets/rock 5 
119 23 tiles/sets/rock 5 
98 22 tiles/sets/rock 5 
118 23 tiles/sets/rock 5 
121 23 tiles/sets/rock 5 
120 23 tiles/sets/rock 5 
123 23 tiles/sets/rock 5 
99 22 tiles/sets/rock 5 
122 23 tiles/sets/rock 5 
109 23 tiles/sets/rock 5 
108 23 tiles/sets/rock 5 
111 23 tiles/sets/rock 5 
96 22 tiles/sets/rock 5 
110 23 tiles/sets/rock 5 
113 23 tiles/sets/rock 5 
112 23 tiles/sets/rock 5 
115 23 tiles/sets/rock 5 
97 22 tiles/sets/rock 5 
114 23 tiles/sets/rock 5 
105 22 tiles/sets/rock 5 
95 23 tiles/sets/rock 5 
104 22 tiles/sets/rock 5 
130 25 tiles/sets/rock 5 
107 22 tiles/sets/rock 5 
128 25 tiles/sets/rock 5 
129 25 tiles/sets/rock 5 
126 25 tiles/sets/rock 5 
127 25 tiles/sets/rock 5 
106 22 tiles/sets/rock 5 
124 25 tiles/sets/rock 5 
125 25 tiles/sets/rock 5 
101 22 tiles/sets/rock 5 
94 23 tiles/sets/rock 5 
100 22 tiles/sets/rock 5 
103 22 tiles/sets/rock 5 
102 22 tiles/sets/rock 5 
118 22 tiles/sets/rock 5 
119 22 tiles/sets/rock 5 
98 23 tiles/sets/rock 5 
116 22 tiles/sets/rock 5 
117 22 tiles/sets/rock 5 
122 22 tiles/sets/rock 5 
123 22 tiles/sets/rock 5 
99 23 tiles/sets/rock 5 
120 22 tiles/sets/rock 5 
121 22 tiles/sets/rock 5 
110 22 tiles/sets/rock 5 
111 22 tiles/sets/rock 5 
96 23 tiles/sets/rock 5 
108 22 tiles/sets/rock 5 
109 22 tiles/sets/rock 5 
114 22 tiles/sets/rock 5 
115 22 tiles/sets/rock 5 
97 23 tiles/sets/rock 5 
112 22 tiles/sets/rock 5 
113 22 tiles/sets/rock 5 
95 24 tiles/sets/rock 5 
103 25 tiles/sets/rock 5 
102 25 tiles/sets/rock 5 
101 25 tiles/sets/rock 5 
100 25 tiles/sets/rock 5 
128 22 tiles/sets/rock 5 
129 22 tiles/sets/rock 5 
94 24 tiles/sets/rock 5 
130 22 tiles/sets/rock 5 
107 25 tiles/sets/rock 5 
124 22 tiles/sets/rock 5 
125 22 tiles/sets/rock 5 
126 22 tiles/sets/rock 5 
127 22 tiles/sets/rock 5 
106 25 tiles/sets/rock 5 
105 25 tiles/sets/rock 5 
104 25 tiles/sets/rock 5 
115 25 tiles/sets/rock 5 
98 24 tiles/sets/rock 5 
114 25 tiles/sets/rock 5 
113 25 tiles/sets/rock 5 
112 25 tiles/sets/rock 5 
111 25 tiles/sets/rock 5 
99 24 tiles/sets/rock 5 
110 25 tiles/sets/rock 5 
109 25 tiles/sets/rock 5 
108 25 tiles/sets/rock 5 
123 25 tiles/sets/rock 5 
96 24 tiles/sets/rock 5 
122 25 tiles/sets/rock 5 
121 25 tiles/sets/rock 5 
120 25 tiles/sets/rock 5 
119 25 tiles/sets/rock 5 
97 24 tiles/sets/rock 5 
118 25 tiles/sets/rock 5 
117 25 tiles/sets/rock 5 
116 25 tiles/sets/rock 5 
104 24 tiles/sets/rock 5 
105 24 tiles/sets/rock 5 
106 24 tiles/sets/rock 5 
107 24 tiles/sets/rock 5 
94 25 tiles/sets/rock 5 
126 23 tiles/sets/rock 5 
127 23 tiles/sets/rock 5 
100 24 tiles/sets/rock 5 
124 23 tiles/sets/rock 5 
125 23 tiles/sets/rock 5 
130 23 tiles/sets/rock 5 
101 24 tiles/sets/rock 5 
128 23 tiles/sets/rock 5 
129 23 tiles/sets/rock 5 
102 24 tiles/sets/rock 5 
103 24 tiles/sets/rock 5 
95 25 tiles/sets/rock 5 
116 24 tiles/sets/rock 5 
117 24 tiles/sets/rock 5 
118 24 tiles/sets/rock 5 
119 24 tiles/sets/rock 5 
97 25 tiles/sets/rock 5 
120 24 tiles/sets/rock 5 
121 24 tiles/sets/rock 5 
122 24 tiles/sets/rock 5 
123 24 tiles/sets/rock 5 
96 25 tiles/sets/rock 5 
108 24 tiles/sets/rock 5 
109 24 tiles/sets/rock 5 
110 24 tiles/sets/rock 5 
111 24 tiles/sets/rock 5 
99 25 tiles/sets/rock 5 
112 24 tiles/sets/rock 5 
113 24 tiles/sets/rock 5 
114 24 tiles/sets/rock 5 
115 24 tiles/sets/rock 5 
98 25 tiles/sets/rock 5 
102 27 tiles/sets/rock 5 
103 27 tiles/sets/rock 5 
124 28 tiles/sets/rock 5 
125 28 tiles/sets/rock 5 
126 28 tiles/sets/rock 5 
127 28 tiles/sets/rock 5 
100 27 tiles/sets/rock 5 
128 28 tiles/sets/rock 5 
129 28 tiles/sets/rock 5 
94 26 tiles/sets/rock 5 
130 28 tiles/sets/rock 5 
101 27 tiles/sets/rock 5 
106 27 tiles/sets/rock 5 
107 27 tiles/sets/rock 5 
104 27 tiles/sets/rock 5 
95 26 tiles/sets/rock 5 
105 27 tiles/sets/rock 5 
113 27 tiles/sets/rock 5 
112 27 tiles/sets/rock 5 
115 27 tiles/sets/rock 5 
97 26 tiles/sets/rock 5 
114 27 tiles/sets/rock 5 
109 27 tiles/sets/rock 5 
108 27 tiles/sets/rock 5 
111 27 tiles/sets/rock 5 
96 26 tiles/sets/rock 5 
110 27 tiles/sets/rock 5 
121 27 tiles/sets/rock 5 
120 27 tiles/sets/rock 5 
123 27 tiles/sets/rock 5 
99 26 tiles/sets/rock 5 
122 27 tiles/sets/rock 5 
117 27 tiles/sets/rock 5 
116 27 tiles/sets/rock 5 
119 27 tiles/sets/rock 5 
98 26 tiles/sets/rock 5 
118 27 tiles/sets/rock 5 
130 29 tiles/sets/rock 5 
103 26 tiles/sets/rock 5 
128 29 tiles/sets/rock 5 
129 29 tiles/sets/rock 5 
126 29 tiles/sets/rock 5 
127 29 tiles/sets/rock 5 
102 26 tiles/sets/rock 5 
124 29 tiles/sets/rock 5 
125 29 tiles/sets/rock 5 
101 26 tiles/sets/rock 5 
94 27 tiles/sets/rock 5 
100 26 tiles/sets/rock 5 
107 26 tiles/sets/rock 5 
106 26 tiles/sets/rock 5 
105 26 tiles/sets/rock 5 
95 27 tiles/sets/rock 5 
104 26 tiles/sets/rock 5 
114 26 tiles/sets/rock 5 
115 26 tiles/sets/rock 5 
97 27 tiles/sets/rock 5 
112 26 tiles/sets/rock 5 
113 26 tiles/sets/rock 5 
110 26 tiles/sets/rock 5 
111 26 tiles/sets/rock 5 
96 27 tiles/sets/rock 5 
108 26 tiles/sets/rock 5 
109 26 tiles/sets/rock 5 
122 26 tiles/sets/rock 5 
123 26 tiles/sets/rock 5 
99 27 tiles/sets/rock 5 
120 26 tiles/sets/rock 5 
121 26 tiles/sets/rock 5 
118 26 tiles/sets/rock 5 
119 26 tiles/sets/rock 5 
98 27 tiles/sets/rock 5 
116 26 tiles/sets/rock 5 
117 26 tiles/sets/rock 5 
101 29 tiles/sets/rock 5 
100 29 tiles/sets/rock 5 
128 26 tiles/sets/rock 5 
129 26 tiles/sets/rock 5 
94 28 tiles/sets/rock 5 
130 26 tiles/sets/rock 5 
103 29 tiles/sets/rock 5 
124 26 tiles/sets/rock 5 
125 26 tiles/sets/rock 5 
126 26 tiles/sets/rock 5 
127 26 tiles/sets/rock 5 
102 29 tiles/sets/rock 5 
105 29 tiles/sets/rock 5 
104 29 tiles/sets/rock 5 
95 28 tiles/sets/rock 5 
107 29 tiles/sets/rock 5 
106 29 tiles/sets/rock 5 
111 29 tiles/sets/rock 5 
97 28 tiles/sets/rock 5 
110 29 tiles/sets/rock 5 
109 29 tiles/sets/rock 5 
108 29 tiles/sets/rock 5 
115 29 tiles/sets/rock 5 
96 28 tiles/sets/rock 5 
114 29 tiles/sets/rock 5 
113 29 tiles/sets/rock 5 
112 29 tiles/sets/rock 5 
119 29 tiles/sets/rock 5 
99 28 tiles/sets/rock 5 
118 29 tiles/sets/rock 5 
117 29 tiles/sets/rock 5 
116 29 tiles/sets/rock 5 
123 29 tiles/sets/rock 5 
98 28 tiles/sets/rock 5 
122 29 tiles/sets/rock 5 
121 29 tiles/sets/rock 5 
120 29 tiles/sets/rock 5 
102 28 tiles/sets/rock 5 
103 28 tiles/sets/rock 5 
94 29 tiles/sets/rock 5 
126 27 tiles/sets/rock 5 
127 27 tiles/sets/rock 5 
100 28 tiles/sets/rock 5 
124 27 tiles/sets/rock 5 
125 27 tiles/sets/rock 5 
130 27 tiles/sets/rock 5 
101 28 tiles/sets/rock 5 
128 27 tiles/sets/rock 5 
129 27 tiles/sets/rock 5 
106 28 tiles/sets/rock 5 
107 28 tiles/sets/rock 5 
95 29 tiles/sets/rock 5 
104 28 tiles/sets/rock 5 
105 28 tiles/sets/rock 5 
112 28 tiles/sets/rock 5 
113 28 tiles/sets/rock 5 
114 28 tiles/sets/rock 5 
115 28 tiles/sets/rock 5 
96 29 tiles/sets/rock 5 
108 28 tiles/sets/rock 5 
109 28 tiles/sets/rock 5 
110 28 tiles/sets/rock 5 
111 28 tiles/sets/rock 5 
97 29 tiles/sets/rock 5 
120 28 tiles/sets/rock 5 
121 28 tiles/sets/rock 5 
122 28 tiles/sets/rock 5 
123 28 tiles/sets/rock 5 
98 29 tiles/sets/rock 5 
116 28 tiles/sets/rock 5 
117 28 tiles/sets/rock 5 
118 28 tiles/sets/rock 5 
119 28 tiles/sets/rock 5 
99 29 tiles/sets/rock 5 
124 32 tiles/sets/rock 5 
125 32 tiles/sets/rock 5 
126 32 tiles/sets/rock 5 
127 32 tiles/sets/rock 5 
100 31 tiles/sets/rock 5 
128 32 tiles/sets/rock 5 
129 32 tiles/sets/rock 5 
94 30 tiles/sets/rock 5 
130 32 tiles/sets/rock 5 
101 31 tiles/sets/rock 5 
102 31 tiles/sets/rock 5 
103 31 tiles/sets/rock 5 
104 31 tiles/sets/rock 5 
95 30 tiles/sets/rock 5 
105 31 tiles/sets/rock 5 
130 33 tiles/sets/rock 5 
128 33 tiles/sets/rock 5 
129 33 tiles/sets/rock 5 
106 31 tiles/sets/rock 5 
126 33 tiles/sets/rock 5 
127 33 tiles/sets/rock 5 
124 33 tiles/sets/rock 5 
125 33 tiles/sets/rock 5 
107 31 tiles/sets/rock 5 
109 31 tiles/sets/rock 5 
108 31 tiles/sets/rock 5 
111 31 tiles/sets/rock 5 
96 30 tiles/sets/rock 5 
110 31 tiles/sets/rock 5 
113 31 tiles/sets/rock 5 
112 31 tiles/sets/rock 5 
115 31 tiles/sets/rock 5 
97 30 tiles/sets/rock 5 
114 31 tiles/sets/rock 5 
117 31 tiles/sets/rock 5 
116 31 tiles/sets/rock 5 
119 31 tiles/sets/rock 5 
98 30 tiles/sets/rock 5 
118 31 tiles/sets/rock 5 
121 31 tiles/sets/rock 5 
130 34 tiles/sets/rock 5 
120 31 tiles/sets/rock 5 
128 34 tiles/sets/rock 5 
129 34 tiles/sets/rock 5 
123 31 tiles/sets/rock 5 
126 34 tiles/sets/rock 5 
127 34 tiles/sets/rock 5 
99 30 tiles/sets/rock 5 
122 31 tiles/sets/rock 5 
124 34 tiles/sets/rock 5 
125 34 tiles/sets/rock 5 
101 30 tiles/sets/rock 5 
94 31 tiles/sets/rock 5 
100 30 tiles/sets/rock 5 
103 30 tiles/sets/rock 5 
102 30 tiles/sets/rock 5 
105 30 tiles/sets/rock 5 
95 31 tiles/sets/rock 5 
104 30 tiles/sets/rock 5 
128 35 tiles/sets/rock 5 
129 35 tiles/sets/rock 5 
107 30 tiles/sets/rock 5 
130 35 tiles/sets/rock 5 
124 35 tiles/sets/rock 5 
125 35 tiles/sets/rock 5 
106 30 tiles/sets/rock 5 
126 35 tiles/sets/rock 5 
127 35 tiles/sets/rock 5 
110 30 tiles/sets/rock 5 
111 30 tiles/sets/rock 5 
96 31 tiles/sets/rock 5 
108 30 tiles/sets/rock 5 
109 30 tiles/sets/rock 5 
114 30 tiles/sets/rock 5 
115 30 tiles/sets/rock 5 
97 31 tiles/sets/rock 5 
112 30 tiles/sets/rock 5 
113 30 tiles/sets/rock 5 
118 30 tiles/sets/rock 5 
119 30 tiles/sets/rock 5 
98 31 tiles/sets/rock 5 
116 30 tiles/sets/rock 5 
117 30 tiles/sets/rock 5 
122 30 tiles/sets/rock 5 
128 36 tiles/sets/rock 5 
129 36 tiles/sets/rock 5 
123 30 tiles/sets/rock 5 
130 36 tiles/sets/rock 5 
99 31 tiles/sets/rock 5 
120 30 tiles/sets/rock 5 
124 36 tiles/sets/rock 5 
125 36 tiles/sets/rock 5 
121 30 tiles/sets/rock 5 
126 36 tiles/sets/rock 5 
127 36 tiles/sets/rock 5 
128 30 tiles/sets/rock 5 
129 30 tiles/sets/rock 5 
122 36 tiles/sets/rock 5 
107 35 tiles/sets/rock 5 
94 32 tiles/sets/rock 5 
123 36 tiles/sets/rock 5 
130 30 tiles/sets/rock 5 
124 30 tiles/sets/rock 5 
125 30 tiles/sets/rock 5 
120 36 tiles/sets/rock 5 
106 35 tiles/sets/rock 5 
126 30 tiles/sets/rock 5 
127 30 tiles/sets/rock 5 
121 36 tiles/sets/rock 5 
99 34 tiles/sets/rock 5 
118 36 tiles/sets/rock 5 
105 35 tiles/sets/rock 5 
119 36 tiles/sets/rock 5 
116 36 tiles/sets/rock 5 
104 35 tiles/sets/rock 5 
117 36 tiles/sets/rock 5 
98 34 tiles/sets/rock 5 
95 33 tiles/sets/rock 5 
114 36 tiles/sets/rock 5 
103 35 tiles/sets/rock 5 
95 32 tiles/sets/rock 5 
115 36 tiles/sets/rock 5 
112 36 tiles/sets/rock 5 
102 35 tiles/sets/rock 5 
113 36 tiles/sets/rock 5 
97 34 tiles/sets/rock 5 
110 36 tiles/sets/rock 5 
101 35 tiles/sets/rock 5 
111 36 tiles/sets/rock 5 
108 36 tiles/sets/rock 5 
100 35 tiles/sets/rock 5 
109 36 tiles/sets/rock 5 
96 34 tiles/sets/rock 5 
94 33 tiles/sets/rock 5 
122 35 tiles/sets/rock 5 
107 36 tiles/sets/rock 5 
96 32 tiles/sets/rock 5 
123 35 tiles/sets/rock 5 
120 35 tiles/sets/rock 5 
106 36 tiles/sets/rock 5 
121 35 tiles/sets/rock 5 
99 33 tiles/sets/rock 5 
118 35 tiles/sets/rock 5 
105 36 tiles/sets/rock 5 
97 32 tiles/sets/rock 5 
119 35 tiles/sets/rock 5 
116 35 tiles/sets/rock 5 
104 36 tiles/sets/rock 5 
117 35 tiles/sets/rock 5 
98 33 tiles/sets/rock 5 
95 34 tiles/sets/rock 5 
114 35 tiles/sets/rock 5 
103 36 tiles/sets/rock 5 
98 32 tiles/sets/rock 5 
115 35 tiles/sets/rock 5 
112 35 tiles/sets/rock 5 
102 36 tiles/sets/rock 5 
113 35 tiles/sets/rock 5 
97 33 tiles/sets/rock 5 
110 35 tiles/sets/rock 5 
99 32 tiles/sets/rock 5 
101 36 tiles/sets/rock 5 
111 35 tiles/sets/rock 5 
108 35 tiles/sets/rock 5 
100 36 tiles/sets/rock 5 
109 35 tiles/sets/rock 5 
96 33 tiles/sets/rock 5 
94 34 tiles/sets/rock 5 
126 31 tiles/sets/rock 5 
123 34 tiles/sets/rock 5 
127 31 tiles/sets/rock 5 
100 32 tiles/sets/rock 5 
124 31 tiles/sets/rock 5 
125 31 tiles/sets/rock 5 
122 34 tiles/sets/rock 5 
107 33 tiles/sets/rock 5 
121 34 tiles/sets/rock 5 
130 31 tiles/sets/rock 5 
101 32 tiles/sets/rock 5 
99 36 tiles/sets/rock 5 
128 31 tiles/sets/rock 5 
129 31 tiles/sets/rock 5 
120 34 tiles/sets/rock 5 
106 33 tiles/sets/rock 5 
119 34 tiles/sets/rock 5 
102 32 tiles/sets/rock 5 
118 34 tiles/sets/rock 5 
105 33 tiles/sets/rock 5 
117 34 tiles/sets/rock 5 
103 32 tiles/sets/rock 5 
98 36 tiles/sets/rock 5 
95 35 tiles/sets/rock 5 
116 34 tiles/sets/rock 5 
104 33 tiles/sets/rock 5 
115 34 tiles/sets/rock 5 
104 32 tiles/sets/rock 5 
114 34 tiles/sets/rock 5 
103 33 tiles/sets/rock 5 
113 34 tiles/sets/rock 5 
105 32 tiles/sets/rock 5 
97 36 tiles/sets/rock 5 
112 34 tiles/sets/rock 5 
102 33 tiles/sets/rock 5 
111 34 tiles/sets/rock 5 
106 32 tiles/sets/rock 5 
110 34 tiles/sets/rock 5 
101 33 tiles/sets/rock 5 
107 32 tiles/sets/rock 5 
109 34 tiles/sets/rock 5 
96 36 tiles/sets/rock 5 
94 35 tiles/sets/rock 5 
108 34 tiles/sets/rock 5 
100 33 tiles/sets/rock 5 
123 33 tiles/sets/rock 5 
108 32 tiles/sets/rock 5 
122 33 tiles/sets/rock 5 
109 32 tiles/sets/rock 5 
107 34 tiles/sets/rock 5 
121 33 tiles/sets/rock 5 
110 32 tiles/sets/rock 5 
99 35 tiles/sets/rock 5 
120 33 tiles/sets/rock 5 
111 32 tiles/sets/rock 5 
106 34 tiles/sets/rock 5 
119 33 tiles/sets/rock 5 
112 32 tiles/sets/rock 5 
118 33 tiles/sets/rock 5 
113 32 tiles/sets/rock 5 
105 34 tiles/sets/rock 5 
117 33 tiles/sets/rock 5 
114 32 tiles/sets/rock 5 
98 35 tiles/sets/rock 5 
95 36 tiles/sets/rock 5 
115 32 tiles/sets/rock 5 
116 33 tiles/sets/rock 5 
104 34 tiles/sets/rock 5 
116 32 tiles/sets/rock 5 
115 33 tiles/sets/rock 5 
117 32 tiles/sets/rock 5 
114 33 tiles/sets/rock 5 
103 34 tiles/sets/rock 5 
118 32 tiles/sets/rock 5 
113 33 tiles/sets/rock 5 
97 35 tiles/sets/rock 5 
119 32 tiles/sets/rock 5 
112 33 tiles/sets/rock 5 
102 34 tiles/sets/rock 5 
120 32 tiles/sets/rock 5 
111 33 tiles/sets/rock 5 
121 32 tiles/sets/rock 5 
110 33 tiles/sets/rock 5 
101 34 tiles/sets/rock 5 
122 32 tiles/sets/rock 5 
109 33 tiles/sets/rock 5 
96 35 tiles/sets/rock 5 
94 36 tiles/sets/rock 5 
123 32 tiles/sets/rock 5 
108 33 tiles/sets/rock 5 
100 34 tiles/sets/rock 5 
