@crouching true
@look_around true
@is_deluxe true
@time_limit -1
@author Jade
@background desert
@name GG!
@double_jumping true
@wall_sliding true
@version 0.1.5
5 5 tiles/sets/rock 5 
6 5 tiles/sets/rock 5 
7 5 tiles/sets/rock 5 
8 5 tiles/sets/rock 5 
9 5 tiles/sets/rock 5 
7 7 tiles/sets/rock 5 
8 7 tiles/sets/rock 5 
9 7 tiles/sets/rock 5 
9 8 tiles/sets/rock 5 
9 9 tiles/sets/rock 5 
8 9 tiles/sets/rock 5 
7 9 tiles/sets/rock 5 
8 8 tiles/sets/rock 5 
7 8 tiles/sets/rock 5 
5 6 tiles/sets/rock 5 
5 7 tiles/sets/rock 5 
5 8 tiles/sets/rock 5 
5 9 tiles/sets/rock 5 
5 10 tiles/sets/rock 5 
5 11 tiles/sets/rock 5 
6 11 tiles/sets/rock 5 
7 11 tiles/sets/rock 5 
8 11 tiles/sets/rock 5 
9 11 tiles/sets/rock 5 
10 11 tiles/sets/rock 5 
11 11 tiles/sets/rock 5 
11 10 tiles/sets/rock 5 
11 9 tiles/sets/rock 5 
11 8 tiles/sets/rock 5 
11 7 tiles/sets/rock 5 
11 6 tiles/sets/rock 5 
11 5 tiles/sets/rock 5 
10 5 tiles/sets/rock 5 
11 13 tiles/sets/rock 5 
11 15 tiles/sets/rock 5 
11 17 tiles/sets/rock 5 
11 19 tiles/sets/rock 5 
11 21 tiles/sets/rock 5 
11 23 tiles/sets/rock 5 
11 25 tiles/sets/rock 5 
11 27 tiles/sets/rock 5 
10 27 tiles/sets/rock 5 
9 27 tiles/sets/rock 5 
8 27 tiles/sets/rock 5 
7 27 tiles/sets/rock 5 
6 27 tiles/sets/rock 5 
5 27 tiles/sets/rock 5 
5 28 tiles/sets/rock 5 
5 29 tiles/sets/rock 5 
5 30 tiles/sets/rock 5 
5 31 tiles/sets/rock 5 
5 32 tiles/sets/rock 5 
5 33 tiles/sets/rock 5 
6 33 tiles/sets/rock 5 
7 33 tiles/sets/rock 5 
8 33 tiles/sets/rock 5 
9 33 tiles/sets/rock 5 
10 33 tiles/sets/rock 5 
11 33 tiles/sets/rock 5 
11 32 tiles/sets/rock 5 
11 31 tiles/sets/rock 5 
11 30 tiles/sets/rock 5 
11 29 tiles/sets/rock 5 
11 28 tiles/sets/rock 5 
9 29 tiles/sets/rock 5 
8 29 tiles/sets/rock 5 
7 29 tiles/sets/rock 5 
7 30 tiles/sets/rock 5 
7 31 tiles/sets/rock 5 
8 31 tiles/sets/rock 5 
9 31 tiles/sets/rock 5 
9 30 tiles/sets/rock 5 
8 30 tiles/sets/rock 5 
13 27 tiles/sets/rock 5 
15 27 tiles/sets/rock 5 
17 27 tiles/sets/rock 5 
19 27 tiles/sets/rock 5 
21 27 tiles/sets/rock 5 
23 27 tiles/sets/rock 5 
25 27 tiles/sets/rock 5 
27 27 tiles/sets/rock 5 
28 27 tiles/sets/rock 5 
29 27 tiles/sets/rock 5 
30 27 tiles/sets/rock 5 
31 27 tiles/sets/rock 5 
32 27 tiles/sets/rock 5 
33 27 tiles/sets/rock 5 
33 28 tiles/sets/rock 5 
33 29 tiles/sets/rock 5 
33 30 tiles/sets/rock 5 
33 31 tiles/sets/rock 5 
33 32 tiles/sets/rock 5 
33 33 tiles/sets/rock 5 
32 33 tiles/sets/rock 5 
31 33 tiles/sets/rock 5 
30 33 tiles/sets/rock 5 
29 33 tiles/sets/rock 5 
28 33 tiles/sets/rock 5 
27 33 tiles/sets/rock 5 
27 32 tiles/sets/rock 5 
27 31 tiles/sets/rock 5 
27 30 tiles/sets/rock 5 
27 29 tiles/sets/rock 5 
27 28 tiles/sets/rock 5 
29 29 tiles/sets/rock 5 
30 29 tiles/sets/rock 5 
31 29 tiles/sets/rock 5 
31 30 tiles/sets/rock 5 
31 31 tiles/sets/rock 5 
30 31 tiles/sets/rock 5 
29 31 tiles/sets/rock 5 
29 30 tiles/sets/rock 5 
30 30 tiles/sets/rock 5 
13 33 tiles/sets/rock 5 
15 33 tiles/sets/rock 5 
17 33 tiles/sets/rock 5 
19 33 tiles/sets/rock 5 
21 33 tiles/sets/rock 5 
14 32 tiles/sets/rock 5 
15 32 tiles/sets/rock 5 
16 32 tiles/sets/rock 5 
17 32 tiles/sets/rock 5 
15 31 tiles/sets/rock 5 
14 31 tiles/sets/rock 5 
13 31 tiles/sets/rock 5 
13 30 tiles/sets/rock 5 
14 30 tiles/sets/rock 5 
15 30 tiles/sets/rock 5 
13 29 tiles/sets/rock 5 
21 32 tiles/sets/rock 5 
23 32 tiles/sets/rock 5 
23 31 tiles/sets/rock 5 
25 32 tiles/sets/rock 5 
25 31 tiles/sets/rock 5 
25 30 tiles/sets/rock 5 
24 29 tiles/sets/rock 5 
21 31 tiles/sets/rock 5 
20 31 tiles/sets/rock 5 
19 31 tiles/sets/rock 5 
18 31 tiles/sets/rock 5 
20 30 tiles/sets/rock 5 
19 29 tiles/sets/rock 5 
21 30 tiles/sets/rock 5 
21 29 tiles/sets/rock 5 
21 28 tiles/sets/rock 5 
22 29 tiles/sets/rock 5 
22 28 tiles/sets/rock 5 
23 28 tiles/sets/rock 5 
24 28 tiles/sets/rock 5 
21 26 tiles/sets/rock 5 
22 26 tiles/sets/rock 5 
21 25 tiles/sets/rock 5 
22 25 tiles/sets/rock 5 
17 30 tiles/sets/rock 5 
17 29 tiles/sets/rock 5 
16 29 tiles/sets/rock 5 
16 28 tiles/sets/rock 5 
15 28 tiles/sets/rock 5 
17 26 tiles/sets/rock 5 
18 26 tiles/sets/rock 5 
19 26 tiles/sets/rock 5 
19 25 tiles/sets/rock 5 
18 25 tiles/sets/rock 5 
17 25 tiles/sets/rock 5 
15 26 tiles/sets/rock 5 
15 25 tiles/sets/rock 5 
15 24 tiles/sets/rock 5 
16 25 tiles/sets/rock 5 
17 24 tiles/sets/rock 5 
19 24 tiles/sets/rock 5 
21 23 tiles/sets/rock 5 
20 23 tiles/sets/rock 5 
19 23 tiles/sets/rock 5 
18 23 tiles/sets/rock 5 
17 23 tiles/sets/rock 5 
16 23 tiles/sets/rock 5 
15 23 tiles/sets/rock 5 
14 23 tiles/sets/rock 5 
13 23 tiles/sets/rock 5 
13 25 tiles/sets/rock 5 
12 24 tiles/sets/rock 5 
12 23 tiles/sets/rock 5 
19 22 tiles/sets/rock 5 
14 22 tiles/sets/rock 5 
15 22 tiles/sets/rock 5 
15 21 tiles/sets/rock 5 
14 21 tiles/sets/rock 5 
13 21 tiles/sets/rock 5 
12 21 tiles/sets/rock 5 
12 20 tiles/sets/rock 5 
13 20 tiles/sets/rock 5 
13 19 tiles/sets/rock 5 
14 19 tiles/sets/rock 5 
15 19 tiles/sets/rock 5 
16 19 tiles/sets/rock 5 
16 18 tiles/sets/rock 5 
15 18 tiles/sets/rock 5 
16 20 tiles/sets/rock 5 
17 20 tiles/sets/rock 5 
17 21 tiles/sets/rock 5 
20 21 tiles/sets/rock 5 
20 20 tiles/sets/rock 5 
19 20 tiles/sets/rock 5 
18 19 tiles/sets/rock 5 
5 25 tiles/sets/rock 5 
6 25 tiles/sets/rock 5 
7 25 tiles/sets/rock 5 
8 25 tiles/sets/rock 5 
9 24 tiles/sets/rock 5 
9 23 tiles/sets/rock 5 
8 23 tiles/sets/rock 5 
7 23 tiles/sets/rock 5 
8 22 tiles/sets/rock 5 
8 21 tiles/sets/rock 5 
9 20 tiles/sets/rock 5 
10 20 tiles/sets/rock 5 
10 19 tiles/sets/rock 5 
10 18 tiles/sets/rock 5 
9 18 tiles/sets/rock 5 
9 19 tiles/sets/rock 5 
10 17 tiles/sets/rock 5 
10 16 tiles/sets/rock 5 
9 16 tiles/sets/rock 5 
8 17 tiles/sets/rock 5 
5 24 tiles/sets/rock 5 
5 23 tiles/sets/rock 5 
5 22 tiles/sets/rock 5 
5 21 tiles/sets/rock 5 
6 21 tiles/sets/rock 5 
6 20 tiles/sets/rock 5 
7 19 tiles/sets/rock 5 
7 18 tiles/sets/rock 5 
6 18 tiles/sets/rock 5 
5 19 tiles/sets/rock 5 
5 18 tiles/sets/rock 5 
5 17 tiles/sets/rock 5 
5 15 tiles/sets/rock 5 
7 15 tiles/sets/rock 5 
6 13 tiles/sets/rock 5 
8 13 tiles/sets/rock 5 
9 13 tiles/sets/rock 5 
9 14 tiles/sets/rock 5 
10 14 tiles/sets/rock 5 
14 17 tiles/sets/rock 5 
17 17 tiles/sets/rock 5 
13 15 tiles/sets/rock 5 
14 15 tiles/sets/rock 5 
16 14 tiles/sets/rock 5 
15 14 tiles/sets/rock 5 
15 13 tiles/sets/rock 5 
14 13 tiles/sets/rock 5 
13 13 tiles/sets/rock 5 
12 13 tiles/sets/rock 5 
13 12 tiles/sets/rock 5 
15 12 tiles/sets/rock 5 
14 11 tiles/sets/rock 5 
24 26 tiles/sets/rock 5 
24 25 tiles/sets/rock 5 
24 24 tiles/sets/rock 5 
25 25 tiles/sets/rock 5 
26 25 tiles/sets/rock 5 
26 24 tiles/sets/rock 5 
25 24 tiles/sets/rock 5 
24 23 tiles/sets/rock 5 
25 23 tiles/sets/rock 5 
26 23 tiles/sets/rock 5 
26 22 tiles/sets/rock 5 
23 23 tiles/sets/rock 5 
22 22 tiles/sets/rock 5 
25 21 tiles/sets/rock 5 
23 21 tiles/sets/rock 5 
22 20 tiles/sets/rock 5 
22 19 tiles/sets/rock 5 
22 18 tiles/sets/rock 5 
21 18 tiles/sets/rock 5 
20 18 tiles/sets/rock 5 
21 17 tiles/sets/rock 5 
19 17 tiles/sets/rock 5 
23 17 tiles/sets/rock 5 
23 16 tiles/sets/rock 5 
24 18 tiles/sets/rock 5 
25 18 tiles/sets/rock 5 
26 18 tiles/sets/rock 5 
26 19 tiles/sets/rock 5 
26 20 tiles/sets/rock 5 
27 19 tiles/sets/rock 5 
28 19 tiles/sets/rock 5 
29 19 tiles/sets/rock 5 
29 18 tiles/sets/rock 5 
28 18 tiles/sets/rock 5 
27 18 tiles/sets/rock 5 
29 21 tiles/sets/rock 5 
28 21 tiles/sets/rock 5 
28 22 tiles/sets/rock 5 
29 23 tiles/sets/rock 5 
29 24 tiles/sets/rock 5 
29 25 tiles/sets/rock 5 
28 24 tiles/sets/rock 5 
30 23 tiles/sets/rock 5 
30 24 tiles/sets/rock 5 
30 25 tiles/sets/rock 5 
31 25 tiles/sets/rock 5 
33 25 tiles/sets/rock 5 
32 24 tiles/sets/rock 5 
32 23 tiles/sets/rock 5 
32 22 tiles/sets/rock 5 
30 20 tiles/sets/rock 5 
31 20 tiles/sets/rock 5 
31 19 tiles/sets/rock 5 
33 18 tiles/sets/rock 5 
32 18 tiles/sets/rock 5 
32 17 tiles/sets/rock 5 
31 17 tiles/sets/rock 5 
29 17 tiles/sets/rock 5 
28 16 tiles/sets/rock 5 
29 16 tiles/sets/rock 5 
30 16 tiles/sets/rock 5 
30 15 tiles/sets/rock 5 
31 15 tiles/sets/rock 5 
25 16 tiles/sets/rock 5 
18 15 tiles/sets/rock 5 
18 14 tiles/sets/rock 5 
18 13 tiles/sets/rock 5 
19 13 tiles/sets/rock 5 
19 14 tiles/sets/rock 5 
19 15 tiles/sets/rock 5 
20 12 tiles/sets/rock 5 
21 12 tiles/sets/rock 5 
21 11 tiles/sets/rock 5 
33 15 tiles/sets/rock 5 
33 14 tiles/sets/rock 5 
32 12 tiles/sets/rock 5 
32 11 tiles/sets/rock 5 
27 11 tiles/sets/rock 5 
28 6 tiles/sets/rock 5 
27 5 tiles/sets/rock 5 
33 7 tiles/sets/rock 5 
33 6 tiles/sets/rock 5 
32 5 tiles/sets/rock 5 
15 10 tiles/sets/rock 5 
16 10 tiles/sets/rock 5 
17 10 tiles/sets/rock 5 
18 10 tiles/sets/rock 5 
19 10 tiles/sets/rock 5 
19 11 tiles/sets/rock 5 
14 9 tiles/sets/rock 5 
16 9 tiles/sets/rock 5 
16 8 tiles/sets/rock 5 
15 8 tiles/sets/rock 5 
14 8 tiles/sets/rock 5 
13 8 tiles/sets/rock 5 
13 7 tiles/sets/rock 5 
14 7 tiles/sets/rock 5 
15 7 tiles/sets/rock 5 
14 6 tiles/sets/rock 5 
13 6 tiles/sets/rock 5 
14 5 tiles/sets/rock 5 
13 5 tiles/sets/rock 5 
15 5 tiles/sets/rock 5 
16 5 tiles/sets/rock 5 
17 7 tiles/sets/rock 5 
17 6 tiles/sets/rock 5 
18 6 tiles/sets/rock 5 
18 8 tiles/sets/rock 5 
19 7 tiles/sets/rock 5 
20 9 tiles/sets/rock 5 
20 8 tiles/sets/rock 5 
21 8 tiles/sets/rock 5 
21 9 tiles/sets/rock 5 
22 8 tiles/sets/rock 5 
23 8 tiles/sets/rock 5 
23 7 tiles/sets/rock 5 
23 6 tiles/sets/rock 5 
22 6 tiles/sets/rock 5 
22 7 tiles/sets/rock 5 
20 6 tiles/sets/rock 5 
21 6 tiles/sets/rock 5 
22 5 tiles/sets/rock 5 
24 5 tiles/sets/rock 5 
34 34 tiles/sets/sandstone 17 
6 4 tiles/sets/sandstone 49 
4 4 tiles/sets/sandstone 12 
4 6 tiles/sets/sandstone 4 
10 13 tiles/sets/sandstone 5 
7 4 tiles/sets/sandstone 49 
4 22 tiles/sets/sandstone 4 
33 23 tiles/sets/sandstone 5 
8 4 tiles/sets/sandstone 49 
4 5 tiles/sets/sandstone 4 
5 12 tiles/sets/sandstone 5 
11 22 tiles/sets/sandstone 5 
34 23 tiles/sets/sandstone 34 
9 4 tiles/sets/sandstone 49 
28 23 tiles/sets/sandstone 5 
31 23 tiles/sets/sandstone 5 
10 22 tiles/sets/sandstone 5 
7 13 tiles/sets/sandstone 5 
10 4 tiles/sets/sandstone 49 
27 23 tiles/sets/sandstone 5 
9 22 tiles/sets/sandstone 5 
11 4 tiles/sets/sandstone 49 
4 13 tiles/sets/sandstone 4 
34 13 tiles/sets/sandstone 34 
20 5 tiles/sets/sandstone 5 
12 4 tiles/sets/sandstone 49 
12 6 tiles/sets/sandstone 5 
5 20 tiles/sets/sandstone 5 
21 5 tiles/sets/sandstone 5 
32 13 tiles/sets/sandstone 5 
13 4 tiles/sets/sandstone 49 
33 13 tiles/sets/sandstone 5 
23 5 tiles/sets/sandstone 5 
14 4 tiles/sets/sandstone 49 
25 5 tiles/sets/sandstone 5 
26 5 tiles/sets/sandstone 5 
15 4 tiles/sets/sandstone 49 
28 5 tiles/sets/sandstone 5 
16 4 tiles/sets/sandstone 49 
29 5 tiles/sets/sandstone 5 
17 4 tiles/sets/sandstone 49 
31 5 tiles/sets/sandstone 5 
18 4 tiles/sets/sandstone 49 
13 22 tiles/sets/sandstone 5 
33 5 tiles/sets/sandstone 5 
4 23 tiles/sets/sandstone 4 
34 5 tiles/sets/sandstone 34 
19 4 tiles/sets/sandstone 49 
19 6 tiles/sets/sandstone 5 
12 22 tiles/sets/sandstone 5 
34 22 tiles/sets/sandstone 34 
20 4 tiles/sets/sandstone 49 
12 5 tiles/sets/sandstone 5 
21 4 tiles/sets/sandstone 49 
22 4 tiles/sets/sandstone 49 
33 22 tiles/sets/sandstone 5 
23 4 tiles/sets/sandstone 49 
30 22 tiles/sets/sandstone 5 
24 4 tiles/sets/sandstone 49 
31 22 tiles/sets/sandstone 5 
25 4 tiles/sets/sandstone 49 
10 23 tiles/sets/sandstone 5 
26 4 tiles/sets/sandstone 49 
29 22 tiles/sets/sandstone 5 
27 4 tiles/sets/sandstone 49 
28 4 tiles/sets/sandstone 49 
27 22 tiles/sets/sandstone 5 
29 4 tiles/sets/sandstone 49 
29 6 tiles/sets/sandstone 5 
30 4 tiles/sets/sandstone 49 
17 5 tiles/sets/sandstone 5 
31 4 tiles/sets/sandstone 49 
32 4 tiles/sets/sandstone 49 
18 5 tiles/sets/sandstone 5 
33 4 tiles/sets/sandstone 49 
34 6 tiles/sets/sandstone 34 
34 4 tiles/sets/sandstone 32 
19 5 tiles/sets/sandstone 5 
12 25 tiles/sets/sandstone 5 
4 24 tiles/sets/sandstone 4 
12 9 tiles/sets/sandstone 5 
8 14 tiles/sets/sandstone 5 
13 9 tiles/sets/sandstone 5 
14 25 tiles/sets/sandstone 5 
11 24 tiles/sets/sandstone 5 
34 9 tiles/sets/sandstone 34 
28 25 tiles/sets/sandstone 5 
10 24 tiles/sets/sandstone 5 
7 14 tiles/sets/sandstone 5 
34 25 tiles/sets/sandstone 34 
32 25 tiles/sets/sandstone 5 
27 25 tiles/sets/sandstone 5 
4 14 tiles/sets/sandstone 4 
6 14 tiles/sets/sandstone 5 
32 14 tiles/sets/sandstone 5 
34 14 tiles/sets/sandstone 34 
28 14 tiles/sets/sandstone 5 
29 14 tiles/sets/sandstone 5 
30 14 tiles/sets/sandstone 5 
31 14 tiles/sets/sandstone 5 
14 24 tiles/sets/sandstone 5 
25 14 tiles/sets/sandstone 5 
26 14 tiles/sets/sandstone 5 
4 25 tiles/sets/sandstone 4 
4 9 tiles/sets/sandstone 4 
13 24 tiles/sets/sandstone 5 
33 24 tiles/sets/sandstone 5 
34 24 tiles/sets/sandstone 34 
5 34 tiles/sets/sandstone 19 
10 25 tiles/sets/sandstone 5 
31 24 tiles/sets/sandstone 5 
27 24 tiles/sets/sandstone 5 
9 25 tiles/sets/sandstone 5 
7 26 tiles/sets/sandstone 5 
10 15 tiles/sets/sandstone 5 
12 27 tiles/sets/sandstone 5 
6 26 tiles/sets/sandstone 5 
4 26 tiles/sets/sandstone 4 
8 15 tiles/sets/sandstone 5 
14 27 tiles/sets/sandstone 5 
9 15 tiles/sets/sandstone 5 
10 26 tiles/sets/sandstone 5 
11 26 tiles/sets/sandstone 5 
34 27 tiles/sets/sandstone 34 
8 26 tiles/sets/sandstone 5 
4 15 tiles/sets/sandstone 4 
6 15 tiles/sets/sandstone 5 
9 26 tiles/sets/sandstone 5 
26 27 tiles/sets/sandstone 5 
28 15 tiles/sets/sandstone 5 
29 15 tiles/sets/sandstone 5 
34 15 tiles/sets/sandstone 34 
32 15 tiles/sets/sandstone 5 
13 26 tiles/sets/sandstone 5 
4 27 tiles/sets/sandstone 4 
12 26 tiles/sets/sandstone 5 
26 15 tiles/sets/sandstone 5 
27 15 tiles/sets/sandstone 5 
14 26 tiles/sets/sandstone 5 
25 15 tiles/sets/sandstone 5 
30 26 tiles/sets/sandstone 5 
31 26 tiles/sets/sandstone 5 
28 26 tiles/sets/sandstone 5 
29 26 tiles/sets/sandstone 5 
34 26 tiles/sets/sandstone 34 
32 26 tiles/sets/sandstone 5 
33 26 tiles/sets/sandstone 5 
26 26 tiles/sets/sandstone 5 
27 26 tiles/sets/sandstone 5 
25 26 tiles/sets/sandstone 5 
15 29 tiles/sets/sandstone 5 
14 29 tiles/sets/sandstone 5 
34 7 tiles/sets/sandstone 34 
12 29 tiles/sets/sandstone 5 
4 28 tiles/sets/sandstone 4 
12 10 tiles/sets/sandstone 5 
8 16 tiles/sets/sandstone 5 
13 10 tiles/sets/sandstone 5 
14 10 tiles/sets/sandstone 5 
7 16 tiles/sets/sandstone 5 
26 29 tiles/sets/sandstone 5 
25 29 tiles/sets/sandstone 5 
32 10 tiles/sets/sandstone 5 
23 29 tiles/sets/sandstone 5 
33 10 tiles/sets/sandstone 5 
34 10 tiles/sets/sandstone 34 
12 7 tiles/sets/sandstone 5 
4 16 tiles/sets/sandstone 4 
6 16 tiles/sets/sandstone 5 
34 29 tiles/sets/sandstone 34 
31 16 tiles/sets/sandstone 5 
32 16 tiles/sets/sandstone 5 
33 16 tiles/sets/sandstone 5 
34 16 tiles/sets/sandstone 34 
4 29 tiles/sets/sandstone 4 
12 28 tiles/sets/sandstone 5 
4 10 tiles/sets/sandstone 4 
13 28 tiles/sets/sandstone 5 
24 16 tiles/sets/sandstone 5 
14 28 tiles/sets/sandstone 5 
26 16 tiles/sets/sandstone 5 
27 16 tiles/sets/sandstone 5 
34 28 tiles/sets/sandstone 34 
4 7 tiles/sets/sandstone 4 
25 28 tiles/sets/sandstone 5 
26 28 tiles/sets/sandstone 5 
12 31 tiles/sets/sandstone 5 
4 30 tiles/sets/sandstone 4 
24 31 tiles/sets/sandstone 5 
26 31 tiles/sets/sandstone 5 
4 17 tiles/sets/sandstone 4 
6 17 tiles/sets/sandstone 5 
22 31 tiles/sets/sandstone 5 
34 31 tiles/sets/sandstone 34 
7 17 tiles/sets/sandstone 5 
26 17 tiles/sets/sandstone 5 
27 17 tiles/sets/sandstone 5 
24 17 tiles/sets/sandstone 5 
25 17 tiles/sets/sandstone 5 
4 31 tiles/sets/sandstone 4 
12 30 tiles/sets/sandstone 5 
34 17 tiles/sets/sandstone 34 
5 16 tiles/sets/sandstone 5 
33 17 tiles/sets/sandstone 5 
28 17 tiles/sets/sandstone 5 
26 30 tiles/sets/sandstone 5 
24 30 tiles/sets/sandstone 5 
22 30 tiles/sets/sandstone 5 
23 30 tiles/sets/sandstone 5 
34 30 tiles/sets/sandstone 34 
12 33 tiles/sets/sandstone 5 
4 32 tiles/sets/sandstone 4 
12 11 tiles/sets/sandstone 5 
13 11 tiles/sets/sandstone 5 
14 33 tiles/sets/sandstone 5 
16 33 tiles/sets/sandstone 5 
18 33 tiles/sets/sandstone 5 
23 33 tiles/sets/sandstone 5 
22 33 tiles/sets/sandstone 5 
20 33 tiles/sets/sandstone 5 
4 18 tiles/sets/sandstone 4 
26 33 tiles/sets/sandstone 5 
25 33 tiles/sets/sandstone 5 
24 33 tiles/sets/sandstone 5 
33 11 tiles/sets/sandstone 5 
34 11 tiles/sets/sandstone 34 
34 33 tiles/sets/sandstone 34 
4 33 tiles/sets/sandstone 4 
12 32 tiles/sets/sandstone 5 
4 11 tiles/sets/sandstone 4 
13 32 tiles/sets/sandstone 5 
18 32 tiles/sets/sandstone 5 
34 18 tiles/sets/sandstone 34 
19 32 tiles/sets/sandstone 5 
24 32 tiles/sets/sandstone 5 
26 32 tiles/sets/sandstone 5 
20 32 tiles/sets/sandstone 5 
22 32 tiles/sets/sandstone 5 
34 32 tiles/sets/sandstone 34 
5 26 tiles/sets/sandstone 5 
6 34 tiles/sets/sandstone 19 
4 34 tiles/sets/sandstone 2 
7 34 tiles/sets/sandstone 19 
8 34 tiles/sets/sandstone 19 
4 19 tiles/sets/sandstone 4 
9 34 tiles/sets/sandstone 19 
10 34 tiles/sets/sandstone 19 
11 34 tiles/sets/sandstone 19 
13 34 tiles/sets/sandstone 19 
12 34 tiles/sets/sandstone 19 
15 34 tiles/sets/sandstone 19 
14 34 tiles/sets/sandstone 19 
17 34 tiles/sets/sandstone 19 
16 34 tiles/sets/sandstone 19 
34 19 tiles/sets/sandstone 34 
19 34 tiles/sets/sandstone 19 
5 14 tiles/sets/sandstone 5 
32 19 tiles/sets/sandstone 5 
18 34 tiles/sets/sandstone 19 
33 19 tiles/sets/sandstone 5 
22 34 tiles/sets/sandstone 19 
23 34 tiles/sets/sandstone 19 
20 34 tiles/sets/sandstone 19 
21 34 tiles/sets/sandstone 19 
26 34 tiles/sets/sandstone 19 
27 34 tiles/sets/sandstone 19 
24 34 tiles/sets/sandstone 19 
25 34 tiles/sets/sandstone 19 
30 34 tiles/sets/sandstone 19 
31 34 tiles/sets/sandstone 19 
28 34 tiles/sets/sandstone 19 
29 34 tiles/sets/sandstone 19 
32 34 tiles/sets/sandstone 19 
33 34 tiles/sets/sandstone 19 
12 12 tiles/sets/sandstone 5 
33 8 tiles/sets/sandstone 5 
34 8 tiles/sets/sandstone 34 
12 8 tiles/sets/sandstone 5 
4 20 tiles/sets/sandstone 4 
34 21 tiles/sets/sandstone 34 
33 21 tiles/sets/sandstone 5 
32 21 tiles/sets/sandstone 5 
31 21 tiles/sets/sandstone 5 
30 21 tiles/sets/sandstone 5 
27 21 tiles/sets/sandstone 5 
26 21 tiles/sets/sandstone 5 
33 12 tiles/sets/sandstone 5 
34 12 tiles/sets/sandstone 34 
6 12 tiles/sets/sandstone 5 
4 12 tiles/sets/sandstone 4 
27 20 tiles/sets/sandstone 5 
28 20 tiles/sets/sandstone 5 
7 12 tiles/sets/sandstone 5 
29 20 tiles/sets/sandstone 5 
32 20 tiles/sets/sandstone 5 
33 20 tiles/sets/sandstone 5 
34 20 tiles/sets/sandstone 34 
5 13 tiles/sets/sandstone 5 
4 21 tiles/sets/sandstone 4 
5 4 tiles/sets/sandstone 49 
4 8 tiles/sets/sandstone 4 
8 12 tiles/sets/sandstone 5 
9 12 tiles/sets/sandstone 5 
10 21 tiles/sets/sandstone 5 
10 12 tiles/sets/sandstone 5 
9 21 tiles/sets/sandstone 5 
11 12 tiles/sets/sandstone 5 
32 29 tiles/sets/sandstone 5 
28 29 tiles/sets/sandstone 5 
28 28 tiles/sets/sandstone 5 
29 28 tiles/sets/sandstone 5 
30 28 tiles/sets/sandstone 5 
31 28 tiles/sets/sandstone 5 
32 28 tiles/sets/sandstone 5 
32 31 tiles/sets/sandstone 5 
28 31 tiles/sets/sandstone 5 
32 30 tiles/sets/sandstone 5 
28 30 tiles/sets/sandstone 5 
32 32 tiles/sets/sandstone 5 
28 32 tiles/sets/sandstone 5 
29 32 tiles/sets/sandstone 5 
30 32 tiles/sets/sandstone 5 
31 32 tiles/sets/sandstone 5 
30 17 tiles/sets/sandstone 5 
30 18 tiles/sets/sandstone 5 
31 18 tiles/sets/sandstone 5 
30 19 tiles/sets/sandstone 5 
30 10 tiles/sets/sandstone 5 
30 11 tiles/sets/sandstone 5 
31 11 tiles/sets/sandstone 5 
30 12 tiles/sets/sandstone 5 
31 12 tiles/sets/sandstone 5 
28 10 tiles/sets/sandstone 5 
26 10 tiles/sets/sandstone 5 
27 10 tiles/sets/sandstone 5 
26 11 tiles/sets/sandstone 5 
28 11 tiles/sets/sandstone 5 
26 12 tiles/sets/sandstone 5 
27 12 tiles/sets/sandstone 5 
28 12 tiles/sets/sandstone 5 
32 9 tiles/sets/rock 5 
31 6 tiles/sets/rock 5 
30 13 tiles/sets/rock 5 
27 14 tiles/sets/rock 5 
30 9 tiles/sets/rock 5 
31 7 tiles/sets/rock 5 
24 13 tiles/sets/rock 5 
25 12 tiles/sets/rock 5 
29 10 tiles/sets/rock 5 
30 6 tiles/sets/rock 5 
30 5 tiles/sets/rock 5 
29 9 tiles/sets/rock 5 
27 7 tiles/sets/rock 5 
26 8 tiles/sets/rock 5 
30 7 tiles/sets/rock 5 
27 13 tiles/sets/rock 5 
25 10 tiles/sets/rock 5 
27 9 tiles/sets/rock 5 
24 12 tiles/sets/rock 5 
32 8 tiles/sets/rock 5 
28 9 tiles/sets/rock 5 
26 7 tiles/sets/rock 5 
29 7 tiles/sets/rock 5 
26 13 tiles/sets/rock 5 
23 14 tiles/sets/rock 5 
24 10 tiles/sets/rock 5 
26 9 tiles/sets/rock 5 
23 12 tiles/sets/rock 5 
25 11 tiles/sets/rock 5 
31 8 tiles/sets/rock 5 
24 14 tiles/sets/rock 5 
29 12 tiles/sets/rock 5 
29 13 tiles/sets/rock 5 
22 14 tiles/sets/rock 5 
29 11 tiles/sets/rock 5 
23 10 tiles/sets/rock 5 
25 9 tiles/sets/rock 5 
24 11 tiles/sets/rock 5 
23 13 tiles/sets/rock 5 
22 15 tiles/sets/rock 5 
28 13 tiles/sets/rock 5 
21 14 tiles/sets/rock 5 
22 10 tiles/sets/rock 5 
26 6 tiles/sets/rock 5 
24 15 tiles/sets/rock 5 
22 13 tiles/sets/rock 5 
31 10 tiles/sets/rock 5 
33 9 tiles/sets/rock 5 
31 13 tiles/sets/rock 5 
31 9 tiles/sets/rock 5 
25 6 tiles/sets/rock 5 
25 13 tiles/sets/rock 5 
28 7 tiles/sets/sandstone 5 
27 8 tiles/sets/sandstone 5 
28 8 tiles/sets/sandstone 5 
29 8 tiles/sets/sandstone 5 
30 8 tiles/sets/sandstone 5 
32 6 tiles/sets/sandstone 5 
32 7 tiles/sets/sandstone 5 
27 6 tiles/sets/sandstone 5 
24 6 tiles/sets/sandstone 5 
24 9 tiles/sets/sandstone 5 
22 9 tiles/sets/sandstone 5 
23 9 tiles/sets/sandstone 5 
24 7 tiles/sets/sandstone 5 
25 7 tiles/sets/sandstone 5 
24 8 tiles/sets/sandstone 5 
25 8 tiles/sets/sandstone 5 
20 7 tiles/sets/sandstone 5 
21 7 tiles/sets/sandstone 5 
6 6 tiles/sets/sandstone 5 
7 6 tiles/sets/sandstone 5 
8 6 tiles/sets/sandstone 5 
9 6 tiles/sets/sandstone 5 
10 6 tiles/sets/sandstone 5 
6 9 tiles/sets/sandstone 5 
10 9 tiles/sets/sandstone 5 
10 7 tiles/sets/sandstone 5 
7 10 tiles/sets/sandstone 5 
6 10 tiles/sets/sandstone 5 
10 10 tiles/sets/sandstone 5 
6 7 tiles/sets/sandstone 5 
8 10 tiles/sets/sandstone 5 
9 10 tiles/sets/sandstone 5 
10 8 tiles/sets/sandstone 5 
6 8 tiles/sets/sandstone 5 
15 6 tiles/sets/sandstone 5 
16 6 tiles/sets/sandstone 5 
16 7 tiles/sets/sandstone 5 
18 7 tiles/sets/sandstone 5 
18 9 tiles/sets/sandstone 5 
19 9 tiles/sets/sandstone 5 
17 9 tiles/sets/sandstone 5 
17 8 tiles/sets/sandstone 5 
19 8 tiles/sets/sandstone 5 
15 9 tiles/sets/sandstone 5 
20 10 tiles/sets/sandstone 5 
21 10 tiles/sets/sandstone 5 
20 11 tiles/sets/sandstone 5 
22 11 tiles/sets/sandstone 5 
23 11 tiles/sets/sandstone 5 
22 12 tiles/sets/sandstone 5 
20 13 tiles/sets/sandstone 5 
21 13 tiles/sets/sandstone 5 
17 13 tiles/sets/sandstone 5 
16 13 tiles/sets/sandstone 5 
20 22 tiles/sets/sandstone 5 
21 22 tiles/sets/sandstone 5 
11 14 tiles/sets/sandstone 5 
20 14 tiles/sets/sandstone 5 
17 14 tiles/sets/sandstone 5 
14 14 tiles/sets/sandstone 5 
12 14 tiles/sets/sandstone 5 
13 14 tiles/sets/sandstone 5 
20 15 tiles/sets/sandstone 5 
21 15 tiles/sets/sandstone 5 
17 15 tiles/sets/sandstone 5 
16 15 tiles/sets/sandstone 5 
12 15 tiles/sets/sandstone 5 
15 15 tiles/sets/sandstone 5 
11 16 tiles/sets/sandstone 5 
20 16 tiles/sets/sandstone 5 
21 16 tiles/sets/sandstone 5 
22 16 tiles/sets/sandstone 5 
16 16 tiles/sets/sandstone 5 
17 16 tiles/sets/sandstone 5 
18 16 tiles/sets/sandstone 5 
19 16 tiles/sets/sandstone 5 
12 16 tiles/sets/sandstone 5 
13 16 tiles/sets/sandstone 5 
14 16 tiles/sets/sandstone 5 
15 16 tiles/sets/sandstone 5 
22 17 tiles/sets/sandstone 5 
20 17 tiles/sets/sandstone 5 
15 17 tiles/sets/sandstone 5 
13 17 tiles/sets/sandstone 5 
12 17 tiles/sets/sandstone 5 
18 17 tiles/sets/sandstone 5 
16 17 tiles/sets/sandstone 5 
15 11 tiles/sets/sandstone 5 
18 11 tiles/sets/sandstone 5 
11 18 tiles/sets/sandstone 5 
16 11 tiles/sets/sandstone 5 
17 11 tiles/sets/sandstone 5 
14 18 tiles/sets/sandstone 5 
12 18 tiles/sets/sandstone 5 
13 18 tiles/sets/sandstone 5 
18 18 tiles/sets/sandstone 5 
19 18 tiles/sets/sandstone 5 
17 18 tiles/sets/sandstone 5 
20 19 tiles/sets/sandstone 5 
21 19 tiles/sets/sandstone 5 
12 19 tiles/sets/sandstone 5 
17 19 tiles/sets/sandstone 5 
19 19 tiles/sets/sandstone 5 
16 12 tiles/sets/sandstone 5 
17 12 tiles/sets/sandstone 5 
18 12 tiles/sets/sandstone 5 
19 12 tiles/sets/sandstone 5 
22 21 tiles/sets/sandstone 5 
21 21 tiles/sets/sandstone 5 
21 20 tiles/sets/sandstone 5 
14 12 tiles/sets/sandstone 5 
23 15 tiles/sets/sandstone 5 
24 22 tiles/sets/sandstone 5 
25 22 tiles/sets/sandstone 5 
23 22 tiles/sets/sandstone 5 
23 18 tiles/sets/sandstone 5 
23 19 tiles/sets/sandstone 5 
24 19 tiles/sets/sandstone 5 
25 19 tiles/sets/sandstone 5 
24 21 tiles/sets/sandstone 5 
23 20 tiles/sets/sandstone 5 
24 20 tiles/sets/sandstone 5 
25 20 tiles/sets/sandstone 5 
22 23 tiles/sets/sandstone 5 
23 25 tiles/sets/sandstone 5 
20 25 tiles/sets/sandstone 5 
20 24 tiles/sets/sandstone 5 
21 24 tiles/sets/sandstone 5 
22 24 tiles/sets/sandstone 5 
23 24 tiles/sets/sandstone 5 
18 27 tiles/sets/sandstone 5 
20 27 tiles/sets/sandstone 5 
23 26 tiles/sets/sandstone 5 
20 26 tiles/sets/sandstone 5 
18 29 tiles/sets/sandstone 5 
20 29 tiles/sets/sandstone 5 
17 28 tiles/sets/sandstone 5 
18 28 tiles/sets/sandstone 5 
19 28 tiles/sets/sandstone 5 
20 28 tiles/sets/sandstone 5 
19 30 tiles/sets/sandstone 5 
18 30 tiles/sets/sandstone 5 
24 27 tiles/sets/sandstone 5 
22 27 tiles/sets/sandstone 5 
16 31 tiles/sets/sandstone 5 
17 31 tiles/sets/sandstone 5 
16 30 tiles/sets/sandstone 5 
7 28 tiles/sets/sandstone 5 
6 28 tiles/sets/sandstone 5 
10 28 tiles/sets/sandstone 5 
8 28 tiles/sets/sandstone 5 
9 28 tiles/sets/sandstone 5 
6 29 tiles/sets/sandstone 5 
10 29 tiles/sets/sandstone 5 
6 30 tiles/sets/sandstone 5 
10 30 tiles/sets/sandstone 5 
6 31 tiles/sets/sandstone 5 
10 31 tiles/sets/sandstone 5 
6 32 tiles/sets/sandstone 5 
7 32 tiles/sets/sandstone 5 
9 32 tiles/sets/sandstone 5 
8 32 tiles/sets/sandstone 5 
10 32 tiles/sets/sandstone 5 
7 22 tiles/sets/sandstone 5 
6 22 tiles/sets/sandstone 5 
6 23 tiles/sets/sandstone 5 
7 24 tiles/sets/sandstone 5 
6 24 tiles/sets/sandstone 5 
8 24 tiles/sets/sandstone 5 
8 18 tiles/sets/sandstone 5 
8 19 tiles/sets/sandstone 5 
8 20 tiles/sets/sandstone 5 
7 20 tiles/sets/sandstone 5 
7 21 tiles/sets/sandstone 5 
6 19 tiles/sets/sandstone 5 
9 17 tiles/sets/sandstone 5 
11 20 tiles/sets/sandstone 5 
14 20 tiles/sets/sandstone 5 
15 20 tiles/sets/sandstone 5 
18 22 tiles/sets/sandstone 5 
17 22 tiles/sets/sandstone 5 
16 22 tiles/sets/sandstone 5 
19 21 tiles/sets/sandstone 5 
18 21 tiles/sets/sandstone 5 
16 21 tiles/sets/sandstone 5 
18 20 tiles/sets/sandstone 5 
16 24 tiles/sets/sandstone 5 
18 24 tiles/sets/sandstone 5 
16 27 tiles/sets/sandstone 5 
16 26 tiles/sets/sandstone 5 
4 3 tiles/sets/sandstone 3 
4 2 tiles/sets/sandstone 3 
4 1 tiles/sets/sandstone 3 
4 0 tiles/sets/sandstone 58 
5 0 tiles/sets/sandstone 18 
6 0 tiles/sets/sandstone 18 
7 0 tiles/sets/sandstone 16 
35 0 tiles/sets/sandstone 18 
36 0 tiles/sets/sandstone 18 
37 0 tiles/sets/sandstone 18 
38 0 tiles/sets/sandstone 44 
38 1 tiles/sets/sandstone 3 
38 2 tiles/sets/sandstone 3 
38 3 tiles/sets/sandstone 3 
38 4 tiles/sets/sandstone 3 
38 5 tiles/sets/sandstone 3 
34 0 tiles/sets/sandstone 46 
38 6 tiles/sets/sandstone 3 
38 7 tiles/sets/sandstone 3 
38 8 tiles/sets/sandstone 3 
38 9 tiles/sets/sandstone 3 
38 10 tiles/sets/sandstone 3 
38 11 tiles/sets/sandstone 3 
38 12 tiles/sets/sandstone 3 
38 13 tiles/sets/sandstone 3 
38 14 tiles/sets/sandstone 3 
38 15 tiles/sets/sandstone 3 
38 16 tiles/sets/sandstone 3 
38 17 tiles/sets/sandstone 3 
38 18 tiles/sets/sandstone 3 
38 19 tiles/sets/sandstone 3 
38 20 tiles/sets/sandstone 3 
38 21 tiles/sets/sandstone 3 
38 22 tiles/sets/sandstone 3 
38 23 tiles/sets/sandstone 3 
38 24 tiles/sets/sandstone 3 
38 25 tiles/sets/sandstone 3 
38 26 tiles/sets/sandstone 3 
38 27 tiles/sets/sandstone 3 
38 28 tiles/sets/sandstone 3 
38 29 tiles/sets/sandstone 3 
38 30 tiles/sets/sandstone 3 
38 31 tiles/sets/sandstone 3 
38 32 tiles/sets/sandstone 3 
38 33 tiles/sets/sandstone 3 
38 34 tiles/sets/sandstone 3 
38 35 tiles/sets/sandstone 3 
38 36 tiles/sets/sandstone 3 
38 37 tiles/sets/sandstone 3 
38 38 tiles/sets/sandstone 29 
37 38 tiles/sets/sandstone 18 
36 38 tiles/sets/sandstone 18 
35 38 tiles/sets/sandstone 18 
34 38 tiles/sets/sandstone 18 
33 38 tiles/sets/sandstone 18 
32 38 tiles/sets/sandstone 18 
31 38 tiles/sets/sandstone 18 
30 38 tiles/sets/sandstone 18 
29 38 tiles/sets/sandstone 18 
28 38 tiles/sets/sandstone 18 
27 38 tiles/sets/sandstone 18 
26 38 tiles/sets/sandstone 18 
25 38 tiles/sets/sandstone 18 
24 38 tiles/sets/sandstone 18 
23 38 tiles/sets/sandstone 18 
22 38 tiles/sets/sandstone 18 
21 38 tiles/sets/sandstone 18 
20 38 tiles/sets/sandstone 18 
19 38 tiles/sets/sandstone 18 
18 38 tiles/sets/sandstone 18 
17 38 tiles/sets/sandstone 18 
16 38 tiles/sets/sandstone 18 
15 38 tiles/sets/sandstone 18 
14 38 tiles/sets/sandstone 18 
13 38 tiles/sets/sandstone 18 
12 38 tiles/sets/sandstone 18 
11 38 tiles/sets/sandstone 18 
10 38 tiles/sets/sandstone 18 
9 38 tiles/sets/sandstone 18 
8 38 tiles/sets/sandstone 18 
7 38 tiles/sets/sandstone 18 
6 38 tiles/sets/sandstone 18 
5 38 tiles/sets/sandstone 18 
4 38 tiles/sets/sandstone 18 
3 38 tiles/sets/sandstone 18 
2 38 tiles/sets/sandstone 18 
1 38 tiles/sets/sandstone 18 
0 38 tiles/sets/sandstone 14 
0 37 tiles/sets/sandstone 3 
0 36 tiles/sets/sandstone 3 
0 35 tiles/sets/sandstone 3 
0 34 tiles/sets/sandstone 3 
0 33 tiles/sets/sandstone 3 
0 32 tiles/sets/sandstone 3 
0 31 tiles/sets/sandstone 3 
0 30 tiles/sets/sandstone 3 
0 29 tiles/sets/sandstone 3 
0 28 tiles/sets/sandstone 3 
0 27 tiles/sets/sandstone 3 
0 26 tiles/sets/sandstone 3 
0 25 tiles/sets/sandstone 3 
0 24 tiles/sets/sandstone 3 
0 23 tiles/sets/sandstone 3 
0 22 tiles/sets/sandstone 3 
0 21 tiles/sets/sandstone 3 
0 20 tiles/sets/sandstone 3 
0 19 tiles/sets/sandstone 3 
0 18 tiles/sets/sandstone 3 
0 17 tiles/sets/sandstone 3 
0 16 tiles/sets/sandstone 3 
0 15 tiles/sets/sandstone 3 
0 14 tiles/sets/sandstone 3 
0 13 tiles/sets/sandstone 3 
0 12 tiles/sets/sandstone 3 
0 11 tiles/sets/sandstone 3 
0 10 tiles/sets/sandstone 3 
0 9 tiles/sets/sandstone 3 
0 8 tiles/sets/sandstone 3 
0 7 tiles/sets/sandstone 3 
0 6 tiles/sets/sandstone 3 
0 5 tiles/sets/sandstone 3 
0 4 tiles/sets/sandstone 3 
0 3 tiles/sets/sandstone 3 
0 2 tiles/sets/sandstone 3 
0 1 tiles/sets/sandstone 3 
0 0 tiles/sets/sandstone 59 
1 0 tiles/sets/sandstone 18 
2 0 tiles/sets/sandstone 18 
3 0 tiles/sets/sandstone 18 
5 35 tiles/coin 3 
6 35 tiles/coin 3 
7 35 tiles/coin 3 
8 35 tiles/coin 3 
9 35 tiles/coin 3 
10 35 tiles/coin 3 
11 35 tiles/coin 3 
12 35 tiles/coin 3 
13 35 tiles/coin 3 
14 35 tiles/coin 3 
15 35 tiles/coin 3 
16 35 tiles/coin 3 
17 35 tiles/coin 3 
18 35 tiles/coin 3 
19 35 tiles/coin 3 
20 35 tiles/coin 3 
21 35 tiles/coin 3 
22 35 tiles/coin 3 
23 35 tiles/coin 3 
24 35 tiles/coin 3 
25 35 tiles/coin 3 
26 35 tiles/coin 3 
27 35 tiles/coin 3 
28 35 tiles/coin 3 
29 35 tiles/coin 3 
30 35 tiles/coin 3 
31 35 tiles/coin 3 
32 35 tiles/coin 3 
33 35 tiles/coin 3 
33 36 tiles/coin 3 
32 36 tiles/coin 3 
31 36 tiles/coin 3 
30 36 tiles/coin 3 
29 36 tiles/coin 3 
28 36 tiles/coin 3 
27 36 tiles/coin 3 
26 36 tiles/coin 3 
25 36 tiles/coin 3 
24 36 tiles/coin 3 
23 36 tiles/coin 3 
22 36 tiles/coin 3 
21 36 tiles/coin 3 
20 36 tiles/coin 3 
19 36 tiles/coin 3 
18 36 tiles/coin 3 
17 36 tiles/coin 3 
16 36 tiles/coin 3 
15 36 tiles/coin 3 
14 36 tiles/coin 3 
13 36 tiles/coin 3 
12 36 tiles/coin 3 
11 36 tiles/coin 3 
10 36 tiles/coin 3 
9 36 tiles/coin 3 
8 36 tiles/coin 3 
7 36 tiles/coin 3 
6 36 tiles/coin 3 
5 36 tiles/coin 3 
5 37 tiles/coin 3 
6 37 tiles/coin 3 
7 37 tiles/coin 3 
8 37 tiles/coin 3 
9 37 tiles/coin 3 
10 37 tiles/coin 3 
11 37 tiles/coin 3 
12 37 tiles/coin 3 
13 37 tiles/coin 3 
14 37 tiles/coin 3 
15 37 tiles/coin 3 
16 37 tiles/coin 3 
17 37 tiles/coin 3 
18 37 tiles/coin 3 
19 37 tiles/coin 3 
20 37 tiles/coin 3 
21 37 tiles/coin 3 
22 37 tiles/coin 3 
23 37 tiles/coin 3 
24 37 tiles/coin 3 
25 37 tiles/coin 3 
26 37 tiles/coin 3 
27 37 tiles/coin 3 
28 37 tiles/coin 3 
29 37 tiles/coin 3 
30 37 tiles/coin 3 
31 37 tiles/coin 3 
32 37 tiles/coin 3 
33 37 tiles/coin 3 
35 4 tiles/half_spike 1 
35 5 tiles/half_spike 1 
35 6 tiles/half_spike 1 
35 7 tiles/half_spike 1 
35 8 tiles/half_spike 1 
35 9 tiles/half_spike 1 
35 10 tiles/half_spike 1 
35 11 tiles/half_spike 1 
35 12 tiles/half_spike 1 
35 13 tiles/half_spike 1 
35 14 tiles/half_spike 1 
35 15 tiles/half_spike 1 
35 16 tiles/half_spike 1 
35 17 tiles/half_spike 1 
35 18 tiles/half_spike 1 
35 19 tiles/half_spike 1 
35 20 tiles/half_spike 1 
35 21 tiles/half_spike 1 
35 22 tiles/half_spike 1 
35 23 tiles/half_spike 1 
35 24 tiles/half_spike 1 
35 25 tiles/half_spike 1 
35 26 tiles/half_spike 1 
35 27 tiles/half_spike 1 
35 28 tiles/half_spike 1 
35 29 tiles/half_spike 1 
35 30 tiles/half_spike 1 
35 31 tiles/half_spike 1 
35 32 tiles/half_spike 1 
35 33 tiles/half_spike 1 
35 34 tiles/half_spike 1 
37 37 tiles/half_spike 3 
37 36 tiles/half_spike 3 
37 35 tiles/half_spike 3 
37 34 tiles/half_spike 3 
37 33 tiles/half_spike 3 
37 32 tiles/half_spike 3 
37 31 tiles/half_spike 3 
37 30 tiles/half_spike 3 
37 29 tiles/half_spike 3 
37 28 tiles/half_spike 3 
37 27 tiles/half_spike 3 
37 26 tiles/half_spike 3 
37 25 tiles/half_spike 3 
37 24 tiles/half_spike 3 
37 23 tiles/half_spike 3 
37 22 tiles/half_spike 3 
37 21 tiles/half_spike 3 
37 20 tiles/half_spike 3 
37 19 tiles/half_spike 3 
37 18 tiles/half_spike 3 
37 17 tiles/half_spike 3 
37 16 tiles/half_spike 3 
37 15 tiles/half_spike 3 
37 14 tiles/half_spike 3 
37 13 tiles/half_spike 3 
37 12 tiles/half_spike 3 
37 11 tiles/half_spike 3 
37 10 tiles/half_spike 3 
37 9 tiles/half_spike 3 
37 8 tiles/half_spike 3 
37 7 tiles/half_spike 3 
37 6 tiles/half_spike 3 
37 5 tiles/half_spike 3 
37 4 tiles/half_spike 3 
37 3 tiles/half_spike 3 
37 2 tiles/half_spike 3 
37 1 tiles/half_spike 3 
2 1 tiles/spawn 0 
6 2 tiles/end 0 
1 1 tiles/half_spike 1 
1 2 tiles/half_spike 1 
1 3 tiles/half_spike 1 
1 4 tiles/half_spike 1 
1 5 tiles/half_spike 1 
1 37 tiles/half_spike 1 
1 36 tiles/half_spike 1 
1 35 tiles/half_spike 1 
1 34 tiles/half_spike 1 
1 33 tiles/half_spike 1 
1 29 tiles/half_spike 1 
1 28 tiles/half_spike 1 
1 27 tiles/half_spike 1 
1 23 tiles/half_spike 1 
1 22 tiles/half_spike 1 
1 21 tiles/half_spike 1 
1 17 tiles/half_spike 1 
1 16 tiles/half_spike 1 
1 15 tiles/half_spike 1 
1 11 tiles/half_spike 1 
1 10 tiles/half_spike 1 
1 9 tiles/half_spike 1 
3 6 tiles/half_spike 3 
3 7 tiles/half_spike 3 
3 8 tiles/half_spike 3 
3 12 tiles/half_spike 3 
3 13 tiles/half_spike 3 
3 14 tiles/half_spike 3 
3 18 tiles/half_spike 3 
3 19 tiles/half_spike 3 
3 20 tiles/half_spike 3 
3 24 tiles/half_spike 3 
3 25 tiles/half_spike 3 
3 26 tiles/half_spike 3 
3 30 tiles/half_spike 3 
3 31 tiles/half_spike 3 
3 32 tiles/half_spike 3 
8 0 tiles/coin_box 7 
9 0 tiles/coin_box 7 
10 0 tiles/coin_box 7 
11 0 tiles/coin_box 7 
12 0 tiles/coin_box 7 
13 0 tiles/coin_box 7 
14 0 tiles/coin_box 7 
15 0 tiles/coin_box 7 
16 0 tiles/coin_box 7 
17 0 tiles/coin_box 7 
18 0 tiles/coin_box 7 
19 0 tiles/coin_box 7 
20 0 tiles/coin_box 7 
21 0 tiles/coin_box 7 
22 0 tiles/coin_box 7 
23 0 tiles/coin_box 7 
24 0 tiles/coin_box 7 
25 0 tiles/coin_box 7 
26 0 tiles/coin_box 7 
27 0 tiles/coin_box 7 
28 0 tiles/coin_box 7 
29 0 tiles/coin_box 7 
30 0 tiles/coin_box 7 
31 0 tiles/coin_box 7 
32 0 tiles/coin_box 7 
33 0 tiles/coin_box 7 
@background_tiles
0 0 tiles/sets/rock 47 
0 1 tiles/sets/rock 4 
0 2 tiles/sets/rock 4 
0 3 tiles/sets/rock 4 
0 4 tiles/sets/rock 4 
0 5 tiles/sets/rock 4 
0 6 tiles/sets/rock 4 
0 7 tiles/sets/rock 4 
0 8 tiles/sets/rock 4 
0 9 tiles/sets/rock 4 
0 10 tiles/sets/rock 4 
0 11 tiles/sets/rock 4 
0 12 tiles/sets/rock 4 
0 13 tiles/sets/rock 4 
0 14 tiles/sets/rock 4 
0 15 tiles/sets/rock 4 
0 16 tiles/sets/rock 4 
0 17 tiles/sets/rock 4 
0 18 tiles/sets/rock 4 
0 19 tiles/sets/rock 4 
0 20 tiles/sets/rock 4 
0 21 tiles/sets/rock 4 
0 22 tiles/sets/rock 4 
0 23 tiles/sets/rock 4 
0 24 tiles/sets/rock 4 
0 25 tiles/sets/rock 4 
0 26 tiles/sets/rock 4 
0 27 tiles/sets/rock 4 
0 28 tiles/sets/rock 4 
0 29 tiles/sets/rock 4 
0 30 tiles/sets/rock 4 
0 31 tiles/sets/rock 4 
0 32 tiles/sets/rock 4 
0 33 tiles/sets/rock 4 
0 34 tiles/sets/rock 4 
0 35 tiles/sets/rock 4 
0 36 tiles/sets/rock 4 
0 37 tiles/sets/rock 4 
0 38 tiles/sets/rock 2 
1 38 tiles/sets/rock 19 
2 38 tiles/sets/rock 19 
3 38 tiles/sets/rock 19 
4 38 tiles/sets/rock 19 
5 38 tiles/sets/rock 19 
6 38 tiles/sets/rock 19 
7 38 tiles/sets/rock 19 
8 38 tiles/sets/rock 19 
9 38 tiles/sets/rock 19 
10 38 tiles/sets/rock 19 
11 38 tiles/sets/rock 19 
12 38 tiles/sets/rock 19 
13 38 tiles/sets/rock 19 
14 38 tiles/sets/rock 19 
15 38 tiles/sets/rock 19 
16 38 tiles/sets/rock 19 
17 38 tiles/sets/rock 19 
18 38 tiles/sets/rock 19 
19 38 tiles/sets/rock 19 
20 38 tiles/sets/rock 19 
21 38 tiles/sets/rock 19 
22 38 tiles/sets/rock 19 
23 38 tiles/sets/rock 19 
24 38 tiles/sets/rock 19 
25 38 tiles/sets/rock 19 
26 38 tiles/sets/rock 19 
27 38 tiles/sets/rock 19 
28 38 tiles/sets/rock 19 
29 38 tiles/sets/rock 19 
30 38 tiles/sets/rock 19 
31 38 tiles/sets/rock 19 
32 38 tiles/sets/rock 19 
33 38 tiles/sets/rock 19 
34 38 tiles/sets/rock 19 
35 38 tiles/sets/rock 19 
36 38 tiles/sets/rock 19 
37 38 tiles/sets/rock 19 
38 38 tiles/sets/rock 17 
38 37 tiles/sets/rock 34 
38 36 tiles/sets/rock 34 
38 35 tiles/sets/rock 34 
38 34 tiles/sets/rock 34 
38 33 tiles/sets/rock 34 
38 32 tiles/sets/rock 34 
38 31 tiles/sets/rock 34 
38 30 tiles/sets/rock 34 
38 29 tiles/sets/rock 34 
38 28 tiles/sets/rock 34 
38 27 tiles/sets/rock 34 
38 26 tiles/sets/rock 34 
38 25 tiles/sets/rock 34 
38 24 tiles/sets/rock 34 
38 23 tiles/sets/rock 34 
38 22 tiles/sets/rock 34 
38 21 tiles/sets/rock 34 
38 20 tiles/sets/rock 34 
38 19 tiles/sets/rock 34 
38 18 tiles/sets/rock 34 
38 17 tiles/sets/rock 34 
38 16 tiles/sets/rock 34 
38 15 tiles/sets/rock 34 
38 14 tiles/sets/rock 34 
38 13 tiles/sets/rock 34 
38 12 tiles/sets/rock 34 
38 11 tiles/sets/rock 34 
38 10 tiles/sets/rock 34 
38 9 tiles/sets/rock 34 
38 8 tiles/sets/rock 34 
38 7 tiles/sets/rock 34 
38 6 tiles/sets/rock 34 
38 5 tiles/sets/rock 34 
38 4 tiles/sets/rock 34 
38 3 tiles/sets/rock 34 
38 2 tiles/sets/rock 34 
38 1 tiles/sets/rock 34 
38 0 tiles/sets/rock 32 
37 0 tiles/sets/rock 49 
36 0 tiles/sets/rock 49 
35 0 tiles/sets/rock 49 
34 0 tiles/sets/rock 49 
33 0 tiles/sets/rock 49 
32 0 tiles/sets/rock 49 
31 0 tiles/sets/rock 49 
30 0 tiles/sets/rock 49 
29 0 tiles/sets/rock 49 
28 0 tiles/sets/rock 49 
27 0 tiles/sets/rock 49 
26 0 tiles/sets/rock 49 
25 0 tiles/sets/rock 49 
24 0 tiles/sets/rock 49 
23 0 tiles/sets/rock 49 
22 0 tiles/sets/rock 49 
21 0 tiles/sets/rock 49 
20 0 tiles/sets/rock 49 
19 0 tiles/sets/rock 49 
18 0 tiles/sets/rock 49 
17 0 tiles/sets/rock 49 
16 0 tiles/sets/rock 49 
15 0 tiles/sets/rock 49 
14 0 tiles/sets/rock 49 
13 0 tiles/sets/rock 49 
12 0 tiles/sets/rock 49 
11 0 tiles/sets/rock 49 
10 0 tiles/sets/rock 49 
9 0 tiles/sets/rock 49 
8 0 tiles/sets/rock 49 
7 0 tiles/sets/rock 49 
6 0 tiles/sets/rock 49 
5 0 tiles/sets/rock 49 
4 0 tiles/sets/rock 49 
3 0 tiles/sets/rock 49 
2 0 tiles/sets/rock 49 
1 0 tiles/sets/rock 49 
1 2 tiles/sets/rock 5 
2 37 tiles/sets/rock 5 
2 2 tiles/sets/rock 5 
1 37 tiles/sets/rock 5 
3 2 tiles/sets/rock 5 
6 37 tiles/sets/rock 5 
4 2 tiles/sets/rock 5 
5 37 tiles/sets/rock 5 
5 2 tiles/sets/rock 5 
4 37 tiles/sets/rock 5 
6 2 tiles/sets/rock 5 
3 37 tiles/sets/rock 5 
7 2 tiles/sets/rock 5 
13 37 tiles/sets/rock 5 
8 2 tiles/sets/rock 5 
14 37 tiles/sets/rock 5 
9 2 tiles/sets/rock 5 
11 37 tiles/sets/rock 5 
10 2 tiles/sets/rock 5 
12 37 tiles/sets/rock 5 
11 2 tiles/sets/rock 5 
9 37 tiles/sets/rock 5 
12 2 tiles/sets/rock 5 
10 37 tiles/sets/rock 5 
13 2 tiles/sets/rock 5 
7 37 tiles/sets/rock 5 
14 2 tiles/sets/rock 5 
8 37 tiles/sets/rock 5 
15 2 tiles/sets/rock 5 
28 37 tiles/sets/rock 5 
16 2 tiles/sets/rock 5 
27 37 tiles/sets/rock 5 
17 2 tiles/sets/rock 5 
30 37 tiles/sets/rock 5 
18 2 tiles/sets/rock 5 
29 37 tiles/sets/rock 5 
19 2 tiles/sets/rock 5 
24 37 tiles/sets/rock 5 
20 2 tiles/sets/rock 5 
23 37 tiles/sets/rock 5 
21 2 tiles/sets/rock 5 
26 37 tiles/sets/rock 5 
22 2 tiles/sets/rock 5 
25 37 tiles/sets/rock 5 
23 2 tiles/sets/rock 5 
20 37 tiles/sets/rock 5 
24 2 tiles/sets/rock 5 
19 37 tiles/sets/rock 5 
25 2 tiles/sets/rock 5 
22 37 tiles/sets/rock 5 
26 2 tiles/sets/rock 5 
21 37 tiles/sets/rock 5 
27 2 tiles/sets/rock 5 
16 37 tiles/sets/rock 5 
28 2 tiles/sets/rock 5 
15 37 tiles/sets/rock 5 
29 2 tiles/sets/rock 5 
18 37 tiles/sets/rock 5 
30 2 tiles/sets/rock 5 
17 37 tiles/sets/rock 5 
31 2 tiles/sets/rock 5 
32 2 tiles/sets/rock 5 
33 2 tiles/sets/rock 5 
34 2 tiles/sets/rock 5 
35 2 tiles/sets/rock 5 
36 2 tiles/sets/rock 5 
37 2 tiles/sets/rock 5 
33 37 tiles/sets/rock 5 
34 37 tiles/sets/rock 5 
31 37 tiles/sets/rock 5 
32 37 tiles/sets/rock 5 
37 37 tiles/sets/rock 5 
35 37 tiles/sets/rock 5 
36 37 tiles/sets/rock 5 
31 3 tiles/sets/rock 5 
32 3 tiles/sets/rock 5 
33 3 tiles/sets/rock 5 
34 3 tiles/sets/rock 5 
35 3 tiles/sets/rock 5 
36 3 tiles/sets/rock 5 
37 3 tiles/sets/rock 5 
23 3 tiles/sets/rock 5 
24 3 tiles/sets/rock 5 
25 3 tiles/sets/rock 5 
26 3 tiles/sets/rock 5 
27 3 tiles/sets/rock 5 
28 3 tiles/sets/rock 5 
29 3 tiles/sets/rock 5 
30 3 tiles/sets/rock 5 
15 3 tiles/sets/rock 5 
16 3 tiles/sets/rock 5 
17 3 tiles/sets/rock 5 
18 3 tiles/sets/rock 5 
19 3 tiles/sets/rock 5 
20 3 tiles/sets/rock 5 
21 3 tiles/sets/rock 5 
22 3 tiles/sets/rock 5 
11 3 tiles/sets/rock 5 
12 3 tiles/sets/rock 5 
13 3 tiles/sets/rock 5 
14 3 tiles/sets/rock 5 
7 3 tiles/sets/rock 5 
8 3 tiles/sets/rock 5 
9 3 tiles/sets/rock 5 
10 3 tiles/sets/rock 5 
5 3 tiles/sets/rock 5 
6 3 tiles/sets/rock 5 
3 3 tiles/sets/rock 5 
4 3 tiles/sets/rock 5 
2 3 tiles/sets/rock 5 
1 3 tiles/sets/rock 5 
31 4 tiles/sets/rock 5 
32 4 tiles/sets/rock 5 
33 4 tiles/sets/rock 5 
34 4 tiles/sets/rock 5 
35 4 tiles/sets/rock 5 
36 4 tiles/sets/rock 5 
37 4 tiles/sets/rock 5 
15 4 tiles/sets/rock 5 
16 4 tiles/sets/rock 5 
17 4 tiles/sets/rock 5 
18 4 tiles/sets/rock 5 
19 4 tiles/sets/rock 5 
20 4 tiles/sets/rock 5 
21 4 tiles/sets/rock 5 
22 4 tiles/sets/rock 5 
23 4 tiles/sets/rock 5 
24 4 tiles/sets/rock 5 
25 4 tiles/sets/rock 5 
26 4 tiles/sets/rock 5 
27 4 tiles/sets/rock 5 
28 4 tiles/sets/rock 5 
29 4 tiles/sets/rock 5 
30 4 tiles/sets/rock 5 
7 4 tiles/sets/rock 5 
8 4 tiles/sets/rock 5 
9 4 tiles/sets/rock 5 
10 4 tiles/sets/rock 5 
11 4 tiles/sets/rock 5 
12 4 tiles/sets/rock 5 
13 4 tiles/sets/rock 5 
14 4 tiles/sets/rock 5 
3 4 tiles/sets/rock 5 
4 4 tiles/sets/rock 5 
5 4 tiles/sets/rock 5 
6 4 tiles/sets/rock 5 
1 4 tiles/sets/rock 5 
2 4 tiles/sets/rock 5 
31 5 tiles/sets/rock 5 
32 5 tiles/sets/rock 5 
33 5 tiles/sets/rock 5 
34 5 tiles/sets/rock 5 
35 5 tiles/sets/rock 5 
36 5 tiles/sets/rock 5 
37 5 tiles/sets/rock 5 
13 5 tiles/sets/rock 5 
14 5 tiles/sets/rock 5 
11 5 tiles/sets/rock 5 
12 5 tiles/sets/rock 5 
9 5 tiles/sets/rock 5 
10 5 tiles/sets/rock 5 
7 5 tiles/sets/rock 5 
8 5 tiles/sets/rock 5 
27 5 tiles/sets/rock 5 
28 5 tiles/sets/rock 5 
29 5 tiles/sets/rock 5 
30 5 tiles/sets/rock 5 
23 5 tiles/sets/rock 5 
24 5 tiles/sets/rock 5 
25 5 tiles/sets/rock 5 
26 5 tiles/sets/rock 5 
19 5 tiles/sets/rock 5 
20 5 tiles/sets/rock 5 
21 5 tiles/sets/rock 5 
22 5 tiles/sets/rock 5 
15 5 tiles/sets/rock 5 
16 5 tiles/sets/rock 5 
17 5 tiles/sets/rock 5 
18 5 tiles/sets/rock 5 
2 5 tiles/sets/rock 5 
1 5 tiles/sets/rock 5 
6 5 tiles/sets/rock 5 
5 5 tiles/sets/rock 5 
4 5 tiles/sets/rock 5 
3 5 tiles/sets/rock 5 
31 6 tiles/sets/rock 5 
32 6 tiles/sets/rock 5 
33 6 tiles/sets/rock 5 
34 6 tiles/sets/rock 5 
35 6 tiles/sets/rock 5 
36 6 tiles/sets/rock 5 
37 6 tiles/sets/rock 5 
11 6 tiles/sets/rock 5 
12 6 tiles/sets/rock 5 
13 6 tiles/sets/rock 5 
14 6 tiles/sets/rock 5 
7 6 tiles/sets/rock 5 
8 6 tiles/sets/rock 5 
9 6 tiles/sets/rock 5 
10 6 tiles/sets/rock 5 
23 6 tiles/sets/rock 5 
24 6 tiles/sets/rock 5 
25 6 tiles/sets/rock 5 
26 6 tiles/sets/rock 5 
27 6 tiles/sets/rock 5 
28 6 tiles/sets/rock 5 
29 6 tiles/sets/rock 5 
30 6 tiles/sets/rock 5 
15 6 tiles/sets/rock 5 
16 6 tiles/sets/rock 5 
17 6 tiles/sets/rock 5 
18 6 tiles/sets/rock 5 
19 6 tiles/sets/rock 5 
20 6 tiles/sets/rock 5 
21 6 tiles/sets/rock 5 
22 6 tiles/sets/rock 5 
2 6 tiles/sets/rock 5 
1 6 tiles/sets/rock 5 
5 6 tiles/sets/rock 5 
6 6 tiles/sets/rock 5 
3 6 tiles/sets/rock 5 
4 6 tiles/sets/rock 5 
31 7 tiles/sets/rock 5 
32 7 tiles/sets/rock 5 
33 7 tiles/sets/rock 5 
34 7 tiles/sets/rock 5 
35 7 tiles/sets/rock 5 
36 7 tiles/sets/rock 5 
37 7 tiles/sets/rock 5 
9 7 tiles/sets/rock 5 
10 7 tiles/sets/rock 5 
7 7 tiles/sets/rock 5 
8 7 tiles/sets/rock 5 
13 7 tiles/sets/rock 5 
14 7 tiles/sets/rock 5 
11 7 tiles/sets/rock 5 
12 7 tiles/sets/rock 5 
19 7 tiles/sets/rock 5 
20 7 tiles/sets/rock 5 
21 7 tiles/sets/rock 5 
22 7 tiles/sets/rock 5 
15 7 tiles/sets/rock 5 
16 7 tiles/sets/rock 5 
17 7 tiles/sets/rock 5 
18 7 tiles/sets/rock 5 
27 7 tiles/sets/rock 5 
28 7 tiles/sets/rock 5 
29 7 tiles/sets/rock 5 
30 7 tiles/sets/rock 5 
23 7 tiles/sets/rock 5 
24 7 tiles/sets/rock 5 
25 7 tiles/sets/rock 5 
26 7 tiles/sets/rock 5 
1 7 tiles/sets/rock 5 
2 7 tiles/sets/rock 5 
4 7 tiles/sets/rock 5 
3 7 tiles/sets/rock 5 
6 7 tiles/sets/rock 5 
5 7 tiles/sets/rock 5 
31 8 tiles/sets/rock 5 
32 8 tiles/sets/rock 5 
33 8 tiles/sets/rock 5 
34 8 tiles/sets/rock 5 
35 8 tiles/sets/rock 5 
36 8 tiles/sets/rock 5 
37 8 tiles/sets/rock 5 
7 8 tiles/sets/rock 5 
8 8 tiles/sets/rock 5 
9 8 tiles/sets/rock 5 
10 8 tiles/sets/rock 5 
11 8 tiles/sets/rock 5 
12 8 tiles/sets/rock 5 
13 8 tiles/sets/rock 5 
14 8 tiles/sets/rock 5 
15 8 tiles/sets/rock 5 
16 8 tiles/sets/rock 5 
17 8 tiles/sets/rock 5 
18 8 tiles/sets/rock 5 
19 8 tiles/sets/rock 5 
20 8 tiles/sets/rock 5 
21 8 tiles/sets/rock 5 
22 8 tiles/sets/rock 5 
23 8 tiles/sets/rock 5 
24 8 tiles/sets/rock 5 
25 8 tiles/sets/rock 5 
26 8 tiles/sets/rock 5 
27 8 tiles/sets/rock 5 
28 8 tiles/sets/rock 5 
29 8 tiles/sets/rock 5 
30 8 tiles/sets/rock 5 
1 8 tiles/sets/rock 5 
2 8 tiles/sets/rock 5 
3 8 tiles/sets/rock 5 
4 8 tiles/sets/rock 5 
5 8 tiles/sets/rock 5 
6 8 tiles/sets/rock 5 
6 9 tiles/sets/rock 5 
5 9 tiles/sets/rock 5 
4 9 tiles/sets/rock 5 
3 9 tiles/sets/rock 5 
2 9 tiles/sets/rock 5 
31 10 tiles/sets/rock 5 
32 10 tiles/sets/rock 5 
33 10 tiles/sets/rock 5 
34 10 tiles/sets/rock 5 
35 10 tiles/sets/rock 5 
36 10 tiles/sets/rock 5 
1 9 tiles/sets/rock 5 
37 10 tiles/sets/rock 5 
29 9 tiles/sets/rock 5 
30 9 tiles/sets/rock 5 
27 9 tiles/sets/rock 5 
28 9 tiles/sets/rock 5 
25 9 tiles/sets/rock 5 
26 9 tiles/sets/rock 5 
23 9 tiles/sets/rock 5 
24 9 tiles/sets/rock 5 
21 9 tiles/sets/rock 5 
22 9 tiles/sets/rock 5 
19 9 tiles/sets/rock 5 
20 9 tiles/sets/rock 5 
17 9 tiles/sets/rock 5 
18 9 tiles/sets/rock 5 
15 9 tiles/sets/rock 5 
16 9 tiles/sets/rock 5 
14 9 tiles/sets/rock 5 
13 9 tiles/sets/rock 5 
12 9 tiles/sets/rock 5 
11 9 tiles/sets/rock 5 
10 9 tiles/sets/rock 5 
9 9 tiles/sets/rock 5 
8 9 tiles/sets/rock 5 
7 9 tiles/sets/rock 5 
6 10 tiles/sets/rock 5 
5 10 tiles/sets/rock 5 
4 10 tiles/sets/rock 5 
3 10 tiles/sets/rock 5 
2 10 tiles/sets/rock 5 
35 9 tiles/sets/rock 5 
36 9 tiles/sets/rock 5 
1 10 tiles/sets/rock 5 
37 9 tiles/sets/rock 5 
31 9 tiles/sets/rock 5 
32 9 tiles/sets/rock 5 
33 9 tiles/sets/rock 5 
34 9 tiles/sets/rock 5 
27 10 tiles/sets/rock 5 
28 10 tiles/sets/rock 5 
29 10 tiles/sets/rock 5 
30 10 tiles/sets/rock 5 
23 10 tiles/sets/rock 5 
24 10 tiles/sets/rock 5 
25 10 tiles/sets/rock 5 
26 10 tiles/sets/rock 5 
19 10 tiles/sets/rock 5 
20 10 tiles/sets/rock 5 
21 10 tiles/sets/rock 5 
22 10 tiles/sets/rock 5 
15 10 tiles/sets/rock 5 
16 10 tiles/sets/rock 5 
17 10 tiles/sets/rock 5 
18 10 tiles/sets/rock 5 
13 10 tiles/sets/rock 5 
14 10 tiles/sets/rock 5 
11 10 tiles/sets/rock 5 
12 10 tiles/sets/rock 5 
9 10 tiles/sets/rock 5 
10 10 tiles/sets/rock 5 
7 10 tiles/sets/rock 5 
8 10 tiles/sets/rock 5 
5 11 tiles/sets/rock 5 
6 11 tiles/sets/rock 5 
3 11 tiles/sets/rock 5 
4 11 tiles/sets/rock 5 
2 11 tiles/sets/rock 5 
31 12 tiles/sets/rock 5 
32 12 tiles/sets/rock 5 
33 12 tiles/sets/rock 5 
34 12 tiles/sets/rock 5 
35 12 tiles/sets/rock 5 
36 12 tiles/sets/rock 5 
1 11 tiles/sets/rock 5 
37 12 tiles/sets/rock 5 
25 11 tiles/sets/rock 5 
26 11 tiles/sets/rock 5 
23 11 tiles/sets/rock 5 
24 11 tiles/sets/rock 5 
29 11 tiles/sets/rock 5 
30 11 tiles/sets/rock 5 
27 11 tiles/sets/rock 5 
28 11 tiles/sets/rock 5 
17 11 tiles/sets/rock 5 
18 11 tiles/sets/rock 5 
15 11 tiles/sets/rock 5 
16 11 tiles/sets/rock 5 
21 11 tiles/sets/rock 5 
22 11 tiles/sets/rock 5 
19 11 tiles/sets/rock 5 
20 11 tiles/sets/rock 5 
12 11 tiles/sets/rock 5 
11 11 tiles/sets/rock 5 
14 11 tiles/sets/rock 5 
13 11 tiles/sets/rock 5 
8 11 tiles/sets/rock 5 
7 11 tiles/sets/rock 5 
10 11 tiles/sets/rock 5 
9 11 tiles/sets/rock 5 
5 12 tiles/sets/rock 5 
6 12 tiles/sets/rock 5 
3 12 tiles/sets/rock 5 
4 12 tiles/sets/rock 5 
2 12 tiles/sets/rock 5 
35 11 tiles/sets/rock 5 
36 11 tiles/sets/rock 5 
1 12 tiles/sets/rock 5 
37 11 tiles/sets/rock 5 
31 11 tiles/sets/rock 5 
32 11 tiles/sets/rock 5 
33 11 tiles/sets/rock 5 
34 11 tiles/sets/rock 5 
23 12 tiles/sets/rock 5 
24 12 tiles/sets/rock 5 
25 12 tiles/sets/rock 5 
26 12 tiles/sets/rock 5 
27 12 tiles/sets/rock 5 
28 12 tiles/sets/rock 5 
29 12 tiles/sets/rock 5 
30 12 tiles/sets/rock 5 
15 12 tiles/sets/rock 5 
16 12 tiles/sets/rock 5 
17 12 tiles/sets/rock 5 
18 12 tiles/sets/rock 5 
19 12 tiles/sets/rock 5 
20 12 tiles/sets/rock 5 
21 12 tiles/sets/rock 5 
22 12 tiles/sets/rock 5 
11 12 tiles/sets/rock 5 
12 12 tiles/sets/rock 5 
13 12 tiles/sets/rock 5 
14 12 tiles/sets/rock 5 
7 12 tiles/sets/rock 5 
8 12 tiles/sets/rock 5 
9 12 tiles/sets/rock 5 
10 12 tiles/sets/rock 5 
4 13 tiles/sets/rock 5 
3 13 tiles/sets/rock 5 
6 13 tiles/sets/rock 5 
5 13 tiles/sets/rock 5 
31 14 tiles/sets/rock 5 
32 14 tiles/sets/rock 5 
33 14 tiles/sets/rock 5 
34 14 tiles/sets/rock 5 
35 14 tiles/sets/rock 5 
36 14 tiles/sets/rock 5 
1 13 tiles/sets/rock 5 
37 14 tiles/sets/rock 5 
2 13 tiles/sets/rock 5 
21 13 tiles/sets/rock 5 
22 13 tiles/sets/rock 5 
19 13 tiles/sets/rock 5 
20 13 tiles/sets/rock 5 
17 13 tiles/sets/rock 5 
18 13 tiles/sets/rock 5 
15 13 tiles/sets/rock 5 
16 13 tiles/sets/rock 5 
29 13 tiles/sets/rock 5 
30 13 tiles/sets/rock 5 
27 13 tiles/sets/rock 5 
28 13 tiles/sets/rock 5 
25 13 tiles/sets/rock 5 
26 13 tiles/sets/rock 5 
23 13 tiles/sets/rock 5 
24 13 tiles/sets/rock 5 
10 13 tiles/sets/rock 5 
9 13 tiles/sets/rock 5 
8 13 tiles/sets/rock 5 
7 13 tiles/sets/rock 5 
14 13 tiles/sets/rock 5 
13 13 tiles/sets/rock 5 
12 13 tiles/sets/rock 5 
11 13 tiles/sets/rock 5 
4 14 tiles/sets/rock 5 
3 14 tiles/sets/rock 5 
6 14 tiles/sets/rock 5 
5 14 tiles/sets/rock 5 
35 13 tiles/sets/rock 5 
36 13 tiles/sets/rock 5 
1 14 tiles/sets/rock 5 
37 13 tiles/sets/rock 5 
31 13 tiles/sets/rock 5 
32 13 tiles/sets/rock 5 
33 13 tiles/sets/rock 5 
34 13 tiles/sets/rock 5 
2 14 tiles/sets/rock 5 
19 14 tiles/sets/rock 5 
20 14 tiles/sets/rock 5 
21 14 tiles/sets/rock 5 
22 14 tiles/sets/rock 5 
15 14 tiles/sets/rock 5 
16 14 tiles/sets/rock 5 
17 14 tiles/sets/rock 5 
18 14 tiles/sets/rock 5 
27 14 tiles/sets/rock 5 
28 14 tiles/sets/rock 5 
29 14 tiles/sets/rock 5 
30 14 tiles/sets/rock 5 
23 14 tiles/sets/rock 5 
24 14 tiles/sets/rock 5 
25 14 tiles/sets/rock 5 
26 14 tiles/sets/rock 5 
9 14 tiles/sets/rock 5 
10 14 tiles/sets/rock 5 
7 14 tiles/sets/rock 5 
8 14 tiles/sets/rock 5 
13 14 tiles/sets/rock 5 
14 14 tiles/sets/rock 5 
11 14 tiles/sets/rock 5 
12 14 tiles/sets/rock 5 
3 15 tiles/sets/rock 5 
4 15 tiles/sets/rock 5 
5 15 tiles/sets/rock 5 
6 15 tiles/sets/rock 5 
31 16 tiles/sets/rock 5 
32 16 tiles/sets/rock 5 
33 16 tiles/sets/rock 5 
34 16 tiles/sets/rock 5 
35 16 tiles/sets/rock 5 
36 16 tiles/sets/rock 5 
1 15 tiles/sets/rock 5 
37 16 tiles/sets/rock 5 
2 15 tiles/sets/rock 5 
17 15 tiles/sets/rock 5 
18 15 tiles/sets/rock 5 
15 15 tiles/sets/rock 5 
16 15 tiles/sets/rock 5 
21 15 tiles/sets/rock 5 
22 15 tiles/sets/rock 5 
19 15 tiles/sets/rock 5 
20 15 tiles/sets/rock 5 
25 15 tiles/sets/rock 5 
26 15 tiles/sets/rock 5 
23 15 tiles/sets/rock 5 
24 15 tiles/sets/rock 5 
29 15 tiles/sets/rock 5 
37 17 tiles/sets/rock 5 
30 15 tiles/sets/rock 5 
35 17 tiles/sets/rock 5 
36 17 tiles/sets/rock 5 
27 15 tiles/sets/rock 5 
33 17 tiles/sets/rock 5 
34 17 tiles/sets/rock 5 
28 15 tiles/sets/rock 5 
31 17 tiles/sets/rock 5 
32 17 tiles/sets/rock 5 
8 15 tiles/sets/rock 5 
7 15 tiles/sets/rock 5 
10 15 tiles/sets/rock 5 
9 15 tiles/sets/rock 5 
12 15 tiles/sets/rock 5 
11 15 tiles/sets/rock 5 
14 15 tiles/sets/rock 5 
13 15 tiles/sets/rock 5 
3 16 tiles/sets/rock 5 
14 17 tiles/sets/rock 5 
13 17 tiles/sets/rock 5 
4 16 tiles/sets/rock 5 
12 17 tiles/sets/rock 5 
11 17 tiles/sets/rock 5 
5 16 tiles/sets/rock 5 
10 17 tiles/sets/rock 5 
9 17 tiles/sets/rock 5 
6 16 tiles/sets/rock 5 
8 17 tiles/sets/rock 5 
7 17 tiles/sets/rock 5 
30 17 tiles/sets/rock 5 
35 15 tiles/sets/rock 5 
36 15 tiles/sets/rock 5 
1 16 tiles/sets/rock 5 
29 17 tiles/sets/rock 5 
37 15 tiles/sets/rock 5 
31 15 tiles/sets/rock 5 
32 15 tiles/sets/rock 5 
28 17 tiles/sets/rock 5 
33 15 tiles/sets/rock 5 
34 15 tiles/sets/rock 5 
27 17 tiles/sets/rock 5 
26 17 tiles/sets/rock 5 
25 17 tiles/sets/rock 5 
24 17 tiles/sets/rock 5 
23 17 tiles/sets/rock 5 
22 17 tiles/sets/rock 5 
2 16 tiles/sets/rock 5 
21 17 tiles/sets/rock 5 
20 17 tiles/sets/rock 5 
19 17 tiles/sets/rock 5 
18 17 tiles/sets/rock 5 
17 17 tiles/sets/rock 5 
16 17 tiles/sets/rock 5 
15 17 tiles/sets/rock 5 
15 16 tiles/sets/rock 5 
16 16 tiles/sets/rock 5 
17 16 tiles/sets/rock 5 
18 16 tiles/sets/rock 5 
19 16 tiles/sets/rock 5 
20 16 tiles/sets/rock 5 
21 16 tiles/sets/rock 5 
22 16 tiles/sets/rock 5 
2 17 tiles/sets/rock 5 
23 16 tiles/sets/rock 5 
24 16 tiles/sets/rock 5 
25 16 tiles/sets/rock 5 
26 16 tiles/sets/rock 5 
27 16 tiles/sets/rock 5 
28 16 tiles/sets/rock 5 
29 16 tiles/sets/rock 5 
30 16 tiles/sets/rock 5 
1 17 tiles/sets/rock 5 
7 16 tiles/sets/rock 5 
8 16 tiles/sets/rock 5 
6 17 tiles/sets/rock 5 
9 16 tiles/sets/rock 5 
10 16 tiles/sets/rock 5 
5 17 tiles/sets/rock 5 
11 16 tiles/sets/rock 5 
12 16 tiles/sets/rock 5 
4 17 tiles/sets/rock 5 
13 16 tiles/sets/rock 5 
14 16 tiles/sets/rock 5 
3 17 tiles/sets/rock 5 
3 1 tiles/sets/rock 5 
13 19 tiles/sets/rock 5 
14 19 tiles/sets/rock 5 
4 1 tiles/sets/rock 5 
11 19 tiles/sets/rock 5 
2 18 tiles/sets/rock 5 
12 19 tiles/sets/rock 5 
5 1 tiles/sets/rock 5 
9 19 tiles/sets/rock 5 
10 19 tiles/sets/rock 5 
31 20 tiles/sets/rock 5 
32 20 tiles/sets/rock 5 
6 1 tiles/sets/rock 5 
33 20 tiles/sets/rock 5 
34 20 tiles/sets/rock 5 
7 19 tiles/sets/rock 5 
35 20 tiles/sets/rock 5 
36 20 tiles/sets/rock 5 
1 18 tiles/sets/rock 5 
37 20 tiles/sets/rock 5 
8 19 tiles/sets/rock 5 
28 19 tiles/sets/rock 5 
1 1 tiles/sets/rock 5 
27 19 tiles/sets/rock 5 
30 19 tiles/sets/rock 5 
6 18 tiles/sets/rock 5 
29 19 tiles/sets/rock 5 
24 19 tiles/sets/rock 5 
23 19 tiles/sets/rock 5 
26 19 tiles/sets/rock 5 
5 18 tiles/sets/rock 5 
25 19 tiles/sets/rock 5 
20 19 tiles/sets/rock 5 
2 1 tiles/sets/rock 5 
19 19 tiles/sets/rock 5 
22 19 tiles/sets/rock 5 
4 18 tiles/sets/rock 5 
21 19 tiles/sets/rock 5 
16 19 tiles/sets/rock 5 
15 19 tiles/sets/rock 5 
18 19 tiles/sets/rock 5 
3 18 tiles/sets/rock 5 
17 19 tiles/sets/rock 5 
15 1 tiles/sets/rock 5 
14 18 tiles/sets/rock 5 
16 1 tiles/sets/rock 5 
17 1 tiles/sets/rock 5 
13 18 tiles/sets/rock 5 
18 1 tiles/sets/rock 5 
19 1 tiles/sets/rock 5 
12 18 tiles/sets/rock 5 
20 1 tiles/sets/rock 5 
2 19 tiles/sets/rock 5 
21 1 tiles/sets/rock 5 
11 18 tiles/sets/rock 5 
22 1 tiles/sets/rock 5 
23 1 tiles/sets/rock 5 
37 21 tiles/sets/rock 5 
10 18 tiles/sets/rock 5 
24 1 tiles/sets/rock 5 
35 21 tiles/sets/rock 5 
36 21 tiles/sets/rock 5 
25 1 tiles/sets/rock 5 
33 21 tiles/sets/rock 5 
34 21 tiles/sets/rock 5 
9 18 tiles/sets/rock 5 
26 1 tiles/sets/rock 5 
31 21 tiles/sets/rock 5 
32 21 tiles/sets/rock 5 
27 1 tiles/sets/rock 5 
8 18 tiles/sets/rock 5 
28 1 tiles/sets/rock 5 
1 19 tiles/sets/rock 5 
29 1 tiles/sets/rock 5 
7 18 tiles/sets/rock 5 
30 1 tiles/sets/rock 5 
29 18 tiles/sets/rock 5 
7 1 tiles/sets/rock 5 
30 18 tiles/sets/rock 5 
6 19 tiles/sets/rock 5 
27 18 tiles/sets/rock 5 
8 1 tiles/sets/rock 5 
28 18 tiles/sets/rock 5 
25 18 tiles/sets/rock 5 
9 1 tiles/sets/rock 5 
26 18 tiles/sets/rock 5 
5 19 tiles/sets/rock 5 
23 18 tiles/sets/rock 5 
10 1 tiles/sets/rock 5 
24 18 tiles/sets/rock 5 
21 18 tiles/sets/rock 5 
11 1 tiles/sets/rock 5 
22 18 tiles/sets/rock 5 
4 19 tiles/sets/rock 5 
19 18 tiles/sets/rock 5 
12 1 tiles/sets/rock 5 
20 18 tiles/sets/rock 5 
13 1 tiles/sets/rock 5 
17 18 tiles/sets/rock 5 
18 18 tiles/sets/rock 5 
3 19 tiles/sets/rock 5 
14 1 tiles/sets/rock 5 
15 18 tiles/sets/rock 5 
16 18 tiles/sets/rock 5 
12 21 tiles/sets/rock 5 
11 21 tiles/sets/rock 5 
2 20 tiles/sets/rock 5 
14 21 tiles/sets/rock 5 
13 21 tiles/sets/rock 5 
8 21 tiles/sets/rock 5 
7 21 tiles/sets/rock 5 
35 18 tiles/sets/rock 5 
36 18 tiles/sets/rock 5 
1 20 tiles/sets/rock 5 
37 18 tiles/sets/rock 5 
10 21 tiles/sets/rock 5 
31 18 tiles/sets/rock 5 
32 18 tiles/sets/rock 5 
33 18 tiles/sets/rock 5 
34 18 tiles/sets/rock 5 
9 21 tiles/sets/rock 5 
31 1 tiles/sets/rock 5 
32 1 tiles/sets/rock 5 
26 21 tiles/sets/rock 5 
6 20 tiles/sets/rock 5 
33 1 tiles/sets/rock 5 
34 1 tiles/sets/rock 5 
25 21 tiles/sets/rock 5 
35 1 tiles/sets/rock 5 
36 1 tiles/sets/rock 5 
24 21 tiles/sets/rock 5 
37 1 tiles/sets/rock 5 
23 21 tiles/sets/rock 5 
30 21 tiles/sets/rock 5 
5 20 tiles/sets/rock 5 
29 21 tiles/sets/rock 5 
28 21 tiles/sets/rock 5 
27 21 tiles/sets/rock 5 
18 21 tiles/sets/rock 5 
4 20 tiles/sets/rock 5 
17 21 tiles/sets/rock 5 
16 21 tiles/sets/rock 5 
15 21 tiles/sets/rock 5 
22 21 tiles/sets/rock 5 
3 20 tiles/sets/rock 5 
21 21 tiles/sets/rock 5 
20 21 tiles/sets/rock 5 
19 21 tiles/sets/rock 5 
13 20 tiles/sets/rock 5 
14 20 tiles/sets/rock 5 
2 21 tiles/sets/rock 5 
11 20 tiles/sets/rock 5 
12 20 tiles/sets/rock 5 
9 20 tiles/sets/rock 5 
10 20 tiles/sets/rock 5 
1 21 tiles/sets/rock 5 
33 19 tiles/sets/rock 5 
34 19 tiles/sets/rock 5 
7 20 tiles/sets/rock 5 
31 19 tiles/sets/rock 5 
32 19 tiles/sets/rock 5 
37 19 tiles/sets/rock 5 
8 20 tiles/sets/rock 5 
35 19 tiles/sets/rock 5 
36 19 tiles/sets/rock 5 
27 20 tiles/sets/rock 5 
28 20 tiles/sets/rock 5 
29 20 tiles/sets/rock 5 
30 20 tiles/sets/rock 5 
5 21 tiles/sets/rock 5 
23 20 tiles/sets/rock 5 
24 20 tiles/sets/rock 5 
25 20 tiles/sets/rock 5 
26 20 tiles/sets/rock 5 
6 21 tiles/sets/rock 5 
19 20 tiles/sets/rock 5 
20 20 tiles/sets/rock 5 
21 20 tiles/sets/rock 5 
22 20 tiles/sets/rock 5 
3 21 tiles/sets/rock 5 
15 20 tiles/sets/rock 5 
16 20 tiles/sets/rock 5 
17 20 tiles/sets/rock 5 
18 20 tiles/sets/rock 5 
4 21 tiles/sets/rock 5 
11 23 tiles/sets/rock 5 
2 22 tiles/sets/rock 5 
12 23 tiles/sets/rock 5 
13 23 tiles/sets/rock 5 
14 23 tiles/sets/rock 5 
31 24 tiles/sets/rock 5 
32 24 tiles/sets/rock 5 
33 24 tiles/sets/rock 5 
34 24 tiles/sets/rock 5 
7 23 tiles/sets/rock 5 
35 24 tiles/sets/rock 5 
36 24 tiles/sets/rock 5 
1 22 tiles/sets/rock 5 
37 24 tiles/sets/rock 5 
8 23 tiles/sets/rock 5 
9 23 tiles/sets/rock 5 
10 23 tiles/sets/rock 5 
24 23 tiles/sets/rock 5 
23 23 tiles/sets/rock 5 
26 23 tiles/sets/rock 5 
5 22 tiles/sets/rock 5 
25 23 tiles/sets/rock 5 
28 23 tiles/sets/rock 5 
27 23 tiles/sets/rock 5 
30 23 tiles/sets/rock 5 
6 22 tiles/sets/rock 5 
29 23 tiles/sets/rock 5 
16 23 tiles/sets/rock 5 
15 23 tiles/sets/rock 5 
18 23 tiles/sets/rock 5 
3 22 tiles/sets/rock 5 
17 23 tiles/sets/rock 5 
20 23 tiles/sets/rock 5 
19 23 tiles/sets/rock 5 
22 23 tiles/sets/rock 5 
4 22 tiles/sets/rock 5 
21 23 tiles/sets/rock 5 
12 22 tiles/sets/rock 5 
2 23 tiles/sets/rock 5 
11 22 tiles/sets/rock 5 
37 25 tiles/sets/rock 5 
14 22 tiles/sets/rock 5 
35 25 tiles/sets/rock 5 
36 25 tiles/sets/rock 5 
33 25 tiles/sets/rock 5 
34 25 tiles/sets/rock 5 
13 22 tiles/sets/rock 5 
31 25 tiles/sets/rock 5 
32 25 tiles/sets/rock 5 
8 22 tiles/sets/rock 5 
1 23 tiles/sets/rock 5 
7 22 tiles/sets/rock 5 
10 22 tiles/sets/rock 5 
9 22 tiles/sets/rock 5 
25 22 tiles/sets/rock 5 
26 22 tiles/sets/rock 5 
5 23 tiles/sets/rock 5 
23 22 tiles/sets/rock 5 
24 22 tiles/sets/rock 5 
29 22 tiles/sets/rock 5 
30 22 tiles/sets/rock 5 
6 23 tiles/sets/rock 5 
27 22 tiles/sets/rock 5 
28 22 tiles/sets/rock 5 
17 22 tiles/sets/rock 5 
18 22 tiles/sets/rock 5 
3 23 tiles/sets/rock 5 
15 22 tiles/sets/rock 5 
16 22 tiles/sets/rock 5 
21 22 tiles/sets/rock 5 
22 22 tiles/sets/rock 5 
4 23 tiles/sets/rock 5 
19 22 tiles/sets/rock 5 
20 22 tiles/sets/rock 5 
2 24 tiles/sets/rock 5 
10 25 tiles/sets/rock 5 
9 25 tiles/sets/rock 5 
8 25 tiles/sets/rock 5 
7 25 tiles/sets/rock 5 
35 22 tiles/sets/rock 5 
36 22 tiles/sets/rock 5 
1 24 tiles/sets/rock 5 
37 22 tiles/sets/rock 5 
14 25 tiles/sets/rock 5 
31 22 tiles/sets/rock 5 
32 22 tiles/sets/rock 5 
33 22 tiles/sets/rock 5 
34 22 tiles/sets/rock 5 
13 25 tiles/sets/rock 5 
12 25 tiles/sets/rock 5 
11 25 tiles/sets/rock 5 
22 25 tiles/sets/rock 5 
5 24 tiles/sets/rock 5 
21 25 tiles/sets/rock 5 
20 25 tiles/sets/rock 5 
19 25 tiles/sets/rock 5 
18 25 tiles/sets/rock 5 
6 24 tiles/sets/rock 5 
17 25 tiles/sets/rock 5 
16 25 tiles/sets/rock 5 
15 25 tiles/sets/rock 5 
30 25 tiles/sets/rock 5 
3 24 tiles/sets/rock 5 
29 25 tiles/sets/rock 5 
28 25 tiles/sets/rock 5 
27 25 tiles/sets/rock 5 
26 25 tiles/sets/rock 5 
4 24 tiles/sets/rock 5 
25 25 tiles/sets/rock 5 
24 25 tiles/sets/rock 5 
23 25 tiles/sets/rock 5 
11 24 tiles/sets/rock 5 
12 24 tiles/sets/rock 5 
13 24 tiles/sets/rock 5 
14 24 tiles/sets/rock 5 
1 25 tiles/sets/rock 5 
33 23 tiles/sets/rock 5 
34 23 tiles/sets/rock 5 
7 24 tiles/sets/rock 5 
31 23 tiles/sets/rock 5 
32 23 tiles/sets/rock 5 
37 23 tiles/sets/rock 5 
8 24 tiles/sets/rock 5 
35 23 tiles/sets/rock 5 
36 23 tiles/sets/rock 5 
9 24 tiles/sets/rock 5 
10 24 tiles/sets/rock 5 
2 25 tiles/sets/rock 5 
23 24 tiles/sets/rock 5 
24 24 tiles/sets/rock 5 
25 24 tiles/sets/rock 5 
26 24 tiles/sets/rock 5 
4 25 tiles/sets/rock 5 
27 24 tiles/sets/rock 5 
28 24 tiles/sets/rock 5 
29 24 tiles/sets/rock 5 
30 24 tiles/sets/rock 5 
3 25 tiles/sets/rock 5 
15 24 tiles/sets/rock 5 
16 24 tiles/sets/rock 5 
17 24 tiles/sets/rock 5 
18 24 tiles/sets/rock 5 
6 25 tiles/sets/rock 5 
19 24 tiles/sets/rock 5 
20 24 tiles/sets/rock 5 
21 24 tiles/sets/rock 5 
22 24 tiles/sets/rock 5 
5 25 tiles/sets/rock 5 
9 27 tiles/sets/rock 5 
10 27 tiles/sets/rock 5 
31 28 tiles/sets/rock 5 
32 28 tiles/sets/rock 5 
33 28 tiles/sets/rock 5 
34 28 tiles/sets/rock 5 
7 27 tiles/sets/rock 5 
35 28 tiles/sets/rock 5 
36 28 tiles/sets/rock 5 
1 26 tiles/sets/rock 5 
37 28 tiles/sets/rock 5 
8 27 tiles/sets/rock 5 
13 27 tiles/sets/rock 5 
14 27 tiles/sets/rock 5 
11 27 tiles/sets/rock 5 
2 26 tiles/sets/rock 5 
12 27 tiles/sets/rock 5 
20 27 tiles/sets/rock 5 
19 27 tiles/sets/rock 5 
22 27 tiles/sets/rock 5 
4 26 tiles/sets/rock 5 
21 27 tiles/sets/rock 5 
16 27 tiles/sets/rock 5 
15 27 tiles/sets/rock 5 
18 27 tiles/sets/rock 5 
3 26 tiles/sets/rock 5 
17 27 tiles/sets/rock 5 
28 27 tiles/sets/rock 5 
27 27 tiles/sets/rock 5 
30 27 tiles/sets/rock 5 
6 26 tiles/sets/rock 5 
29 27 tiles/sets/rock 5 
24 27 tiles/sets/rock 5 
23 27 tiles/sets/rock 5 
26 27 tiles/sets/rock 5 
5 26 tiles/sets/rock 5 
25 27 tiles/sets/rock 5 
37 29 tiles/sets/rock 5 
10 26 tiles/sets/rock 5 
35 29 tiles/sets/rock 5 
36 29 tiles/sets/rock 5 
33 29 tiles/sets/rock 5 
34 29 tiles/sets/rock 5 
9 26 tiles/sets/rock 5 
31 29 tiles/sets/rock 5 
32 29 tiles/sets/rock 5 
8 26 tiles/sets/rock 5 
1 27 tiles/sets/rock 5 
7 26 tiles/sets/rock 5 
14 26 tiles/sets/rock 5 
13 26 tiles/sets/rock 5 
12 26 tiles/sets/rock 5 
2 27 tiles/sets/rock 5 
11 26 tiles/sets/rock 5 
21 26 tiles/sets/rock 5 
22 26 tiles/sets/rock 5 
4 27 tiles/sets/rock 5 
19 26 tiles/sets/rock 5 
20 26 tiles/sets/rock 5 
17 26 tiles/sets/rock 5 
18 26 tiles/sets/rock 5 
3 27 tiles/sets/rock 5 
15 26 tiles/sets/rock 5 
16 26 tiles/sets/rock 5 
29 26 tiles/sets/rock 5 
30 26 tiles/sets/rock 5 
6 27 tiles/sets/rock 5 
27 26 tiles/sets/rock 5 
28 26 tiles/sets/rock 5 
25 26 tiles/sets/rock 5 
26 26 tiles/sets/rock 5 
5 27 tiles/sets/rock 5 
23 26 tiles/sets/rock 5 
24 26 tiles/sets/rock 5 
8 29 tiles/sets/rock 5 
7 29 tiles/sets/rock 5 
35 26 tiles/sets/rock 5 
36 26 tiles/sets/rock 5 
1 28 tiles/sets/rock 5 
37 26 tiles/sets/rock 5 
10 29 tiles/sets/rock 5 
31 26 tiles/sets/rock 5 
32 26 tiles/sets/rock 5 
33 26 tiles/sets/rock 5 
34 26 tiles/sets/rock 5 
9 29 tiles/sets/rock 5 
12 29 tiles/sets/rock 5 
11 29 tiles/sets/rock 5 
2 28 tiles/sets/rock 5 
14 29 tiles/sets/rock 5 
13 29 tiles/sets/rock 5 
18 29 tiles/sets/rock 5 
4 28 tiles/sets/rock 5 
17 29 tiles/sets/rock 5 
16 29 tiles/sets/rock 5 
15 29 tiles/sets/rock 5 
22 29 tiles/sets/rock 5 
3 28 tiles/sets/rock 5 
21 29 tiles/sets/rock 5 
20 29 tiles/sets/rock 5 
19 29 tiles/sets/rock 5 
26 29 tiles/sets/rock 5 
6 28 tiles/sets/rock 5 
25 29 tiles/sets/rock 5 
24 29 tiles/sets/rock 5 
23 29 tiles/sets/rock 5 
30 29 tiles/sets/rock 5 
5 28 tiles/sets/rock 5 
29 29 tiles/sets/rock 5 
28 29 tiles/sets/rock 5 
27 29 tiles/sets/rock 5 
9 28 tiles/sets/rock 5 
10 28 tiles/sets/rock 5 
1 29 tiles/sets/rock 5 
33 27 tiles/sets/rock 5 
34 27 tiles/sets/rock 5 
7 28 tiles/sets/rock 5 
31 27 tiles/sets/rock 5 
32 27 tiles/sets/rock 5 
37 27 tiles/sets/rock 5 
8 28 tiles/sets/rock 5 
35 27 tiles/sets/rock 5 
36 27 tiles/sets/rock 5 
13 28 tiles/sets/rock 5 
14 28 tiles/sets/rock 5 
2 29 tiles/sets/rock 5 
11 28 tiles/sets/rock 5 
12 28 tiles/sets/rock 5 
19 28 tiles/sets/rock 5 
20 28 tiles/sets/rock 5 
21 28 tiles/sets/rock 5 
22 28 tiles/sets/rock 5 
3 29 tiles/sets/rock 5 
15 28 tiles/sets/rock 5 
16 28 tiles/sets/rock 5 
17 28 tiles/sets/rock 5 
18 28 tiles/sets/rock 5 
4 29 tiles/sets/rock 5 
27 28 tiles/sets/rock 5 
28 28 tiles/sets/rock 5 
29 28 tiles/sets/rock 5 
30 28 tiles/sets/rock 5 
5 29 tiles/sets/rock 5 
23 28 tiles/sets/rock 5 
24 28 tiles/sets/rock 5 
25 28 tiles/sets/rock 5 
26 28 tiles/sets/rock 5 
6 29 tiles/sets/rock 5 
31 32 tiles/sets/rock 5 
32 32 tiles/sets/rock 5 
33 32 tiles/sets/rock 5 
34 32 tiles/sets/rock 5 
7 31 tiles/sets/rock 5 
35 32 tiles/sets/rock 5 
36 32 tiles/sets/rock 5 
1 30 tiles/sets/rock 5 
37 32 tiles/sets/rock 5 
8 31 tiles/sets/rock 5 
9 31 tiles/sets/rock 5 
10 31 tiles/sets/rock 5 
11 31 tiles/sets/rock 5 
2 30 tiles/sets/rock 5 
12 31 tiles/sets/rock 5 
37 33 tiles/sets/rock 5 
35 33 tiles/sets/rock 5 
36 33 tiles/sets/rock 5 
13 31 tiles/sets/rock 5 
33 33 tiles/sets/rock 5 
34 33 tiles/sets/rock 5 
31 33 tiles/sets/rock 5 
32 33 tiles/sets/rock 5 
14 31 tiles/sets/rock 5 
16 31 tiles/sets/rock 5 
15 31 tiles/sets/rock 5 
18 31 tiles/sets/rock 5 
3 30 tiles/sets/rock 5 
17 31 tiles/sets/rock 5 
20 31 tiles/sets/rock 5 
19 31 tiles/sets/rock 5 
22 31 tiles/sets/rock 5 
4 30 tiles/sets/rock 5 
21 31 tiles/sets/rock 5 
24 31 tiles/sets/rock 5 
23 31 tiles/sets/rock 5 
26 31 tiles/sets/rock 5 
5 30 tiles/sets/rock 5 
25 31 tiles/sets/rock 5 
28 31 tiles/sets/rock 5 
37 34 tiles/sets/rock 5 
27 31 tiles/sets/rock 5 
35 34 tiles/sets/rock 5 
36 34 tiles/sets/rock 5 
30 31 tiles/sets/rock 5 
33 34 tiles/sets/rock 5 
34 34 tiles/sets/rock 5 
6 30 tiles/sets/rock 5 
29 31 tiles/sets/rock 5 
31 34 tiles/sets/rock 5 
32 34 tiles/sets/rock 5 
8 30 tiles/sets/rock 5 
1 31 tiles/sets/rock 5 
7 30 tiles/sets/rock 5 
10 30 tiles/sets/rock 5 
9 30 tiles/sets/rock 5 
12 30 tiles/sets/rock 5 
2 31 tiles/sets/rock 5 
11 30 tiles/sets/rock 5 
35 35 tiles/sets/rock 5 
36 35 tiles/sets/rock 5 
14 30 tiles/sets/rock 5 
37 35 tiles/sets/rock 5 
31 35 tiles/sets/rock 5 
32 35 tiles/sets/rock 5 
13 30 tiles/sets/rock 5 
33 35 tiles/sets/rock 5 
34 35 tiles/sets/rock 5 
17 30 tiles/sets/rock 5 
18 30 tiles/sets/rock 5 
3 31 tiles/sets/rock 5 
15 30 tiles/sets/rock 5 
16 30 tiles/sets/rock 5 
21 30 tiles/sets/rock 5 
22 30 tiles/sets/rock 5 
4 31 tiles/sets/rock 5 
19 30 tiles/sets/rock 5 
20 30 tiles/sets/rock 5 
25 30 tiles/sets/rock 5 
26 30 tiles/sets/rock 5 
5 31 tiles/sets/rock 5 
23 30 tiles/sets/rock 5 
24 30 tiles/sets/rock 5 
29 30 tiles/sets/rock 5 
35 36 tiles/sets/rock 5 
36 36 tiles/sets/rock 5 
30 30 tiles/sets/rock 5 
37 36 tiles/sets/rock 5 
6 31 tiles/sets/rock 5 
27 30 tiles/sets/rock 5 
31 36 tiles/sets/rock 5 
32 36 tiles/sets/rock 5 
28 30 tiles/sets/rock 5 
33 36 tiles/sets/rock 5 
34 36 tiles/sets/rock 5 
35 30 tiles/sets/rock 5 
36 30 tiles/sets/rock 5 
29 36 tiles/sets/rock 5 
14 35 tiles/sets/rock 5 
1 32 tiles/sets/rock 5 
30 36 tiles/sets/rock 5 
37 30 tiles/sets/rock 5 
31 30 tiles/sets/rock 5 
32 30 tiles/sets/rock 5 
27 36 tiles/sets/rock 5 
13 35 tiles/sets/rock 5 
33 30 tiles/sets/rock 5 
34 30 tiles/sets/rock 5 
28 36 tiles/sets/rock 5 
6 34 tiles/sets/rock 5 
25 36 tiles/sets/rock 5 
12 35 tiles/sets/rock 5 
26 36 tiles/sets/rock 5 
23 36 tiles/sets/rock 5 
11 35 tiles/sets/rock 5 
24 36 tiles/sets/rock 5 
5 34 tiles/sets/rock 5 
2 33 tiles/sets/rock 5 
21 36 tiles/sets/rock 5 
10 35 tiles/sets/rock 5 
2 32 tiles/sets/rock 5 
22 36 tiles/sets/rock 5 
19 36 tiles/sets/rock 5 
9 35 tiles/sets/rock 5 
20 36 tiles/sets/rock 5 
4 34 tiles/sets/rock 5 
17 36 tiles/sets/rock 5 
8 35 tiles/sets/rock 5 
18 36 tiles/sets/rock 5 
15 36 tiles/sets/rock 5 
7 35 tiles/sets/rock 5 
16 36 tiles/sets/rock 5 
3 34 tiles/sets/rock 5 
1 33 tiles/sets/rock 5 
29 35 tiles/sets/rock 5 
14 36 tiles/sets/rock 5 
3 32 tiles/sets/rock 5 
30 35 tiles/sets/rock 5 
27 35 tiles/sets/rock 5 
13 36 tiles/sets/rock 5 
28 35 tiles/sets/rock 5 
6 33 tiles/sets/rock 5 
25 35 tiles/sets/rock 5 
12 36 tiles/sets/rock 5 
4 32 tiles/sets/rock 5 
26 35 tiles/sets/rock 5 
23 35 tiles/sets/rock 5 
11 36 tiles/sets/rock 5 
24 35 tiles/sets/rock 5 
5 33 tiles/sets/rock 5 
2 34 tiles/sets/rock 5 
21 35 tiles/sets/rock 5 
10 36 tiles/sets/rock 5 
5 32 tiles/sets/rock 5 
22 35 tiles/sets/rock 5 
19 35 tiles/sets/rock 5 
9 36 tiles/sets/rock 5 
20 35 tiles/sets/rock 5 
4 33 tiles/sets/rock 5 
17 35 tiles/sets/rock 5 
6 32 tiles/sets/rock 5 
8 36 tiles/sets/rock 5 
18 35 tiles/sets/rock 5 
15 35 tiles/sets/rock 5 
7 36 tiles/sets/rock 5 
16 35 tiles/sets/rock 5 
3 33 tiles/sets/rock 5 
1 34 tiles/sets/rock 5 
33 31 tiles/sets/rock 5 
30 34 tiles/sets/rock 5 
34 31 tiles/sets/rock 5 
7 32 tiles/sets/rock 5 
31 31 tiles/sets/rock 5 
32 31 tiles/sets/rock 5 
29 34 tiles/sets/rock 5 
14 33 tiles/sets/rock 5 
28 34 tiles/sets/rock 5 
37 31 tiles/sets/rock 5 
8 32 tiles/sets/rock 5 
6 36 tiles/sets/rock 5 
35 31 tiles/sets/rock 5 
36 31 tiles/sets/rock 5 
27 34 tiles/sets/rock 5 
13 33 tiles/sets/rock 5 
26 34 tiles/sets/rock 5 
9 32 tiles/sets/rock 5 
25 34 tiles/sets/rock 5 
12 33 tiles/sets/rock 5 
24 34 tiles/sets/rock 5 
10 32 tiles/sets/rock 5 
5 36 tiles/sets/rock 5 
2 35 tiles/sets/rock 5 
23 34 tiles/sets/rock 5 
11 33 tiles/sets/rock 5 
22 34 tiles/sets/rock 5 
11 32 tiles/sets/rock 5 
21 34 tiles/sets/rock 5 
10 33 tiles/sets/rock 5 
20 34 tiles/sets/rock 5 
12 32 tiles/sets/rock 5 
4 36 tiles/sets/rock 5 
19 34 tiles/sets/rock 5 
9 33 tiles/sets/rock 5 
18 34 tiles/sets/rock 5 
13 32 tiles/sets/rock 5 
17 34 tiles/sets/rock 5 
8 33 tiles/sets/rock 5 
14 32 tiles/sets/rock 5 
16 34 tiles/sets/rock 5 
3 36 tiles/sets/rock 5 
1 35 tiles/sets/rock 5 
15 34 tiles/sets/rock 5 
7 33 tiles/sets/rock 5 
30 33 tiles/sets/rock 5 
15 32 tiles/sets/rock 5 
29 33 tiles/sets/rock 5 
16 32 tiles/sets/rock 5 
14 34 tiles/sets/rock 5 
28 33 tiles/sets/rock 5 
17 32 tiles/sets/rock 5 
6 35 tiles/sets/rock 5 
27 33 tiles/sets/rock 5 
18 32 tiles/sets/rock 5 
13 34 tiles/sets/rock 5 
26 33 tiles/sets/rock 5 
19 32 tiles/sets/rock 5 
25 33 tiles/sets/rock 5 
20 32 tiles/sets/rock 5 
12 34 tiles/sets/rock 5 
24 33 tiles/sets/rock 5 
21 32 tiles/sets/rock 5 
5 35 tiles/sets/rock 5 
2 36 tiles/sets/rock 5 
22 32 tiles/sets/rock 5 
23 33 tiles/sets/rock 5 
11 34 tiles/sets/rock 5 
23 32 tiles/sets/rock 5 
22 33 tiles/sets/rock 5 
24 32 tiles/sets/rock 5 
21 33 tiles/sets/rock 5 
10 34 tiles/sets/rock 5 
25 32 tiles/sets/rock 5 
20 33 tiles/sets/rock 5 
4 35 tiles/sets/rock 5 
26 32 tiles/sets/rock 5 
19 33 tiles/sets/rock 5 
9 34 tiles/sets/rock 5 
27 32 tiles/sets/rock 5 
18 33 tiles/sets/rock 5 
28 32 tiles/sets/rock 5 
17 33 tiles/sets/rock 5 
8 34 tiles/sets/rock 5 
29 32 tiles/sets/rock 5 
16 33 tiles/sets/rock 5 
3 35 tiles/sets/rock 5 
1 36 tiles/sets/rock 5 
30 32 tiles/sets/rock 5 
15 33 tiles/sets/rock 5 
7 34 tiles/sets/rock 5 
