@crouching true
@look_around true
@is_deluxe true
@time_limit -1
@author AshQuimby
@background cave
@name Mudstone Mine
@double_jumping true
@wall_sliding true
@version 0.1.5
2 23 tiles/sets/rock 19 
1 23 tiles/sets/rock 19 
0 23 tiles/sets/rock 2 
0 22 tiles/sets/rock 47 
1 22 tiles/sets/rock 49 
2 22 tiles/sets/rock 49 
3 23 tiles/sets/rock 19 
4 23 tiles/sets/rock 19 
3 22 tiles/sets/rock 49 
4 22 tiles/sets/rock 49 
5 21 tiles/sets/rock 47 
6 21 tiles/sets/rock 49 
5 23 tiles/sets/rock 19 
6 23 tiles/sets/rock 19 
5 22 tiles/sets/rock 36 
6 22 tiles/sets/rock 5 
7 22 tiles/sets/rock 5 
7 23 tiles/sets/rock 19 
8 23 tiles/sets/rock 19 
9 23 tiles/sets/rock 19 
9 22 tiles/sets/rock 5 
8 22 tiles/sets/rock 5 
7 21 tiles/sets/rock 49 
8 21 tiles/sets/rock 49 
9 21 tiles/sets/rock 36 
9 20 tiles/sets/rock 47 
10 20 tiles/sets/rock 36 
10 21 tiles/sets/rock 5 
10 22 tiles/sets/rock 5 
10 23 tiles/sets/rock 19 
11 23 tiles/sets/rock 17 
11 22 tiles/sets/rock 34 
11 21 tiles/sets/rock 34 
11 20 tiles/sets/rock 34 
11 19 tiles/sets/rock 34 
10 19 tiles/sets/rock 4 
10 17 tiles/sets/rock 4 
10 18 tiles/sets/rock 4 
11 18 tiles/sets/rock 34 
11 17 tiles/sets/rock 34 
10 16 tiles/sets/rock 4 
10 15 tiles/sets/rock 4 
11 13 tiles/sets/rock 34 
11 14 tiles/sets/rock 34 
11 16 tiles/sets/rock 34 
11 15 tiles/sets/rock 34 
10 14 tiles/sets/rock 4 
10 13 tiles/sets/rock 4 
11 12 tiles/sets/rock 34 
11 9 tiles/sets/rock 32 
11 10 tiles/sets/rock 34 
11 11 tiles/sets/rock 34 
10 12 tiles/sets/rock 4 
10 11 tiles/sets/rock 4 
10 10 tiles/sets/rock 4 
10 9 tiles/sets/rock 47 
@background_tiles
