@crouching false
@is_deluxe true
@look_around true
@time_limit -1
@author AshQuimby
@background desert
@name Temple
@double_jumping false
@wall_sliding false
@version 0.1
14 16 tiles/sets/sandstone 5 
15 16 tiles/sets/sandstone 5 
15 15 tiles/sets/sandstone 49 
14 15 tiles/sets/sandstone 21 
14 14 tiles/sets/sandstone 32 
13 14 tiles/sets/sandstone 49 
12 14 tiles/sets/sandstone 49 
11 14 tiles/sets/sandstone 21 
11 13 tiles/sets/sandstone 32 
10 13 tiles/sets/sandstone 49 
9 13 tiles/sets/sandstone 21 
9 12 tiles/sets/sandstone 32 
8 12 tiles/sets/sandstone 21 
8 11 tiles/sets/sandstone 34 
8 10 tiles/sets/sandstone 34 
8 9 tiles/sets/sandstone 34 
8 7 tiles/sets/sandstone 5 
9 7 tiles/sets/sandstone 6 
10 7 tiles/sets/sandstone 19 
11 7 tiles/sets/sandstone 19 
12 7 tiles/sets/sandstone 19 
13 7 tiles/sets/sandstone 19 
14 7 tiles/sets/sandstone 17 
14 6 tiles/sets/sandstone 6 
15 6 tiles/sets/sandstone 17 
15 5 tiles/sets/sandstone 6 
16 5 tiles/sets/sandstone 17 
16 4 tiles/sets/sandstone 34 
16 3 tiles/sets/sandstone 34 
16 2 tiles/sets/sandstone 32 
15 2 tiles/sets/sandstone 21 
15 1 tiles/sets/sandstone 32 
14 1 tiles/sets/sandstone 49 
13 1 tiles/sets/sandstone 49 
12 1 tiles/sets/sandstone 49 
11 1 tiles/sets/sandstone 49 
10 1 tiles/sets/sandstone 49 
9 1 tiles/sets/sandstone 47 
9 2 tiles/sets/sandstone 36 
8 2 tiles/sets/sandstone 49 
7 2 tiles/sets/sandstone 47 
7 3 tiles/sets/sandstone 36 
6 3 tiles/sets/sandstone 47 
6 4 tiles/sets/sandstone 36 
5 4 tiles/sets/sandstone 47 
5 5 tiles/sets/sandstone 36 
4 5 tiles/sets/sandstone 47 
4 6 tiles/sets/sandstone 4 
4 7 tiles/sets/sandstone 36 
3 7 tiles/sets/sandstone 47 
3 8 tiles/sets/sandstone 4 
3 9 tiles/sets/sandstone 4 
3 10 tiles/sets/sandstone 2 
4 12 tiles/sets/sandstone 2 
5 14 tiles/sets/sandstone 4 
5 15 tiles/sets/sandstone 36 
6 15 tiles/sets/sandstone 5 
7 15 tiles/sets/sandstone 5 
7 16 tiles/sets/sandstone 5 
8 16 tiles/sets/sandstone 5 
19 16 tiles/sets/sandstone 5 
19 15 tiles/sets/sandstone 5 
19 14 tiles/sets/sandstone 36 
19 13 tiles/sets/sandstone 4 
19 12 tiles/sets/sandstone 4 
19 11 tiles/sets/sandstone 4 
19 10 tiles/sets/sandstone 4 
19 9 tiles/sets/sandstone 4 
19 8 tiles/sets/sandstone 4 
19 7 tiles/sets/sandstone 47 
20 7 tiles/sets/sandstone 36 
20 6 tiles/sets/sandstone 4 
20 5 tiles/sets/sandstone 4 
20 4 tiles/sets/sandstone 47 
21 4 tiles/sets/sandstone 36 
21 3 tiles/sets/sandstone 47 
22 3 tiles/sets/sandstone 36 
22 2 tiles/sets/sandstone 47 
23 2 tiles/sets/sandstone 49 
24 2 tiles/sets/sandstone 49 
25 2 tiles/sets/sandstone 32 
26 3 tiles/sets/sandstone 49 
27 3 tiles/sets/sandstone 32 
28 4 tiles/sets/sandstone 49 
29 4 tiles/sets/sandstone 32 
30 5 tiles/sets/sandstone 32 
31 6 tiles/sets/sandstone 32 
32 7 tiles/sets/sandstone 32 
32 8 tiles/sets/sandstone 34 
33 9 tiles/sets/sandstone 32 
33 10 tiles/sets/sandstone 34 
33 11 tiles/sets/sandstone 34 
33 12 tiles/sets/sandstone 34 
33 13 tiles/sets/sandstone 34 
33 14 tiles/sets/sandstone 34 
32 14 tiles/sets/sandstone 5 
32 15 tiles/sets/sandstone 5 
32 16 tiles/sets/sandstone 5 
31 16 tiles/sets/sandstone 5 
30 16 tiles/sets/sandstone 5 
29 16 tiles/sets/sandstone 5 
28 16 tiles/sets/sandstone 5 
28 15 tiles/sets/sandstone 5 
28 14 tiles/sets/sandstone 5 
28 13 tiles/sets/sandstone 5 
28 12 tiles/sets/sandstone 5 
28 11 tiles/sets/sandstone 5 
27 11 tiles/sets/sandstone 5 
27 10 tiles/sets/sandstone 5 
27 9 tiles/sets/sandstone 5 
26 9 tiles/sets/sandstone 5 
25 9 tiles/sets/sandstone 5 
24 9 tiles/sets/sandstone 5 
24 10 tiles/sets/sandstone 5 
24 11 tiles/sets/sandstone 5 
23 11 tiles/sets/sandstone 5 
23 12 tiles/sets/sandstone 5 
23 13 tiles/sets/sandstone 5 
23 14 tiles/sets/sandstone 5 
23 15 tiles/sets/sandstone 5 
41 19 tiles/sets/sandstone 19 
42 19 tiles/sets/sandstone 19 
51 18 tiles/sets/sandstone 49 
60 18 tiles/sets/sandstone 5 
61 18 tiles/sets/sandstone 5 
62 11 tiles/sets/sandstone 5 
62 10 tiles/sets/sandstone 5 
62 9 tiles/sets/sandstone 5 
62 8 tiles/sets/sandstone 5 
62 6 tiles/sets/sandstone 34 
62 5 tiles/sets/sandstone 34 
62 4 tiles/sets/sandstone 34 
62 3 tiles/sets/sandstone 32 
61 3 tiles/sets/sandstone 21 
61 2 tiles/sets/sandstone 34 
61 1 tiles/sets/sandstone 32 
60 1 tiles/sets/sandstone 49 
59 1 tiles/sets/sandstone 49 
58 1 tiles/sets/sandstone 49 
57 1 tiles/sets/sandstone 47 
57 2 tiles/sets/sandstone 36 
56 2 tiles/sets/sandstone 47 
56 3 tiles/sets/sandstone 36 
55 3 tiles/sets/sandstone 47 
55 4 tiles/sets/sandstone 4 
55 5 tiles/sets/sandstone 4 
55 6 tiles/sets/sandstone 36 
54 6 tiles/sets/sandstone 49 
53 6 tiles/sets/sandstone 49 
52 6 tiles/sets/sandstone 21 
52 5 tiles/sets/sandstone 34 
52 4 tiles/sets/sandstone 34 
52 3 tiles/sets/sandstone 34 
52 2 tiles/sets/sandstone 34 
52 1 tiles/sets/sandstone 32 
51 1 tiles/sets/sandstone 49 
50 1 tiles/sets/sandstone 49 
49 0 tiles/sets/sandstone 32 
48 0 tiles/sets/sandstone 49 
47 0 tiles/sets/sandstone 49 
46 0 tiles/sets/sandstone 47 
46 1 tiles/sets/sandstone 36 
45 1 tiles/sets/sandstone 47 
45 2 tiles/sets/sandstone 4 
45 3 tiles/sets/sandstone 36 
44 3 tiles/sets/sandstone 47 
44 4 tiles/sets/sandstone 4 
44 5 tiles/sets/sandstone 4 
44 6 tiles/sets/sandstone 4 
44 7 tiles/sets/sandstone 36 
43 7 tiles/sets/sandstone 47 
43 8 tiles/sets/sandstone 36 
42 8 tiles/sets/sandstone 47 
42 9 tiles/sets/sandstone 4 
42 10 tiles/sets/sandstone 36 
41 10 tiles/sets/sandstone 47 
41 11 tiles/sets/sandstone 4 
41 12 tiles/sets/sandstone 36 
40 12 tiles/sets/sandstone 47 
40 13 tiles/sets/sandstone 4 
40 14 tiles/sets/sandstone 36 
39 14 tiles/sets/sandstone 47 
39 15 tiles/sets/sandstone 4 
39 16 tiles/sets/sandstone 36 
41 16 tiles/sets/sandstone 5 
40 16 tiles/sets/sandstone 5 
42 16 tiles/sets/sandstone 5 
56 6 tiles/sets/sandstone 5 
57 6 tiles/sets/sandstone 5 
58 6 tiles/sets/sandstone 5 
59 6 tiles/sets/sandstone 5 
60 6 tiles/sets/sandstone 5 
61 6 tiles/sets/sandstone 5 
49 6 tiles/sets/sandstone 5 
48 6 tiles/sets/sandstone 5 
50 6 tiles/sets/sandstone 5 
51 6 tiles/sets/sandstone 5 
45 6 tiles/sets/sandstone 5 
47 6 tiles/sets/sandstone 5 
46 6 tiles/sets/sandstone 5 
49 1 tiles/sets/sandstone 21 
48 1 tiles/sets/sandstone 5 
42 17 tiles/sets/sandstone 5 
41 17 tiles/sets/sandstone 5 
40 17 tiles/sets/sandstone 5 
47 1 tiles/sets/sandstone 5 
41 14 tiles/sets/sandstone 5 
43 14 tiles/sets/sandstone 5 
42 14 tiles/sets/sandstone 5 
56 5 tiles/sets/sandstone 5 
57 5 tiles/sets/sandstone 5 
58 5 tiles/sets/sandstone 5 
59 5 tiles/sets/sandstone 5 
60 5 tiles/sets/sandstone 5 
61 5 tiles/sets/sandstone 5 
49 5 tiles/sets/sandstone 5 
48 5 tiles/sets/sandstone 5 
50 5 tiles/sets/sandstone 5 
51 5 tiles/sets/sandstone 5 
45 5 tiles/sets/sandstone 5 
47 5 tiles/sets/sandstone 5 
46 5 tiles/sets/sandstone 5 
43 15 tiles/sets/sandstone 5 
42 15 tiles/sets/sandstone 5 
41 15 tiles/sets/sandstone 5 
40 15 tiles/sets/sandstone 5 
56 8 tiles/sets/sandstone 5 
57 8 tiles/sets/sandstone 5 
58 8 tiles/sets/sandstone 5 
59 8 tiles/sets/sandstone 5 
60 8 tiles/sets/sandstone 5 
61 8 tiles/sets/sandstone 5 
45 8 tiles/sets/sandstone 5 
44 8 tiles/sets/sandstone 5 
47 8 tiles/sets/sandstone 5 
46 8 tiles/sets/sandstone 5 
49 8 tiles/sets/sandstone 5 
48 8 tiles/sets/sandstone 5 
50 8 tiles/sets/sandstone 5 
51 8 tiles/sets/sandstone 5 
52 8 tiles/sets/sandstone 5 
53 8 tiles/sets/sandstone 5 
54 8 tiles/sets/sandstone 5 
55 8 tiles/sets/sandstone 5 
47 2 tiles/sets/sandstone 5 
46 2 tiles/sets/sandstone 5 
49 2 tiles/sets/sandstone 5 
48 2 tiles/sets/sandstone 5 
50 2 tiles/sets/sandstone 5 
51 2 tiles/sets/sandstone 5 
58 2 tiles/sets/sandstone 5 
59 2 tiles/sets/sandstone 5 
60 2 tiles/sets/sandstone 5 
41 18 tiles/sets/sandstone 5 
42 18 tiles/sets/sandstone 5 
55 18 tiles/sets/sandstone 49 
56 7 tiles/sets/sandstone 5 
57 7 tiles/sets/sandstone 5 
58 7 tiles/sets/sandstone 5 
59 7 tiles/sets/sandstone 5 
60 7 tiles/sets/sandstone 5 
61 7 tiles/sets/sandstone 5 
45 7 tiles/sets/sandstone 5 
47 7 tiles/sets/sandstone 5 
46 7 tiles/sets/sandstone 5 
52 7 tiles/sets/sandstone 5 
53 7 tiles/sets/sandstone 5 
54 7 tiles/sets/sandstone 5 
55 7 tiles/sets/sandstone 5 
49 7 tiles/sets/sandstone 5 
48 7 tiles/sets/sandstone 5 
50 7 tiles/sets/sandstone 5 
51 7 tiles/sets/sandstone 5 
56 18 tiles/sets/sandstone 49 
57 18 tiles/sets/sandstone 49 
58 18 tiles/sets/sandstone 36 
59 18 tiles/sets/sandstone 5 
56 10 tiles/sets/sandstone 5 
57 10 tiles/sets/sandstone 5 
58 10 tiles/sets/sandstone 5 
61 10 tiles/sets/sandstone 5 
55 10 tiles/sets/sandstone 5 
43 10 tiles/sets/sandstone 5 
45 10 tiles/sets/sandstone 5 
44 10 tiles/sets/sandstone 5 
46 10 tiles/sets/sandstone 5 
49 3 tiles/sets/sandstone 5 
48 3 tiles/sets/sandstone 5 
50 3 tiles/sets/sandstone 5 
51 3 tiles/sets/sandstone 5 
47 3 tiles/sets/sandstone 5 
46 3 tiles/sets/sandstone 5 
57 3 tiles/sets/sandstone 5 
58 3 tiles/sets/sandstone 5 
59 3 tiles/sets/sandstone 5 
60 3 tiles/sets/sandstone 5 
56 9 tiles/sets/sandstone 5 
57 9 tiles/sets/sandstone 5 
58 9 tiles/sets/sandstone 5 
59 9 tiles/sets/sandstone 5 
60 9 tiles/sets/sandstone 5 
61 9 tiles/sets/sandstone 5 
52 9 tiles/sets/sandstone 5 
53 9 tiles/sets/sandstone 5 
54 9 tiles/sets/sandstone 5 
55 9 tiles/sets/sandstone 5 
49 9 tiles/sets/sandstone 5 
48 9 tiles/sets/sandstone 5 
50 9 tiles/sets/sandstone 5 
51 9 tiles/sets/sandstone 5 
45 9 tiles/sets/sandstone 5 
44 9 tiles/sets/sandstone 5 
47 9 tiles/sets/sandstone 5 
46 9 tiles/sets/sandstone 5 
43 9 tiles/sets/sandstone 5 
43 12 tiles/sets/sandstone 5 
42 12 tiles/sets/sandstone 5 
44 12 tiles/sets/sandstone 5 
44 13 tiles/sets/sandstone 5 
43 13 tiles/sets/sandstone 5 
42 13 tiles/sets/sandstone 5 
41 13 tiles/sets/sandstone 5 
45 4 tiles/sets/sandstone 5 
47 4 tiles/sets/sandstone 5 
46 4 tiles/sets/sandstone 5 
49 4 tiles/sets/sandstone 5 
48 4 tiles/sets/sandstone 5 
50 4 tiles/sets/sandstone 5 
51 4 tiles/sets/sandstone 5 
56 4 tiles/sets/sandstone 5 
57 4 tiles/sets/sandstone 5 
58 4 tiles/sets/sandstone 5 
59 4 tiles/sets/sandstone 5 
60 4 tiles/sets/sandstone 5 
61 4 tiles/sets/sandstone 5 
43 11 tiles/sets/sandstone 5 
42 11 tiles/sets/sandstone 5 
21 15 tiles/sets/sandstone 5 
20 15 tiles/sets/sandstone 5 
22 15 tiles/sets/sandstone 5 
25 6 tiles/sets/sandstone 5 
24 6 tiles/sets/sandstone 5 
27 6 tiles/sets/sandstone 5 
26 6 tiles/sets/sandstone 5 
29 6 tiles/sets/sandstone 5 
28 6 tiles/sets/sandstone 5 
30 6 tiles/sets/sandstone 21 
22 5 tiles/sets/sandstone 5 
23 5 tiles/sets/sandstone 5 
21 5 tiles/sets/sandstone 5 
22 14 tiles/sets/sandstone 5 
20 14 tiles/sets/sandstone 5 
21 14 tiles/sets/sandstone 5 
29 14 tiles/sets/sandstone 5 
30 14 tiles/sets/sandstone 5 
31 14 tiles/sets/sandstone 5 
29 5 tiles/sets/sandstone 21 
28 5 tiles/sets/sandstone 5 
25 5 tiles/sets/sandstone 5 
24 5 tiles/sets/sandstone 5 
27 5 tiles/sets/sandstone 5 
26 5 tiles/sets/sandstone 5 
21 6 tiles/sets/sandstone 5 
22 6 tiles/sets/sandstone 5 
23 6 tiles/sets/sandstone 5 
30 15 tiles/sets/sandstone 5 
31 15 tiles/sets/sandstone 5 
29 15 tiles/sets/sandstone 5 
25 8 tiles/sets/sandstone 5 
24 8 tiles/sets/sandstone 5 
27 8 tiles/sets/sandstone 5 
26 8 tiles/sets/sandstone 5 
29 8 tiles/sets/sandstone 5 
28 8 tiles/sets/sandstone 5 
30 8 tiles/sets/sandstone 5 
31 8 tiles/sets/sandstone 5 
22 7 tiles/sets/sandstone 5 
23 7 tiles/sets/sandstone 5 
21 7 tiles/sets/sandstone 5 
29 7 tiles/sets/sandstone 5 
28 7 tiles/sets/sandstone 5 
30 7 tiles/sets/sandstone 5 
31 7 tiles/sets/sandstone 21 
25 7 tiles/sets/sandstone 5 
24 7 tiles/sets/sandstone 5 
27 7 tiles/sets/sandstone 5 
26 7 tiles/sets/sandstone 5 
20 8 tiles/sets/sandstone 5 
21 8 tiles/sets/sandstone 5 
22 8 tiles/sets/sandstone 5 
23 8 tiles/sets/sandstone 5 
32 10 tiles/sets/sandstone 5 
29 10 tiles/sets/sandstone 5 
28 10 tiles/sets/sandstone 5 
30 10 tiles/sets/sandstone 5 
31 10 tiles/sets/sandstone 5 
25 3 tiles/sets/sandstone 21 
24 3 tiles/sets/sandstone 5 
22 9 tiles/sets/sandstone 5 
23 9 tiles/sets/sandstone 5 
20 9 tiles/sets/sandstone 5 
21 9 tiles/sets/sandstone 5 
32 9 tiles/sets/sandstone 21 
29 9 tiles/sets/sandstone 5 
28 9 tiles/sets/sandstone 5 
30 9 tiles/sets/sandstone 5 
31 9 tiles/sets/sandstone 5 
23 3 tiles/sets/sandstone 5 
20 10 tiles/sets/sandstone 5 
21 10 tiles/sets/sandstone 5 
22 10 tiles/sets/sandstone 5 
23 10 tiles/sets/sandstone 5 
29 12 tiles/sets/sandstone 5 
30 12 tiles/sets/sandstone 5 
31 12 tiles/sets/sandstone 5 
32 12 tiles/sets/sandstone 5 
25 4 tiles/sets/sandstone 5 
24 4 tiles/sets/sandstone 5 
27 4 tiles/sets/sandstone 21 
26 4 tiles/sets/sandstone 5 
32 13 tiles/sets/sandstone 5 
30 13 tiles/sets/sandstone 5 
31 13 tiles/sets/sandstone 5 
22 11 tiles/sets/sandstone 5 
29 13 tiles/sets/sandstone 5 
20 11 tiles/sets/sandstone 5 
21 11 tiles/sets/sandstone 5 
29 11 tiles/sets/sandstone 5 
30 11 tiles/sets/sandstone 5 
31 11 tiles/sets/sandstone 5 
22 13 tiles/sets/sandstone 5 
21 13 tiles/sets/sandstone 5 
20 13 tiles/sets/sandstone 5 
32 11 tiles/sets/sandstone 5 
22 4 tiles/sets/sandstone 5 
23 4 tiles/sets/sandstone 5 
20 12 tiles/sets/sandstone 5 
21 12 tiles/sets/sandstone 5 
22 12 tiles/sets/sandstone 5 
10 2 tiles/sets/sandstone 5 
11 2 tiles/sets/sandstone 5 
12 2 tiles/sets/sandstone 5 
13 2 tiles/sets/sandstone 5 
14 2 tiles/sets/sandstone 5 
12 3 tiles/sets/sandstone 5 
13 3 tiles/sets/sandstone 5 
14 3 tiles/sets/sandstone 5 
15 3 tiles/sets/sandstone 5 
8 3 tiles/sets/sandstone 5 
9 3 tiles/sets/sandstone 5 
10 3 tiles/sets/sandstone 5 
11 3 tiles/sets/sandstone 5 
7 4 tiles/sets/sandstone 5 
8 4 tiles/sets/sandstone 5 
9 4 tiles/sets/sandstone 5 
10 4 tiles/sets/sandstone 5 
11 4 tiles/sets/sandstone 5 
12 4 tiles/sets/sandstone 5 
13 4 tiles/sets/sandstone 5 
14 4 tiles/sets/sandstone 5 
15 4 tiles/sets/sandstone 5 
14 5 tiles/sets/sandstone 5 
12 5 tiles/sets/sandstone 5 
13 5 tiles/sets/sandstone 5 
10 5 tiles/sets/sandstone 5 
11 5 tiles/sets/sandstone 5 
8 5 tiles/sets/sandstone 5 
9 5 tiles/sets/sandstone 5 
7 5 tiles/sets/sandstone 5 
6 5 tiles/sets/sandstone 5 
12 6 tiles/sets/sandstone 5 
13 6 tiles/sets/sandstone 5 
8 6 tiles/sets/sandstone 5 
9 6 tiles/sets/sandstone 5 
10 6 tiles/sets/sandstone 5 
11 6 tiles/sets/sandstone 5 
6 6 tiles/sets/sandstone 5 
7 6 tiles/sets/sandstone 5 
5 6 tiles/sets/sandstone 5 
5 7 tiles/sets/sandstone 5 
7 7 tiles/sets/sandstone 5 
6 7 tiles/sets/sandstone 5 
4 8 tiles/sets/sandstone 5 
5 8 tiles/sets/sandstone 5 
6 8 tiles/sets/sandstone 5 
7 8 tiles/sets/sandstone 5 
7 9 tiles/sets/sandstone 5 
6 9 tiles/sets/sandstone 5 
5 9 tiles/sets/sandstone 5 
4 9 tiles/sets/sandstone 5 
6 10 tiles/sets/sandstone 5 
7 10 tiles/sets/sandstone 5 
4 10 tiles/sets/sandstone 51 
5 10 tiles/sets/sandstone 5 
5 11 tiles/sets/sandstone 5 
4 11 tiles/sets/sandstone 4 
7 11 tiles/sets/sandstone 5 
6 11 tiles/sets/sandstone 5 
7 13 tiles/sets/sandstone 5 
6 13 tiles/sets/sandstone 5 
5 13 tiles/sets/sandstone 4 
8 13 tiles/sets/sandstone 5 
5 12 tiles/sets/sandstone 51 
6 12 tiles/sets/sandstone 5 
7 12 tiles/sets/sandstone 5 
13 15 tiles/sets/sandstone 5 
12 15 tiles/sets/sandstone 5 
9 15 tiles/sets/sandstone 5 
8 15 tiles/sets/sandstone 5 
11 15 tiles/sets/sandstone 5 
10 15 tiles/sets/sandstone 5 
7 14 tiles/sets/sandstone 5 
6 14 tiles/sets/sandstone 5 
10 14 tiles/sets/sandstone 5 
8 14 tiles/sets/sandstone 5 
9 14 tiles/sets/sandstone 5 
12 16 tiles/sets/sandstone 5 
13 16 tiles/sets/sandstone 5 
9 16 tiles/sets/sandstone 5 
10 16 tiles/sets/sandstone 5 
11 16 tiles/sets/sandstone 5 
16 16 tiles/sets/sandstone 5 
17 16 tiles/sets/sandstone 5 
18 16 tiles/sets/sandstone 5 
18 15 tiles/sets/sandstone 36 
17 15 tiles/sets/sandstone 49 
16 15 tiles/sets/sandstone 49 
6 16 tiles/sets/sandstone 5 
5 16 tiles/sets/sandstone 5 
18 14 tiles/sets/sandstone 47 
20 16 tiles/sets/sandstone 5 
21 16 tiles/sets/sandstone 5 
22 16 tiles/sets/sandstone 5 
25 16 tiles/sets/sandstone 5 
24 15 tiles/sets/sandstone 5 
8 8 tiles/sets/sandstone 6 
9 8 tiles/sets/sandstone 17 
23 16 tiles/sets/sandstone 5 
24 16 tiles/sets/sandstone 5 
4 15 tiles/sets/sandstone 47 
4 16 tiles/sets/sandstone 4 
4 22 tiles/sets/sandstone 49 
5 22 tiles/sets/sandstone 49 
6 22 tiles/sets/sandstone 49 
7 22 tiles/sets/sandstone 49 
8 22 tiles/sets/sandstone 49 
9 22 tiles/sets/sandstone 49 
10 22 tiles/sets/sandstone 49 
11 22 tiles/sets/sandstone 49 
12 22 tiles/sets/sandstone 49 
13 22 tiles/sets/sandstone 49 
14 22 tiles/sets/sandstone 49 
4 23 tiles/sets/sandstone 19 
5 23 tiles/sets/sandstone 19 
6 23 tiles/sets/sandstone 19 
7 23 tiles/sets/sandstone 19 
8 23 tiles/sets/sandstone 19 
9 23 tiles/sets/sandstone 19 
10 23 tiles/sets/sandstone 19 
11 23 tiles/sets/sandstone 19 
12 23 tiles/sets/sandstone 51 
13 23 tiles/sets/sandstone 6 
14 23 tiles/sets/sandstone 19 
3 23 tiles/sets/sandstone 19 
3 26 tiles/sets/sandstone 49 
4 26 tiles/sets/sandstone 49 
4 27 tiles/sets/sandstone 5 
4 28 tiles/sets/sandstone 5 
3 27 tiles/sets/sandstone 5 
3 28 tiles/sets/sandstone 5 
3 29 tiles/sets/sandstone 51 
3 30 tiles/sets/sandstone 4 
3 31 tiles/sets/sandstone 2 
5 32 tiles/sets/sandstone 19 
5 31 tiles/sets/sandstone 21 
4 29 tiles/sets/sandstone 5 
4 30 tiles/sets/sandstone 5 
4 31 tiles/sets/sandstone 51 
4 32 tiles/sets/sandstone 2 
6 32 tiles/sets/sandstone 19 
6 31 tiles/sets/sandstone 49 
7 31 tiles/sets/sandstone 49 
8 31 tiles/sets/sandstone 49 
9 31 tiles/sets/sandstone 49 
10 31 tiles/sets/sandstone 49 
11 31 tiles/sets/sandstone 49 
12 31 tiles/sets/sandstone 49 
13 31 tiles/sets/sandstone 49 
7 32 tiles/sets/sandstone 19 
8 32 tiles/sets/sandstone 19 
9 32 tiles/sets/sandstone 51 
10 32 tiles/sets/sandstone 5 
11 32 tiles/sets/sandstone 5 
12 32 tiles/sets/sandstone 5 
32 31 tiles/sets/sandstone 5 
27 31 tiles/sets/sandstone 49 
32 30 tiles/sets/sandstone 36 
32 29 tiles/sets/sandstone 4 
32 28 tiles/sets/sandstone 4 
32 27 tiles/sets/sandstone 4 
32 26 tiles/sets/sandstone 4 
32 25 tiles/sets/sandstone 4 
32 24 tiles/sets/sandstone 4 
33 23 tiles/sets/sandstone 5 
33 24 tiles/sets/sandstone 6 
33 25 tiles/sets/sandstone 34 
33 26 tiles/sets/sandstone 34 
33 27 tiles/sets/sandstone 34 
33 30 tiles/sets/sandstone 5 
32 23 tiles/sets/sandstone 4 
28 23 tiles/sets/sandstone 17 
27 23 tiles/sets/sandstone 19 
26 23 tiles/sets/sandstone 19 
25 23 tiles/sets/sandstone 19 
24 23 tiles/sets/sandstone 19 
23 23 tiles/sets/sandstone 19 
22 23 tiles/sets/sandstone 19 
18 23 tiles/sets/sandstone 19 
17 23 tiles/sets/sandstone 19 
16 23 tiles/sets/sandstone 19 
15 23 tiles/sets/sandstone 19 
15 22 tiles/sets/sandstone 49 
16 22 tiles/sets/sandstone 49 
17 22 tiles/sets/sandstone 49 
18 22 tiles/sets/sandstone 49 
19 22 tiles/sets/sandstone 49 
20 22 tiles/sets/sandstone 49 
21 22 tiles/sets/sandstone 49 
22 22 tiles/sets/sandstone 49 
23 22 tiles/sets/sandstone 49 
24 22 tiles/sets/sandstone 49 
25 22 tiles/sets/sandstone 49 
26 22 tiles/sets/sandstone 49 
27 22 tiles/sets/sandstone 49 
28 22 tiles/sets/sandstone 57 
29 22 tiles/sets/sandstone 16 
31 22 tiles/sets/sandstone 46 
32 22 tiles/sets/sandstone 56 
30 22 tiles/enemy_box 4 
27 12 tiles/sets/sandstone 5 
25 13 tiles/sets/sandstone 5 
26 13 tiles/sets/sandstone 5 
24 14 tiles/sets/sandstone 5 
25 14 tiles/sets/sandstone 5 
26 14 tiles/sets/sandstone 5 
24 13 tiles/sets/sandstone 5 
25 15 tiles/sets/sandstone 5 
26 15 tiles/sets/sandstone 5 
25 10 tiles/sets/sandstone 5 
27 15 tiles/sets/sandstone 5 
26 10 tiles/sets/sandstone 5 
25 11 tiles/sets/sandstone 5 
27 14 tiles/sets/sandstone 5 
26 11 tiles/sets/sandstone 5 
24 12 tiles/sets/sandstone 5 
25 12 tiles/sets/sandstone 5 
27 13 tiles/sets/sandstone 5 
26 12 tiles/sets/sandstone 5 
27 16 tiles/sets/sandstone 5 
26 16 tiles/sets/sandstone 5 
12 17 tiles/sets/sandstone 5 
11 17 tiles/sets/sandstone 5 
10 17 tiles/sets/sandstone 5 
9 17 tiles/sets/sandstone 5 
8 17 tiles/sets/sandstone 5 
7 17 tiles/sets/sandstone 5 
6 17 tiles/sets/sandstone 5 
5 17 tiles/sets/sandstone 5 
4 17 tiles/sets/sandstone 36 
4 18 tiles/sets/sandstone 5 
5 18 tiles/sets/sandstone 5 
6 18 tiles/sets/sandstone 5 
7 18 tiles/sets/sandstone 5 
8 18 tiles/sets/sandstone 5 
9 18 tiles/sets/sandstone 5 
10 18 tiles/sets/sandstone 5 
11 18 tiles/sets/sandstone 5 
12 18 tiles/sets/sandstone 5 
13 18 tiles/sets/sandstone 5 
14 18 tiles/sets/sandstone 5 
15 18 tiles/sets/sandstone 5 
16 18 tiles/sets/sandstone 5 
17 18 tiles/sets/sandstone 5 
13 17 tiles/sets/sandstone 5 
14 17 tiles/sets/sandstone 5 
15 17 tiles/sets/sandstone 5 
16 17 tiles/sets/sandstone 5 
17 17 tiles/sets/sandstone 5 
18 17 tiles/sets/sandstone 5 
19 17 tiles/sets/sandstone 5 
20 17 tiles/sets/sandstone 5 
21 17 tiles/sets/sandstone 5 
22 17 tiles/sets/sandstone 5 
23 17 tiles/sets/sandstone 5 
24 17 tiles/sets/sandstone 5 
25 17 tiles/sets/sandstone 5 
26 17 tiles/sets/sandstone 5 
27 17 tiles/sets/sandstone 5 
28 17 tiles/sets/sandstone 5 
29 17 tiles/sets/sandstone 5 
30 17 tiles/sets/sandstone 5 
31 17 tiles/sets/sandstone 5 
31 18 tiles/sets/sandstone 5 
30 18 tiles/sets/sandstone 5 
29 18 tiles/sets/sandstone 5 
28 18 tiles/sets/sandstone 5 
27 18 tiles/sets/sandstone 5 
26 18 tiles/sets/sandstone 5 
25 18 tiles/sets/sandstone 5 
24 18 tiles/sets/sandstone 5 
23 18 tiles/sets/sandstone 5 
22 18 tiles/sets/sandstone 5 
21 18 tiles/sets/sandstone 5 
20 18 tiles/sets/sandstone 5 
19 18 tiles/sets/sandstone 5 
18 18 tiles/sets/sandstone 5 
33 15 tiles/sets/sandstone 34 
5 19 tiles/sets/sandstone 19 
6 19 tiles/sets/sandstone 19 
7 19 tiles/sets/sandstone 19 
8 19 tiles/sets/sandstone 19 
9 19 tiles/sets/sandstone 19 
10 19 tiles/sets/sandstone 19 
11 19 tiles/sets/sandstone 19 
12 19 tiles/sets/sandstone 19 
13 19 tiles/sets/sandstone 19 
14 19 tiles/sets/sandstone 19 
15 19 tiles/sets/sandstone 19 
16 19 tiles/sets/sandstone 19 
17 19 tiles/sets/sandstone 19 
18 19 tiles/sets/sandstone 19 
19 19 tiles/sets/sandstone 19 
20 19 tiles/sets/sandstone 19 
21 19 tiles/sets/sandstone 19 
22 19 tiles/sets/sandstone 19 
23 19 tiles/sets/sandstone 19 
24 19 tiles/sets/sandstone 19 
25 19 tiles/sets/sandstone 19 
26 19 tiles/sets/sandstone 19 
27 19 tiles/sets/sandstone 19 
28 19 tiles/sets/sandstone 19 
29 19 tiles/sets/sandstone 19 
30 19 tiles/sets/sandstone 19 
31 19 tiles/sets/sandstone 19 
13 26 tiles/sets/sandstone 17 
13 25 tiles/sets/sandstone 34 
13 24 tiles/sets/sandstone 34 
12 26 tiles/sets/sandstone 2 
12 25 tiles/sets/sandstone 4 
12 24 tiles/sets/sandstone 4 
4 25 tiles/coin_box 0 
4 24 tiles/coin_box 0 
2 23 tiles/sets/sandstone 19 
1 23 tiles/sets/sandstone 6 
2 26 tiles/sets/sandstone 49 
2 27 tiles/sets/sandstone 51 
1 27 tiles/sets/sandstone 2 
1 26 tiles/sets/sandstone 23 
0 26 tiles/sets/sandstone 2 
0 23 tiles/sets/sandstone 4 
0 25 tiles/sets/sandstone 4 
0 24 tiles/sets/sandstone 4 
1 24 tiles/sets/sandstone 34 
1 25 tiles/sets/sandstone 34 
2 24 tiles/enemy 1 
11 20 tiles/coin 0 
31 30 tiles/sets/sandstone 47 
5 30 tiles/sets/sandstone 32 
3 24 tiles/dialogue_trigger 0 howdidyougethere.dlg 
30 25 tiles/key 0 
26 32 tiles/sets/sandstone 5 
25 32 tiles/sets/sandstone 5 
24 32 tiles/sets/sandstone 5 
23 32 tiles/sets/sandstone 5 
22 32 tiles/sets/sandstone 5 
21 32 tiles/sets/sandstone 5 
20 32 tiles/sets/sandstone 5 
19 32 tiles/sets/sandstone 5 
14 31 tiles/sets/sandstone 49 
15 31 tiles/sets/sandstone 49 
16 31 tiles/sets/sandstone 49 
17 31 tiles/sets/sandstone 49 
18 31 tiles/sets/sandstone 49 
19 31 tiles/sets/sandstone 49 
20 31 tiles/sets/sandstone 49 
21 31 tiles/sets/sandstone 49 
22 31 tiles/sets/sandstone 49 
24 31 tiles/sets/sandstone 49 
26 31 tiles/sets/sandstone 49 
23 31 tiles/sets/sandstone 49 
25 31 tiles/sets/sandstone 49 
28 31 tiles/sets/sandstone 49 
29 31 tiles/sets/sandstone 49 
30 31 tiles/sets/sandstone 49 
31 31 tiles/sets/sandstone 36 
32 19 tiles/sets/sandstone 19 
33 19 tiles/sets/sandstone 19 
34 19 tiles/sets/sandstone 19 
35 19 tiles/sets/sandstone 19 
36 19 tiles/sets/sandstone 19 
37 19 tiles/sets/sandstone 19 
38 19 tiles/sets/sandstone 19 
39 19 tiles/sets/sandstone 19 
40 19 tiles/sets/sandstone 19 
40 18 tiles/sets/sandstone 5 
39 18 tiles/sets/sandstone 5 
32 17 tiles/sets/sandstone 5 
32 18 tiles/sets/sandstone 5 
33 18 tiles/sets/sandstone 5 
34 18 tiles/sets/sandstone 5 
35 18 tiles/sets/sandstone 5 
36 18 tiles/sets/sandstone 5 
37 18 tiles/sets/sandstone 5 
38 18 tiles/sets/sandstone 5 
39 17 tiles/sets/sandstone 5 
38 17 tiles/sets/sandstone 5 
38 16 tiles/sets/sandstone 49 
37 16 tiles/sets/sandstone 47 
37 17 tiles/sets/sandstone 36 
36 17 tiles/sets/sandstone 49 
35 17 tiles/sets/sandstone 49 
34 17 tiles/sets/sandstone 21 
33 17 tiles/sets/sandstone 5 
33 16 tiles/sets/sandstone 21 
34 16 tiles/sets/sandstone 32 
7 20 tiles/spawn 0 
43 19 tiles/sets/sandstone 19 
44 19 tiles/sets/sandstone 19 
45 19 tiles/sets/sandstone 19 
46 19 tiles/sets/sandstone 19 
47 19 tiles/sets/sandstone 19 
48 19 tiles/sets/sandstone 19 
49 19 tiles/sets/sandstone 19 
50 19 tiles/sets/sandstone 19 
51 19 tiles/sets/sandstone 19 
52 19 tiles/sets/sandstone 19 
53 19 tiles/sets/sandstone 19 
54 19 tiles/sets/sandstone 19 
55 19 tiles/sets/sandstone 19 
56 19 tiles/sets/sandstone 19 
57 19 tiles/sets/sandstone 19 
58 19 tiles/sets/sandstone 19 
43 16 tiles/sets/sandstone 5 
45 16 tiles/sets/sandstone 21 
46 16 tiles/sets/sandstone 32 
49 17 tiles/sets/sandstone 49 
48 17 tiles/sets/sandstone 49 
47 17 tiles/sets/sandstone 49 
46 17 tiles/sets/sandstone 21 
43 17 tiles/sets/sandstone 5 
52 18 tiles/sets/sandstone 49 
53 18 tiles/sets/sandstone 49 
54 18 tiles/sets/sandstone 49 
44 18 tiles/sets/sandstone 5 
43 18 tiles/sets/sandstone 5 
45 15 tiles/sets/sandstone 34 
59 19 tiles/sets/sandstone 19 
60 19 tiles/sets/sandstone 19 
61 19 tiles/sets/sandstone 19 
62 19 tiles/sets/sandstone 19 
63 19 tiles/sets/sandstone 19 
64 19 tiles/sets/sandstone 19 
65 19 tiles/sets/sandstone 19 
80 19 tiles/sets/sandstone 46 
81 19 tiles/sets/sandstone 27 
82 19 tiles/sets/sandstone 19 
83 19 tiles/sets/sandstone 19 
84 19 tiles/sets/sandstone 19 
85 19 tiles/sets/sandstone 19 
86 19 tiles/sets/sandstone 19 
87 19 tiles/sets/sandstone 19 
88 19 tiles/sets/sandstone 17 
89 18 tiles/sets/sandstone 17 
89 17 tiles/sets/sandstone 34 
89 16 tiles/sets/sandstone 34 
89 15 tiles/sets/sandstone 32 
88 14 tiles/sets/sandstone 34 
88 13 tiles/sets/sandstone 32 
87 13 tiles/sets/sandstone 21 
87 12 tiles/sets/sandstone 32 
86 12 tiles/sets/sandstone 21 
86 11 tiles/sets/sandstone 32 
85 10 tiles/sets/sandstone 32 
84 9 tiles/sets/sandstone 32 
83 9 tiles/sets/sandstone 49 
82 8 tiles/sets/sandstone 32 
81 8 tiles/sets/sandstone 49 
80 8 tiles/sets/sandstone 49 
79 8 tiles/sets/sandstone 49 
78 8 tiles/sets/sandstone 49 
77 7 tiles/sets/sandstone 32 
76 7 tiles/sets/sandstone 49 
75 7 tiles/sets/sandstone 49 
74 7 tiles/sets/sandstone 49 
73 7 tiles/sets/sandstone 49 
72 7 tiles/sets/sandstone 21 
72 6 tiles/sets/sandstone 32 
71 6 tiles/sets/sandstone 49 
70 6 tiles/sets/sandstone 49 
69 6 tiles/sets/sandstone 49 
68 6 tiles/sets/sandstone 49 
67 6 tiles/sets/sandstone 49 
66 6 tiles/sets/sandstone 47 
66 7 tiles/sets/sandstone 36 
65 7 tiles/sets/sandstone 49 
64 7 tiles/sets/sandstone 49 
63 7 tiles/sets/sandstone 49 
62 7 tiles/sets/sandstone 21 
80 10 tiles/sets/sandstone 5 
81 10 tiles/sets/sandstone 5 
82 10 tiles/sets/sandstone 5 
83 10 tiles/sets/sandstone 5 
84 10 tiles/sets/sandstone 21 
64 10 tiles/sets/sandstone 5 
73 10 tiles/sets/sandstone 5 
74 10 tiles/sets/sandstone 5 
75 10 tiles/sets/sandstone 5 
76 10 tiles/sets/sandstone 5 
77 10 tiles/sets/sandstone 5 
78 10 tiles/sets/sandstone 5 
79 10 tiles/sets/sandstone 5 
63 10 tiles/sets/sandstone 5 
63 18 tiles/sets/sandstone 5 
62 18 tiles/sets/sandstone 5 
80 9 tiles/sets/sandstone 5 
81 9 tiles/sets/sandstone 5 
82 9 tiles/sets/sandstone 21 
73 9 tiles/sets/sandstone 5 
74 9 tiles/sets/sandstone 5 
72 9 tiles/sets/sandstone 5 
75 9 tiles/sets/sandstone 5 
76 9 tiles/sets/sandstone 5 
77 9 tiles/sets/sandstone 5 
78 9 tiles/sets/sandstone 5 
79 9 tiles/sets/sandstone 5 
67 9 tiles/sets/sandstone 5 
66 9 tiles/sets/sandstone 5 
65 9 tiles/sets/sandstone 5 
64 9 tiles/sets/sandstone 5 
71 9 tiles/sets/sandstone 5 
70 9 tiles/sets/sandstone 5 
69 9 tiles/sets/sandstone 5 
68 9 tiles/sets/sandstone 5 
63 9 tiles/sets/sandstone 5 
88 18 tiles/sets/sandstone 6 
81 18 tiles/sets/sandstone 47 
82 18 tiles/sets/sandstone 49 
83 18 tiles/sets/sandstone 36 
84 18 tiles/sets/sandstone 5 
85 18 tiles/sets/sandstone 5 
86 18 tiles/sets/sandstone 5 
87 18 tiles/sets/sandstone 5 
65 18 tiles/sets/sandstone 49 
64 18 tiles/sets/sandstone 21 
66 12 tiles/sets/sandstone 19 
65 12 tiles/sets/sandstone 6 
85 12 tiles/sets/sandstone 5 
79 11 tiles/sets/sandstone 5 
67 11 tiles/sets/sandstone 5 
66 11 tiles/sets/sandstone 5 
80 11 tiles/sets/sandstone 5 
81 11 tiles/sets/sandstone 5 
82 11 tiles/sets/sandstone 5 
83 11 tiles/sets/sandstone 5 
84 11 tiles/sets/sandstone 5 
85 11 tiles/sets/sandstone 21 
63 11 tiles/sets/sandstone 5 
85 14 tiles/sets/sandstone 5 
86 14 tiles/sets/sandstone 5 
87 14 tiles/sets/sandstone 5 
67 7 tiles/sets/sandstone 5 
71 7 tiles/sets/sandstone 5 
70 7 tiles/sets/sandstone 5 
69 7 tiles/sets/sandstone 5 
68 7 tiles/sets/sandstone 5 
85 13 tiles/sets/sandstone 5 
86 13 tiles/sets/sandstone 5 
85 16 tiles/sets/sandstone 5 
86 16 tiles/sets/sandstone 5 
87 16 tiles/sets/sandstone 5 
88 16 tiles/sets/sandstone 5 
63 8 tiles/sets/sandstone 5 
67 8 tiles/sets/sandstone 5 
66 8 tiles/sets/sandstone 5 
65 8 tiles/sets/sandstone 5 
64 8 tiles/sets/sandstone 5 
71 8 tiles/sets/sandstone 5 
70 8 tiles/sets/sandstone 5 
69 8 tiles/sets/sandstone 5 
68 8 tiles/sets/sandstone 5 
73 8 tiles/sets/sandstone 5 
74 8 tiles/sets/sandstone 5 
72 8 tiles/sets/sandstone 5 
75 8 tiles/sets/sandstone 5 
76 8 tiles/sets/sandstone 5 
77 8 tiles/sets/sandstone 21 
88 17 tiles/sets/sandstone 5 
84 17 tiles/sets/sandstone 5 
85 17 tiles/sets/sandstone 5 
86 17 tiles/sets/sandstone 5 
87 17 tiles/sets/sandstone 5 
83 17 tiles/sets/sandstone 4 
88 15 tiles/sets/sandstone 21 
85 15 tiles/sets/sandstone 5 
86 15 tiles/sets/sandstone 5 
87 15 tiles/sets/sandstone 5 
45 13 tiles/sets/sandstone 34 
45 14 tiles/sets/sandstone 34 
44 14 tiles/sets/sandstone 5 
44 15 tiles/sets/sandstone 5 
44 16 tiles/sets/sandstone 5 
44 17 tiles/sets/sandstone 5 
45 17 tiles/sets/sandstone 5 
45 18 tiles/sets/sandstone 5 
46 18 tiles/sets/sandstone 5 
47 18 tiles/sets/sandstone 5 
48 18 tiles/sets/sandstone 5 
49 18 tiles/sets/sandstone 5 
50 18 tiles/sets/sandstone 21 
50 17 tiles/sets/sandstone 32 
48 15 tiles/enemy 1 
45 12 tiles/sets/sandstone 6 
46 12 tiles/sets/sandstone 19 
48 12 tiles/sets/sandstone 19 
47 12 tiles/sets/sandstone 19 
44 11 tiles/sets/sandstone 5 
45 11 tiles/sets/sandstone 5 
46 11 tiles/sets/sandstone 5 
50 11 tiles/sets/sandstone 5 
48 11 tiles/sets/sandstone 5 
47 11 tiles/sets/sandstone 5 
47 10 tiles/sets/sandstone 5 
48 10 tiles/sets/sandstone 5 
51 11 tiles/sets/sandstone 5 
51 12 tiles/sets/sandstone 19 
50 12 tiles/sets/sandstone 19 
49 12 tiles/sets/sandstone 19 
49 11 tiles/sets/sandstone 5 
49 10 tiles/sets/sandstone 5 
50 10 tiles/sets/sandstone 5 
51 10 tiles/sets/sandstone 5 
54 10 tiles/sets/sandstone 5 
52 11 tiles/sets/sandstone 5 
52 10 tiles/sets/sandstone 5 
53 10 tiles/sets/sandstone 5 
52 12 tiles/sets/sandstone 19 
53 12 tiles/sets/sandstone 51 
53 11 tiles/sets/sandstone 5 
54 11 tiles/sets/sandstone 5 
55 11 tiles/sets/sandstone 5 
56 11 tiles/sets/sandstone 5 
57 11 tiles/sets/sandstone 5 
55 12 tiles/sets/sandstone 5 
56 12 tiles/sets/sandstone 5 
55 13 tiles/sets/sandstone 19 
56 13 tiles/sets/sandstone 19 
57 13 tiles/sets/sandstone 19 
58 13 tiles/sets/sandstone 19 
59 13 tiles/sets/sandstone 19 
59 12 tiles/sets/sandstone 5 
57 12 tiles/sets/sandstone 5 
58 12 tiles/sets/sandstone 5 
58 11 tiles/sets/sandstone 5 
59 11 tiles/sets/sandstone 5 
59 10 tiles/sets/sandstone 5 
60 10 tiles/sets/sandstone 5 
60 13 tiles/sets/sandstone 19 
60 12 tiles/sets/sandstone 5 
60 11 tiles/sets/sandstone 5 
61 11 tiles/sets/sandstone 5 
61 12 tiles/sets/sandstone 5 
63 12 tiles/sets/sandstone 5 
62 12 tiles/sets/sandstone 5 
61 13 tiles/sets/sandstone 19 
62 13 tiles/sets/sandstone 19 
63 13 tiles/sets/sandstone 19 
64 13 tiles/sets/sandstone 19 
65 13 tiles/sets/sandstone 17 
64 12 tiles/sets/sandstone 5 
64 11 tiles/sets/sandstone 5 
65 11 tiles/sets/sandstone 5 
65 10 tiles/sets/sandstone 5 
66 10 tiles/sets/sandstone 5 
67 10 tiles/sets/sandstone 5 
68 10 tiles/sets/sandstone 5 
69 10 tiles/sets/sandstone 5 
70 10 tiles/sets/sandstone 5 
71 10 tiles/sets/sandstone 5 
72 10 tiles/sets/sandstone 5 
71 11 tiles/sets/sandstone 19 
72 11 tiles/sets/sandstone 19 
73 11 tiles/sets/sandstone 19 
74 11 tiles/sets/sandstone 19 
75 11 tiles/sets/sandstone 19 
76 11 tiles/sets/sandstone 51 
77 11 tiles/sets/sandstone 5 
78 11 tiles/sets/sandstone 5 
76 12 tiles/sets/sandstone 2 
77 12 tiles/sets/sandstone 19 
78 12 tiles/sets/sandstone 19 
79 12 tiles/sets/sandstone 19 
80 12 tiles/sets/sandstone 19 
81 12 tiles/sets/sandstone 51 
82 12 tiles/sets/sandstone 5 
83 12 tiles/sets/sandstone 5 
84 12 tiles/sets/sandstone 5 
84 13 tiles/sets/sandstone 5 
83 13 tiles/sets/sandstone 51 
82 13 tiles/sets/sandstone 19 
81 13 tiles/sets/sandstone 2 
66 18 tiles/sets/sandstone 49 
66 19 tiles/sets/sandstone 19 
67 18 tiles/sets/sandstone 49 
67 19 tiles/sets/sandstone 19 
68 18 tiles/sets/sandstone 49 
68 19 tiles/sets/sandstone 19 
69 18 tiles/sets/sandstone 49 
69 19 tiles/sets/sandstone 19 
70 18 tiles/sets/sandstone 49 
70 19 tiles/sets/sandstone 19 
71 18 tiles/sets/sandstone 49 
71 19 tiles/sets/sandstone 19 
72 18 tiles/sets/sandstone 49 
72 19 tiles/sets/sandstone 19 
73 18 tiles/sets/sandstone 49 
73 19 tiles/sets/sandstone 19 
74 18 tiles/sets/sandstone 49 
74 19 tiles/sets/sandstone 19 
75 18 tiles/sets/sandstone 49 
75 19 tiles/sets/sandstone 19 
76 18 tiles/sets/sandstone 49 
76 19 tiles/sets/sandstone 19 
77 18 tiles/sets/sandstone 49 
77 19 tiles/sets/sandstone 19 
61 16 tiles/sets/sandstone 41 
61 17 tiles/sets/sandstone 21 
60 17 tiles/sets/sandstone 5 
60 16 tiles/sets/sandstone 49 
59 17 tiles/sets/sandstone 36 
61 15 tiles/sets/sandstone 59 
62 15 tiles/sets/sandstone 18 
63 15 tiles/sets/sandstone 18 
64 15 tiles/sets/sandstone 16 
62 17 tiles/sets/sandstone 49 
63 17 tiles/sets/sandstone 49 
64 17 tiles/sets/sandstone 32 
59 16 tiles/sets/sandstone 47 
58 17 tiles/sets/sandstone 47 
62 16 tiles/enemy 2 
79 20 tiles/enemy_box 2 
80 16 tiles/sets/sandstone 46 
81 16 tiles/sets/sandstone 27 
82 16 tiles/sets/sandstone 19 
83 16 tiles/sets/sandstone 51 
84 16 tiles/sets/sandstone 5 
82 15 tiles/sets/sandstone 49 
81 15 tiles/sets/sandstone 47 
83 15 tiles/sets/sandstone 36 
84 15 tiles/sets/sandstone 5 
84 14 tiles/sets/sandstone 5 
83 14 tiles/sets/sandstone 4 
82 17 tiles/enemy 0 
79 17 tiles/sets/bounce 0 
78 18 tiles/sets/sandstone 32 
78 19 tiles/sets/sandstone 17 
79 19 tiles/one_way 2 
80 21 tiles/sets/sandstone 32 
79 21 tiles/sets/sandstone 49 
77 24 tiles/sets/sandstone 47 
78 22 tiles/sets/sandstone 4 
78 23 tiles/sets/sandstone 4 
78 24 tiles/sets/sandstone 36 
80 22 tiles/sets/sandstone 34 
80 23 tiles/sets/sandstone 21 
80 24 tiles/sets/sandstone 5 
78 21 tiles/sets/sandstone 47 
79 22 tiles/sets/sandstone 5 
79 23 tiles/sets/sandstone 5 
79 24 tiles/sets/sandstone 5 
79 25 tiles/sets/sandstone 5 
77 26 tiles/sets/sandstone 4 
77 25 tiles/sets/sandstone 4 
78 25 tiles/sets/sandstone 5 
78 26 tiles/sets/sandstone 5 
79 26 tiles/sets/sandstone 5 
80 26 tiles/sets/sandstone 5 
80 25 tiles/sets/sandstone 5 
81 23 tiles/sets/sandstone 32 
81 24 tiles/sets/sandstone 34 
81 25 tiles/sets/sandstone 34 
81 26 tiles/sets/sandstone 34 
33 28 tiles/sets/sandstone 34 
33 29 tiles/sets/sandstone 21 
34 29 tiles/sets/sandstone 32 
35 30 tiles/sets/sandstone 32 
34 30 tiles/sets/sandstone 21 
39 34 tiles/sets/sandstone 5 
38 34 tiles/sets/sandstone 5 
35 31 tiles/sets/sandstone 21 
34 31 tiles/sets/sandstone 5 
36 32 tiles/sets/sandstone 21 
37 33 tiles/sets/sandstone 5 
36 31 tiles/sets/sandstone 32 
37 32 tiles/sets/sandstone 49 
38 32 tiles/sets/sandstone 32 
38 33 tiles/sets/sandstone 21 
39 33 tiles/sets/sandstone 49 
40 33 tiles/sets/sandstone 32 
48 35 tiles/sets/sandstone 49 
49 35 tiles/sets/sandstone 49 
50 35 tiles/sets/sandstone 49 
51 35 tiles/sets/sandstone 49 
53 36 tiles/sets/sandstone 19 
56 35 tiles/sets/sandstone 49 
57 35 tiles/sets/sandstone 49 
58 35 tiles/sets/sandstone 49 
59 35 tiles/sets/sandstone 49 
68 33 tiles/sets/sandstone 49 
69 32 tiles/sets/sandstone 47 
67 33 tiles/sets/sandstone 49 
66 33 tiles/sets/sandstone 47 
55 35 tiles/sets/sandstone 49 
54 35 tiles/sets/sandstone 49 
53 35 tiles/sets/sandstone 49 
52 35 tiles/sets/sandstone 49 
52 36 tiles/sets/sandstone 19 
51 36 tiles/sets/sandstone 19 
50 36 tiles/sets/sandstone 19 
46 36 tiles/sets/sandstone 19 
49 36 tiles/sets/sandstone 19 
48 36 tiles/sets/sandstone 19 
47 36 tiles/sets/sandstone 19 
47 35 tiles/sets/sandstone 49 
46 35 tiles/sets/sandstone 21 
45 35 tiles/sets/sandstone 5 
44 35 tiles/sets/sandstone 5 
42 34 tiles/sets/sandstone 49 
40 34 tiles/sets/sandstone 21 
41 34 tiles/sets/sandstone 49 
42 35 tiles/sets/sandstone 51 
43 35 tiles/sets/sandstone 5 
43 34 tiles/sets/sandstone 49 
44 34 tiles/sets/sandstone 49 
45 34 tiles/sets/sandstone 49 
46 34 tiles/sets/sandstone 32 
60 34 tiles/sets/sandstone 47 
61 34 tiles/sets/sandstone 49 
62 34 tiles/sets/sandstone 49 
63 34 tiles/sets/sandstone 49 
64 34 tiles/sets/sandstone 49 
65 34 tiles/sets/sandstone 49 
66 34 tiles/sets/sandstone 36 
69 33 tiles/sets/sandstone 36 
70 33 tiles/sets/sandstone 5 
77 29 tiles/sets/sandstone 5 
72 30 tiles/sets/sandstone 47 
73 30 tiles/sets/sandstone 36 
73 29 tiles/sets/sandstone 47 
74 29 tiles/sets/sandstone 36 
74 28 tiles/sets/sandstone 47 
75 28 tiles/sets/sandstone 49 
79 27 tiles/sets/sandstone 5 
76 29 tiles/sets/sandstone 5 
75 29 tiles/sets/sandstone 5 
71 32 tiles/sets/sandstone 36 
70 32 tiles/sets/sandstone 49 
71 31 tiles/sets/sandstone 47 
72 31 tiles/sets/sandstone 36 
73 31 tiles/sets/sandstone 5 
74 31 tiles/sets/sandstone 5 
74 30 tiles/sets/sandstone 5 
75 30 tiles/sets/sandstone 5 
76 30 tiles/sets/sandstone 5 
81 27 tiles/sets/sandstone 17 
80 27 tiles/sets/sandstone 6 
78 29 tiles/sets/sandstone 5 
78 28 tiles/sets/sandstone 5 
77 28 tiles/sets/sandstone 5 
76 28 tiles/sets/sandstone 36 
76 27 tiles/sets/sandstone 47 
77 27 tiles/sets/sandstone 36 
78 27 tiles/sets/sandstone 5 
79 28 tiles/sets/sandstone 5 
80 28 tiles/sets/sandstone 34 
80 29 tiles/sets/sandstone 17 
79 29 tiles/sets/sandstone 6 
79 30 tiles/sets/sandstone 17 
78 30 tiles/sets/sandstone 6 
78 31 tiles/sets/sandstone 17 
72 32 tiles/sets/sandstone 5 
75 31 tiles/sets/sandstone 5 
77 30 tiles/sets/sandstone 5 
77 31 tiles/sets/sandstone 19 
76 31 tiles/sets/sandstone 6 
76 32 tiles/sets/sandstone 17 
75 32 tiles/sets/sandstone 19 
74 32 tiles/sets/sandstone 19 
73 32 tiles/sets/sandstone 6 
73 33 tiles/sets/sandstone 17 
72 33 tiles/sets/sandstone 19 
71 33 tiles/sets/sandstone 6 
71 34 tiles/sets/sandstone 17 
70 34 tiles/sets/sandstone 19 
69 34 tiles/sets/sandstone 19 
68 34 tiles/sets/sandstone 19 
67 34 tiles/sets/sandstone 6 
67 35 tiles/sets/sandstone 17 
66 35 tiles/sets/sandstone 19 
65 35 tiles/sets/sandstone 19 
64 35 tiles/sets/sandstone 19 
63 35 tiles/sets/sandstone 19 
62 35 tiles/sets/sandstone 19 
61 35 tiles/sets/sandstone 19 
60 35 tiles/sets/sandstone 8 
60 36 tiles/sets/sandstone 17 
59 36 tiles/sets/sandstone 19 
58 36 tiles/sets/sandstone 19 
57 36 tiles/sets/sandstone 19 
56 36 tiles/sets/sandstone 19 
55 36 tiles/sets/sandstone 19 
54 36 tiles/sets/sandstone 19 
33 22 tiles/sets/sandstone 49 
34 22 tiles/sets/sandstone 49 
34 24 tiles/sets/sandstone 17 
34 23 tiles/sets/sandstone 6 
35 23 tiles/sets/sandstone 19 
35 22 tiles/sets/sandstone 49 
36 22 tiles/sets/sandstone 8 
36 23 tiles/sets/sandstone 17 
38 22 tiles/sets/sandstone 17 
37 22 tiles/sets/sandstone 19 
37 21 tiles/sets/sandstone 49 
38 21 tiles/sets/sandstone 32 
36 21 tiles/sets/sandstone 47 
37 20 tiles/key_box 0 
43 25 tiles/text 1 Remeber that you can press 'K' to reset from the last checkpoint 
13 27 tiles/text 1 Hold shift to look around (may be disabled in some levels) 
44 20 tiles/checkpoint 0 
19 23 tiles/sets/sandstone 19 
20 23 tiles/sets/sandstone 19 
21 23 tiles/sets/sandstone 19 
18 24 tiles/half_spike 0 
19 24 tiles/half_spike 0 
20 24 tiles/half_spike 0 
54 14 tiles/half_spike 0 
69 12 tiles/half_spike 0 
70 12 tiles/half_spike 0 
67 12 tiles/sets/sandstone 19 
68 12 tiles/sets/sandstone 17 
68 11 tiles/sets/sandstone 6 
69 11 tiles/sets/sandstone 19 
70 11 tiles/sets/sandstone 19 
53 13 tiles/sets/sandstone 2 
54 13 tiles/sets/sandstone 19 
54 12 tiles/sets/sandstone 5 
75 12 tiles/half_spike 0 
74 12 tiles/half_spike 0 
73 12 tiles/half_spike 0 
72 12 tiles/half_spike 0 
71 12 tiles/half_spike 0 
64 16 tiles/enemy_box 4 
79 16 tiles/enemy_box 7 
3 22 tiles/sets/sandstone 21 
0 22 tiles/sets/sandstone 47 
1 22 tiles/sets/sandstone 36 
1 21 tiles/sets/sandstone 47 
2 22 tiles/sets/sandstone 5 
2 21 tiles/sets/sandstone 36 
3 21 tiles/sets/sandstone 34 
4 19 tiles/sets/sandstone 19 
3 20 tiles/sets/sandstone 34 
2 20 tiles/sets/sandstone 4 
2 19 tiles/sets/sandstone 47 
3 19 tiles/sets/sandstone 8 
3 18 tiles/sets/sandstone 4 
3 17 tiles/sets/sandstone 47 
55 14 tiles/half_spike 0 
67 17 tiles/half_spike 2 
2 29 tiles/sets/sandstone 2 
2 28 tiles/sets/sandstone 4 
33 31 tiles/sets/sandstone 5 
35 32 tiles/sets/sandstone 5 
34 32 tiles/sets/sandstone 5 
33 32 tiles/sets/sandstone 5 
32 32 tiles/sets/sandstone 5 
31 32 tiles/sets/sandstone 5 
30 32 tiles/sets/sandstone 5 
29 32 tiles/sets/sandstone 5 
28 32 tiles/sets/sandstone 5 
27 32 tiles/sets/sandstone 5 
24 33 tiles/sets/sandstone 5 
25 33 tiles/sets/sandstone 5 
26 33 tiles/sets/sandstone 5 
27 33 tiles/sets/sandstone 5 
28 33 tiles/sets/sandstone 5 
29 33 tiles/sets/sandstone 5 
30 33 tiles/sets/sandstone 5 
31 33 tiles/sets/sandstone 5 
32 33 tiles/sets/sandstone 5 
33 33 tiles/sets/sandstone 5 
34 33 tiles/sets/sandstone 5 
35 33 tiles/sets/sandstone 5 
36 33 tiles/sets/sandstone 5 
37 34 tiles/sets/sandstone 5 
36 34 tiles/sets/sandstone 51 
34 34 tiles/sets/sandstone 19 
18 32 tiles/sets/sandstone 5 
17 32 tiles/sets/sandstone 5 
16 32 tiles/sets/sandstone 5 
15 32 tiles/sets/sandstone 5 
14 32 tiles/sets/sandstone 5 
13 32 tiles/sets/sandstone 5 
9 33 tiles/sets/sandstone 2 
10 33 tiles/sets/sandstone 19 
11 33 tiles/sets/sandstone 19 
12 33 tiles/sets/sandstone 19 
13 33 tiles/sets/sandstone 19 
14 33 tiles/sets/sandstone 19 
15 33 tiles/sets/sandstone 19 
16 33 tiles/sets/sandstone 19 
17 33 tiles/sets/sandstone 19 
18 33 tiles/sets/sandstone 19 
19 33 tiles/sets/sandstone 19 
20 33 tiles/sets/sandstone 19 
23 33 tiles/sets/sandstone 5 
21 33 tiles/sets/sandstone 19 
22 33 tiles/sets/sandstone 51 
22 34 tiles/sets/sandstone 2 
23 34 tiles/sets/sandstone 19 
24 34 tiles/sets/sandstone 19 
25 34 tiles/sets/sandstone 19 
26 34 tiles/sets/sandstone 19 
27 34 tiles/sets/sandstone 19 
28 34 tiles/sets/sandstone 19 
29 34 tiles/sets/sandstone 19 
30 34 tiles/sets/sandstone 19 
31 34 tiles/sets/sandstone 19 
32 34 tiles/sets/sandstone 19 
33 34 tiles/sets/sandstone 19 
35 34 tiles/sets/sandstone 19 
36 35 tiles/sets/sandstone 2 
37 35 tiles/sets/sandstone 19 
38 35 tiles/sets/sandstone 19 
39 35 tiles/sets/sandstone 19 
40 35 tiles/sets/sandstone 19 
41 35 tiles/sets/sandstone 19 
42 36 tiles/sets/sandstone 2 
43 36 tiles/sets/sandstone 19 
44 36 tiles/sets/sandstone 19 
45 36 tiles/sets/sandstone 19 
@background_tiles
7 32 tiles/sets/sandstone 19 
6 32 tiles/sets/sandstone 19 
5 32 tiles/sets/sandstone 19 
4 32 tiles/sets/sandstone 2 
4 31 tiles/sets/sandstone 51 
3 31 tiles/sets/sandstone 2 
3 30 tiles/sets/sandstone 4 
3 29 tiles/sets/sandstone 4 
3 28 tiles/sets/sandstone 4 
3 26 tiles/sets/sandstone 5 
3 27 tiles/sets/sandstone 51 
2 27 tiles/sets/sandstone 19 
1 27 tiles/sets/sandstone 2 
1 26 tiles/sets/sandstone 51 
0 26 tiles/sets/sandstone 2 
0 25 tiles/sets/sandstone 4 
0 24 tiles/sets/sandstone 4 
0 23 tiles/sets/sandstone 47 
1 23 tiles/sets/sandstone 36 
1 22 tiles/sets/sandstone 47 
2 22 tiles/sets/sandstone 49 
4 22 tiles/sets/sandstone 5 
5 22 tiles/sets/sandstone 5 
7 22 tiles/sets/sandstone 5 
8 22 tiles/sets/sandstone 5 
9 22 tiles/sets/sandstone 5 
10 22 tiles/sets/sandstone 5 
11 22 tiles/sets/sandstone 5 
12 22 tiles/sets/sandstone 5 
13 22 tiles/sets/sandstone 5 
14 22 tiles/sets/sandstone 5 
15 22 tiles/sets/sandstone 5 
16 22 tiles/sets/sandstone 5 
17 22 tiles/sets/sandstone 5 
18 22 tiles/sets/sandstone 5 
19 22 tiles/sets/sandstone 5 
20 22 tiles/sets/sandstone 5 
21 22 tiles/sets/sandstone 5 
22 22 tiles/sets/sandstone 5 
23 22 tiles/sets/sandstone 5 
24 22 tiles/sets/sandstone 5 
25 22 tiles/sets/sandstone 5 
26 22 tiles/sets/sandstone 5 
27 22 tiles/sets/sandstone 5 
28 22 tiles/sets/sandstone 5 
29 22 tiles/sets/sandstone 5 
30 22 tiles/sets/sandstone 5 
31 22 tiles/sets/sandstone 5 
32 22 tiles/sets/sandstone 5 
32 23 tiles/sets/sandstone 5 
33 24 tiles/sets/sandstone 5 
33 25 tiles/sets/sandstone 5 
33 26 tiles/sets/sandstone 5 
33 27 tiles/sets/sandstone 5 
33 28 tiles/sets/sandstone 5 
33 29 tiles/sets/sandstone 5 
33 30 tiles/sets/sandstone 5 
33 31 tiles/sets/sandstone 19 
32 31 tiles/sets/sandstone 6 
32 32 tiles/sets/sandstone 17 
31 32 tiles/sets/sandstone 19 
30 32 tiles/sets/sandstone 19 
29 32 tiles/sets/sandstone 19 
28 32 tiles/sets/sandstone 19 
27 32 tiles/sets/sandstone 19 
26 32 tiles/sets/sandstone 19 
25 32 tiles/sets/sandstone 19 
24 32 tiles/sets/sandstone 19 
23 32 tiles/sets/sandstone 19 
22 32 tiles/sets/sandstone 19 
21 32 tiles/sets/sandstone 19 
20 32 tiles/sets/sandstone 19 
19 32 tiles/sets/sandstone 19 
18 32 tiles/sets/sandstone 19 
17 32 tiles/sets/sandstone 19 
16 32 tiles/sets/sandstone 19 
15 32 tiles/sets/sandstone 19 
14 32 tiles/sets/sandstone 19 
13 32 tiles/sets/sandstone 19 
12 32 tiles/sets/sandstone 19 
11 32 tiles/sets/sandstone 19 
10 32 tiles/sets/sandstone 19 
9 32 tiles/sets/sandstone 19 
8 32 tiles/sets/sandstone 19 
12 23 tiles/sets/sandstone 5 
13 23 tiles/sets/sandstone 5 
14 23 tiles/sets/sandstone 5 
15 23 tiles/sets/sandstone 5 
32 24 tiles/sets/sandstone 5 
8 23 tiles/sets/sandstone 5 
9 23 tiles/sets/sandstone 5 
10 23 tiles/sets/sandstone 5 
11 23 tiles/sets/sandstone 5 
25 23 tiles/sets/sandstone 5 
24 23 tiles/sets/sandstone 5 
27 23 tiles/sets/sandstone 5 
26 23 tiles/sets/sandstone 5 
29 23 tiles/sets/sandstone 5 
28 23 tiles/sets/sandstone 5 
31 23 tiles/sets/sandstone 5 
30 23 tiles/sets/sandstone 5 
17 23 tiles/sets/sandstone 5 
16 23 tiles/sets/sandstone 5 
19 23 tiles/sets/sandstone 5 
18 23 tiles/sets/sandstone 5 
21 23 tiles/sets/sandstone 5 
20 23 tiles/sets/sandstone 5 
23 23 tiles/sets/sandstone 5 
22 23 tiles/sets/sandstone 5 
3 23 tiles/sets/sandstone 5 
32 25 tiles/sets/sandstone 5 
2 23 tiles/sets/sandstone 5 
6 23 tiles/sets/sandstone 5 
7 23 tiles/sets/sandstone 5 
4 23 tiles/sets/sandstone 5 
5 23 tiles/sets/sandstone 5 
3 24 tiles/sets/sandstone 5 
11 25 tiles/sets/sandstone 5 
10 25 tiles/sets/sandstone 5 
9 25 tiles/sets/sandstone 5 
8 25 tiles/sets/sandstone 5 
2 24 tiles/sets/sandstone 5 
15 25 tiles/sets/sandstone 5 
14 25 tiles/sets/sandstone 5 
13 25 tiles/sets/sandstone 5 
12 25 tiles/sets/sandstone 5 
23 25 tiles/sets/sandstone 5 
6 24 tiles/sets/sandstone 5 
22 25 tiles/sets/sandstone 5 
21 25 tiles/sets/sandstone 5 
20 25 tiles/sets/sandstone 5 
19 25 tiles/sets/sandstone 5 
7 24 tiles/sets/sandstone 5 
18 25 tiles/sets/sandstone 5 
17 25 tiles/sets/sandstone 5 
16 25 tiles/sets/sandstone 5 
4 24 tiles/sets/sandstone 5 
31 25 tiles/sets/sandstone 5 
30 25 tiles/sets/sandstone 5 
29 25 tiles/sets/sandstone 5 
28 25 tiles/sets/sandstone 5 
5 24 tiles/sets/sandstone 5 
27 25 tiles/sets/sandstone 5 
26 25 tiles/sets/sandstone 5 
25 25 tiles/sets/sandstone 5 
24 25 tiles/sets/sandstone 5 
12 24 tiles/sets/sandstone 5 
13 24 tiles/sets/sandstone 5 
14 24 tiles/sets/sandstone 5 
15 24 tiles/sets/sandstone 5 
2 25 tiles/sets/sandstone 5 
8 24 tiles/sets/sandstone 5 
9 24 tiles/sets/sandstone 5 
10 24 tiles/sets/sandstone 5 
11 24 tiles/sets/sandstone 5 
3 25 tiles/sets/sandstone 5 
24 24 tiles/sets/sandstone 5 
25 24 tiles/sets/sandstone 5 
26 24 tiles/sets/sandstone 5 
5 25 tiles/sets/sandstone 5 
27 24 tiles/sets/sandstone 5 
28 24 tiles/sets/sandstone 5 
29 24 tiles/sets/sandstone 5 
30 24 tiles/sets/sandstone 5 
4 25 tiles/sets/sandstone 5 
31 24 tiles/sets/sandstone 5 
16 24 tiles/sets/sandstone 5 
17 24 tiles/sets/sandstone 5 
18 24 tiles/sets/sandstone 5 
19 24 tiles/sets/sandstone 5 
7 25 tiles/sets/sandstone 5 
20 24 tiles/sets/sandstone 5 
21 24 tiles/sets/sandstone 5 
22 24 tiles/sets/sandstone 5 
6 25 tiles/sets/sandstone 5 
23 24 tiles/sets/sandstone 5 
10 27 tiles/sets/sandstone 5 
11 27 tiles/sets/sandstone 5 
32 28 tiles/sets/sandstone 5 
8 27 tiles/sets/sandstone 5 
2 26 tiles/sets/sandstone 5 
9 27 tiles/sets/sandstone 5 
14 27 tiles/sets/sandstone 5 
15 27 tiles/sets/sandstone 5 
12 27 tiles/sets/sandstone 5 
13 27 tiles/sets/sandstone 5 
21 27 tiles/sets/sandstone 5 
20 27 tiles/sets/sandstone 5 
5 26 tiles/sets/sandstone 5 
23 27 tiles/sets/sandstone 5 
22 27 tiles/sets/sandstone 5 
17 27 tiles/sets/sandstone 5 
16 27 tiles/sets/sandstone 5 
19 27 tiles/sets/sandstone 5 
4 26 tiles/sets/sandstone 5 
18 27 tiles/sets/sandstone 5 
1 25 tiles/sets/sandstone 5 
29 27 tiles/sets/sandstone 5 
28 27 tiles/sets/sandstone 5 
7 26 tiles/sets/sandstone 5 
31 27 tiles/sets/sandstone 5 
30 27 tiles/sets/sandstone 5 
25 27 tiles/sets/sandstone 5 
24 27 tiles/sets/sandstone 5 
6 26 tiles/sets/sandstone 5 
27 27 tiles/sets/sandstone 5 
26 27 tiles/sets/sandstone 5 
11 26 tiles/sets/sandstone 5 
10 26 tiles/sets/sandstone 5 
32 29 tiles/sets/sandstone 5 
9 26 tiles/sets/sandstone 5 
8 26 tiles/sets/sandstone 5 
15 26 tiles/sets/sandstone 5 
14 26 tiles/sets/sandstone 5 
13 26 tiles/sets/sandstone 5 
12 26 tiles/sets/sandstone 5 
22 26 tiles/sets/sandstone 5 
23 26 tiles/sets/sandstone 5 
5 27 tiles/sets/sandstone 5 
20 26 tiles/sets/sandstone 5 
21 26 tiles/sets/sandstone 5 
18 26 tiles/sets/sandstone 5 
19 26 tiles/sets/sandstone 5 
4 27 tiles/sets/sandstone 5 
16 26 tiles/sets/sandstone 5 
17 26 tiles/sets/sandstone 5 
1 24 tiles/sets/sandstone 5 
30 26 tiles/sets/sandstone 5 
7 27 tiles/sets/sandstone 5 
31 26 tiles/sets/sandstone 5 
28 26 tiles/sets/sandstone 5 
29 26 tiles/sets/sandstone 5 
26 26 tiles/sets/sandstone 5 
6 27 tiles/sets/sandstone 5 
27 26 tiles/sets/sandstone 5 
24 26 tiles/sets/sandstone 5 
25 26 tiles/sets/sandstone 5 
9 29 tiles/sets/sandstone 5 
8 29 tiles/sets/sandstone 5 
11 29 tiles/sets/sandstone 5 
32 26 tiles/sets/sandstone 5 
10 29 tiles/sets/sandstone 5 
13 29 tiles/sets/sandstone 5 
12 29 tiles/sets/sandstone 5 
15 29 tiles/sets/sandstone 5 
14 29 tiles/sets/sandstone 5 
19 29 tiles/sets/sandstone 5 
5 28 tiles/sets/sandstone 5 
18 29 tiles/sets/sandstone 5 
17 29 tiles/sets/sandstone 5 
16 29 tiles/sets/sandstone 5 
23 29 tiles/sets/sandstone 5 
4 28 tiles/sets/sandstone 5 
22 29 tiles/sets/sandstone 5 
21 29 tiles/sets/sandstone 5 
20 29 tiles/sets/sandstone 5 
7 28 tiles/sets/sandstone 5 
27 29 tiles/sets/sandstone 5 
26 29 tiles/sets/sandstone 5 
25 29 tiles/sets/sandstone 5 
24 29 tiles/sets/sandstone 5 
6 28 tiles/sets/sandstone 5 
31 29 tiles/sets/sandstone 5 
30 29 tiles/sets/sandstone 5 
29 29 tiles/sets/sandstone 5 
28 29 tiles/sets/sandstone 5 
10 28 tiles/sets/sandstone 5 
11 28 tiles/sets/sandstone 5 
8 28 tiles/sets/sandstone 5 
32 27 tiles/sets/sandstone 5 
9 28 tiles/sets/sandstone 5 
14 28 tiles/sets/sandstone 5 
15 28 tiles/sets/sandstone 5 
12 28 tiles/sets/sandstone 5 
13 28 tiles/sets/sandstone 5 
20 28 tiles/sets/sandstone 5 
21 28 tiles/sets/sandstone 5 
22 28 tiles/sets/sandstone 5 
23 28 tiles/sets/sandstone 5 
4 29 tiles/sets/sandstone 5 
16 28 tiles/sets/sandstone 5 
17 28 tiles/sets/sandstone 5 
18 28 tiles/sets/sandstone 5 
19 28 tiles/sets/sandstone 5 
5 29 tiles/sets/sandstone 5 
28 28 tiles/sets/sandstone 5 
29 28 tiles/sets/sandstone 5 
30 28 tiles/sets/sandstone 5 
6 29 tiles/sets/sandstone 5 
31 28 tiles/sets/sandstone 5 
24 28 tiles/sets/sandstone 5 
25 28 tiles/sets/sandstone 5 
26 28 tiles/sets/sandstone 5 
7 29 tiles/sets/sandstone 5 
27 28 tiles/sets/sandstone 5 
8 31 tiles/sets/sandstone 5 
9 31 tiles/sets/sandstone 5 
10 31 tiles/sets/sandstone 5 
11 31 tiles/sets/sandstone 5 
12 31 tiles/sets/sandstone 5 
13 31 tiles/sets/sandstone 5 
14 31 tiles/sets/sandstone 5 
15 31 tiles/sets/sandstone 5 
17 31 tiles/sets/sandstone 5 
16 31 tiles/sets/sandstone 5 
19 31 tiles/sets/sandstone 5 
4 30 tiles/sets/sandstone 5 
18 31 tiles/sets/sandstone 5 
21 31 tiles/sets/sandstone 5 
20 31 tiles/sets/sandstone 5 
5 30 tiles/sets/sandstone 5 
23 31 tiles/sets/sandstone 5 
22 31 tiles/sets/sandstone 5 
25 31 tiles/sets/sandstone 5 
24 31 tiles/sets/sandstone 5 
6 30 tiles/sets/sandstone 5 
27 31 tiles/sets/sandstone 5 
26 31 tiles/sets/sandstone 5 
29 31 tiles/sets/sandstone 5 
28 31 tiles/sets/sandstone 5 
7 30 tiles/sets/sandstone 5 
31 31 tiles/sets/sandstone 5 
30 31 tiles/sets/sandstone 5 
9 30 tiles/sets/sandstone 5 
8 30 tiles/sets/sandstone 5 
11 30 tiles/sets/sandstone 5 
10 30 tiles/sets/sandstone 5 
13 30 tiles/sets/sandstone 5 
12 30 tiles/sets/sandstone 5 
15 30 tiles/sets/sandstone 5 
14 30 tiles/sets/sandstone 5 
18 30 tiles/sets/sandstone 5 
19 30 tiles/sets/sandstone 5 
16 30 tiles/sets/sandstone 5 
17 30 tiles/sets/sandstone 5 
22 30 tiles/sets/sandstone 5 
23 30 tiles/sets/sandstone 5 
5 31 tiles/sets/sandstone 5 
20 30 tiles/sets/sandstone 5 
21 30 tiles/sets/sandstone 5 
26 30 tiles/sets/sandstone 5 
6 31 tiles/sets/sandstone 5 
27 30 tiles/sets/sandstone 5 
24 30 tiles/sets/sandstone 5 
25 30 tiles/sets/sandstone 5 
30 30 tiles/sets/sandstone 5 
7 31 tiles/sets/sandstone 5 
31 30 tiles/sets/sandstone 5 
28 30 tiles/sets/sandstone 5 
29 30 tiles/sets/sandstone 5 
32 30 tiles/sets/sandstone 5 
9 5 tiles/sets/sandstone 47 
9 6 tiles/sets/sandstone 36 
8 6 tiles/sets/sandstone 47 
8 7 tiles/sets/sandstone 4 
8 8 tiles/sets/sandstone 36 
7 8 tiles/sets/sandstone 47 
7 9 tiles/sets/sandstone 4 
7 10 tiles/sets/sandstone 4 
7 11 tiles/sets/sandstone 4 
7 12 tiles/sets/sandstone 2 
8 12 tiles/sets/sandstone 51 
8 13 tiles/sets/sandstone 4 
8 14 tiles/sets/sandstone 2 
9 14 tiles/sets/sandstone 51 
9 15 tiles/sets/sandstone 2 
10 15 tiles/sets/sandstone 19 
11 15 tiles/sets/sandstone 51 
11 16 tiles/sets/sandstone 2 
12 16 tiles/sets/sandstone 19 
13 16 tiles/sets/sandstone 19 
14 16 tiles/sets/sandstone 19 
15 16 tiles/sets/sandstone 19 
16 16 tiles/sets/sandstone 19 
17 16 tiles/sets/sandstone 19 
18 16 tiles/sets/sandstone 19 
19 16 tiles/sets/sandstone 17 
19 15 tiles/sets/sandstone 6 
20 15 tiles/sets/sandstone 19 
21 15 tiles/sets/sandstone 19 
22 15 tiles/sets/sandstone 17 
22 14 tiles/sets/sandstone 6 
23 14 tiles/sets/sandstone 17 
23 13 tiles/sets/sandstone 34 
23 12 tiles/sets/sandstone 34 
23 11 tiles/sets/sandstone 34 
23 10 tiles/sets/sandstone 34 
23 9 tiles/sets/sandstone 32 
22 8 tiles/sets/sandstone 34 
22 7 tiles/sets/sandstone 34 
22 6 tiles/sets/sandstone 32 
21 6 tiles/sets/sandstone 21 
21 5 tiles/sets/sandstone 32 
20 5 tiles/sets/sandstone 49 
19 5 tiles/sets/sandstone 21 
19 4 tiles/sets/sandstone 32 
18 4 tiles/sets/sandstone 49 
17 4 tiles/sets/sandstone 49 
16 4 tiles/sets/sandstone 49 
15 4 tiles/sets/sandstone 49 
14 4 tiles/sets/sandstone 49 
13 4 tiles/sets/sandstone 49 
12 4 tiles/sets/sandstone 49 
11 4 tiles/sets/sandstone 47 
11 5 tiles/sets/sandstone 36 
10 5 tiles/sets/sandstone 49 
31 8 tiles/sets/sandstone 49 
32 8 tiles/sets/sandstone 49 
33 8 tiles/sets/sandstone 49 
34 8 tiles/sets/sandstone 49 
35 8 tiles/sets/sandstone 36 
35 7 tiles/sets/sandstone 47 
36 7 tiles/sets/sandstone 36 
36 6 tiles/sets/sandstone 47 
37 6 tiles/sets/sandstone 36 
37 5 tiles/sets/sandstone 47 
38 5 tiles/sets/sandstone 49 
39 5 tiles/sets/sandstone 49 
40 5 tiles/sets/sandstone 49 
41 5 tiles/sets/sandstone 32 
42 6 tiles/sets/sandstone 32 
43 7 tiles/sets/sandstone 49 
44 7 tiles/sets/sandstone 32 
44 8 tiles/sets/sandstone 34 
45 9 tiles/sets/sandstone 32 
45 10 tiles/sets/sandstone 34 
45 11 tiles/sets/sandstone 34 
44 12 tiles/sets/sandstone 5 
44 13 tiles/sets/sandstone 19 
43 13 tiles/sets/sandstone 6 
43 14 tiles/sets/sandstone 17 
42 14 tiles/sets/sandstone 19 
41 14 tiles/sets/sandstone 6 
41 15 tiles/sets/sandstone 17 
40 15 tiles/sets/sandstone 19 
39 15 tiles/sets/sandstone 6 
38 15 tiles/sets/sandstone 5 
37 15 tiles/sets/sandstone 5 
36 15 tiles/sets/sandstone 5 
35 15 tiles/sets/sandstone 5 
35 14 tiles/sets/sandstone 5 
34 14 tiles/sets/sandstone 5 
33 13 tiles/sets/sandstone 5 
32 13 tiles/sets/sandstone 51 
32 12 tiles/sets/sandstone 5 
32 11 tiles/sets/sandstone 5 
31 11 tiles/sets/sandstone 5 
31 10 tiles/sets/sandstone 5 
30 9 tiles/sets/sandstone 4 
30 8 tiles/sets/sandstone 47 
30 10 tiles/sets/sandstone 4 
30 11 tiles/sets/sandstone 4 
30 12 tiles/sets/sandstone 2 
31 12 tiles/sets/sandstone 51 
31 13 tiles/sets/sandstone 2 
32 14 tiles/sets/sandstone 2 
33 14 tiles/sets/sandstone 51 
33 15 tiles/sets/sandstone 2 
34 15 tiles/sets/sandstone 51 
34 16 tiles/sets/sandstone 4 
35 16 tiles/sets/sandstone 5 
36 16 tiles/sets/sandstone 5 
37 16 tiles/sets/sandstone 5 
39 16 tiles/sets/sandstone 17 
38 16 tiles/sets/sandstone 6 
38 17 tiles/sets/sandstone 17 
37 17 tiles/sets/sandstone 19 
36 17 tiles/sets/sandstone 19 
35 17 tiles/sets/sandstone 19 
34 17 tiles/sets/sandstone 2 
52 7 tiles/sets/sandstone 19 
51 7 tiles/sets/sandstone 2 
51 6 tiles/sets/sandstone 51 
50 6 tiles/sets/sandstone 2 
50 5 tiles/sets/sandstone 51 
49 5 tiles/sets/sandstone 2 
49 4 tiles/sets/sandstone 47 
50 4 tiles/sets/sandstone 36 
50 3 tiles/sets/sandstone 47 
51 3 tiles/sets/sandstone 49 
52 3 tiles/sets/sandstone 49 
53 3 tiles/sets/sandstone 49 
54 3 tiles/sets/sandstone 49 
55 3 tiles/sets/sandstone 49 
56 3 tiles/sets/sandstone 32 
56 4 tiles/sets/sandstone 34 
57 5 tiles/sets/sandstone 32 
57 6 tiles/sets/sandstone 17 
56 6 tiles/sets/sandstone 6 
56 7 tiles/sets/sandstone 17 
55 7 tiles/sets/sandstone 19 
54 7 tiles/sets/sandstone 19 
53 7 tiles/sets/sandstone 19 
56 5 tiles/sets/sandstone 21 
51 5 tiles/sets/sandstone 5 
52 5 tiles/sets/sandstone 5 
53 5 tiles/sets/sandstone 5 
54 5 tiles/sets/sandstone 5 
55 5 tiles/sets/sandstone 5 
52 6 tiles/sets/sandstone 5 
53 6 tiles/sets/sandstone 5 
54 6 tiles/sets/sandstone 5 
55 6 tiles/sets/sandstone 5 
51 4 tiles/sets/sandstone 5 
52 4 tiles/sets/sandstone 5 
53 4 tiles/sets/sandstone 5 
54 4 tiles/sets/sandstone 5 
55 4 tiles/sets/sandstone 5 
40 14 tiles/sets/sandstone 5 
37 14 tiles/sets/sandstone 5 
36 14 tiles/sets/sandstone 5 
38 14 tiles/sets/sandstone 5 
39 14 tiles/sets/sandstone 5 
40 10 tiles/sets/sandstone 5 
41 10 tiles/sets/sandstone 5 
42 10 tiles/sets/sandstone 5 
43 10 tiles/sets/sandstone 5 
44 10 tiles/sets/sandstone 5 
33 10 tiles/sets/sandstone 5 
32 10 tiles/sets/sandstone 5 
35 10 tiles/sets/sandstone 5 
34 10 tiles/sets/sandstone 5 
37 10 tiles/sets/sandstone 5 
36 10 tiles/sets/sandstone 5 
38 10 tiles/sets/sandstone 5 
39 10 tiles/sets/sandstone 5 
40 7 tiles/sets/sandstone 5 
41 7 tiles/sets/sandstone 5 
42 7 tiles/sets/sandstone 21 
31 9 tiles/sets/sandstone 5 
37 7 tiles/sets/sandstone 5 
38 7 tiles/sets/sandstone 5 
39 7 tiles/sets/sandstone 5 
40 13 tiles/sets/sandstone 5 
41 13 tiles/sets/sandstone 5 
42 13 tiles/sets/sandstone 5 
37 13 tiles/sets/sandstone 5 
36 13 tiles/sets/sandstone 5 
38 13 tiles/sets/sandstone 5 
39 13 tiles/sets/sandstone 5 
35 13 tiles/sets/sandstone 5 
34 13 tiles/sets/sandstone 5 
44 9 tiles/sets/sandstone 21 
40 9 tiles/sets/sandstone 5 
41 9 tiles/sets/sandstone 5 
42 9 tiles/sets/sandstone 5 
43 9 tiles/sets/sandstone 5 
37 9 tiles/sets/sandstone 5 
36 9 tiles/sets/sandstone 5 
38 9 tiles/sets/sandstone 5 
39 9 tiles/sets/sandstone 5 
33 9 tiles/sets/sandstone 5 
32 9 tiles/sets/sandstone 5 
35 9 tiles/sets/sandstone 5 
34 9 tiles/sets/sandstone 5 
33 12 tiles/sets/sandstone 5 
35 12 tiles/sets/sandstone 5 
34 12 tiles/sets/sandstone 5 
37 12 tiles/sets/sandstone 5 
36 12 tiles/sets/sandstone 5 
38 12 tiles/sets/sandstone 5 
39 12 tiles/sets/sandstone 5 
40 12 tiles/sets/sandstone 5 
41 12 tiles/sets/sandstone 5 
42 12 tiles/sets/sandstone 5 
43 12 tiles/sets/sandstone 5 
37 8 tiles/sets/sandstone 5 
36 8 tiles/sets/sandstone 5 
38 8 tiles/sets/sandstone 5 
39 8 tiles/sets/sandstone 5 
40 8 tiles/sets/sandstone 5 
41 8 tiles/sets/sandstone 5 
42 8 tiles/sets/sandstone 5 
43 8 tiles/sets/sandstone 5 
38 6 tiles/sets/sandstone 5 
39 6 tiles/sets/sandstone 5 
40 6 tiles/sets/sandstone 5 
41 6 tiles/sets/sandstone 21 
37 11 tiles/sets/sandstone 5 
36 11 tiles/sets/sandstone 5 
38 11 tiles/sets/sandstone 5 
39 11 tiles/sets/sandstone 5 
33 11 tiles/sets/sandstone 5 
35 11 tiles/sets/sandstone 5 
34 11 tiles/sets/sandstone 5 
44 11 tiles/sets/sandstone 5 
40 11 tiles/sets/sandstone 5 
41 11 tiles/sets/sandstone 5 
42 11 tiles/sets/sandstone 5 
43 11 tiles/sets/sandstone 5 
22 13 tiles/sets/sandstone 5 
20 13 tiles/sets/sandstone 5 
21 13 tiles/sets/sandstone 5 
18 13 tiles/sets/sandstone 5 
19 13 tiles/sets/sandstone 5 
16 13 tiles/sets/sandstone 5 
17 13 tiles/sets/sandstone 5 
22 9 tiles/sets/sandstone 21 
20 9 tiles/sets/sandstone 5 
21 9 tiles/sets/sandstone 5 
18 9 tiles/sets/sandstone 5 
19 9 tiles/sets/sandstone 5 
16 9 tiles/sets/sandstone 5 
17 9 tiles/sets/sandstone 5 
15 9 tiles/sets/sandstone 5 
11 13 tiles/sets/sandstone 5 
14 9 tiles/sets/sandstone 5 
10 13 tiles/sets/sandstone 5 
13 9 tiles/sets/sandstone 5 
9 13 tiles/sets/sandstone 5 
12 9 tiles/sets/sandstone 5 
15 13 tiles/sets/sandstone 5 
11 9 tiles/sets/sandstone 5 
14 13 tiles/sets/sandstone 5 
10 9 tiles/sets/sandstone 5 
13 13 tiles/sets/sandstone 5 
9 9 tiles/sets/sandstone 5 
12 13 tiles/sets/sandstone 5 
8 9 tiles/sets/sandstone 5 
14 5 tiles/sets/sandstone 5 
10 7 tiles/sets/sandstone 5 
15 5 tiles/sets/sandstone 5 
11 7 tiles/sets/sandstone 5 
12 5 tiles/sets/sandstone 5 
13 5 tiles/sets/sandstone 5 
9 7 tiles/sets/sandstone 5 
14 7 tiles/sets/sandstone 5 
15 7 tiles/sets/sandstone 5 
12 7 tiles/sets/sandstone 5 
13 7 tiles/sets/sandstone 5 
20 7 tiles/sets/sandstone 5 
21 7 tiles/sets/sandstone 5 
16 7 tiles/sets/sandstone 5 
17 7 tiles/sets/sandstone 5 
18 7 tiles/sets/sandstone 5 
19 7 tiles/sets/sandstone 5 
16 5 tiles/sets/sandstone 5 
17 5 tiles/sets/sandstone 5 
18 5 tiles/sets/sandstone 5 
20 14 tiles/sets/sandstone 5 
21 14 tiles/sets/sandstone 5 
16 14 tiles/sets/sandstone 5 
17 14 tiles/sets/sandstone 5 
18 14 tiles/sets/sandstone 5 
19 14 tiles/sets/sandstone 5 
20 10 tiles/sets/sandstone 5 
21 10 tiles/sets/sandstone 5 
22 10 tiles/sets/sandstone 5 
16 10 tiles/sets/sandstone 5 
17 10 tiles/sets/sandstone 5 
18 10 tiles/sets/sandstone 5 
19 10 tiles/sets/sandstone 5 
14 10 tiles/sets/sandstone 5 
10 14 tiles/sets/sandstone 5 
15 10 tiles/sets/sandstone 5 
11 14 tiles/sets/sandstone 5 
12 10 tiles/sets/sandstone 5 
13 10 tiles/sets/sandstone 5 
14 14 tiles/sets/sandstone 5 
10 10 tiles/sets/sandstone 5 
15 14 tiles/sets/sandstone 5 
11 10 tiles/sets/sandstone 5 
12 14 tiles/sets/sandstone 5 
8 10 tiles/sets/sandstone 5 
13 14 tiles/sets/sandstone 5 
9 10 tiles/sets/sandstone 5 
18 15 tiles/sets/sandstone 5 
16 15 tiles/sets/sandstone 5 
17 15 tiles/sets/sandstone 5 
18 11 tiles/sets/sandstone 5 
19 11 tiles/sets/sandstone 5 
16 11 tiles/sets/sandstone 5 
17 11 tiles/sets/sandstone 5 
22 11 tiles/sets/sandstone 5 
20 11 tiles/sets/sandstone 5 
21 11 tiles/sets/sandstone 5 
13 11 tiles/sets/sandstone 5 
12 11 tiles/sets/sandstone 5 
15 11 tiles/sets/sandstone 5 
14 11 tiles/sets/sandstone 5 
9 11 tiles/sets/sandstone 5 
13 15 tiles/sets/sandstone 5 
8 11 tiles/sets/sandstone 5 
12 15 tiles/sets/sandstone 5 
11 11 tiles/sets/sandstone 5 
15 15 tiles/sets/sandstone 5 
10 11 tiles/sets/sandstone 5 
14 15 tiles/sets/sandstone 5 
12 6 tiles/sets/sandstone 5 
13 6 tiles/sets/sandstone 5 
9 8 tiles/sets/sandstone 5 
14 6 tiles/sets/sandstone 5 
10 8 tiles/sets/sandstone 5 
15 6 tiles/sets/sandstone 5 
11 8 tiles/sets/sandstone 5 
12 8 tiles/sets/sandstone 5 
13 8 tiles/sets/sandstone 5 
14 8 tiles/sets/sandstone 5 
10 6 tiles/sets/sandstone 5 
15 8 tiles/sets/sandstone 5 
11 6 tiles/sets/sandstone 5 
16 8 tiles/sets/sandstone 5 
17 8 tiles/sets/sandstone 5 
18 8 tiles/sets/sandstone 5 
19 8 tiles/sets/sandstone 5 
20 8 tiles/sets/sandstone 5 
21 8 tiles/sets/sandstone 5 
16 6 tiles/sets/sandstone 5 
17 6 tiles/sets/sandstone 5 
18 6 tiles/sets/sandstone 5 
19 6 tiles/sets/sandstone 5 
20 6 tiles/sets/sandstone 5 
16 12 tiles/sets/sandstone 5 
17 12 tiles/sets/sandstone 5 
18 12 tiles/sets/sandstone 5 
19 12 tiles/sets/sandstone 5 
20 12 tiles/sets/sandstone 5 
21 12 tiles/sets/sandstone 5 
22 12 tiles/sets/sandstone 5 
12 12 tiles/sets/sandstone 5 
13 12 tiles/sets/sandstone 5 
14 12 tiles/sets/sandstone 5 
15 12 tiles/sets/sandstone 5 
9 12 tiles/sets/sandstone 5 
10 12 tiles/sets/sandstone 5 
11 12 tiles/sets/sandstone 5 
6 22 tiles/sets/sandstone 5 
53 18 tiles/sets/sandstone 5 
52 18 tiles/sets/sandstone 5 
51 18 tiles/sets/sandstone 4 
50 17 tiles/sets/sandstone 19 
49 17 tiles/sets/sandstone 19 
48 17 tiles/sets/sandstone 19 
47 17 tiles/sets/sandstone 19 
46 17 tiles/sets/sandstone 2 
46 16 tiles/sets/sandstone 51 
45 16 tiles/sets/sandstone 2 
45 15 tiles/sets/sandstone 4 
45 14 tiles/sets/sandstone 4 
45 13 tiles/sets/sandstone 51 
45 12 tiles/sets/sandstone 21 
46 12 tiles/sets/sandstone 49 
47 12 tiles/sets/sandstone 49 
48 12 tiles/sets/sandstone 49 
49 12 tiles/sets/sandstone 49 
50 12 tiles/sets/sandstone 49 
51 12 tiles/sets/sandstone 49 
52 12 tiles/sets/sandstone 49 
53 12 tiles/sets/sandstone 32 
53 13 tiles/sets/sandstone 21 
54 13 tiles/sets/sandstone 49 
55 13 tiles/sets/sandstone 49 
56 13 tiles/sets/sandstone 49 
57 13 tiles/sets/sandstone 49 
58 13 tiles/sets/sandstone 49 
59 13 tiles/sets/sandstone 49 
60 13 tiles/sets/sandstone 49 
61 13 tiles/sets/sandstone 49 
62 13 tiles/sets/sandstone 49 
63 13 tiles/sets/sandstone 49 
64 13 tiles/sets/sandstone 49 
65 13 tiles/sets/sandstone 36 
65 12 tiles/sets/sandstone 47 
66 12 tiles/sets/sandstone 49 
67 12 tiles/sets/sandstone 49 
68 12 tiles/sets/sandstone 49 
69 12 tiles/sets/sandstone 36 
69 11 tiles/sets/sandstone 47 
70 11 tiles/sets/sandstone 49 
71 11 tiles/sets/sandstone 49 
72 11 tiles/sets/sandstone 49 
73 11 tiles/sets/sandstone 49 
74 11 tiles/sets/sandstone 49 
75 11 tiles/sets/sandstone 49 
76 11 tiles/sets/sandstone 32 
76 12 tiles/sets/sandstone 21 
77 12 tiles/sets/sandstone 49 
78 12 tiles/sets/sandstone 49 
79 12 tiles/sets/sandstone 49 
80 12 tiles/sets/sandstone 49 
81 12 tiles/sets/sandstone 32 
81 13 tiles/sets/sandstone 21 
82 13 tiles/sets/sandstone 49 
83 13 tiles/sets/sandstone 32 
83 14 tiles/sets/sandstone 34 
83 15 tiles/sets/sandstone 34 
83 16 tiles/sets/sandstone 34 
83 17 tiles/sets/sandstone 34 
83 18 tiles/sets/sandstone 17 
82 18 tiles/sets/sandstone 19 
81 18 tiles/sets/sandstone 6 
81 19 tiles/sets/sandstone 17 
80 19 tiles/sets/sandstone 19 
78 19 tiles/sets/sandstone 5 
77 19 tiles/sets/sandstone 5 
76 19 tiles/sets/sandstone 5 
75 19 tiles/sets/sandstone 5 
74 19 tiles/sets/sandstone 5 
73 19 tiles/sets/sandstone 5 
72 19 tiles/sets/sandstone 5 
71 19 tiles/sets/sandstone 5 
62 18 tiles/sets/sandstone 5 
61 18 tiles/sets/sandstone 5 
60 18 tiles/sets/sandstone 5 
59 18 tiles/sets/sandstone 5 
58 18 tiles/sets/sandstone 5 
57 18 tiles/sets/sandstone 5 
56 18 tiles/sets/sandstone 5 
55 18 tiles/sets/sandstone 5 
54 18 tiles/sets/sandstone 5 
80 14 tiles/sets/sandstone 5 
81 14 tiles/sets/sandstone 5 
82 14 tiles/sets/sandstone 5 
67 14 tiles/sets/sandstone 5 
66 14 tiles/sets/sandstone 5 
65 14 tiles/sets/sandstone 5 
64 14 tiles/sets/sandstone 5 
68 14 tiles/sets/sandstone 5 
69 14 tiles/sets/sandstone 5 
70 14 tiles/sets/sandstone 5 
71 14 tiles/sets/sandstone 5 
72 14 tiles/sets/sandstone 5 
73 14 tiles/sets/sandstone 5 
74 14 tiles/sets/sandstone 5 
75 14 tiles/sets/sandstone 5 
76 14 tiles/sets/sandstone 5 
77 14 tiles/sets/sandstone 5 
78 14 tiles/sets/sandstone 5 
79 14 tiles/sets/sandstone 5 
47 14 tiles/sets/sandstone 5 
46 14 tiles/sets/sandstone 5 
57 14 tiles/sets/sandstone 5 
56 14 tiles/sets/sandstone 5 
59 14 tiles/sets/sandstone 5 
58 14 tiles/sets/sandstone 5 
61 14 tiles/sets/sandstone 5 
60 14 tiles/sets/sandstone 5 
63 14 tiles/sets/sandstone 5 
62 14 tiles/sets/sandstone 5 
49 14 tiles/sets/sandstone 5 
48 14 tiles/sets/sandstone 5 
51 14 tiles/sets/sandstone 5 
50 14 tiles/sets/sandstone 5 
53 14 tiles/sets/sandstone 5 
52 14 tiles/sets/sandstone 5 
55 14 tiles/sets/sandstone 5 
54 14 tiles/sets/sandstone 5 
63 18 tiles/sets/sandstone 5 
80 13 tiles/sets/sandstone 5 
72 13 tiles/sets/sandstone 5 
73 13 tiles/sets/sandstone 5 
74 13 tiles/sets/sandstone 5 
75 13 tiles/sets/sandstone 5 
76 13 tiles/sets/sandstone 5 
77 13 tiles/sets/sandstone 5 
78 13 tiles/sets/sandstone 5 
79 13 tiles/sets/sandstone 5 
67 13 tiles/sets/sandstone 5 
66 13 tiles/sets/sandstone 5 
68 13 tiles/sets/sandstone 5 
69 13 tiles/sets/sandstone 5 
70 13 tiles/sets/sandstone 5 
71 13 tiles/sets/sandstone 5 
47 13 tiles/sets/sandstone 5 
46 13 tiles/sets/sandstone 5 
80 18 tiles/sets/sandstone 5 
72 18 tiles/sets/sandstone 5 
73 18 tiles/sets/sandstone 5 
74 18 tiles/sets/sandstone 5 
75 18 tiles/sets/sandstone 5 
52 13 tiles/sets/sandstone 5 
76 18 tiles/sets/sandstone 5 
77 18 tiles/sets/sandstone 5 
78 18 tiles/sets/sandstone 5 
79 18 tiles/sets/sandstone 5 
67 18 tiles/sets/sandstone 5 
66 18 tiles/sets/sandstone 5 
65 18 tiles/sets/sandstone 5 
64 18 tiles/sets/sandstone 5 
49 13 tiles/sets/sandstone 5 
48 13 tiles/sets/sandstone 5 
68 18 tiles/sets/sandstone 5 
69 18 tiles/sets/sandstone 5 
70 18 tiles/sets/sandstone 5 
71 18 tiles/sets/sandstone 5 
51 13 tiles/sets/sandstone 5 
50 13 tiles/sets/sandstone 5 
67 16 tiles/sets/sandstone 5 
66 16 tiles/sets/sandstone 5 
65 16 tiles/sets/sandstone 5 
64 16 tiles/sets/sandstone 5 
68 16 tiles/sets/sandstone 5 
69 16 tiles/sets/sandstone 5 
70 16 tiles/sets/sandstone 5 
71 16 tiles/sets/sandstone 5 
72 16 tiles/sets/sandstone 5 
73 16 tiles/sets/sandstone 5 
74 16 tiles/sets/sandstone 5 
75 16 tiles/sets/sandstone 5 
76 16 tiles/sets/sandstone 5 
77 16 tiles/sets/sandstone 5 
78 16 tiles/sets/sandstone 5 
79 16 tiles/sets/sandstone 5 
80 16 tiles/sets/sandstone 5 
81 16 tiles/sets/sandstone 5 
82 16 tiles/sets/sandstone 5 
70 12 tiles/sets/sandstone 5 
71 12 tiles/sets/sandstone 5 
72 12 tiles/sets/sandstone 5 
73 12 tiles/sets/sandstone 5 
74 12 tiles/sets/sandstone 5 
75 12 tiles/sets/sandstone 5 
47 16 tiles/sets/sandstone 5 
49 16 tiles/sets/sandstone 5 
48 16 tiles/sets/sandstone 5 
51 16 tiles/sets/sandstone 5 
50 16 tiles/sets/sandstone 5 
53 16 tiles/sets/sandstone 5 
52 16 tiles/sets/sandstone 5 
55 16 tiles/sets/sandstone 5 
54 16 tiles/sets/sandstone 5 
57 16 tiles/sets/sandstone 5 
56 16 tiles/sets/sandstone 5 
59 16 tiles/sets/sandstone 5 
58 16 tiles/sets/sandstone 5 
61 16 tiles/sets/sandstone 5 
60 16 tiles/sets/sandstone 5 
63 16 tiles/sets/sandstone 5 
62 16 tiles/sets/sandstone 5 
63 17 tiles/sets/sandstone 5 
62 17 tiles/sets/sandstone 5 
61 17 tiles/sets/sandstone 5 
60 17 tiles/sets/sandstone 5 
59 17 tiles/sets/sandstone 5 
58 17 tiles/sets/sandstone 5 
57 17 tiles/sets/sandstone 5 
56 17 tiles/sets/sandstone 5 
55 17 tiles/sets/sandstone 5 
54 17 tiles/sets/sandstone 5 
53 17 tiles/sets/sandstone 5 
52 17 tiles/sets/sandstone 5 
51 17 tiles/sets/sandstone 51 
80 17 tiles/sets/sandstone 5 
81 17 tiles/sets/sandstone 5 
82 17 tiles/sets/sandstone 5 
76 17 tiles/sets/sandstone 5 
77 17 tiles/sets/sandstone 5 
78 17 tiles/sets/sandstone 5 
79 17 tiles/sets/sandstone 5 
72 17 tiles/sets/sandstone 5 
73 17 tiles/sets/sandstone 5 
74 17 tiles/sets/sandstone 5 
75 17 tiles/sets/sandstone 5 
68 17 tiles/sets/sandstone 5 
69 17 tiles/sets/sandstone 5 
70 17 tiles/sets/sandstone 5 
71 17 tiles/sets/sandstone 5 
67 17 tiles/sets/sandstone 5 
66 17 tiles/sets/sandstone 5 
65 17 tiles/sets/sandstone 5 
64 17 tiles/sets/sandstone 5 
72 15 tiles/sets/sandstone 5 
73 15 tiles/sets/sandstone 5 
74 15 tiles/sets/sandstone 5 
75 15 tiles/sets/sandstone 5 
76 15 tiles/sets/sandstone 5 
77 15 tiles/sets/sandstone 5 
78 15 tiles/sets/sandstone 5 
79 15 tiles/sets/sandstone 5 
67 15 tiles/sets/sandstone 5 
66 15 tiles/sets/sandstone 5 
65 15 tiles/sets/sandstone 5 
64 15 tiles/sets/sandstone 5 
68 15 tiles/sets/sandstone 5 
69 15 tiles/sets/sandstone 5 
70 15 tiles/sets/sandstone 5 
71 15 tiles/sets/sandstone 5 
80 15 tiles/sets/sandstone 5 
81 15 tiles/sets/sandstone 5 
82 15 tiles/sets/sandstone 5 
47 15 tiles/sets/sandstone 5 
46 15 tiles/sets/sandstone 5 
53 15 tiles/sets/sandstone 5 
52 15 tiles/sets/sandstone 5 
55 15 tiles/sets/sandstone 5 
54 15 tiles/sets/sandstone 5 
49 15 tiles/sets/sandstone 5 
48 15 tiles/sets/sandstone 5 
51 15 tiles/sets/sandstone 5 
50 15 tiles/sets/sandstone 5 
61 15 tiles/sets/sandstone 5 
60 15 tiles/sets/sandstone 5 
63 15 tiles/sets/sandstone 5 
62 15 tiles/sets/sandstone 5 
57 15 tiles/sets/sandstone 5 
56 15 tiles/sets/sandstone 5 
59 15 tiles/sets/sandstone 5 
58 15 tiles/sets/sandstone 5 
33 23 tiles/sets/sandstone 5 
34 23 tiles/sets/sandstone 5 
35 23 tiles/sets/sandstone 5 
35 22 tiles/sets/sandstone 5 
36 22 tiles/sets/sandstone 5 
37 22 tiles/sets/sandstone 5 
38 21 tiles/sets/sandstone 5 
37 21 tiles/sets/sandstone 5 
37 20 tiles/sets/sandstone 5 
38 20 tiles/sets/sandstone 5 
39 20 tiles/sets/sandstone 5 
40 20 tiles/sets/sandstone 5 
41 20 tiles/sets/sandstone 5 
38 19 tiles/sets/sandstone 49 
39 19 tiles/sets/sandstone 49 
40 19 tiles/sets/sandstone 49 
41 19 tiles/sets/sandstone 49 
42 19 tiles/sets/sandstone 49 
43 19 tiles/sets/sandstone 49 
44 19 tiles/sets/sandstone 49 
45 19 tiles/sets/sandstone 49 
46 19 tiles/sets/sandstone 49 
47 19 tiles/sets/sandstone 49 
48 19 tiles/sets/sandstone 49 
49 19 tiles/sets/sandstone 49 
50 19 tiles/sets/sandstone 49 
51 19 tiles/sets/sandstone 36 
52 19 tiles/sets/sandstone 5 
53 19 tiles/sets/sandstone 5 
54 19 tiles/sets/sandstone 5 
55 19 tiles/sets/sandstone 5 
56 19 tiles/sets/sandstone 5 
57 19 tiles/sets/sandstone 5 
58 19 tiles/sets/sandstone 5 
59 19 tiles/sets/sandstone 5 
60 19 tiles/sets/sandstone 5 
61 19 tiles/sets/sandstone 5 
62 19 tiles/sets/sandstone 5 
63 19 tiles/sets/sandstone 5 
64 19 tiles/sets/sandstone 5 
65 19 tiles/sets/sandstone 5 
66 19 tiles/sets/sandstone 5 
67 19 tiles/sets/sandstone 5 
68 19 tiles/sets/sandstone 5 
69 19 tiles/sets/sandstone 5 
70 19 tiles/sets/sandstone 5 
79 19 tiles/sets/sandstone 6 
79 20 tiles/sets/sandstone 34 
79 21 tiles/sets/sandstone 34 
79 22 tiles/sets/sandstone 34 
79 23 tiles/sets/sandstone 34 
79 24 tiles/sets/sandstone 34 
79 25 tiles/sets/sandstone 34 
79 26 tiles/sets/sandstone 34 
79 27 tiles/sets/sandstone 17 
78 27 tiles/sets/sandstone 6 
78 28 tiles/sets/sandstone 17 
77 28 tiles/sets/sandstone 6 
77 29 tiles/sets/sandstone 34 
77 30 tiles/sets/sandstone 17 
76 30 tiles/sets/sandstone 19 
75 30 tiles/sets/sandstone 6 
75 31 tiles/sets/sandstone 17 
74 31 tiles/sets/sandstone 19 
73 31 tiles/sets/sandstone 6 
73 32 tiles/sets/sandstone 17 
72 32 tiles/sets/sandstone 19 
71 32 tiles/sets/sandstone 6 
71 33 tiles/sets/sandstone 17 
70 33 tiles/sets/sandstone 19 
69 33 tiles/sets/sandstone 19 
68 33 tiles/sets/sandstone 19 
67 34 tiles/sets/sandstone 17 
66 34 tiles/sets/sandstone 19 
65 34 tiles/sets/sandstone 19 
64 34 tiles/sets/sandstone 19 
63 34 tiles/sets/sandstone 19 
62 34 tiles/sets/sandstone 19 
61 34 tiles/sets/sandstone 19 
60 34 tiles/sets/sandstone 6 
60 35 tiles/sets/sandstone 17 
59 35 tiles/sets/sandstone 19 
58 35 tiles/sets/sandstone 19 
57 35 tiles/sets/sandstone 19 
56 35 tiles/sets/sandstone 19 
55 35 tiles/sets/sandstone 19 
54 35 tiles/sets/sandstone 19 
53 35 tiles/sets/sandstone 19 
52 35 tiles/sets/sandstone 19 
51 35 tiles/sets/sandstone 19 
50 35 tiles/sets/sandstone 19 
49 35 tiles/sets/sandstone 19 
48 35 tiles/sets/sandstone 19 
47 35 tiles/sets/sandstone 19 
46 35 tiles/sets/sandstone 2 
42 34 tiles/sets/sandstone 19 
41 34 tiles/sets/sandstone 19 
40 34 tiles/sets/sandstone 2 
39 33 tiles/sets/sandstone 19 
38 33 tiles/sets/sandstone 2 
38 32 tiles/sets/sandstone 51 
37 32 tiles/sets/sandstone 19 
36 32 tiles/sets/sandstone 2 
36 31 tiles/sets/sandstone 51 
35 31 tiles/sets/sandstone 19 
34 31 tiles/sets/sandstone 19 
34 30 tiles/sets/sandstone 5 
57 20 tiles/sets/sandstone 5 
58 20 tiles/sets/sandstone 5 
59 20 tiles/sets/sandstone 5 
60 20 tiles/sets/sandstone 5 
61 20 tiles/sets/sandstone 5 
62 20 tiles/sets/sandstone 5 
63 20 tiles/sets/sandstone 5 
48 20 tiles/sets/sandstone 5 
49 20 tiles/sets/sandstone 5 
50 20 tiles/sets/sandstone 5 
51 20 tiles/sets/sandstone 5 
52 20 tiles/sets/sandstone 5 
43 20 tiles/sets/sandstone 5 
42 20 tiles/sets/sandstone 5 
45 20 tiles/sets/sandstone 5 
44 20 tiles/sets/sandstone 5 
47 20 tiles/sets/sandstone 5 
46 20 tiles/sets/sandstone 5 
64 20 tiles/sets/sandstone 5 
65 20 tiles/sets/sandstone 5 
66 20 tiles/sets/sandstone 5 
67 20 tiles/sets/sandstone 5 
68 20 tiles/sets/sandstone 5 
69 20 tiles/sets/sandstone 5 
70 20 tiles/sets/sandstone 5 
71 20 tiles/sets/sandstone 5 
72 20 tiles/sets/sandstone 5 
73 20 tiles/sets/sandstone 5 
74 20 tiles/sets/sandstone 5 
75 20 tiles/sets/sandstone 5 
76 20 tiles/sets/sandstone 5 
77 20 tiles/sets/sandstone 5 
78 20 tiles/sets/sandstone 5 
55 21 tiles/sets/sandstone 5 
50 21 tiles/sets/sandstone 5 
51 21 tiles/sets/sandstone 5 
48 21 tiles/sets/sandstone 5 
49 21 tiles/sets/sandstone 5 
62 21 tiles/sets/sandstone 5 
63 21 tiles/sets/sandstone 5 
60 21 tiles/sets/sandstone 5 
61 21 tiles/sets/sandstone 5 
58 21 tiles/sets/sandstone 5 
59 21 tiles/sets/sandstone 5 
39 21 tiles/sets/sandstone 5 
47 21 tiles/sets/sandstone 5 
46 21 tiles/sets/sandstone 5 
45 21 tiles/sets/sandstone 5 
44 21 tiles/sets/sandstone 5 
43 21 tiles/sets/sandstone 5 
42 21 tiles/sets/sandstone 5 
41 21 tiles/sets/sandstone 5 
40 21 tiles/sets/sandstone 5 
76 21 tiles/sets/sandstone 5 
77 21 tiles/sets/sandstone 5 
78 21 tiles/sets/sandstone 5 
72 21 tiles/sets/sandstone 5 
73 21 tiles/sets/sandstone 5 
74 21 tiles/sets/sandstone 5 
75 21 tiles/sets/sandstone 5 
68 21 tiles/sets/sandstone 5 
69 21 tiles/sets/sandstone 5 
70 21 tiles/sets/sandstone 5 
71 21 tiles/sets/sandstone 5 
64 21 tiles/sets/sandstone 5 
65 21 tiles/sets/sandstone 5 
66 21 tiles/sets/sandstone 5 
67 21 tiles/sets/sandstone 5 
48 24 tiles/sets/sandstone 5 
63 24 tiles/sets/sandstone 5 
35 24 tiles/sets/sandstone 5 
34 24 tiles/sets/sandstone 5 
37 24 tiles/sets/sandstone 5 
36 24 tiles/sets/sandstone 5 
39 24 tiles/sets/sandstone 5 
38 24 tiles/sets/sandstone 5 
41 24 tiles/sets/sandstone 5 
40 24 tiles/sets/sandstone 5 
43 24 tiles/sets/sandstone 5 
42 24 tiles/sets/sandstone 5 
45 24 tiles/sets/sandstone 5 
44 24 tiles/sets/sandstone 5 
47 24 tiles/sets/sandstone 5 
46 24 tiles/sets/sandstone 5 
64 24 tiles/sets/sandstone 5 
65 24 tiles/sets/sandstone 5 
66 24 tiles/sets/sandstone 5 
67 24 tiles/sets/sandstone 5 
68 24 tiles/sets/sandstone 5 
69 24 tiles/sets/sandstone 5 
70 24 tiles/sets/sandstone 5 
71 24 tiles/sets/sandstone 5 
72 24 tiles/sets/sandstone 5 
73 24 tiles/sets/sandstone 5 
74 24 tiles/sets/sandstone 5 
75 24 tiles/sets/sandstone 5 
76 24 tiles/sets/sandstone 5 
77 24 tiles/sets/sandstone 5 
78 24 tiles/sets/sandstone 5 
47 25 tiles/sets/sandstone 5 
46 25 tiles/sets/sandstone 5 
45 25 tiles/sets/sandstone 5 
44 25 tiles/sets/sandstone 5 
43 25 tiles/sets/sandstone 5 
42 25 tiles/sets/sandstone 5 
41 25 tiles/sets/sandstone 5 
40 25 tiles/sets/sandstone 5 
39 25 tiles/sets/sandstone 5 
38 25 tiles/sets/sandstone 5 
37 25 tiles/sets/sandstone 5 
36 25 tiles/sets/sandstone 5 
35 25 tiles/sets/sandstone 5 
34 25 tiles/sets/sandstone 5 
62 25 tiles/sets/sandstone 5 
63 25 tiles/sets/sandstone 5 
58 25 tiles/sets/sandstone 5 
59 25 tiles/sets/sandstone 5 
56 25 tiles/sets/sandstone 5 
55 25 tiles/sets/sandstone 5 
48 25 tiles/sets/sandstone 5 
49 25 tiles/sets/sandstone 5 
76 25 tiles/sets/sandstone 5 
77 25 tiles/sets/sandstone 5 
78 25 tiles/sets/sandstone 5 
72 25 tiles/sets/sandstone 5 
73 25 tiles/sets/sandstone 5 
74 25 tiles/sets/sandstone 5 
75 25 tiles/sets/sandstone 5 
68 25 tiles/sets/sandstone 5 
69 25 tiles/sets/sandstone 5 
70 25 tiles/sets/sandstone 5 
71 25 tiles/sets/sandstone 5 
64 25 tiles/sets/sandstone 5 
65 25 tiles/sets/sandstone 5 
66 25 tiles/sets/sandstone 5 
67 25 tiles/sets/sandstone 5 
48 22 tiles/sets/sandstone 5 
49 22 tiles/sets/sandstone 5 
50 22 tiles/sets/sandstone 5 
62 22 tiles/sets/sandstone 5 
63 22 tiles/sets/sandstone 5 
39 22 tiles/sets/sandstone 5 
38 22 tiles/sets/sandstone 5 
45 22 tiles/sets/sandstone 5 
44 22 tiles/sets/sandstone 5 
47 22 tiles/sets/sandstone 5 
46 22 tiles/sets/sandstone 5 
41 22 tiles/sets/sandstone 5 
40 22 tiles/sets/sandstone 5 
43 22 tiles/sets/sandstone 5 
42 22 tiles/sets/sandstone 5 
72 22 tiles/sets/sandstone 5 
73 22 tiles/sets/sandstone 5 
74 22 tiles/sets/sandstone 5 
75 22 tiles/sets/sandstone 5 
76 22 tiles/sets/sandstone 5 
77 22 tiles/sets/sandstone 5 
78 22 tiles/sets/sandstone 5 
64 22 tiles/sets/sandstone 5 
65 22 tiles/sets/sandstone 5 
66 22 tiles/sets/sandstone 5 
67 22 tiles/sets/sandstone 5 
68 22 tiles/sets/sandstone 5 
69 22 tiles/sets/sandstone 5 
70 22 tiles/sets/sandstone 5 
71 22 tiles/sets/sandstone 5 
48 23 tiles/sets/sandstone 5 
63 23 tiles/sets/sandstone 5 
39 23 tiles/sets/sandstone 5 
38 23 tiles/sets/sandstone 5 
37 23 tiles/sets/sandstone 5 
36 23 tiles/sets/sandstone 5 
43 23 tiles/sets/sandstone 5 
42 23 tiles/sets/sandstone 5 
41 23 tiles/sets/sandstone 5 
40 23 tiles/sets/sandstone 5 
47 23 tiles/sets/sandstone 5 
46 23 tiles/sets/sandstone 5 
45 23 tiles/sets/sandstone 5 
44 23 tiles/sets/sandstone 5 
68 23 tiles/sets/sandstone 5 
69 23 tiles/sets/sandstone 5 
70 23 tiles/sets/sandstone 5 
71 23 tiles/sets/sandstone 5 
64 23 tiles/sets/sandstone 5 
65 23 tiles/sets/sandstone 5 
66 23 tiles/sets/sandstone 5 
67 23 tiles/sets/sandstone 5 
76 23 tiles/sets/sandstone 5 
77 23 tiles/sets/sandstone 5 
78 23 tiles/sets/sandstone 5 
72 23 tiles/sets/sandstone 5 
73 23 tiles/sets/sandstone 5 
74 23 tiles/sets/sandstone 5 
75 23 tiles/sets/sandstone 5 
41 28 tiles/sets/sandstone 5 
40 28 tiles/sets/sandstone 5 
43 28 tiles/sets/sandstone 5 
42 28 tiles/sets/sandstone 5 
45 28 tiles/sets/sandstone 5 
44 28 tiles/sets/sandstone 5 
47 28 tiles/sets/sandstone 5 
46 28 tiles/sets/sandstone 5 
35 28 tiles/sets/sandstone 5 
34 28 tiles/sets/sandstone 5 
37 28 tiles/sets/sandstone 5 
36 28 tiles/sets/sandstone 5 
39 28 tiles/sets/sandstone 5 
38 28 tiles/sets/sandstone 5 
60 28 tiles/sets/sandstone 5 
61 28 tiles/sets/sandstone 5 
62 28 tiles/sets/sandstone 5 
63 28 tiles/sets/sandstone 5 
48 28 tiles/sets/sandstone 5 
50 28 tiles/sets/sandstone 5 
64 28 tiles/sets/sandstone 5 
65 28 tiles/sets/sandstone 5 
66 28 tiles/sets/sandstone 5 
67 28 tiles/sets/sandstone 5 
68 28 tiles/sets/sandstone 5 
69 28 tiles/sets/sandstone 5 
70 28 tiles/sets/sandstone 5 
71 28 tiles/sets/sandstone 5 
72 28 tiles/sets/sandstone 5 
73 28 tiles/sets/sandstone 5 
74 28 tiles/sets/sandstone 5 
75 28 tiles/sets/sandstone 5 
76 28 tiles/sets/sandstone 5 
39 29 tiles/sets/sandstone 5 
38 29 tiles/sets/sandstone 5 
37 29 tiles/sets/sandstone 5 
36 29 tiles/sets/sandstone 5 
35 29 tiles/sets/sandstone 5 
34 29 tiles/sets/sandstone 5 
47 29 tiles/sets/sandstone 5 
46 29 tiles/sets/sandstone 5 
45 29 tiles/sets/sandstone 5 
44 29 tiles/sets/sandstone 5 
43 29 tiles/sets/sandstone 5 
42 29 tiles/sets/sandstone 5 
41 29 tiles/sets/sandstone 5 
40 29 tiles/sets/sandstone 5 
50 29 tiles/sets/sandstone 5 
48 29 tiles/sets/sandstone 5 
49 29 tiles/sets/sandstone 5 
62 29 tiles/sets/sandstone 5 
63 29 tiles/sets/sandstone 5 
60 29 tiles/sets/sandstone 5 
61 29 tiles/sets/sandstone 5 
76 29 tiles/sets/sandstone 5 
72 29 tiles/sets/sandstone 5 
73 29 tiles/sets/sandstone 5 
74 29 tiles/sets/sandstone 5 
75 29 tiles/sets/sandstone 5 
68 29 tiles/sets/sandstone 5 
69 29 tiles/sets/sandstone 5 
70 29 tiles/sets/sandstone 5 
71 29 tiles/sets/sandstone 5 
64 29 tiles/sets/sandstone 5 
65 29 tiles/sets/sandstone 5 
66 29 tiles/sets/sandstone 5 
67 29 tiles/sets/sandstone 5 
45 26 tiles/sets/sandstone 5 
44 26 tiles/sets/sandstone 5 
47 26 tiles/sets/sandstone 5 
46 26 tiles/sets/sandstone 5 
41 26 tiles/sets/sandstone 5 
40 26 tiles/sets/sandstone 5 
43 26 tiles/sets/sandstone 5 
42 26 tiles/sets/sandstone 5 
37 26 tiles/sets/sandstone 5 
36 26 tiles/sets/sandstone 5 
39 26 tiles/sets/sandstone 5 
38 26 tiles/sets/sandstone 5 
35 26 tiles/sets/sandstone 5 
34 26 tiles/sets/sandstone 5 
61 26 tiles/sets/sandstone 5 
62 26 tiles/sets/sandstone 5 
63 26 tiles/sets/sandstone 5 
56 26 tiles/sets/sandstone 5 
59 26 tiles/sets/sandstone 5 
48 26 tiles/sets/sandstone 5 
72 26 tiles/sets/sandstone 5 
73 26 tiles/sets/sandstone 5 
74 26 tiles/sets/sandstone 5 
75 26 tiles/sets/sandstone 5 
76 26 tiles/sets/sandstone 5 
77 26 tiles/sets/sandstone 5 
78 26 tiles/sets/sandstone 5 
64 26 tiles/sets/sandstone 5 
65 26 tiles/sets/sandstone 5 
66 26 tiles/sets/sandstone 5 
67 26 tiles/sets/sandstone 5 
68 26 tiles/sets/sandstone 5 
69 26 tiles/sets/sandstone 5 
70 26 tiles/sets/sandstone 5 
71 26 tiles/sets/sandstone 5 
43 27 tiles/sets/sandstone 5 
42 27 tiles/sets/sandstone 5 
41 27 tiles/sets/sandstone 5 
40 27 tiles/sets/sandstone 5 
47 27 tiles/sets/sandstone 5 
46 27 tiles/sets/sandstone 5 
45 27 tiles/sets/sandstone 5 
44 27 tiles/sets/sandstone 5 
35 27 tiles/sets/sandstone 5 
34 27 tiles/sets/sandstone 5 
39 27 tiles/sets/sandstone 5 
38 27 tiles/sets/sandstone 5 
37 27 tiles/sets/sandstone 5 
36 27 tiles/sets/sandstone 5 
56 27 tiles/sets/sandstone 5 
62 27 tiles/sets/sandstone 5 
63 27 tiles/sets/sandstone 5 
61 27 tiles/sets/sandstone 5 
48 27 tiles/sets/sandstone 5 
68 27 tiles/sets/sandstone 5 
69 27 tiles/sets/sandstone 5 
70 27 tiles/sets/sandstone 5 
71 27 tiles/sets/sandstone 5 
64 27 tiles/sets/sandstone 5 
65 27 tiles/sets/sandstone 5 
66 27 tiles/sets/sandstone 5 
67 27 tiles/sets/sandstone 5 
76 27 tiles/sets/sandstone 5 
77 27 tiles/sets/sandstone 5 
72 27 tiles/sets/sandstone 5 
73 27 tiles/sets/sandstone 5 
74 27 tiles/sets/sandstone 5 
75 27 tiles/sets/sandstone 5 
62 33 tiles/sets/sandstone 5 
63 33 tiles/sets/sandstone 5 
60 33 tiles/sets/sandstone 5 
61 33 tiles/sets/sandstone 5 
58 33 tiles/sets/sandstone 5 
59 33 tiles/sets/sandstone 5 
39 32 tiles/sets/sandstone 5 
56 33 tiles/sets/sandstone 5 
57 33 tiles/sets/sandstone 5 
41 32 tiles/sets/sandstone 5 
40 32 tiles/sets/sandstone 5 
54 33 tiles/sets/sandstone 5 
55 33 tiles/sets/sandstone 5 
43 32 tiles/sets/sandstone 5 
42 32 tiles/sets/sandstone 5 
52 33 tiles/sets/sandstone 5 
53 33 tiles/sets/sandstone 5 
45 32 tiles/sets/sandstone 5 
44 32 tiles/sets/sandstone 5 
50 33 tiles/sets/sandstone 5 
51 33 tiles/sets/sandstone 5 
47 32 tiles/sets/sandstone 5 
46 32 tiles/sets/sandstone 5 
48 33 tiles/sets/sandstone 5 
49 33 tiles/sets/sandstone 5 
48 32 tiles/sets/sandstone 5 
47 33 tiles/sets/sandstone 5 
49 32 tiles/sets/sandstone 5 
46 33 tiles/sets/sandstone 5 
50 32 tiles/sets/sandstone 5 
45 33 tiles/sets/sandstone 5 
51 32 tiles/sets/sandstone 5 
44 33 tiles/sets/sandstone 5 
52 32 tiles/sets/sandstone 5 
43 33 tiles/sets/sandstone 5 
53 32 tiles/sets/sandstone 5 
42 33 tiles/sets/sandstone 5 
54 32 tiles/sets/sandstone 5 
41 33 tiles/sets/sandstone 5 
55 32 tiles/sets/sandstone 5 
40 33 tiles/sets/sandstone 51 
56 32 tiles/sets/sandstone 5 
57 32 tiles/sets/sandstone 5 
58 32 tiles/sets/sandstone 5 
59 32 tiles/sets/sandstone 5 
60 32 tiles/sets/sandstone 5 
61 32 tiles/sets/sandstone 5 
62 32 tiles/sets/sandstone 5 
63 32 tiles/sets/sandstone 5 
64 32 tiles/sets/sandstone 5 
65 32 tiles/sets/sandstone 5 
66 32 tiles/sets/sandstone 5 
67 32 tiles/sets/sandstone 5 
68 32 tiles/sets/sandstone 5 
69 32 tiles/sets/sandstone 5 
70 32 tiles/sets/sandstone 5 
58 34 tiles/sets/sandstone 5 
59 34 tiles/sets/sandstone 5 
56 34 tiles/sets/sandstone 5 
57 34 tiles/sets/sandstone 5 
54 34 tiles/sets/sandstone 5 
55 34 tiles/sets/sandstone 5 
52 34 tiles/sets/sandstone 5 
53 34 tiles/sets/sandstone 5 
50 34 tiles/sets/sandstone 5 
51 34 tiles/sets/sandstone 5 
48 34 tiles/sets/sandstone 5 
49 34 tiles/sets/sandstone 5 
47 34 tiles/sets/sandstone 5 
46 34 tiles/sets/sandstone 51 
45 34 tiles/sets/sandstone 19 
44 34 tiles/sets/sandstone 19 
43 34 tiles/sets/sandstone 19 
64 33 tiles/sets/sandstone 5 
65 33 tiles/sets/sandstone 5 
66 33 tiles/sets/sandstone 5 
67 33 tiles/sets/sandstone 6 
37 30 tiles/sets/sandstone 5 
36 30 tiles/sets/sandstone 5 
39 30 tiles/sets/sandstone 5 
38 30 tiles/sets/sandstone 5 
35 30 tiles/sets/sandstone 5 
45 30 tiles/sets/sandstone 5 
44 30 tiles/sets/sandstone 5 
47 30 tiles/sets/sandstone 5 
46 30 tiles/sets/sandstone 5 
41 30 tiles/sets/sandstone 5 
40 30 tiles/sets/sandstone 5 
43 30 tiles/sets/sandstone 5 
42 30 tiles/sets/sandstone 5 
48 30 tiles/sets/sandstone 5 
49 30 tiles/sets/sandstone 5 
50 30 tiles/sets/sandstone 5 
60 30 tiles/sets/sandstone 5 
61 30 tiles/sets/sandstone 5 
62 30 tiles/sets/sandstone 5 
63 30 tiles/sets/sandstone 5 
59 30 tiles/sets/sandstone 5 
72 30 tiles/sets/sandstone 5 
73 30 tiles/sets/sandstone 5 
74 30 tiles/sets/sandstone 5 
64 30 tiles/sets/sandstone 5 
65 30 tiles/sets/sandstone 5 
66 30 tiles/sets/sandstone 5 
67 30 tiles/sets/sandstone 5 
68 30 tiles/sets/sandstone 5 
69 30 tiles/sets/sandstone 5 
70 30 tiles/sets/sandstone 5 
71 30 tiles/sets/sandstone 5 
39 31 tiles/sets/sandstone 5 
38 31 tiles/sets/sandstone 5 
37 31 tiles/sets/sandstone 5 
43 31 tiles/sets/sandstone 5 
42 31 tiles/sets/sandstone 5 
41 31 tiles/sets/sandstone 5 
40 31 tiles/sets/sandstone 5 
47 31 tiles/sets/sandstone 5 
46 31 tiles/sets/sandstone 5 
45 31 tiles/sets/sandstone 5 
44 31 tiles/sets/sandstone 5 
50 31 tiles/sets/sandstone 5 
48 31 tiles/sets/sandstone 5 
49 31 tiles/sets/sandstone 5 
54 31 tiles/sets/sandstone 5 
55 31 tiles/sets/sandstone 5 
52 31 tiles/sets/sandstone 5 
53 31 tiles/sets/sandstone 5 
58 31 tiles/sets/sandstone 5 
59 31 tiles/sets/sandstone 5 
56 31 tiles/sets/sandstone 5 
57 31 tiles/sets/sandstone 5 
62 31 tiles/sets/sandstone 5 
63 31 tiles/sets/sandstone 5 
60 31 tiles/sets/sandstone 5 
61 31 tiles/sets/sandstone 5 
68 31 tiles/sets/sandstone 5 
69 31 tiles/sets/sandstone 5 
70 31 tiles/sets/sandstone 5 
71 31 tiles/sets/sandstone 5 
64 31 tiles/sets/sandstone 5 
65 31 tiles/sets/sandstone 5 
66 31 tiles/sets/sandstone 5 
67 31 tiles/sets/sandstone 5 
72 31 tiles/sets/sandstone 5 
3 22 tiles/sets/sandstone 36 
3 21 tiles/sets/sandstone 4 
3 20 tiles/sets/sandstone 47 
4 20 tiles/sets/sandstone 36 
4 19 tiles/sets/sandstone 47 
5 19 tiles/sets/sandstone 49 
6 19 tiles/sets/sandstone 49 
7 19 tiles/sets/sandstone 49 
8 19 tiles/sets/sandstone 36 
8 18 tiles/sets/sandstone 47 
9 18 tiles/sets/sandstone 49 
10 18 tiles/sets/sandstone 49 
11 18 tiles/sets/sandstone 49 
12 18 tiles/sets/sandstone 49 
13 18 tiles/sets/sandstone 49 
14 18 tiles/sets/sandstone 49 
15 18 tiles/sets/sandstone 49 
16 18 tiles/sets/sandstone 49 
17 18 tiles/sets/sandstone 49 
18 18 tiles/sets/sandstone 49 
19 18 tiles/sets/sandstone 49 
20 18 tiles/sets/sandstone 32 
20 19 tiles/sets/sandstone 21 
21 19 tiles/sets/sandstone 49 
22 19 tiles/sets/sandstone 49 
23 19 tiles/sets/sandstone 49 
24 19 tiles/sets/sandstone 49 
25 19 tiles/sets/sandstone 49 
26 19 tiles/sets/sandstone 49 
27 19 tiles/sets/sandstone 49 
28 19 tiles/sets/sandstone 49 
29 19 tiles/sets/sandstone 49 
30 19 tiles/sets/sandstone 49 
31 19 tiles/sets/sandstone 49 
32 19 tiles/sets/sandstone 49 
33 19 tiles/sets/sandstone 49 
34 19 tiles/sets/sandstone 49 
35 19 tiles/sets/sandstone 49 
36 19 tiles/sets/sandstone 49 
37 19 tiles/sets/sandstone 49 
14 19 tiles/sets/sandstone 5 
15 19 tiles/sets/sandstone 5 
12 19 tiles/sets/sandstone 5 
13 19 tiles/sets/sandstone 5 
10 19 tiles/sets/sandstone 5 
11 19 tiles/sets/sandstone 5 
32 20 tiles/sets/sandstone 5 
33 20 tiles/sets/sandstone 5 
34 20 tiles/sets/sandstone 5 
35 20 tiles/sets/sandstone 5 
36 20 tiles/sets/sandstone 5 
9 19 tiles/sets/sandstone 5 
17 19 tiles/sets/sandstone 5 
16 19 tiles/sets/sandstone 5 
19 19 tiles/sets/sandstone 5 
18 19 tiles/sets/sandstone 5 
36 21 tiles/sets/sandstone 5 
34 21 tiles/sets/sandstone 5 
35 21 tiles/sets/sandstone 5 
32 21 tiles/sets/sandstone 5 
33 21 tiles/sets/sandstone 5 
13 21 tiles/sets/sandstone 5 
12 21 tiles/sets/sandstone 5 
15 21 tiles/sets/sandstone 5 
14 21 tiles/sets/sandstone 5 
9 21 tiles/sets/sandstone 5 
8 21 tiles/sets/sandstone 5 
11 21 tiles/sets/sandstone 5 
10 21 tiles/sets/sandstone 5 
27 21 tiles/sets/sandstone 5 
7 20 tiles/sets/sandstone 5 
26 21 tiles/sets/sandstone 5 
25 21 tiles/sets/sandstone 5 
24 21 tiles/sets/sandstone 5 
31 21 tiles/sets/sandstone 5 
6 20 tiles/sets/sandstone 5 
30 21 tiles/sets/sandstone 5 
29 21 tiles/sets/sandstone 5 
28 21 tiles/sets/sandstone 5 
19 21 tiles/sets/sandstone 5 
5 20 tiles/sets/sandstone 5 
18 21 tiles/sets/sandstone 5 
17 21 tiles/sets/sandstone 5 
16 21 tiles/sets/sandstone 5 
23 21 tiles/sets/sandstone 5 
22 21 tiles/sets/sandstone 5 
21 21 tiles/sets/sandstone 5 
20 21 tiles/sets/sandstone 5 
14 20 tiles/sets/sandstone 5 
15 20 tiles/sets/sandstone 5 
12 20 tiles/sets/sandstone 5 
13 20 tiles/sets/sandstone 5 
10 20 tiles/sets/sandstone 5 
11 20 tiles/sets/sandstone 5 
8 20 tiles/sets/sandstone 5 
9 20 tiles/sets/sandstone 5 
28 20 tiles/sets/sandstone 5 
29 20 tiles/sets/sandstone 5 
30 20 tiles/sets/sandstone 5 
31 20 tiles/sets/sandstone 5 
6 21 tiles/sets/sandstone 5 
24 20 tiles/sets/sandstone 5 
25 20 tiles/sets/sandstone 5 
26 20 tiles/sets/sandstone 5 
27 20 tiles/sets/sandstone 5 
7 21 tiles/sets/sandstone 5 
20 20 tiles/sets/sandstone 5 
21 20 tiles/sets/sandstone 5 
22 20 tiles/sets/sandstone 5 
23 20 tiles/sets/sandstone 5 
4 21 tiles/sets/sandstone 5 
16 20 tiles/sets/sandstone 5 
17 20 tiles/sets/sandstone 5 
18 20 tiles/sets/sandstone 5 
19 20 tiles/sets/sandstone 5 
5 21 tiles/sets/sandstone 5 
33 22 tiles/sets/sandstone 5 
34 22 tiles/sets/sandstone 5 
53 20 tiles/sets/sandstone 5 
52 21 tiles/sets/sandstone 5 
53 21 tiles/sets/sandstone 5 
54 21 tiles/sets/sandstone 5 
54 20 tiles/sets/sandstone 5 
55 20 tiles/sets/sandstone 5 
56 20 tiles/sets/sandstone 5 
56 21 tiles/sets/sandstone 5 
57 21 tiles/sets/sandstone 5 
52 22 tiles/sets/sandstone 5 
53 22 tiles/sets/sandstone 5 
54 22 tiles/sets/sandstone 5 
55 22 tiles/sets/sandstone 5 
56 22 tiles/sets/sandstone 5 
57 22 tiles/sets/sandstone 5 
58 22 tiles/sets/sandstone 5 
61 22 tiles/sets/sandstone 5 
60 22 tiles/sets/sandstone 5 
59 22 tiles/sets/sandstone 5 
60 23 tiles/sets/sandstone 5 
59 23 tiles/sets/sandstone 5 
58 23 tiles/sets/sandstone 5 
56 23 tiles/sets/sandstone 5 
55 23 tiles/sets/sandstone 5 
54 23 tiles/sets/sandstone 5 
59 24 tiles/sets/sandstone 5 
58 24 tiles/sets/sandstone 5 
56 24 tiles/sets/sandstone 5 
55 24 tiles/sets/sandstone 5 
53 23 tiles/sets/sandstone 5 
51 22 tiles/sets/sandstone 5 
51 23 tiles/sets/sandstone 5 
50 23 tiles/sets/sandstone 5 
49 23 tiles/sets/sandstone 5 
49 24 tiles/sets/sandstone 5 
50 24 tiles/sets/sandstone 5 
51 24 tiles/sets/sandstone 5 
52 23 tiles/sets/sandstone 5 
52 24 tiles/sets/sandstone 5 
53 24 tiles/sets/sandstone 5 
52 25 tiles/sets/sandstone 5 
52 26 tiles/sets/sandstone 5 
50 27 tiles/sets/sandstone 5 
49 28 tiles/sets/sandstone 5 
49 27 tiles/sets/sandstone 5 
49 26 tiles/sets/sandstone 5 
50 26 tiles/sets/sandstone 5 
50 25 tiles/sets/sandstone 5 
51 25 tiles/sets/sandstone 5 
51 28 tiles/sets/sandstone 5 
51 26 tiles/sets/sandstone 5 
51 27 tiles/sets/sandstone 5 
53 25 tiles/sets/sandstone 5 
53 26 tiles/sets/sandstone 5 
52 27 tiles/sets/sandstone 5 
52 28 tiles/sets/sandstone 5 
51 29 tiles/sets/sandstone 5 
51 31 tiles/sets/sandstone 5 
51 30 tiles/sets/sandstone 5 
52 30 tiles/sets/sandstone 5 
52 29 tiles/sets/sandstone 5 
54 24 tiles/sets/sandstone 5 
54 25 tiles/sets/sandstone 5 
53 27 tiles/sets/sandstone 5 
53 30 tiles/sets/sandstone 5 
53 29 tiles/sets/sandstone 5 
53 28 tiles/sets/sandstone 5 
54 30 tiles/sets/sandstone 5 
54 29 tiles/sets/sandstone 5 
54 28 tiles/sets/sandstone 5 
54 27 tiles/sets/sandstone 5 
54 26 tiles/sets/sandstone 5 
55 26 tiles/sets/sandstone 5 
55 27 tiles/sets/sandstone 5 
55 28 tiles/sets/sandstone 5 
55 29 tiles/sets/sandstone 5 
55 30 tiles/sets/sandstone 5 
56 28 tiles/sets/sandstone 5 
56 29 tiles/sets/sandstone 5 
56 30 tiles/sets/sandstone 5 
57 30 tiles/sets/sandstone 5 
57 29 tiles/sets/sandstone 5 
57 28 tiles/sets/sandstone 5 
57 27 tiles/sets/sandstone 5 
58 26 tiles/sets/sandstone 5 
57 23 tiles/sets/sandstone 5 
57 24 tiles/sets/sandstone 5 
57 25 tiles/sets/sandstone 5 
57 26 tiles/sets/sandstone 5 
58 27 tiles/sets/sandstone 5 
58 28 tiles/sets/sandstone 5 
58 30 tiles/sets/sandstone 5 
58 29 tiles/sets/sandstone 5 
59 29 tiles/sets/sandstone 5 
59 28 tiles/sets/sandstone 5 
59 27 tiles/sets/sandstone 5 
60 27 tiles/sets/sandstone 5 
61 25 tiles/sets/sandstone 5 
62 24 tiles/sets/sandstone 5 
62 23 tiles/sets/sandstone 5 
61 23 tiles/sets/sandstone 5 
61 24 tiles/sets/sandstone 5 
60 26 tiles/sets/sandstone 5 
60 25 tiles/sets/sandstone 5 
60 24 tiles/sets/sandstone 5 
