@crouching true
@look_around true
@is_deluxe true
@time_limit -1
@author AshQuimby
@background cold_mountains
@name Test
@double_jumping true
@wall_sliding true
@version 0.1.5
40 4 tiles/sets/stone 19 
41 4 tiles/sets/stone 19 
42 4 tiles/sets/stone 19 
43 4 tiles/sets/stone 19 
44 4 tiles/sets/stone 19 
45 4 tiles/sets/stone 19 
46 4 tiles/sets/stone 19 
47 4 tiles/sets/stone 19 
48 4 tiles/sets/stone 19 
49 4 tiles/sets/stone 19 
50 4 tiles/sets/stone 19 
51 4 tiles/sets/stone 19 
52 4 tiles/sets/stone 51 
53 4 tiles/sets/stone 5 
54 4 tiles/sets/stone 5 
55 4 tiles/sets/stone 5 
56 4 tiles/sets/stone 5 
57 4 tiles/sets/stone 5 
58 4 tiles/sets/stone 5 
59 4 tiles/sets/stone 5 
60 4 tiles/sets/stone 5 
61 4 tiles/sets/stone 5 
62 4 tiles/sets/stone 5 
63 4 tiles/sets/stone 5 
64 4 tiles/sets/stone 5 
65 4 tiles/sets/stone 6 
66 4 tiles/sets/stone 17 
66 3 tiles/sets/stone 32 
65 3 tiles/sets/stone 21 
64 3 tiles/sets/stone 5 
63 3 tiles/sets/stone 5 
62 3 tiles/sets/stone 5 
61 3 tiles/sets/stone 5 
60 3 tiles/sets/stone 5 
59 3 tiles/sets/stone 5 
58 3 tiles/sets/stone 5 
57 3 tiles/sets/stone 5 
56 3 tiles/sets/stone 5 
55 3 tiles/sets/stone 5 
54 3 tiles/sets/stone 5 
53 3 tiles/sets/stone 5 
52 3 tiles/sets/stone 5 
51 3 tiles/sets/stone 5 
50 3 tiles/sets/stone 5 
49 3 tiles/sets/stone 5 
48 3 tiles/sets/stone 5 
47 3 tiles/sets/stone 5 
46 3 tiles/sets/stone 5 
45 3 tiles/sets/stone 5 
44 3 tiles/sets/stone 5 
43 3 tiles/sets/stone 5 
42 3 tiles/sets/stone 5 
40 3 tiles/sets/stone 49 
41 3 tiles/sets/stone 36 
41 2 tiles/sets/stone 47 
42 2 tiles/sets/stone 49 
43 2 tiles/sets/stone 49 
44 2 tiles/sets/stone 36 
45 2 tiles/sets/stone 5 
46 2 tiles/sets/stone 5 
47 2 tiles/sets/stone 5 
48 2 tiles/sets/stone 5 
49 2 tiles/sets/stone 5 
50 2 tiles/sets/stone 5 
51 2 tiles/sets/stone 5 
52 2 tiles/sets/stone 5 
53 2 tiles/sets/stone 5 
54 2 tiles/sets/stone 5 
55 2 tiles/sets/stone 5 
56 2 tiles/sets/stone 5 
57 2 tiles/sets/stone 5 
58 2 tiles/sets/stone 5 
59 2 tiles/sets/stone 5 
60 2 tiles/sets/stone 5 
61 2 tiles/sets/stone 5 
63 2 tiles/sets/stone 49 
64 2 tiles/sets/stone 49 
65 2 tiles/sets/stone 32 
62 2 tiles/sets/stone 21 
62 1 tiles/sets/stone 32 
61 1 tiles/sets/stone 49 
60 1 tiles/sets/stone 49 
59 1 tiles/sets/stone 49 
58 1 tiles/sets/stone 21 
57 1 tiles/sets/stone 5 
56 1 tiles/sets/stone 5 
55 1 tiles/sets/stone 5 
54 1 tiles/sets/stone 5 
53 1 tiles/sets/stone 5 
52 1 tiles/sets/stone 5 
51 1 tiles/sets/stone 5 
50 1 tiles/sets/stone 5 
49 1 tiles/sets/stone 5 
47 1 tiles/sets/stone 49 
46 1 tiles/sets/stone 49 
45 1 tiles/sets/stone 49 
44 1 tiles/sets/stone 47 
48 1 tiles/sets/stone 36 
48 0 tiles/sets/stone 47 
49 0 tiles/sets/stone 49 
50 0 tiles/sets/stone 49 
51 0 tiles/sets/stone 49 
52 0 tiles/sets/stone 49 
53 0 tiles/sets/stone 49 
54 0 tiles/sets/stone 49 
55 0 tiles/sets/stone 49 
56 0 tiles/sets/stone 49 
57 0 tiles/sets/stone 49 
58 0 tiles/sets/stone 32 
43 5 tiles/spawn 0 
44 6 tiles/power_fruit 1 
51 5 tiles/slope 0 
52 5 tiles/sets/stone 2 
52 6 tiles/slope 0 
53 5 tiles/sets/stone 51 
53 6 tiles/sets/stone 2 
53 7 tiles/slope 0 
54 5 tiles/sets/stone 5 
54 6 tiles/sets/stone 51 
54 7 tiles/sets/stone 2 
54 8 tiles/slope 0 
55 5 tiles/sets/stone 5 
55 6 tiles/sets/stone 5 
55 7 tiles/sets/stone 51 
55 8 tiles/sets/stone 2 
55 9 tiles/slope 0 
56 5 tiles/sets/stone 5 
56 7 tiles/sets/stone 5 
56 8 tiles/sets/stone 51 
56 9 tiles/sets/stone 2 
56 10 tiles/slope 0 
57 5 tiles/sets/stone 5 
57 7 tiles/sets/stone 5 
57 8 tiles/sets/stone 5 
57 9 tiles/sets/stone 51 
57 10 tiles/sets/stone 2 
57 11 tiles/slope 0 
58 5 tiles/sets/stone 5 
58 7 tiles/sets/stone 5 
58 8 tiles/sets/stone 5 
58 9 tiles/sets/stone 5 
58 10 tiles/sets/stone 51 
58 11 tiles/sets/stone 2 
58 12 tiles/slope 0 
59 5 tiles/sets/stone 5 
59 7 tiles/sets/stone 5 
59 8 tiles/sets/stone 5 
59 9 tiles/sets/stone 5 
59 10 tiles/sets/stone 5 
59 11 tiles/sets/stone 51 
59 12 tiles/sets/stone 2 
59 13 tiles/slope 0 
60 5 tiles/sets/stone 5 
60 7 tiles/sets/stone 5 
60 8 tiles/sets/stone 5 
60 9 tiles/sets/stone 5 
60 10 tiles/sets/stone 5 
60 11 tiles/sets/stone 5 
60 12 tiles/sets/stone 51 
60 13 tiles/sets/stone 2 
60 14 tiles/slope 0 
61 5 tiles/sets/stone 5 
61 7 tiles/sets/stone 5 
61 8 tiles/sets/stone 5 
61 9 tiles/sets/stone 5 
61 10 tiles/sets/stone 5 
61 11 tiles/sets/stone 5 
61 12 tiles/sets/stone 5 
61 13 tiles/sets/stone 51 
61 14 tiles/sets/stone 2 
61 15 tiles/slope 0 
62 5 tiles/sets/stone 5 
62 7 tiles/sets/stone 5 
62 8 tiles/sets/stone 5 
62 9 tiles/sets/stone 5 
62 10 tiles/sets/stone 5 
62 11 tiles/sets/stone 5 
62 12 tiles/sets/stone 5 
62 13 tiles/sets/stone 5 
62 14 tiles/sets/stone 51 
62 15 tiles/sets/stone 2 
62 16 tiles/slope 0 
63 5 tiles/sets/stone 5 
63 7 tiles/sets/stone 5 
63 8 tiles/sets/stone 5 
63 9 tiles/sets/stone 5 
63 10 tiles/sets/stone 5 
63 11 tiles/sets/stone 5 
63 12 tiles/sets/stone 5 
63 13 tiles/sets/stone 5 
63 14 tiles/sets/stone 5 
63 15 tiles/sets/stone 51 
63 16 tiles/sets/stone 2 
63 17 tiles/slope 0 
64 5 tiles/sets/stone 5 
64 7 tiles/sets/stone 5 
64 8 tiles/sets/stone 5 
64 9 tiles/sets/stone 5 
64 10 tiles/sets/stone 5 
64 11 tiles/sets/stone 5 
64 12 tiles/sets/stone 5 
64 13 tiles/sets/stone 5 
64 14 tiles/sets/stone 5 
64 15 tiles/sets/stone 5 
64 16 tiles/sets/stone 51 
64 17 tiles/sets/stone 2 
64 18 tiles/slope 0 
65 5 tiles/sets/stone 34 
65 7 tiles/sets/stone 34 
65 8 tiles/sets/stone 34 
65 9 tiles/sets/stone 34 
65 10 tiles/sets/stone 34 
65 11 tiles/sets/stone 34 
65 12 tiles/sets/stone 34 
65 13 tiles/sets/stone 34 
65 14 tiles/sets/stone 34 
65 15 tiles/sets/stone 34 
65 16 tiles/sets/stone 21 
65 17 tiles/sets/stone 51 
65 18 tiles/sets/stone 2 
65 19 tiles/slope 0 
66 16 tiles/sets/stone 32 
66 17 tiles/sets/stone 21 
66 18 tiles/sets/stone 51 
66 19 tiles/sets/stone 2 
66 20 tiles/slope 0 
67 17 tiles/sets/stone 49 
67 18 tiles/sets/stone 5 
67 19 tiles/sets/stone 51 
67 20 tiles/sets/stone 2 
67 21 tiles/slope 0 
68 17 tiles/sets/stone 49 
68 18 tiles/sets/stone 5 
68 19 tiles/sets/stone 5 
68 20 tiles/sets/stone 51 
68 21 tiles/sets/stone 2 
68 22 tiles/slope 0 
69 15 tiles/sets/stone 47 
69 16 tiles/sets/stone 4 
69 17 tiles/sets/stone 36 
69 18 tiles/sets/stone 5 
69 19 tiles/sets/stone 5 
69 20 tiles/sets/stone 5 
69 21 tiles/sets/stone 51 
69 22 tiles/sets/stone 2 
69 23 tiles/slope 0 
70 15 tiles/sets/stone 49 
70 16 tiles/sets/stone 5 
70 17 tiles/sets/stone 5 
70 18 tiles/sets/stone 5 
70 19 tiles/sets/stone 5 
70 20 tiles/sets/stone 5 
70 21 tiles/sets/stone 5 
70 22 tiles/sets/stone 51 
70 23 tiles/sets/stone 2 
70 24 tiles/slope 0 
71 15 tiles/sets/stone 32 
71 16 tiles/sets/stone 34 
71 17 tiles/sets/stone 34 
71 18 tiles/sets/stone 34 
71 19 tiles/sets/stone 34 
71 20 tiles/sets/stone 34 
71 21 tiles/sets/stone 34 
71 22 tiles/sets/stone 21 
71 23 tiles/sets/stone 51 
71 24 tiles/sets/stone 2 
71 25 tiles/slope 0 
72 22 tiles/sets/stone 32 
72 23 tiles/sets/stone 21 
72 24 tiles/sets/stone 51 
72 25 tiles/sets/stone 2 
72 26 tiles/slope 0 
73 23 tiles/sets/stone 49 
73 24 tiles/sets/stone 5 
73 25 tiles/sets/stone 51 
73 26 tiles/sets/stone 2 
73 27 tiles/slope 0 
74 23 tiles/sets/stone 49 
74 24 tiles/sets/stone 5 
74 25 tiles/sets/stone 5 
74 26 tiles/sets/stone 51 
74 27 tiles/sets/stone 2 
74 28 tiles/slope 0 
75 21 tiles/sets/stone 47 
75 22 tiles/sets/stone 4 
75 23 tiles/sets/stone 36 
75 24 tiles/sets/stone 5 
75 25 tiles/sets/stone 5 
75 26 tiles/sets/stone 5 
75 27 tiles/sets/stone 51 
75 28 tiles/sets/stone 2 
75 29 tiles/slope 0 
76 21 tiles/sets/stone 49 
76 22 tiles/sets/stone 5 
76 23 tiles/sets/stone 5 
76 24 tiles/sets/stone 5 
76 25 tiles/sets/stone 5 
76 26 tiles/sets/stone 5 
76 27 tiles/sets/stone 5 
76 28 tiles/sets/stone 51 
76 29 tiles/sets/stone 2 
76 30 tiles/slope 0 
77 21 tiles/sets/stone 32 
77 22 tiles/sets/stone 34 
77 23 tiles/sets/stone 34 
77 24 tiles/sets/stone 34 
77 25 tiles/sets/stone 34 
77 26 tiles/sets/stone 34 
77 27 tiles/sets/stone 34 
77 28 tiles/sets/stone 21 
77 29 tiles/sets/stone 51 
77 30 tiles/sets/stone 2 
77 31 tiles/slope 0 
78 28 tiles/sets/stone 32 
78 29 tiles/sets/stone 21 
78 30 tiles/sets/stone 51 
78 31 tiles/sets/stone 2 
78 32 tiles/slope 0 
79 29 tiles/sets/stone 49 
79 30 tiles/sets/stone 5 
79 31 tiles/sets/stone 51 
79 32 tiles/sets/stone 2 
79 33 tiles/slope 0 
80 29 tiles/sets/stone 49 
80 30 tiles/sets/stone 5 
80 31 tiles/sets/stone 5 
80 32 tiles/sets/stone 51 
80 33 tiles/sets/stone 2 
80 34 tiles/slope 0 
81 27 tiles/sets/stone 47 
81 28 tiles/sets/stone 4 
81 29 tiles/sets/stone 36 
81 30 tiles/sets/stone 5 
81 31 tiles/sets/stone 5 
81 32 tiles/sets/stone 5 
81 33 tiles/sets/stone 51 
81 34 tiles/sets/stone 2 
81 35 tiles/slope 0 
82 27 tiles/sets/stone 49 
82 28 tiles/sets/stone 5 
82 29 tiles/sets/stone 5 
82 30 tiles/sets/stone 5 
82 31 tiles/sets/stone 5 
82 32 tiles/sets/stone 5 
82 33 tiles/sets/stone 5 
82 34 tiles/sets/stone 51 
82 35 tiles/sets/stone 2 
82 36 tiles/slope 0 
83 27 tiles/sets/stone 32 
83 28 tiles/sets/stone 34 
83 29 tiles/sets/stone 34 
83 30 tiles/sets/stone 34 
83 31 tiles/sets/stone 34 
83 32 tiles/sets/stone 34 
83 33 tiles/sets/stone 34 
83 34 tiles/sets/stone 21 
83 35 tiles/sets/stone 51 
83 36 tiles/sets/stone 2 
83 37 tiles/slope 0 
84 34 tiles/sets/stone 32 
84 35 tiles/sets/stone 21 
84 36 tiles/sets/stone 51 
84 37 tiles/sets/stone 2 
84 38 tiles/slope 0 
85 35 tiles/sets/stone 49 
85 36 tiles/sets/stone 5 
85 37 tiles/sets/stone 51 
85 38 tiles/sets/stone 2 
85 39 tiles/slope 0 
86 35 tiles/sets/stone 32 
86 36 tiles/sets/stone 21 
86 37 tiles/sets/stone 5 
86 38 tiles/sets/stone 51 
86 39 tiles/sets/stone 2 
86 40 tiles/slope 0 
87 40 tiles/sets/stone 2 
87 41 tiles/slope 0 
88 40 tiles/sets/stone 51 
88 41 tiles/sets/stone 2 
88 42 tiles/slope 0 
89 40 tiles/sets/stone 5 
89 41 tiles/sets/stone 51 
89 42 tiles/sets/stone 2 
89 43 tiles/slope 0 
90 40 tiles/sets/stone 21 
90 41 tiles/sets/stone 5 
90 42 tiles/sets/stone 51 
90 43 tiles/sets/stone 2 
90 44 tiles/slope 0 
91 40 tiles/sets/stone 49 
91 41 tiles/sets/stone 5 
91 42 tiles/sets/stone 5 
91 43 tiles/sets/stone 51 
91 44 tiles/sets/stone 2 
91 45 tiles/slope 0 
92 40 tiles/sets/stone 49 
92 41 tiles/sets/stone 5 
92 42 tiles/sets/stone 5 
92 43 tiles/sets/stone 5 
92 44 tiles/sets/stone 51 
92 45 tiles/sets/stone 2 
92 46 tiles/slope 0 
93 40 tiles/sets/stone 49 
93 41 tiles/sets/stone 5 
93 42 tiles/sets/stone 5 
93 43 tiles/sets/stone 5 
93 44 tiles/sets/stone 5 
93 45 tiles/sets/stone 51 
93 46 tiles/sets/stone 2 
93 47 tiles/slope 0 
94 40 tiles/sets/stone 49 
94 41 tiles/sets/stone 5 
94 42 tiles/sets/stone 5 
94 43 tiles/sets/stone 5 
94 44 tiles/sets/stone 5 
94 45 tiles/sets/stone 5 
94 46 tiles/sets/stone 51 
94 47 tiles/sets/stone 2 
94 48 tiles/slope 0 
95 40 tiles/sets/stone 49 
95 41 tiles/sets/stone 5 
95 42 tiles/sets/stone 5 
95 43 tiles/sets/stone 5 
95 44 tiles/sets/stone 5 
95 45 tiles/sets/stone 5 
95 46 tiles/sets/stone 5 
95 47 tiles/sets/stone 51 
95 48 tiles/sets/stone 2 
95 49 tiles/slope 0 
96 40 tiles/sets/stone 49 
96 41 tiles/sets/stone 5 
96 42 tiles/sets/stone 5 
96 43 tiles/sets/stone 5 
96 44 tiles/sets/stone 5 
96 45 tiles/sets/stone 5 
96 46 tiles/sets/stone 5 
96 47 tiles/sets/stone 5 
96 48 tiles/sets/stone 51 
96 49 tiles/sets/stone 2 
96 50 tiles/slope 0 
97 40 tiles/sets/stone 49 
97 41 tiles/sets/stone 5 
97 42 tiles/sets/stone 5 
97 43 tiles/sets/stone 5 
97 44 tiles/sets/stone 5 
97 45 tiles/sets/stone 5 
97 46 tiles/sets/stone 5 
97 47 tiles/sets/stone 5 
97 48 tiles/sets/stone 5 
97 49 tiles/sets/stone 51 
97 50 tiles/sets/stone 2 
97 51 tiles/slope 0 
98 40 tiles/sets/stone 49 
98 41 tiles/sets/stone 5 
98 42 tiles/sets/stone 5 
98 43 tiles/sets/stone 5 
98 44 tiles/sets/stone 5 
98 45 tiles/sets/stone 5 
98 46 tiles/sets/stone 5 
98 47 tiles/sets/stone 5 
98 48 tiles/sets/stone 5 
98 49 tiles/sets/stone 5 
98 50 tiles/sets/stone 51 
98 51 tiles/sets/stone 2 
98 52 tiles/slope 0 
99 40 tiles/sets/stone 49 
99 41 tiles/sets/stone 5 
99 42 tiles/sets/stone 5 
99 43 tiles/sets/stone 5 
99 44 tiles/sets/stone 5 
99 45 tiles/sets/stone 5 
99 46 tiles/sets/stone 5 
99 47 tiles/sets/stone 5 
99 48 tiles/sets/stone 5 
99 49 tiles/sets/stone 5 
99 50 tiles/sets/stone 5 
99 51 tiles/sets/stone 51 
99 52 tiles/sets/stone 2 
99 53 tiles/slope 0 
100 40 tiles/sets/stone 32 
100 41 tiles/sets/stone 34 
100 42 tiles/sets/stone 34 
100 43 tiles/sets/stone 34 
100 44 tiles/sets/stone 34 
100 45 tiles/sets/stone 34 
100 46 tiles/sets/stone 34 
100 47 tiles/sets/stone 34 
100 48 tiles/sets/stone 34 
100 49 tiles/sets/stone 34 
100 50 tiles/sets/stone 34 
100 51 tiles/sets/stone 21 
100 52 tiles/sets/stone 51 
100 53 tiles/sets/stone 2 
100 54 tiles/slope 0 
101 51 tiles/sets/stone 32 
101 52 tiles/sets/stone 21 
101 53 tiles/sets/stone 51 
101 54 tiles/sets/stone 2 
101 55 tiles/slope 0 
102 52 tiles/sets/stone 49 
102 53 tiles/sets/stone 5 
102 54 tiles/sets/stone 51 
102 55 tiles/sets/stone 2 
102 56 tiles/slope 0 
103 52 tiles/sets/stone 49 
103 53 tiles/sets/stone 5 
103 54 tiles/sets/stone 5 
103 55 tiles/sets/stone 51 
103 56 tiles/sets/stone 2 
103 57 tiles/slope 0 
104 50 tiles/sets/stone 47 
104 51 tiles/sets/stone 4 
104 52 tiles/sets/stone 36 
104 53 tiles/sets/stone 5 
104 54 tiles/sets/stone 5 
104 55 tiles/sets/stone 5 
104 56 tiles/sets/stone 51 
104 57 tiles/sets/stone 2 
104 58 tiles/slope 0 
105 50 tiles/sets/stone 49 
105 51 tiles/sets/stone 5 
105 52 tiles/sets/stone 5 
105 53 tiles/sets/stone 5 
105 54 tiles/sets/stone 5 
105 55 tiles/sets/stone 5 
105 56 tiles/sets/stone 5 
105 57 tiles/sets/stone 51 
105 58 tiles/sets/stone 2 
105 59 tiles/slope 0 
106 50 tiles/sets/stone 32 
106 51 tiles/sets/stone 34 
106 52 tiles/sets/stone 34 
106 53 tiles/sets/stone 34 
106 54 tiles/sets/stone 34 
106 55 tiles/sets/stone 34 
106 56 tiles/sets/stone 34 
106 57 tiles/sets/stone 21 
106 58 tiles/sets/stone 51 
106 59 tiles/sets/stone 2 
106 60 tiles/slope 0 
107 57 tiles/sets/stone 32 
107 58 tiles/sets/stone 21 
107 59 tiles/sets/stone 51 
107 60 tiles/sets/stone 2 
107 61 tiles/slope 0 
108 58 tiles/sets/stone 49 
108 59 tiles/sets/stone 5 
108 60 tiles/sets/stone 51 
108 61 tiles/sets/stone 2 
108 62 tiles/slope 0 
109 58 tiles/sets/stone 49 
109 59 tiles/sets/stone 5 
109 60 tiles/sets/stone 5 
109 61 tiles/sets/stone 51 
109 62 tiles/sets/stone 2 
109 63 tiles/slope 0 
110 56 tiles/sets/stone 47 
110 57 tiles/sets/stone 4 
110 58 tiles/sets/stone 36 
110 59 tiles/sets/stone 5 
110 60 tiles/sets/stone 5 
110 61 tiles/sets/stone 5 
110 62 tiles/sets/stone 51 
110 63 tiles/sets/stone 2 
111 56 tiles/sets/stone 49 
111 57 tiles/sets/stone 5 
111 58 tiles/sets/stone 5 
111 59 tiles/sets/stone 5 
111 60 tiles/sets/stone 5 
111 61 tiles/sets/stone 5 
111 62 tiles/sets/stone 5 
111 63 tiles/sets/stone 51 
112 56 tiles/sets/stone 32 
112 57 tiles/sets/stone 34 
112 58 tiles/sets/stone 34 
112 59 tiles/sets/stone 34 
112 60 tiles/sets/stone 34 
112 61 tiles/sets/stone 34 
112 62 tiles/sets/stone 34 
112 63 tiles/sets/stone 21 
113 63 tiles/sets/stone 32 
116 62 tiles/sets/stone 47 
116 63 tiles/sets/stone 4 
117 62 tiles/sets/stone 49 
117 63 tiles/sets/stone 5 
118 62 tiles/sets/stone 32 
118 63 tiles/sets/stone 34 
87 39 tiles/sets/stone 51 
87 38 tiles/sets/stone 5 
87 37 tiles/sets/stone 21 
88 37 tiles/sets/stone 32 
88 38 tiles/sets/stone 21 
88 39 tiles/sets/stone 5 
89 39 tiles/sets/stone 21 
89 38 tiles/sets/stone 32 
90 39 tiles/sets/stone 32 
87 36 tiles/sets/stone 32 
111 64 tiles/sets/stone 2 
112 64 tiles/sets/stone 51 
112 65 tiles/sets/stone 2 
112 66 tiles/slope 0 
113 64 tiles/sets/stone 21 
113 65 tiles/sets/stone 51 
113 66 tiles/sets/stone 2 
113 67 tiles/slope 0 
114 64 tiles/sets/stone 49 
114 65 tiles/sets/stone 5 
114 66 tiles/sets/stone 51 
114 67 tiles/sets/stone 2 
114 68 tiles/slope 0 
115 64 tiles/sets/stone 49 
115 65 tiles/sets/stone 5 
115 66 tiles/sets/stone 5 
115 67 tiles/sets/stone 51 
115 68 tiles/sets/stone 2 
115 69 tiles/slope 0 
116 64 tiles/sets/stone 36 
116 65 tiles/sets/stone 5 
116 66 tiles/sets/stone 5 
116 67 tiles/sets/stone 5 
116 68 tiles/sets/stone 51 
116 69 tiles/sets/stone 2 
116 70 tiles/slope 0 
117 64 tiles/sets/stone 5 
117 65 tiles/sets/stone 5 
117 66 tiles/sets/stone 5 
117 67 tiles/sets/stone 5 
117 68 tiles/sets/stone 5 
117 69 tiles/sets/stone 51 
117 70 tiles/sets/stone 2 
117 71 tiles/slope 0 
118 64 tiles/sets/stone 21 
118 65 tiles/sets/stone 5 
118 66 tiles/sets/stone 5 
118 67 tiles/sets/stone 5 
118 68 tiles/sets/stone 5 
118 69 tiles/sets/stone 5 
118 70 tiles/sets/stone 51 
118 71 tiles/sets/stone 2 
118 72 tiles/slope 0 
119 64 tiles/sets/stone 49 
119 65 tiles/sets/stone 5 
119 66 tiles/sets/stone 5 
119 67 tiles/sets/stone 5 
119 68 tiles/sets/stone 5 
119 69 tiles/sets/stone 5 
119 70 tiles/sets/stone 5 
119 71 tiles/sets/stone 51 
119 72 tiles/sets/stone 2 
119 73 tiles/slope 0 
120 64 tiles/sets/stone 49 
120 65 tiles/sets/stone 5 
120 66 tiles/sets/stone 5 
120 67 tiles/sets/stone 5 
120 68 tiles/sets/stone 5 
120 69 tiles/sets/stone 5 
120 70 tiles/sets/stone 5 
120 71 tiles/sets/stone 5 
120 72 tiles/sets/stone 51 
120 73 tiles/sets/stone 2 
120 74 tiles/slope 0 
121 64 tiles/sets/stone 49 
121 65 tiles/sets/stone 5 
121 66 tiles/sets/stone 5 
121 67 tiles/sets/stone 5 
121 68 tiles/sets/stone 5 
121 69 tiles/sets/stone 5 
121 70 tiles/sets/stone 5 
121 71 tiles/sets/stone 5 
121 72 tiles/sets/stone 5 
121 73 tiles/sets/stone 51 
121 74 tiles/sets/stone 2 
121 75 tiles/slope 0 
122 64 tiles/sets/stone 49 
122 65 tiles/sets/stone 5 
122 66 tiles/sets/stone 5 
122 67 tiles/sets/stone 5 
122 68 tiles/sets/stone 5 
122 69 tiles/sets/stone 5 
122 70 tiles/sets/stone 5 
122 71 tiles/sets/stone 5 
122 72 tiles/sets/stone 5 
122 73 tiles/sets/stone 5 
122 74 tiles/sets/stone 51 
122 75 tiles/sets/stone 2 
122 76 tiles/slope 0 
123 64 tiles/sets/stone 49 
123 65 tiles/sets/stone 5 
123 66 tiles/sets/stone 5 
123 67 tiles/sets/stone 5 
123 68 tiles/sets/stone 5 
123 69 tiles/sets/stone 5 
123 70 tiles/sets/stone 5 
123 71 tiles/sets/stone 5 
123 72 tiles/sets/stone 5 
123 73 tiles/sets/stone 5 
123 74 tiles/sets/stone 5 
123 75 tiles/sets/stone 51 
123 76 tiles/sets/stone 2 
123 77 tiles/slope 0 
124 64 tiles/sets/stone 49 
124 65 tiles/sets/stone 5 
124 66 tiles/sets/stone 5 
124 67 tiles/sets/stone 5 
124 68 tiles/sets/stone 5 
124 69 tiles/sets/stone 5 
124 70 tiles/sets/stone 5 
124 71 tiles/sets/stone 5 
124 72 tiles/sets/stone 5 
124 73 tiles/sets/stone 5 
124 74 tiles/sets/stone 5 
124 75 tiles/sets/stone 5 
124 76 tiles/sets/stone 51 
124 77 tiles/sets/stone 2 
124 78 tiles/slope 0 
125 64 tiles/sets/stone 49 
125 65 tiles/sets/stone 5 
125 66 tiles/sets/stone 5 
125 67 tiles/sets/stone 5 
125 68 tiles/sets/stone 5 
125 69 tiles/sets/stone 5 
125 70 tiles/sets/stone 5 
125 71 tiles/sets/stone 5 
125 72 tiles/sets/stone 5 
125 73 tiles/sets/stone 5 
125 74 tiles/sets/stone 5 
125 75 tiles/sets/stone 5 
125 76 tiles/sets/stone 5 
125 77 tiles/sets/stone 51 
125 78 tiles/sets/stone 2 
125 79 tiles/slope 0 
126 64 tiles/sets/stone 49 
126 65 tiles/sets/stone 6 
126 66 tiles/sets/stone 34 
126 67 tiles/sets/stone 34 
126 68 tiles/sets/stone 34 
126 69 tiles/sets/stone 34 
126 70 tiles/sets/stone 34 
126 71 tiles/sets/stone 34 
126 72 tiles/sets/stone 34 
126 73 tiles/sets/stone 34 
126 74 tiles/sets/stone 34 
126 75 tiles/sets/stone 34 
126 76 tiles/sets/stone 34 
126 77 tiles/sets/stone 21 
126 78 tiles/sets/stone 51 
126 79 tiles/sets/stone 2 
126 80 tiles/slope 0 
127 64 tiles/sets/stone 32 
127 65 tiles/sets/stone 17 
127 77 tiles/sets/stone 32 
127 78 tiles/sets/stone 21 
127 79 tiles/sets/stone 51 
127 80 tiles/sets/stone 2 
127 81 tiles/slope 0 
128 78 tiles/sets/stone 49 
128 79 tiles/sets/stone 5 
128 80 tiles/sets/stone 51 
128 81 tiles/sets/stone 2 
128 82 tiles/slope 0 
129 78 tiles/sets/stone 49 
129 79 tiles/sets/stone 5 
129 80 tiles/sets/stone 5 
129 81 tiles/sets/stone 51 
129 82 tiles/sets/stone 2 
129 83 tiles/slope 0 
130 76 tiles/sets/stone 47 
130 77 tiles/sets/stone 4 
130 78 tiles/sets/stone 36 
130 79 tiles/sets/stone 5 
130 80 tiles/sets/stone 5 
130 81 tiles/sets/stone 5 
130 82 tiles/sets/stone 51 
130 83 tiles/sets/stone 2 
130 84 tiles/slope 0 
131 76 tiles/sets/stone 49 
131 77 tiles/sets/stone 5 
131 78 tiles/sets/stone 5 
131 79 tiles/sets/stone 5 
131 80 tiles/sets/stone 5 
131 81 tiles/sets/stone 5 
131 82 tiles/sets/stone 5 
131 83 tiles/sets/stone 51 
131 84 tiles/sets/stone 2 
131 85 tiles/slope 0 
132 76 tiles/sets/stone 32 
132 77 tiles/sets/stone 34 
132 78 tiles/sets/stone 34 
132 79 tiles/sets/stone 34 
132 80 tiles/sets/stone 34 
132 81 tiles/sets/stone 34 
132 82 tiles/sets/stone 34 
132 83 tiles/sets/stone 21 
132 84 tiles/sets/stone 51 
132 85 tiles/sets/stone 2 
132 86 tiles/slope 0 
133 83 tiles/sets/stone 32 
133 84 tiles/sets/stone 21 
133 85 tiles/sets/stone 51 
133 86 tiles/sets/stone 2 
133 87 tiles/slope 0 
134 84 tiles/sets/stone 49 
134 85 tiles/sets/stone 5 
134 86 tiles/sets/stone 51 
134 87 tiles/sets/stone 2 
134 88 tiles/slope 0 
135 84 tiles/sets/stone 49 
135 85 tiles/sets/stone 5 
135 86 tiles/sets/stone 5 
135 87 tiles/sets/stone 51 
135 88 tiles/sets/stone 2 
135 89 tiles/slope 0 
136 82 tiles/sets/stone 47 
136 83 tiles/sets/stone 4 
136 84 tiles/sets/stone 36 
136 85 tiles/sets/stone 5 
136 86 tiles/sets/stone 5 
136 87 tiles/sets/stone 5 
136 88 tiles/sets/stone 51 
136 89 tiles/sets/stone 2 
136 90 tiles/slope 0 
137 82 tiles/sets/stone 49 
137 83 tiles/sets/stone 5 
137 84 tiles/sets/stone 5 
137 85 tiles/sets/stone 5 
137 86 tiles/sets/stone 5 
137 87 tiles/sets/stone 5 
137 88 tiles/sets/stone 5 
137 89 tiles/sets/stone 51 
137 90 tiles/sets/stone 2 
137 91 tiles/slope 0 
138 82 tiles/sets/stone 32 
138 83 tiles/sets/stone 34 
138 84 tiles/sets/stone 34 
138 85 tiles/sets/stone 34 
138 86 tiles/sets/stone 34 
138 87 tiles/sets/stone 34 
138 88 tiles/sets/stone 34 
138 89 tiles/sets/stone 21 
138 90 tiles/sets/stone 51 
138 91 tiles/sets/stone 2 
138 92 tiles/slope 0 
139 89 tiles/sets/stone 32 
139 90 tiles/sets/stone 21 
139 91 tiles/sets/stone 51 
139 92 tiles/sets/stone 2 
139 93 tiles/slope 0 
140 90 tiles/sets/stone 49 
140 91 tiles/sets/stone 5 
140 92 tiles/sets/stone 51 
140 93 tiles/sets/stone 2 
140 94 tiles/slope 0 
141 90 tiles/sets/stone 49 
141 91 tiles/sets/stone 5 
141 92 tiles/sets/stone 5 
141 93 tiles/sets/stone 51 
141 94 tiles/sets/stone 2 
141 95 tiles/slope 0 
142 88 tiles/sets/stone 47 
142 89 tiles/sets/stone 4 
142 90 tiles/sets/stone 36 
142 91 tiles/sets/stone 5 
142 92 tiles/sets/stone 5 
142 93 tiles/sets/stone 5 
142 94 tiles/sets/stone 51 
142 95 tiles/sets/stone 2 
142 96 tiles/slope 0 
143 88 tiles/sets/stone 49 
143 89 tiles/sets/stone 5 
143 90 tiles/sets/stone 5 
143 91 tiles/sets/stone 5 
143 92 tiles/sets/stone 5 
143 93 tiles/sets/stone 5 
143 94 tiles/sets/stone 5 
143 95 tiles/sets/stone 51 
143 96 tiles/sets/stone 2 
143 97 tiles/slope 0 
144 88 tiles/sets/stone 32 
144 89 tiles/sets/stone 34 
144 90 tiles/sets/stone 34 
144 91 tiles/sets/stone 34 
144 92 tiles/sets/stone 34 
144 93 tiles/sets/stone 34 
144 94 tiles/sets/stone 34 
144 95 tiles/sets/stone 21 
144 96 tiles/sets/stone 51 
144 97 tiles/sets/stone 2 
144 98 tiles/slope 0 
145 95 tiles/sets/stone 32 
145 96 tiles/sets/stone 21 
145 97 tiles/sets/stone 51 
145 98 tiles/sets/stone 2 
145 99 tiles/slope 0 
146 96 tiles/sets/stone 49 
146 97 tiles/sets/stone 5 
146 98 tiles/sets/stone 51 
146 99 tiles/sets/stone 2 
146 100 tiles/slope 0 
147 96 tiles/sets/stone 32 
147 97 tiles/sets/stone 21 
147 98 tiles/sets/stone 5 
147 99 tiles/sets/stone 51 
147 100 tiles/sets/stone 2 
147 101 tiles/slope 0 
148 97 tiles/sets/stone 32 
148 98 tiles/sets/stone 21 
148 99 tiles/sets/stone 5 
148 100 tiles/sets/stone 51 
148 101 tiles/sets/stone 2 
148 102 tiles/slope 0 
149 98 tiles/sets/stone 32 
149 99 tiles/sets/stone 21 
149 100 tiles/sets/stone 5 
149 101 tiles/sets/stone 51 
149 102 tiles/sets/stone 2 
149 103 tiles/slope 0 
150 99 tiles/sets/stone 32 
150 100 tiles/sets/stone 21 
150 101 tiles/sets/stone 5 
150 102 tiles/sets/stone 51 
150 103 tiles/sets/stone 2 
150 104 tiles/slope 0 
151 100 tiles/sets/stone 32 
151 101 tiles/sets/stone 21 
151 102 tiles/sets/stone 5 
151 103 tiles/sets/stone 51 
151 104 tiles/sets/stone 2 
151 105 tiles/slope 0 
152 101 tiles/sets/stone 49 
152 102 tiles/sets/stone 5 
152 103 tiles/sets/stone 5 
152 104 tiles/sets/stone 51 
152 105 tiles/sets/stone 2 
152 106 tiles/slope 0 
153 101 tiles/sets/stone 49 
153 102 tiles/sets/stone 5 
153 103 tiles/sets/stone 5 
153 104 tiles/sets/stone 5 
153 105 tiles/sets/stone 51 
153 106 tiles/sets/stone 2 
153 107 tiles/slope 0 
154 101 tiles/sets/stone 49 
154 102 tiles/sets/stone 5 
154 103 tiles/sets/stone 5 
154 104 tiles/sets/stone 5 
154 105 tiles/sets/stone 5 
154 106 tiles/sets/stone 51 
154 107 tiles/sets/stone 2 
154 108 tiles/slope 0 
155 101 tiles/sets/stone 49 
155 102 tiles/sets/stone 5 
155 103 tiles/sets/stone 5 
155 104 tiles/sets/stone 5 
155 105 tiles/sets/stone 5 
155 106 tiles/sets/stone 5 
155 107 tiles/sets/stone 51 
155 108 tiles/sets/stone 2 
155 109 tiles/slope 0 
156 101 tiles/sets/stone 49 
156 102 tiles/sets/stone 5 
156 103 tiles/sets/stone 5 
156 104 tiles/sets/stone 5 
156 105 tiles/sets/stone 5 
156 106 tiles/sets/stone 5 
156 107 tiles/sets/stone 5 
156 108 tiles/sets/stone 51 
156 109 tiles/sets/stone 2 
156 110 tiles/slope 0 
157 101 tiles/sets/stone 49 
157 102 tiles/sets/stone 5 
157 103 tiles/sets/stone 5 
157 104 tiles/sets/stone 5 
157 105 tiles/sets/stone 5 
157 106 tiles/sets/stone 5 
157 107 tiles/sets/stone 5 
157 108 tiles/sets/stone 5 
157 109 tiles/sets/stone 51 
157 110 tiles/sets/stone 2 
157 111 tiles/slope 0 
158 101 tiles/sets/stone 49 
158 102 tiles/sets/stone 5 
158 103 tiles/sets/stone 5 
158 104 tiles/sets/stone 5 
158 105 tiles/sets/stone 5 
158 106 tiles/sets/stone 5 
158 107 tiles/sets/stone 5 
158 108 tiles/sets/stone 5 
158 109 tiles/sets/stone 5 
158 110 tiles/sets/stone 51 
158 111 tiles/sets/stone 2 
158 112 tiles/slope 0 
159 101 tiles/sets/stone 49 
159 102 tiles/sets/stone 5 
159 103 tiles/sets/stone 5 
159 104 tiles/sets/stone 5 
159 105 tiles/sets/stone 5 
159 106 tiles/sets/stone 5 
159 107 tiles/sets/stone 5 
159 108 tiles/sets/stone 5 
159 109 tiles/sets/stone 5 
159 110 tiles/sets/stone 5 
159 111 tiles/sets/stone 51 
159 112 tiles/sets/stone 2 
159 113 tiles/slope 0 
160 101 tiles/sets/stone 49 
160 102 tiles/sets/stone 5 
160 103 tiles/sets/stone 5 
160 104 tiles/sets/stone 5 
160 105 tiles/sets/stone 5 
160 106 tiles/sets/stone 5 
160 107 tiles/sets/stone 5 
160 108 tiles/sets/stone 5 
160 109 tiles/sets/stone 5 
160 110 tiles/sets/stone 5 
160 111 tiles/sets/stone 5 
160 112 tiles/sets/stone 51 
160 113 tiles/sets/stone 2 
160 114 tiles/slope 0 
161 101 tiles/sets/stone 32 
161 102 tiles/sets/stone 34 
161 103 tiles/sets/stone 34 
161 104 tiles/sets/stone 34 
161 105 tiles/sets/stone 34 
161 106 tiles/sets/stone 34 
161 107 tiles/sets/stone 34 
161 108 tiles/sets/stone 34 
161 109 tiles/sets/stone 34 
161 110 tiles/sets/stone 34 
161 111 tiles/sets/stone 34 
161 112 tiles/sets/stone 21 
161 113 tiles/sets/stone 51 
161 114 tiles/sets/stone 2 
161 115 tiles/slope 0 
162 112 tiles/sets/stone 32 
162 113 tiles/sets/stone 21 
162 114 tiles/sets/stone 51 
162 115 tiles/sets/stone 2 
162 116 tiles/slope 0 
163 113 tiles/sets/stone 49 
163 114 tiles/sets/stone 5 
163 115 tiles/sets/stone 51 
163 116 tiles/sets/stone 2 
163 117 tiles/slope 0 
164 113 tiles/sets/stone 49 
164 114 tiles/sets/stone 5 
164 115 tiles/sets/stone 5 
164 116 tiles/sets/stone 51 
164 117 tiles/sets/stone 2 
164 118 tiles/slope 0 
165 111 tiles/sets/stone 47 
165 112 tiles/sets/stone 4 
165 113 tiles/sets/stone 36 
165 114 tiles/sets/stone 5 
165 115 tiles/sets/stone 5 
165 116 tiles/sets/stone 5 
165 117 tiles/sets/stone 51 
165 118 tiles/sets/stone 2 
165 119 tiles/slope 0 
166 111 tiles/sets/stone 49 
166 112 tiles/sets/stone 5 
166 113 tiles/sets/stone 5 
166 114 tiles/sets/stone 5 
166 115 tiles/sets/stone 5 
166 116 tiles/sets/stone 5 
166 117 tiles/sets/stone 5 
166 118 tiles/sets/stone 51 
166 119 tiles/sets/stone 2 
166 120 tiles/slope 0 
167 111 tiles/sets/stone 32 
167 112 tiles/sets/stone 34 
167 113 tiles/sets/stone 34 
167 114 tiles/sets/stone 34 
167 115 tiles/sets/stone 34 
167 116 tiles/sets/stone 34 
167 117 tiles/sets/stone 34 
167 118 tiles/sets/stone 21 
167 119 tiles/sets/stone 51 
167 120 tiles/sets/stone 2 
167 121 tiles/slope 0 
168 118 tiles/sets/stone 32 
168 119 tiles/sets/stone 21 
168 120 tiles/sets/stone 51 
168 121 tiles/sets/stone 2 
168 122 tiles/slope 0 
169 119 tiles/sets/stone 49 
169 120 tiles/sets/stone 5 
169 121 tiles/sets/stone 51 
169 122 tiles/sets/stone 2 
169 123 tiles/slope 0 
170 119 tiles/sets/stone 49 
170 120 tiles/sets/stone 5 
170 121 tiles/sets/stone 5 
170 122 tiles/sets/stone 51 
170 123 tiles/sets/stone 2 
170 124 tiles/slope 0 
171 117 tiles/sets/stone 47 
171 118 tiles/sets/stone 4 
171 119 tiles/sets/stone 36 
171 120 tiles/sets/stone 5 
171 121 tiles/sets/stone 5 
171 122 tiles/sets/stone 5 
171 123 tiles/sets/stone 51 
171 124 tiles/sets/stone 2 
171 125 tiles/slope 0 
172 117 tiles/sets/stone 49 
172 118 tiles/sets/stone 5 
172 119 tiles/sets/stone 5 
172 120 tiles/sets/stone 5 
172 121 tiles/sets/stone 5 
172 122 tiles/sets/stone 5 
172 123 tiles/sets/stone 5 
172 124 tiles/sets/stone 51 
172 125 tiles/sets/stone 2 
172 126 tiles/slope 0 
173 117 tiles/sets/stone 32 
173 118 tiles/sets/stone 34 
173 119 tiles/sets/stone 34 
173 120 tiles/sets/stone 34 
173 121 tiles/sets/stone 34 
173 122 tiles/sets/stone 34 
173 123 tiles/sets/stone 34 
173 124 tiles/sets/stone 21 
173 125 tiles/sets/stone 51 
173 126 tiles/sets/stone 2 
173 127 tiles/slope 0 
174 124 tiles/sets/stone 32 
174 125 tiles/sets/stone 21 
174 126 tiles/sets/stone 51 
174 127 tiles/sets/stone 2 
174 128 tiles/slope 0 
175 125 tiles/sets/stone 49 
175 126 tiles/sets/stone 5 
175 127 tiles/sets/stone 51 
175 128 tiles/sets/stone 2 
175 129 tiles/slope 0 
176 125 tiles/sets/stone 49 
176 126 tiles/sets/stone 5 
176 127 tiles/sets/stone 5 
176 128 tiles/sets/stone 51 
176 129 tiles/sets/stone 2 
176 130 tiles/slope 0 
177 123 tiles/sets/stone 47 
177 124 tiles/sets/stone 4 
177 125 tiles/sets/stone 36 
177 126 tiles/sets/stone 5 
177 127 tiles/sets/stone 5 
177 128 tiles/sets/stone 5 
177 129 tiles/sets/stone 51 
177 130 tiles/sets/stone 2 
177 131 tiles/slope 0 
178 123 tiles/sets/stone 49 
178 124 tiles/sets/stone 5 
178 125 tiles/sets/stone 5 
178 126 tiles/sets/stone 5 
178 127 tiles/sets/stone 5 
178 128 tiles/sets/stone 5 
178 129 tiles/sets/stone 5 
178 130 tiles/sets/stone 51 
178 131 tiles/sets/stone 2 
178 132 tiles/slope 0 
179 123 tiles/sets/stone 32 
179 124 tiles/sets/stone 34 
179 125 tiles/sets/stone 34 
179 126 tiles/sets/stone 34 
179 127 tiles/sets/stone 34 
179 128 tiles/sets/stone 34 
179 129 tiles/sets/stone 34 
179 130 tiles/sets/stone 21 
179 131 tiles/sets/stone 51 
179 132 tiles/sets/stone 2 
179 133 tiles/slope 0 
180 130 tiles/sets/stone 32 
180 131 tiles/sets/stone 21 
180 132 tiles/sets/stone 51 
180 133 tiles/sets/stone 2 
180 134 tiles/slope 0 
181 131 tiles/sets/stone 49 
181 132 tiles/sets/stone 5 
181 133 tiles/sets/stone 51 
181 134 tiles/sets/stone 2 
181 135 tiles/slope 0 
182 131 tiles/sets/stone 32 
182 132 tiles/sets/stone 34 
182 133 tiles/sets/stone 34 
182 134 tiles/sets/stone 42 
182 135 tiles/sets/stone 1 
182 136 tiles/slope 0 
110 64 tiles/slope 0 
111 65 tiles/slope 0 
183 136 tiles/sets/stone 0 
56 6 tiles/sets/stone 5 
57 6 tiles/sets/stone 5 
58 6 tiles/sets/stone 5 
59 6 tiles/sets/stone 5 
60 6 tiles/sets/stone 5 
61 6 tiles/sets/stone 5 
62 6 tiles/sets/stone 5 
63 6 tiles/sets/stone 5 
64 6 tiles/sets/stone 5 
65 6 tiles/sets/stone 34 
75 3 tiles/slope 0 
76 4 tiles/slope 0 
77 5 tiles/slope 0 
78 6 tiles/slope 0 
79 7 tiles/slope 0 
80 8 tiles/slope 0 
81 9 tiles/slope 0 
82 10 tiles/slope 0 
83 11 tiles/slope 0 
84 12 tiles/slope 0 
85 13 tiles/slope 0 
86 14 tiles/slope 0 
87 15 tiles/slope 0 
88 16 tiles/slope 0 
89 17 tiles/slope 0 
90 18 tiles/slope 0 
91 19 tiles/slope 0 
92 20 tiles/slope 0 
93 21 tiles/slope 0 
94 22 tiles/slope 0 
95 23 tiles/slope 0 
96 24 tiles/slope 0 
97 25 tiles/slope 0 
98 26 tiles/slope 0 
99 27 tiles/slope 0 
100 28 tiles/slope 0 
101 29 tiles/slope 0 
102 30 tiles/slope 0 
103 31 tiles/slope 0 
104 32 tiles/slope 0 
105 33 tiles/slope 0 
106 34 tiles/slope 0 
107 35 tiles/slope 0 
108 36 tiles/slope 0 
109 37 tiles/slope 0 
110 38 tiles/slope 0 
111 39 tiles/slope 0 
112 40 tiles/slope 0 
113 41 tiles/slope 0 
114 42 tiles/slope 0 
115 43 tiles/slope 0 
116 44 tiles/slope 0 
117 45 tiles/slope 0 
118 46 tiles/slope 0 
119 47 tiles/slope 0 
120 48 tiles/slope 0 
121 49 tiles/slope 0 
122 50 tiles/slope 0 
123 51 tiles/slope 0 
124 52 tiles/slope 0 
125 53 tiles/slope 0 
126 54 tiles/slope 0 
127 55 tiles/slope 0 
128 56 tiles/slope 0 
129 57 tiles/slope 0 
39 5 tiles/slope 1 
38 6 tiles/slope 1 
37 7 tiles/slope 1 
36 8 tiles/slope 1 
35 9 tiles/slope 1 
33 11 tiles/slope 1 
34 10 tiles/slope 1 
32 12 tiles/slope 1 
31 13 tiles/slope 1 
30 14 tiles/slope 1 
29 15 tiles/slope 1 
28 16 tiles/slope 1 
27 17 tiles/slope 1 
26 18 tiles/slope 1 
26 17 tiles/sets/stone 1 
26 16 tiles/sets/stone 59 
27 16 tiles/sets/stone 29 
27 15 tiles/sets/stone 59 
28 14 tiles/sets/stone 59 
28 15 tiles/sets/stone 29 
29 14 tiles/sets/stone 29 
29 13 tiles/sets/stone 59 
30 13 tiles/sets/stone 29 
30 12 tiles/sets/stone 59 
31 12 tiles/sets/stone 29 
31 11 tiles/sets/stone 59 
32 11 tiles/sets/stone 29 
32 10 tiles/sets/stone 59 
33 10 tiles/sets/stone 29 
33 9 tiles/sets/stone 59 
34 9 tiles/sets/stone 29 
34 8 tiles/sets/stone 59 
35 8 tiles/sets/stone 29 
35 7 tiles/sets/stone 59 
36 7 tiles/sets/stone 29 
36 6 tiles/sets/stone 59 
37 6 tiles/sets/stone 29 
37 5 tiles/sets/stone 59 
38 5 tiles/sets/stone 29 
38 4 tiles/sets/stone 59 
39 4 tiles/sets/stone 27 
39 3 tiles/sets/stone 47 
50 9 tiles/power_fruit 3 
48 22 tiles/dynamic_color_cube 0 bbffaa 
47 21 tiles/dynamic_color_cube 0 bbffaa 
46 20 tiles/dynamic_color_cube 0 bbffaa 
45 20 tiles/dynamic_color_cube 0 bbffaa 
43 19 tiles/dynamic_color_cube 0 bbffaa 
43 20 tiles/dynamic_color_cube 0 bbffaa 
44 20 tiles/dynamic_color_cube 0 bbffaa 
43 21 tiles/dynamic_color_cube 0 bbffaa 
44 21 tiles/dynamic_color_cube 0 bbffaa 
45 21 tiles/dynamic_color_cube 0 bbffaa 
46 22 tiles/dynamic_color_cube 0 bbffaa 
46 21 tiles/dynamic_color_cube 0 bbffaa 
47 22 tiles/dynamic_color_cube 0 bbffaa 
48 23 tiles/dynamic_color_cube 0 bbffaa 
46 23 tiles/dynamic_color_cube 0 bbffaa 
45 22 tiles/dynamic_color_cube 0 bbffaa 
40 21 tiles/dynamic_color_cube 0 bbffaa 
43 23 tiles/dynamic_color_cube 0 bbffaa 
41 22 tiles/dynamic_color_cube 0 bbffaa 
42 22 tiles/dynamic_color_cube 0 bbffaa 
41 21 tiles/dynamic_color_cube 0 bbffaa 
42 21 tiles/dynamic_color_cube 0 bbffaa 
46 24 tiles/dynamic_color_cube 0 bbffaa 
47 25 tiles/dynamic_color_cube 0 bbffaa 
45 23 tiles/dynamic_color_cube 0 bbffaa 
44 22 tiles/dynamic_color_cube 0 bbffaa 
43 22 tiles/dynamic_color_cube 0 bbffaa 
44 23 tiles/dynamic_color_cube 0 bbffaa 
45 24 tiles/dynamic_color_cube 0 bbffaa 
46 25 tiles/dynamic_color_cube 0 bbffaa 
47 26 tiles/dynamic_color_cube 0 bbffaa 
48 27 tiles/dynamic_color_cube 0 bbffaa 
48 26 tiles/dynamic_color_cube 0 bbffaa 
47 23 tiles/dynamic_color_cube 0 bbffaa 
47 24 tiles/dynamic_color_cube 0 bbffaa 
48 25 tiles/dynamic_color_cube 0 bbffaa 
49 26 tiles/dynamic_color_cube 0 bbffaa 
50 27 tiles/dynamic_color_cube 0 bbffaa 
50 26 tiles/dynamic_color_cube 0 bbffaa 
49 25 tiles/dynamic_color_cube 0 bbffaa 
49 23 tiles/dynamic_color_cube 0 bbffaa 
49 24 tiles/dynamic_color_cube 0 bbffaa 
50 24 tiles/dynamic_color_cube 0 bbffaa 
51 26 tiles/dynamic_color_cube 0 bbffaa 
52 27 tiles/dynamic_color_cube 0 bbffaa 
52 26 tiles/dynamic_color_cube 0 bbffaa 
51 24 tiles/dynamic_color_cube 0 bbffaa 
51 23 tiles/dynamic_color_cube 0 bbffaa 
52 23 tiles/dynamic_color_cube 0 bbffaa 
52 24 tiles/dynamic_color_cube 0 bbffaa 
43 16 tiles/dynamic_color_cube 0 ffffaa 
37 21 tiles/dynamic_color_cube 0 ffffaa 
42 15 tiles/dynamic_color_cube 0 ffffaa 
41 18 tiles/dynamic_color_cube 0 ffffaa 
38 19 tiles/dynamic_color_cube 0 ffffaa 
39 23 tiles/dynamic_color_cube 0 ffffaa 
47 20 tiles/dynamic_color_cube 0 ffffaa 
37 24 tiles/dynamic_color_cube 0 ffffaa 
42 16 tiles/dynamic_color_cube 0 ffffaa 
38 21 tiles/dynamic_color_cube 0 ffffaa 
41 15 tiles/dynamic_color_cube 0 ffffaa 
46 18 tiles/dynamic_color_cube 0 ffffaa 
37 18 tiles/dynamic_color_cube 0 ffffaa 
40 22 tiles/dynamic_color_cube 0 ffffaa 
44 19 tiles/dynamic_color_cube 0 ffffaa 
39 20 tiles/dynamic_color_cube 0 ffffaa 
40 24 tiles/dynamic_color_cube 0 ffffaa 
42 17 tiles/dynamic_color_cube 0 ffffaa 
48 21 tiles/dynamic_color_cube 0 ffffaa 
36 22 tiles/dynamic_color_cube 0 ffffaa 
45 19 tiles/dynamic_color_cube 0 ffffaa 
41 19 tiles/dynamic_color_cube 0 ffffaa 
38 23 tiles/dynamic_color_cube 0 ffffaa 
35 20 tiles/dynamic_color_cube 0 ffffaa 
43 17 tiles/dynamic_color_cube 0 ffffaa 
39 21 tiles/dynamic_color_cube 0 ffffaa 
38 18 tiles/dynamic_color_cube 0 ffffaa 
42 19 tiles/dynamic_color_cube 0 ffffaa 
37 19 tiles/dynamic_color_cube 0 ffffaa 
38 20 tiles/dynamic_color_cube 0 ffffaa 
39 24 tiles/dynamic_color_cube 0 ffffaa 
44 17 tiles/dynamic_color_cube 0 ffffaa 
37 22 tiles/dynamic_color_cube 0 ffffaa 
40 19 tiles/dynamic_color_cube 0 ffffaa 
45 17 tiles/dynamic_color_cube 0 ffffaa 
41 17 tiles/dynamic_color_cube 0 ffffaa 
43 18 tiles/dynamic_color_cube 0 ffffaa 
39 18 tiles/dynamic_color_cube 0 ffffaa 
38 22 tiles/dynamic_color_cube 0 ffffaa 
42 23 tiles/dynamic_color_cube 0 ffffaa 
36 19 tiles/dynamic_color_cube 0 ffffaa 
41 23 tiles/dynamic_color_cube 0 ffffaa 
41 20 tiles/dynamic_color_cube 0 ffffaa 
38 24 tiles/dynamic_color_cube 0 ffffaa 
42 25 tiles/dynamic_color_cube 0 ffffaa 
42 18 tiles/dynamic_color_cube 0 ffffaa 
37 23 tiles/dynamic_color_cube 0 ffffaa 
41 16 tiles/dynamic_color_cube 0 ffffaa 
42 20 tiles/dynamic_color_cube 0 ffffaa 
37 20 tiles/dynamic_color_cube 0 ffffaa 
36 21 tiles/dynamic_color_cube 0 ffffaa 
45 18 tiles/dynamic_color_cube 0 ffffaa 
40 18 tiles/dynamic_color_cube 0 ffffaa 
39 22 tiles/dynamic_color_cube 0 ffffaa 
46 19 tiles/dynamic_color_cube 0 ffffaa 
39 19 tiles/dynamic_color_cube 0 ffffaa 
40 23 tiles/dynamic_color_cube 0 ffffaa 
43 24 tiles/dynamic_color_cube 0 ffffaa 
44 16 tiles/dynamic_color_cube 0 ffffaa 
40 20 tiles/dynamic_color_cube 0 ffffaa 
44 18 tiles/dynamic_color_cube 0 ffffaa 
35 22 tiles/dynamic_color_cube 0 ffffaa 
47 19 tiles/dynamic_color_cube 0 ffffaa 
35 19 tiles/dynamic_color_cube 0 ffffaa 
36 23 tiles/dynamic_color_cube 0 ffffaa 
48 20 tiles/dynamic_color_cube 0 ffffaa 
42 24 tiles/dynamic_color_cube 0 ffffaa 
36 20 tiles/dynamic_color_cube 0 ffffaa 
41 24 tiles/dynamic_color_cube 0 ffffaa 
48 24 tiles/color_cube 14 
51 25 tiles/dynamic_color_cube 0 bbffaa 
50 25 tiles/color_cube 14 
39 17 tiles/dynamic_color_cube 0 66eeff 
40 17 tiles/dynamic_color_cube 0 66eeff 
40 16 tiles/dynamic_color_cube 0 66eeff 
39 16 tiles/dynamic_color_cube 0 66eeff 
39 15 tiles/dynamic_color_cube 0 66eeff 
39 14 tiles/dynamic_color_cube 0 66eeff 
39 13 tiles/dynamic_color_cube 0 66eeff 
40 15 tiles/dynamic_color_cube 0 66eeff 
40 14 tiles/dynamic_color_cube 0 66eeff 
40 13 tiles/dynamic_color_cube 0 66eeff 
42 12 tiles/dynamic_color_cube 0 66eeff 
39 12 tiles/dynamic_color_cube 0 66eeff 
40 12 tiles/dynamic_color_cube 0 66eeff 
41 12 tiles/dynamic_color_cube 0 66eeff 
39 11 tiles/dynamic_color_cube 0 66eeff 
40 11 tiles/dynamic_color_cube 0 66eeff 
41 11 tiles/dynamic_color_cube 0 66eeff 
42 11 tiles/dynamic_color_cube 0 66eeff 
43 11 tiles/dynamic_color_cube 0 66eeff 
47 18 tiles/dynamic_color_cube 0 66eeff 
47 16 tiles/dynamic_color_cube 0 66eeff 
47 17 tiles/dynamic_color_cube 0 66eeff 
47 14 tiles/dynamic_color_cube 0 66eeff 
47 15 tiles/dynamic_color_cube 0 66eeff 
48 18 tiles/dynamic_color_cube 0 66eeff 
48 17 tiles/dynamic_color_cube 0 66eeff 
48 16 tiles/dynamic_color_cube 0 66eeff 
48 15 tiles/dynamic_color_cube 0 66eeff 
48 14 tiles/dynamic_color_cube 0 66eeff 
50 13 tiles/dynamic_color_cube 0 66eeff 
49 13 tiles/dynamic_color_cube 0 66eeff 
48 13 tiles/dynamic_color_cube 0 66eeff 
49 14 tiles/dynamic_color_cube 0 66eeff 
50 23 tiles/color_cube 9 
50 22 tiles/color_cube 9 
51 22 tiles/color_cube 9 
30 44 tiles/power_fruit 1 
63 53 tiles/sets/rock 0 
66 34 tiles/sets/rock 0 
57 40 tiles/sets/grass 57 
58 40 tiles/sets/grass 16 
59 41 tiles/sets/grass 59 
60 41 tiles/sets/grass 18 
61 41 tiles/sets/grass 16 
62 42 tiles/sets/grass 46 
63 42 tiles/sets/grass 16 
65 43 tiles/sets/grass 0 
68 44 tiles/sets/grass 0 
71 45 tiles/sets/grass 0 
73 46 tiles/sets/grass 0 
53 38 tiles/sets/grass 0 
54 39 tiles/sets/grass 46 
55 39 tiles/sets/grass 16 
56 40 tiles/sets/grass 47 
56 41 tiles/sets/grass 2 
57 41 tiles/sets/grass 17 
58 42 tiles/sets/grass 46 
59 42 tiles/sets/grass 29 
60 43 tiles/sets/grass 31 
60 44 tiles/sets/grass 14 
61 44 tiles/sets/grass 16 
62 45 tiles/sets/grass 0 
63 46 tiles/sets/grass 0 
64 47 tiles/sets/grass 46 
65 47 tiles/sets/grass 16 
66 48 tiles/sets/grass 0 
67 49 tiles/sets/grass 0 
68 50 tiles/sets/grass 0 
69 51 tiles/sets/grass 46 
70 51 tiles/sets/grass 16 
71 52 tiles/sets/grass 31 
71 53 tiles/sets/grass 1 
76 53 tiles/sets/grass 0 
77 54 tiles/sets/grass 31 
77 55 tiles/sets/grass 1 
78 56 tiles/sets/grass 46 
79 56 tiles/sets/grass 44 
79 57 tiles/sets/grass 1 
80 58 tiles/sets/grass 0 
81 59 tiles/sets/grass 31 
81 60 tiles/sets/grass 14 
82 60 tiles/sets/grass 44 
82 61 tiles/sets/grass 1 
83 62 tiles/sets/grass 0 
84 63 tiles/sets/grass 0 
85 64 tiles/sets/grass 0 
86 65 tiles/sets/grass 31 
86 66 tiles/sets/grass 1 
87 67 tiles/sets/grass 0 
88 68 tiles/sets/grass 0 
89 69 tiles/sets/grass 31 
89 70 tiles/sets/grass 14 
90 70 tiles/sets/grass 16 
91 71 tiles/sets/grass 31 
91 72 tiles/sets/grass 1 
92 73 tiles/sets/grass 31 
92 74 tiles/sets/grass 14 
93 74 tiles/sets/grass 16 
94 75 tiles/sets/grass 31 
94 76 tiles/sets/grass 1 
95 77 tiles/sets/grass 46 
96 77 tiles/sets/grass 44 
96 78 tiles/sets/grass 1 
44 104 tiles/sets/grass 1 
44 103 tiles/sets/grass 59 
45 103 tiles/sets/grass 18 
46 103 tiles/sets/grass 16 
47 102 tiles/sets/grass 46 
48 102 tiles/sets/grass 18 
49 102 tiles/sets/grass 16 
50 101 tiles/sets/grass 46 
51 101 tiles/sets/grass 18 
52 101 tiles/sets/grass 16 
53 100 tiles/sets/grass 46 
54 100 tiles/sets/grass 18 
55 100 tiles/sets/grass 18 
56 100 tiles/sets/grass 16 
57 99 tiles/sets/grass 46 
58 99 tiles/sets/grass 18 
59 99 tiles/sets/grass 16 
60 98 tiles/sets/grass 46 
61 98 tiles/sets/grass 18 
62 98 tiles/sets/grass 16 
63 97 tiles/sets/grass 46 
64 97 tiles/sets/grass 18 
65 97 tiles/sets/grass 16 
66 96 tiles/sets/grass 46 
67 96 tiles/sets/grass 18 
68 96 tiles/sets/grass 16 
69 95 tiles/sets/grass 46 
70 95 tiles/sets/grass 18 
71 95 tiles/sets/grass 16 
72 94 tiles/sets/grass 46 
73 94 tiles/sets/grass 27 
75 93 tiles/sets/grass 18 
76 93 tiles/sets/grass 18 
77 93 tiles/sets/grass 18 
78 93 tiles/sets/grass 16 
79 92 tiles/sets/grass 46 
80 92 tiles/sets/grass 18 
81 92 tiles/sets/grass 16 
82 91 tiles/sets/grass 46 
83 91 tiles/sets/grass 18 
84 91 tiles/sets/grass 29 
84 90 tiles/sets/grass 59 
85 90 tiles/sets/grass 18 
86 90 tiles/sets/grass 18 
87 90 tiles/sets/grass 16 
88 89 tiles/sets/grass 46 
89 89 tiles/sets/grass 18 
90 89 tiles/sets/grass 16 
91 88 tiles/sets/grass 46 
92 88 tiles/sets/grass 18 
93 88 tiles/sets/grass 16 
94 87 tiles/sets/grass 46 
95 87 tiles/sets/grass 18 
96 87 tiles/sets/grass 16 
97 86 tiles/sets/grass 46 
98 86 tiles/sets/grass 18 
99 86 tiles/sets/grass 18 
100 86 tiles/sets/grass 27 
101 85 tiles/sets/grass 49 
102 85 tiles/sets/grass 57 
103 85 tiles/sets/grass 16 
104 84 tiles/sets/grass 46 
105 84 tiles/sets/grass 16 
106 83 tiles/sets/grass 46 
107 83 tiles/sets/grass 18 
108 83 tiles/sets/grass 18 
109 83 tiles/sets/grass 16 
110 82 tiles/sets/grass 46 
111 82 tiles/sets/grass 18 
112 82 tiles/sets/grass 16 
37 80 tiles/sets/grass 31 
37 81 tiles/sets/grass 41 
37 83 tiles/sets/grass 3 
37 84 tiles/sets/grass 3 
37 85 tiles/sets/grass 3 
37 86 tiles/sets/grass 3 
37 87 tiles/sets/grass 1 
38 88 tiles/sets/grass 31 
38 89 tiles/sets/grass 3 
38 90 tiles/sets/grass 3 
38 91 tiles/sets/grass 3 
38 92 tiles/sets/grass 3 
38 93 tiles/sets/grass 3 
38 94 tiles/sets/grass 3 
38 95 tiles/sets/grass 3 
38 96 tiles/sets/grass 14 
39 96 tiles/sets/grass 16 
46 76 tiles/sets/grass 31 
46 77 tiles/sets/grass 1 
47 78 tiles/sets/grass 31 
47 79 tiles/sets/grass 1 
48 80 tiles/sets/grass 31 
48 81 tiles/sets/grass 3 
48 82 tiles/sets/grass 1 
49 83 tiles/sets/grass 31 
49 84 tiles/sets/grass 1 
50 85 tiles/sets/grass 0 
51 86 tiles/sets/grass 31 
51 87 tiles/sets/grass 3 
51 88 tiles/sets/grass 1 
52 89 tiles/sets/grass 31 
52 90 tiles/sets/grass 14 
53 90 tiles/sets/grass 16 
39 56 tiles/sets/grass 0 
40 57 tiles/sets/grass 0 
41 58 tiles/sets/grass 0 
42 59 tiles/sets/grass 0 
43 60 tiles/sets/grass 0 
44 61 tiles/sets/grass 0 
45 62 tiles/sets/grass 0 
46 63 tiles/sets/grass 0 
47 64 tiles/sets/grass 0 
48 65 tiles/sets/grass 0 
49 66 tiles/sets/grass 0 
50 67 tiles/sets/grass 0 
51 68 tiles/sets/grass 0 
52 69 tiles/sets/grass 0 
53 70 tiles/sets/grass 0 
54 71 tiles/sets/grass 0 
55 72 tiles/sets/grass 0 
56 73 tiles/sets/grass 0 
57 74 tiles/sets/grass 0 
58 75 tiles/sets/grass 0 
59 76 tiles/sets/grass 0 
60 77 tiles/sets/grass 0 
61 78 tiles/sets/grass 0 
62 79 tiles/sets/grass 46 
63 80 tiles/sets/grass 14 
64 81 tiles/sets/grass 2 
65 82 tiles/sets/grass 14 
51 57 tiles/sets/grass 0 
52 58 tiles/sets/grass 46 
53 58 tiles/sets/grass 16 
54 59 tiles/sets/grass 31 
54 60 tiles/sets/grass 14 
55 60 tiles/sets/grass 16 
56 61 tiles/sets/grass 0 
57 62 tiles/sets/grass 0 
58 63 tiles/sets/grass 0 
59 64 tiles/sets/grass 46 
60 64 tiles/sets/grass 44 
60 65 tiles/sets/grass 1 
61 66 tiles/sets/grass 46 
62 66 tiles/sets/grass 16 
63 67 tiles/sets/grass 31 
63 68 tiles/sets/grass 14 
64 68 tiles/sets/grass 16 
65 69 tiles/sets/grass 0 
28 97 tiles/sets/grass 0 
27 96 tiles/sets/grass 0 
26 95 tiles/sets/grass 1 
26 94 tiles/sets/grass 3 
26 93 tiles/sets/grass 3 
26 92 tiles/sets/grass 31 
25 91 tiles/sets/grass 0 
24 90 tiles/sets/grass 1 
24 89 tiles/sets/grass 31 
23 88 tiles/sets/grass 0 
22 87 tiles/sets/grass 1 
22 86 tiles/sets/grass 44 
21 86 tiles/sets/grass 14 
21 85 tiles/sets/grass 31 
20 84 tiles/sets/grass 1 
20 83 tiles/sets/grass 31 
19 82 tiles/sets/grass 1 
19 81 tiles/sets/grass 44 
18 81 tiles/sets/grass 46 
17 80 tiles/sets/grass 1 
17 79 tiles/sets/grass 31 
16 78 tiles/sets/grass 1 
16 77 tiles/sets/grass 31 
15 76 tiles/sets/grass 0 
14 75 tiles/sets/grass 1 
14 74 tiles/sets/grass 31 
13 73 tiles/sets/grass 1 
13 72 tiles/sets/grass 31 
12 71 tiles/sets/grass 16 
11 71 tiles/sets/grass 14 
11 70 tiles/sets/grass 31 
10 69 tiles/sets/grass 1 
10 68 tiles/sets/grass 31 
9 67 tiles/sets/grass 1 
9 66 tiles/sets/grass 44 
8 66 tiles/sets/grass 14 
8 65 tiles/sets/grass 31 
7 64 tiles/sets/grass 0 
6 63 tiles/sets/grass 1 
6 62 tiles/sets/grass 31 
5 61 tiles/sets/grass 0 
4 60 tiles/sets/grass 1 
4 59 tiles/sets/grass 31 
3 58 tiles/sets/grass 1 
3 57 tiles/sets/grass 31 
2 56 tiles/sets/grass 0 
1 55 tiles/sets/grass 0 
0 54 tiles/sets/grass 1 
0 53 tiles/sets/grass 3 
0 52 tiles/sets/grass 31 
9 40 tiles/sets/grass 0 
10 41 tiles/sets/grass 31 
10 42 tiles/sets/grass 1 
11 43 tiles/sets/grass 31 
11 44 tiles/sets/grass 1 
12 45 tiles/sets/grass 0 
13 46 tiles/sets/grass 31 
13 47 tiles/sets/grass 1 
14 48 tiles/sets/grass 0 
15 49 tiles/sets/grass 31 
15 50 tiles/sets/grass 14 
16 50 tiles/sets/grass 44 
16 51 tiles/sets/grass 1 
17 52 tiles/sets/grass 31 
17 53 tiles/sets/grass 1 
18 54 tiles/sets/grass 31 
18 55 tiles/sets/grass 14 
19 55 tiles/sets/grass 44 
19 56 tiles/sets/grass 1 
20 57 tiles/sets/grass 0 
21 58 tiles/sets/grass 31 
21 59 tiles/sets/grass 1 
22 60 tiles/sets/grass 0 
23 61 tiles/sets/grass 31 
23 62 tiles/sets/grass 1 
24 63 tiles/sets/grass 31 
24 64 tiles/sets/grass 1 
25 65 tiles/sets/grass 0 
26 66 tiles/sets/grass 0 
27 67 tiles/sets/grass 31 
27 68 tiles/sets/grass 1 
28 69 tiles/sets/grass 31 
28 70 tiles/sets/grass 1 
29 71 tiles/sets/grass 0 
30 72 tiles/sets/grass 31 
30 73 tiles/sets/grass 1 
31 74 tiles/sets/grass 31 
31 75 tiles/sets/grass 1 
32 76 tiles/sets/grass 46 
33 76 tiles/sets/grass 44 
33 77 tiles/sets/grass 1 
34 78 tiles/sets/grass 31 
34 79 tiles/sets/grass 1 
35 80 tiles/sets/grass 31 
35 81 tiles/sets/grass 14 
36 81 tiles/sets/grass 56 
36 82 tiles/sets/grass 2 
37 82 tiles/sets/grass 42 
5 105 tiles/sets/grass 1 
5 104 tiles/sets/grass 59 
6 104 tiles/sets/grass 18 
7 104 tiles/sets/grass 18 
8 104 tiles/sets/grass 18 
9 104 tiles/sets/grass 16 
10 103 tiles/sets/grass 46 
11 103 tiles/sets/grass 18 
12 103 tiles/sets/grass 18 
13 103 tiles/sets/grass 18 
14 103 tiles/sets/grass 18 
15 103 tiles/sets/grass 16 
16 102 tiles/sets/grass 46 
17 102 tiles/sets/grass 18 
18 102 tiles/sets/grass 18 
19 102 tiles/sets/grass 18 
20 102 tiles/sets/grass 18 
21 102 tiles/sets/grass 16 
22 101 tiles/sets/grass 46 
23 101 tiles/sets/grass 18 
24 101 tiles/sets/grass 18 
25 101 tiles/sets/grass 18 
26 101 tiles/sets/grass 16 
27 100 tiles/sets/grass 46 
28 100 tiles/sets/grass 18 
29 100 tiles/sets/grass 18 
30 100 tiles/sets/grass 18 
31 100 tiles/sets/grass 18 
32 100 tiles/sets/grass 16 
33 99 tiles/sets/grass 46 
34 99 tiles/sets/grass 18 
35 99 tiles/sets/grass 18 
36 99 tiles/sets/grass 18 
37 99 tiles/sets/grass 18 
38 99 tiles/sets/grass 16 
39 98 tiles/sets/grass 46 
40 98 tiles/sets/grass 18 
41 98 tiles/sets/grass 18 
42 98 tiles/sets/grass 18 
43 98 tiles/sets/grass 16 
44 97 tiles/sets/grass 46 
45 97 tiles/sets/grass 18 
46 97 tiles/sets/grass 18 
47 97 tiles/sets/grass 18 
48 97 tiles/sets/grass 18 
49 97 tiles/sets/grass 16 
50 96 tiles/sets/grass 46 
51 96 tiles/sets/grass 18 
52 96 tiles/sets/grass 18 
53 96 tiles/sets/grass 18 
54 96 tiles/sets/grass 18 
55 96 tiles/sets/grass 16 
56 95 tiles/sets/grass 46 
57 95 tiles/sets/grass 18 
58 95 tiles/sets/grass 18 
59 95 tiles/sets/grass 18 
60 95 tiles/sets/grass 16 
61 94 tiles/sets/grass 46 
62 94 tiles/sets/grass 18 
63 94 tiles/sets/grass 18 
64 94 tiles/sets/grass 18 
65 94 tiles/sets/grass 18 
66 94 tiles/sets/grass 16 
67 93 tiles/sets/grass 46 
68 93 tiles/sets/grass 18 
69 93 tiles/sets/grass 18 
70 93 tiles/sets/grass 18 
71 93 tiles/sets/grass 16 
72 92 tiles/sets/grass 14 
93 120 tiles/sets/grass 0 
92 119 tiles/sets/grass 0 
91 118 tiles/sets/grass 1 
91 117 tiles/sets/grass 31 
90 116 tiles/sets/grass 1 
90 115 tiles/sets/grass 44 
89 115 tiles/sets/grass 46 
88 114 tiles/sets/grass 1 
88 113 tiles/sets/grass 31 
87 112 tiles/sets/grass 1 
87 111 tiles/sets/grass 44 
86 111 tiles/sets/grass 14 
86 110 tiles/sets/grass 31 
85 109 tiles/sets/grass 0 
84 108 tiles/sets/grass 1 
84 107 tiles/sets/grass 31 
83 106 tiles/sets/grass 0 
82 105 tiles/sets/grass 0 
81 104 tiles/sets/grass 1 
81 103 tiles/sets/grass 31 
80 102 tiles/sets/grass 0 
79 101 tiles/sets/grass 1 
79 100 tiles/sets/grass 31 
78 99 tiles/sets/grass 0 
77 98 tiles/sets/grass 0 
76 97 tiles/sets/grass 1 
76 96 tiles/sets/grass 31 
75 95 tiles/sets/grass 0 
74 94 tiles/sets/grass 17 
74 93 tiles/sets/grass 57 
73 93 tiles/sets/grass 12 
73 92 tiles/sets/grass 44 
72 91 tiles/sets/grass 3 
72 90 tiles/sets/grass 31 
71 89 tiles/sets/grass 16 
70 89 tiles/sets/grass 14 
70 88 tiles/sets/grass 31 
69 87 tiles/sets/grass 1 
69 86 tiles/sets/grass 31 
68 85 tiles/sets/grass 0 
67 84 tiles/sets/grass 0 
66 83 tiles/sets/grass 1 
66 82 tiles/sets/grass 44 
65 81 tiles/sets/grass 42 
65 80 tiles/sets/grass 32 
64 80 tiles/sets/grass 56 
63 79 tiles/sets/grass 43 
63 78 tiles/sets/grass 3 
63 77 tiles/sets/grass 31 
119 119 tiles/sets/grass 31 
119 120 tiles/sets/grass 3 
119 121 tiles/sets/grass 1 
120 122 tiles/sets/grass 31 
120 123 tiles/sets/grass 3 
120 124 tiles/sets/grass 1 
121 125 tiles/sets/grass 31 
121 126 tiles/sets/grass 3 
121 127 tiles/sets/grass 3 
121 128 tiles/sets/grass 1 
122 129 tiles/sets/grass 31 
122 130 tiles/sets/grass 3 
122 131 tiles/sets/grass 1 
123 132 tiles/sets/grass 31 
123 133 tiles/sets/grass 3 
123 134 tiles/sets/grass 3 
123 135 tiles/sets/grass 1 
124 136 tiles/sets/grass 31 
124 137 tiles/sets/grass 3 
124 138 tiles/sets/grass 1 
125 139 tiles/sets/grass 31 
125 140 tiles/sets/grass 3 
125 141 tiles/sets/grass 1 
126 142 tiles/sets/grass 31 
126 143 tiles/sets/grass 3 
126 144 tiles/sets/grass 1 
127 145 tiles/sets/grass 31 
127 146 tiles/sets/grass 3 
127 147 tiles/sets/grass 1 
128 148 tiles/sets/grass 31 
128 149 tiles/sets/grass 3 
128 150 tiles/sets/grass 3 
128 151 tiles/sets/grass 1 
129 152 tiles/sets/grass 31 
129 153 tiles/sets/grass 3 
129 154 tiles/sets/grass 1 
130 155 tiles/sets/grass 31 
130 156 tiles/sets/grass 3 
130 157 tiles/sets/grass 3 
130 158 tiles/sets/grass 1 
131 159 tiles/sets/grass 31 
131 160 tiles/sets/grass 3 
131 161 tiles/sets/grass 1 
132 162 tiles/sets/grass 31 
132 163 tiles/sets/grass 3 
132 164 tiles/sets/grass 1 
133 165 tiles/sets/grass 31 
133 166 tiles/sets/grass 3 
133 167 tiles/sets/grass 1 
134 168 tiles/sets/grass 31 
134 169 tiles/sets/grass 3 
134 170 tiles/sets/grass 3 
134 171 tiles/sets/grass 1 
135 172 tiles/sets/grass 31 
135 173 tiles/sets/grass 3 
135 174 tiles/sets/grass 14 
136 174 tiles/sets/grass 16 
137 114 tiles/sets/grass 0 
138 115 tiles/sets/grass 31 
138 116 tiles/sets/grass 1 
139 117 tiles/sets/grass 31 
139 118 tiles/sets/grass 1 
140 119 tiles/sets/grass 0 
141 120 tiles/sets/grass 31 
141 121 tiles/sets/grass 1 
142 122 tiles/sets/grass 0 
143 123 tiles/sets/grass 31 
143 124 tiles/sets/grass 14 
144 124 tiles/sets/grass 44 
144 125 tiles/sets/grass 1 
145 126 tiles/sets/grass 31 
145 127 tiles/sets/grass 1 
146 128 tiles/sets/grass 31 
146 129 tiles/sets/grass 14 
147 129 tiles/sets/grass 44 
147 130 tiles/sets/grass 1 
148 131 tiles/sets/grass 0 
149 132 tiles/sets/grass 31 
149 133 tiles/sets/grass 1 
150 134 tiles/sets/grass 0 
151 135 tiles/sets/grass 31 
151 136 tiles/sets/grass 1 
152 137 tiles/sets/grass 31 
152 138 tiles/sets/grass 1 
153 139 tiles/sets/grass 46 
154 139 tiles/sets/grass 44 
154 140 tiles/sets/grass 1 
155 141 tiles/sets/grass 31 
155 142 tiles/sets/grass 1 
156 143 tiles/sets/grass 31 
156 144 tiles/sets/grass 14 
157 144 tiles/sets/grass 44 
157 145 tiles/sets/grass 1 
158 146 tiles/sets/grass 31 
158 147 tiles/sets/grass 1 
159 148 tiles/sets/grass 0 
160 149 tiles/sets/grass 0 
161 150 tiles/sets/grass 31 
161 151 tiles/sets/grass 1 
162 152 tiles/sets/grass 31 
162 153 tiles/sets/grass 1 
163 154 tiles/sets/grass 31 
163 155 tiles/sets/grass 1 
39 47 tiles/sets/grass 0 
38 46 tiles/sets/grass 1 
38 45 tiles/sets/grass 3 
38 44 tiles/sets/grass 31 
37 43 tiles/sets/grass 1 
37 42 tiles/sets/grass 3 
37 41 tiles/sets/grass 31 
36 40 tiles/sets/grass 1 
36 39 tiles/sets/grass 3 
36 38 tiles/sets/grass 3 
36 37 tiles/sets/grass 31 
35 36 tiles/sets/grass 1 
35 35 tiles/sets/grass 3 
35 34 tiles/sets/grass 31 
34 33 tiles/sets/grass 1 
34 32 tiles/sets/grass 3 
34 31 tiles/sets/grass 31 
66 60 tiles/sets/grass 0 
67 61 tiles/sets/grass 46 
68 61 tiles/sets/grass 16 
69 62 tiles/sets/grass 46 
70 62 tiles/sets/grass 44 
70 63 tiles/sets/grass 1 
71 64 tiles/sets/grass 46 
72 64 tiles/sets/grass 16 
73 65 tiles/sets/grass 46 
74 65 tiles/sets/grass 44 
74 66 tiles/sets/grass 1 
75 67 tiles/sets/grass 46 
76 67 tiles/sets/grass 16 
77 68 tiles/sets/grass 46 
78 68 tiles/sets/grass 44 
78 69 tiles/sets/grass 1 
79 70 tiles/sets/grass 46 
80 70 tiles/sets/grass 16 
81 71 tiles/sets/grass 46 
82 71 tiles/sets/grass 44 
82 72 tiles/sets/grass 1 
83 73 tiles/sets/grass 46 
84 73 tiles/sets/grass 16 
85 74 tiles/sets/grass 46 
86 74 tiles/sets/grass 44 
86 75 tiles/sets/grass 14 
87 75 tiles/sets/grass 16 
88 76 tiles/sets/grass 0 
89 77 tiles/sets/grass 46 
90 77 tiles/sets/grass 44 
90 78 tiles/sets/grass 14 
91 78 tiles/sets/grass 16 
92 79 tiles/sets/grass 0 
93 80 tiles/sets/grass 46 
94 80 tiles/sets/grass 16 
95 81 tiles/sets/grass 0 
96 82 tiles/sets/grass 0 
97 83 tiles/sets/grass 46 
98 83 tiles/sets/grass 16 
99 84 tiles/sets/grass 0 
100 85 tiles/sets/grass 47 
101 86 tiles/sets/grass 19 
102 86 tiles/sets/grass 17 
103 87 tiles/sets/grass 0 
104 88 tiles/sets/grass 0 
105 89 tiles/sets/grass 46 
106 89 tiles/sets/grass 16 
107 90 tiles/sets/grass 0 
108 91 tiles/sets/grass 46 
109 91 tiles/sets/grass 16 
110 92 tiles/sets/grass 0 
111 93 tiles/sets/grass 0 
112 94 tiles/sets/grass 46 
113 94 tiles/sets/grass 16 
114 95 tiles/sets/grass 0 
115 96 tiles/sets/grass 0 
107 104 tiles/sets/grass 16 
106 104 tiles/sets/grass 59 
106 105 tiles/sets/grass 3 
106 106 tiles/sets/grass 3 
106 107 tiles/sets/grass 3 
106 108 tiles/sets/grass 3 
105 109 tiles/sets/grass 59 
105 110 tiles/sets/grass 3 
105 111 tiles/sets/grass 3 
105 112 tiles/sets/grass 3 
105 113 tiles/sets/grass 1 
104 114 tiles/sets/grass 31 
104 115 tiles/sets/grass 3 
104 116 tiles/sets/grass 3 
104 117 tiles/sets/grass 3 
104 118 tiles/sets/grass 3 
104 119 tiles/sets/grass 1 
103 120 tiles/sets/grass 31 
103 121 tiles/sets/grass 3 
103 122 tiles/sets/grass 3 
103 123 tiles/sets/grass 3 
103 124 tiles/sets/grass 1 
102 125 tiles/sets/grass 31 
102 126 tiles/sets/grass 3 
102 127 tiles/sets/grass 3 
102 128 tiles/sets/grass 3 
102 129 tiles/sets/grass 1 
101 130 tiles/sets/grass 31 
101 131 tiles/sets/grass 3 
101 132 tiles/sets/grass 3 
101 133 tiles/sets/grass 3 
101 134 tiles/sets/grass 3 
101 135 tiles/sets/grass 29 
100 135 tiles/sets/grass 59 
100 136 tiles/sets/grass 3 
100 137 tiles/sets/grass 3 
100 138 tiles/sets/grass 3 
100 139 tiles/sets/grass 1 
99 140 tiles/sets/grass 31 
99 141 tiles/sets/grass 3 
99 142 tiles/sets/grass 3 
99 143 tiles/sets/grass 3 
99 144 tiles/sets/grass 1 
98 145 tiles/sets/grass 31 
98 146 tiles/sets/grass 3 
98 147 tiles/sets/grass 3 
98 148 tiles/sets/grass 3 
98 149 tiles/sets/grass 3 
98 150 tiles/sets/grass 1 
97 151 tiles/sets/grass 31 
97 152 tiles/sets/grass 3 
97 153 tiles/sets/grass 3 
97 154 tiles/sets/grass 3 
97 155 tiles/sets/grass 1 
96 156 tiles/sets/grass 31 
96 157 tiles/sets/grass 3 
96 158 tiles/sets/grass 3 
96 159 tiles/sets/grass 3 
96 160 tiles/sets/grass 1 
95 161 tiles/sets/grass 31 
95 162 tiles/sets/grass 3 
95 163 tiles/sets/grass 3 
95 164 tiles/sets/grass 3 
95 165 tiles/sets/grass 3 
95 166 tiles/sets/grass 1 
106 109 tiles/sets/grass 29 
237 164 tiles/sets/grass 16 
238 165 tiles/sets/grass 0 
239 166 tiles/sets/grass 0 
240 167 tiles/sets/grass 0 
241 168 tiles/sets/grass 0 
242 169 tiles/sets/grass 0 
243 170 tiles/sets/grass 0 
244 171 tiles/sets/grass 0 
245 172 tiles/sets/grass 0 
246 173 tiles/sets/grass 0 
247 174 tiles/sets/grass 0 
248 175 tiles/sets/grass 0 
249 176 tiles/sets/grass 0 
250 177 tiles/sets/grass 0 
251 178 tiles/sets/grass 0 
252 179 tiles/sets/grass 0 
253 180 tiles/sets/grass 0 
254 181 tiles/sets/grass 0 
255 182 tiles/sets/grass 0 
256 183 tiles/sets/grass 0 
257 184 tiles/sets/grass 0 
258 185 tiles/sets/grass 0 
259 186 tiles/sets/grass 0 
260 187 tiles/sets/grass 0 
261 188 tiles/sets/grass 0 
262 189 tiles/sets/grass 0 
263 190 tiles/sets/grass 0 
264 191 tiles/sets/grass 0 
265 192 tiles/sets/grass 0 
266 193 tiles/sets/grass 0 
267 194 tiles/sets/grass 0 
268 195 tiles/sets/grass 0 
269 196 tiles/sets/grass 0 
270 197 tiles/sets/grass 0 
271 198 tiles/sets/grass 0 
272 199 tiles/sets/grass 0 
273 200 tiles/sets/grass 0 
275 202 tiles/sets/grass 0 
276 203 tiles/sets/grass 0 
277 204 tiles/sets/grass 0 
278 205 tiles/sets/grass 0 
279 206 tiles/sets/grass 0 
280 207 tiles/sets/grass 0 
274 201 tiles/sets/grass 0 
236 165 tiles/sets/grass 3 
236 166 tiles/sets/grass 3 
236 167 tiles/sets/grass 3 
236 168 tiles/sets/grass 3 
236 169 tiles/sets/grass 3 
236 170 tiles/sets/grass 3 
236 171 tiles/sets/grass 3 
236 172 tiles/sets/grass 3 
236 173 tiles/sets/grass 3 
236 174 tiles/sets/grass 3 
236 175 tiles/sets/grass 3 
236 176 tiles/sets/grass 3 
236 177 tiles/sets/grass 3 
236 178 tiles/sets/grass 3 
236 179 tiles/sets/grass 3 
236 180 tiles/sets/grass 3 
236 183 tiles/sets/grass 3 
236 184 tiles/sets/grass 3 
236 185 tiles/sets/grass 3 
236 186 tiles/sets/grass 3 
236 187 tiles/sets/grass 3 
236 188 tiles/sets/grass 3 
236 189 tiles/sets/grass 3 
236 190 tiles/sets/grass 3 
236 191 tiles/sets/grass 3 
236 192 tiles/sets/grass 3 
236 193 tiles/sets/grass 3 
236 194 tiles/sets/grass 3 
236 195 tiles/sets/grass 3 
236 196 tiles/sets/grass 3 
236 197 tiles/sets/grass 3 
236 198 tiles/sets/grass 3 
236 199 tiles/sets/grass 3 
236 200 tiles/sets/grass 3 
236 201 tiles/sets/grass 3 
236 202 tiles/sets/grass 3 
236 203 tiles/sets/grass 3 
236 204 tiles/sets/grass 3 
236 205 tiles/sets/grass 3 
236 206 tiles/sets/grass 3 
236 207 tiles/sets/grass 3 
236 208 tiles/sets/grass 3 
236 209 tiles/sets/grass 3 
236 210 tiles/sets/grass 3 
236 211 tiles/sets/grass 3 
236 212 tiles/sets/grass 3 
236 213 tiles/sets/grass 3 
236 214 tiles/sets/grass 3 
236 215 tiles/sets/grass 3 
236 216 tiles/sets/grass 3 
236 217 tiles/sets/grass 3 
236 218 tiles/sets/grass 3 
236 219 tiles/sets/grass 3 
236 220 tiles/sets/grass 3 
236 221 tiles/sets/grass 3 
236 222 tiles/sets/grass 3 
281 208 tiles/sets/grass 0 
236 163 tiles/sets/grass 31 
236 164 tiles/sets/grass 13 
236 223 tiles/sets/grass 3 
236 224 tiles/sets/grass 3 
236 225 tiles/sets/grass 3 
236 226 tiles/sets/grass 3 
236 227 tiles/sets/grass 1 
236 181 tiles/sets/grass 3 
236 182 tiles/sets/grass 3 
198 67 tiles/sets/grass 46 
199 67 tiles/sets/grass 18 
200 67 tiles/sets/grass 18 
201 67 tiles/sets/grass 18 
202 67 tiles/sets/grass 18 
203 67 tiles/sets/grass 16 
204 68 tiles/sets/grass 46 
205 68 tiles/sets/grass 18 
206 68 tiles/sets/grass 18 
207 68 tiles/sets/grass 18 
208 68 tiles/sets/grass 18 
209 68 tiles/sets/grass 16 
210 69 tiles/sets/grass 46 
211 69 tiles/sets/grass 18 
212 69 tiles/sets/grass 18 
213 69 tiles/sets/grass 18 
214 69 tiles/sets/grass 18 
215 69 tiles/sets/grass 18 
216 69 tiles/sets/grass 16 
217 70 tiles/sets/grass 46 
218 70 tiles/sets/grass 18 
219 70 tiles/sets/grass 18 
220 70 tiles/sets/grass 18 
221 70 tiles/sets/grass 18 
222 70 tiles/sets/grass 16 
223 71 tiles/sets/grass 46 
224 71 tiles/sets/grass 18 
225 71 tiles/sets/grass 18 
226 71 tiles/sets/grass 18 
227 71 tiles/sets/grass 18 
228 71 tiles/sets/grass 16 
229 72 tiles/sets/grass 46 
230 72 tiles/sets/grass 18 
231 72 tiles/sets/grass 18 
232 72 tiles/sets/grass 18 
233 72 tiles/sets/grass 18 
234 72 tiles/sets/grass 18 
235 72 tiles/sets/grass 16 
236 73 tiles/sets/grass 46 
237 73 tiles/sets/grass 18 
238 73 tiles/sets/grass 18 
239 73 tiles/sets/grass 18 
240 73 tiles/sets/grass 18 
241 73 tiles/sets/grass 16 
242 74 tiles/sets/grass 46 
243 74 tiles/sets/grass 18 
244 74 tiles/sets/grass 18 
245 74 tiles/sets/grass 18 
246 74 tiles/sets/grass 18 
247 74 tiles/sets/grass 18 
248 74 tiles/sets/grass 16 
249 75 tiles/sets/grass 46 
250 75 tiles/sets/grass 18 
251 75 tiles/sets/grass 18 
252 75 tiles/sets/grass 18 
253 75 tiles/sets/grass 18 
254 75 tiles/sets/grass 16 
255 76 tiles/sets/grass 46 
256 76 tiles/sets/grass 18 
257 76 tiles/sets/grass 18 
258 76 tiles/sets/grass 18 
259 76 tiles/sets/grass 18 
260 76 tiles/sets/grass 16 
261 77 tiles/sets/grass 46 
262 77 tiles/sets/grass 18 
263 77 tiles/sets/grass 18 
264 77 tiles/sets/grass 18 
265 77 tiles/sets/grass 18 
266 77 tiles/sets/grass 16 
267 78 tiles/sets/grass 46 
268 78 tiles/sets/grass 18 
269 78 tiles/sets/grass 18 
270 78 tiles/sets/grass 18 
271 78 tiles/sets/grass 18 
272 78 tiles/sets/grass 16 
273 79 tiles/sets/grass 46 
274 79 tiles/sets/grass 18 
275 79 tiles/sets/grass 18 
276 79 tiles/sets/grass 18 
277 79 tiles/sets/grass 18 
278 79 tiles/sets/grass 18 
279 79 tiles/sets/grass 16 
280 80 tiles/sets/grass 46 
281 80 tiles/sets/grass 18 
282 80 tiles/sets/grass 18 
283 80 tiles/sets/grass 18 
284 80 tiles/sets/grass 18 
285 80 tiles/sets/grass 16 
286 81 tiles/sets/grass 46 
287 81 tiles/sets/grass 18 
288 81 tiles/sets/grass 18 
289 81 tiles/sets/grass 18 
290 81 tiles/sets/grass 18 
291 81 tiles/sets/grass 16 
292 82 tiles/sets/grass 46 
293 82 tiles/sets/grass 18 
294 82 tiles/sets/grass 18 
295 82 tiles/sets/grass 18 
296 82 tiles/sets/grass 18 
297 82 tiles/sets/grass 18 
298 82 tiles/sets/grass 16 
299 83 tiles/sets/grass 46 
300 83 tiles/sets/grass 18 
301 83 tiles/sets/grass 18 
302 83 tiles/sets/grass 18 
303 83 tiles/sets/grass 18 
304 83 tiles/sets/grass 16 
305 84 tiles/sets/grass 46 
306 84 tiles/sets/grass 18 
307 84 tiles/sets/grass 18 
308 84 tiles/sets/grass 18 
309 84 tiles/sets/grass 18 
310 84 tiles/sets/grass 18 
311 84 tiles/sets/grass 16 
312 85 tiles/sets/grass 46 
313 85 tiles/sets/grass 18 
314 85 tiles/sets/grass 18 
315 85 tiles/sets/grass 18 
316 85 tiles/sets/grass 18 
317 85 tiles/sets/grass 16 
318 86 tiles/sets/grass 46 
319 86 tiles/sets/grass 18 
320 86 tiles/sets/grass 18 
321 86 tiles/sets/grass 18 
322 86 tiles/sets/grass 18 
323 86 tiles/sets/grass 16 
324 87 tiles/sets/grass 46 
325 87 tiles/sets/grass 18 
326 87 tiles/sets/grass 18 
327 87 tiles/sets/grass 18 
328 87 tiles/sets/grass 18 
329 87 tiles/sets/grass 16 
330 88 tiles/sets/grass 46 
331 88 tiles/sets/grass 18 
332 88 tiles/sets/grass 18 
333 88 tiles/sets/grass 18 
334 88 tiles/sets/grass 18 
335 88 tiles/sets/grass 16 
336 89 tiles/sets/grass 46 
337 89 tiles/sets/grass 18 
338 89 tiles/sets/grass 18 
339 89 tiles/sets/grass 18 
340 89 tiles/sets/grass 18 
341 89 tiles/sets/grass 18 
342 89 tiles/sets/grass 16 
343 90 tiles/sets/grass 46 
344 90 tiles/sets/grass 18 
345 90 tiles/sets/grass 18 
346 90 tiles/sets/grass 18 
347 90 tiles/sets/grass 18 
348 90 tiles/sets/grass 16 
349 91 tiles/sets/grass 46 
350 91 tiles/sets/grass 18 
351 91 tiles/sets/grass 18 
352 91 tiles/sets/grass 18 
353 91 tiles/sets/grass 18 
354 91 tiles/sets/grass 16 
355 92 tiles/sets/grass 46 
356 92 tiles/sets/grass 18 
357 92 tiles/sets/grass 18 
358 92 tiles/sets/grass 18 
359 92 tiles/sets/grass 18 
360 92 tiles/sets/grass 18 
361 92 tiles/sets/grass 16 
362 93 tiles/sets/grass 46 
363 93 tiles/sets/grass 18 
364 93 tiles/sets/grass 18 
365 93 tiles/sets/grass 18 
366 93 tiles/sets/grass 18 
367 93 tiles/sets/grass 16 
368 94 tiles/sets/grass 46 
369 94 tiles/sets/grass 18 
370 94 tiles/sets/grass 18 
371 94 tiles/sets/grass 18 
372 94 tiles/sets/grass 18 
373 94 tiles/sets/grass 18 
374 94 tiles/sets/grass 16 
375 95 tiles/sets/grass 46 
376 95 tiles/sets/grass 18 
377 95 tiles/sets/grass 18 
378 95 tiles/sets/grass 18 
379 95 tiles/sets/grass 18 
380 95 tiles/sets/grass 16 
381 96 tiles/sets/grass 46 
382 96 tiles/sets/grass 18 
383 96 tiles/sets/grass 18 
384 96 tiles/sets/grass 18 
385 96 tiles/sets/grass 18 
386 96 tiles/sets/grass 16 
387 97 tiles/sets/grass 46 
388 97 tiles/sets/grass 18 
389 97 tiles/sets/grass 18 
390 97 tiles/sets/grass 18 
391 97 tiles/sets/grass 18 
392 97 tiles/sets/grass 16 
393 98 tiles/sets/grass 46 
394 98 tiles/sets/grass 18 
395 98 tiles/sets/grass 18 
396 98 tiles/sets/grass 18 
397 98 tiles/sets/grass 18 
398 98 tiles/sets/grass 16 
399 99 tiles/sets/grass 46 
400 99 tiles/sets/grass 18 
401 99 tiles/sets/grass 18 
402 99 tiles/sets/grass 18 
403 99 tiles/sets/grass 18 
404 99 tiles/sets/grass 18 
405 99 tiles/sets/grass 16 
406 100 tiles/sets/grass 46 
407 100 tiles/sets/grass 18 
408 100 tiles/sets/grass 18 
409 100 tiles/sets/grass 18 
410 100 tiles/sets/grass 18 
411 100 tiles/sets/grass 16 
412 101 tiles/sets/grass 46 
413 101 tiles/sets/grass 18 
414 101 tiles/sets/grass 18 
415 101 tiles/sets/grass 18 
416 101 tiles/sets/grass 18 
417 101 tiles/sets/grass 16 
418 102 tiles/sets/grass 46 
419 102 tiles/sets/grass 18 
420 102 tiles/sets/grass 18 
421 102 tiles/sets/grass 18 
422 102 tiles/sets/grass 18 
423 102 tiles/sets/grass 18 
424 102 tiles/sets/grass 16 
425 103 tiles/sets/grass 46 
426 103 tiles/sets/grass 18 
427 103 tiles/sets/grass 18 
428 103 tiles/sets/grass 18 
429 103 tiles/sets/grass 18 
430 103 tiles/sets/grass 16 
431 104 tiles/sets/grass 46 
432 104 tiles/sets/grass 18 
433 104 tiles/sets/grass 18 
434 104 tiles/sets/grass 18 
435 104 tiles/sets/grass 18 
436 104 tiles/sets/grass 18 
437 104 tiles/sets/grass 16 
438 105 tiles/sets/grass 46 
439 105 tiles/sets/grass 18 
440 105 tiles/sets/grass 18 
441 105 tiles/sets/grass 18 
442 105 tiles/sets/grass 18 
443 105 tiles/sets/grass 16 
444 106 tiles/sets/grass 46 
445 106 tiles/sets/grass 18 
446 106 tiles/sets/grass 18 
447 106 tiles/sets/grass 18 
448 106 tiles/sets/grass 18 
449 106 tiles/sets/grass 16 
450 107 tiles/sets/grass 46 
451 107 tiles/sets/grass 18 
452 107 tiles/sets/grass 18 
453 107 tiles/sets/grass 18 
454 107 tiles/sets/grass 18 
455 107 tiles/sets/grass 16 
456 108 tiles/sets/grass 46 
457 108 tiles/sets/grass 18 
458 108 tiles/sets/grass 18 
459 108 tiles/sets/grass 18 
460 108 tiles/sets/grass 18 
461 108 tiles/sets/grass 16 
462 109 tiles/sets/grass 46 
463 109 tiles/sets/grass 18 
464 109 tiles/sets/grass 18 
465 109 tiles/sets/grass 18 
466 109 tiles/sets/grass 18 
467 109 tiles/sets/grass 18 
468 109 tiles/sets/grass 16 
469 110 tiles/sets/grass 46 
470 110 tiles/sets/grass 18 
471 110 tiles/sets/grass 18 
472 110 tiles/sets/grass 18 
473 110 tiles/sets/grass 18 
474 110 tiles/sets/grass 16 
475 111 tiles/sets/grass 46 
476 111 tiles/sets/grass 18 
477 111 tiles/sets/grass 18 
478 111 tiles/sets/grass 18 
479 111 tiles/sets/grass 18 
480 111 tiles/sets/grass 16 
481 112 tiles/sets/grass 46 
482 112 tiles/sets/grass 18 
483 112 tiles/sets/grass 18 
484 112 tiles/sets/grass 18 
485 112 tiles/sets/grass 18 
486 112 tiles/sets/grass 18 
487 112 tiles/sets/grass 16 
488 113 tiles/sets/grass 46 
489 113 tiles/sets/grass 18 
490 113 tiles/sets/grass 18 
491 113 tiles/sets/grass 18 
492 113 tiles/sets/grass 18 
493 113 tiles/sets/grass 16 
494 114 tiles/sets/grass 46 
495 114 tiles/sets/grass 18 
496 114 tiles/sets/grass 18 
497 114 tiles/sets/grass 18 
498 114 tiles/sets/grass 18 
499 114 tiles/sets/grass 18 
500 114 tiles/sets/grass 16 
501 115 tiles/sets/grass 46 
502 115 tiles/sets/grass 18 
503 115 tiles/sets/grass 18 
504 115 tiles/sets/grass 18 
505 115 tiles/sets/grass 18 
506 115 tiles/sets/grass 16 
507 116 tiles/sets/grass 46 
508 116 tiles/sets/grass 18 
509 116 tiles/sets/grass 18 
510 116 tiles/sets/grass 18 
511 116 tiles/sets/grass 18 
512 116 tiles/sets/grass 16 
513 117 tiles/sets/grass 46 
514 117 tiles/sets/grass 18 
515 117 tiles/sets/grass 18 
516 117 tiles/sets/grass 18 
517 117 tiles/sets/grass 18 
518 117 tiles/sets/grass 16 
519 118 tiles/sets/grass 46 
520 118 tiles/sets/grass 18 
521 118 tiles/sets/grass 18 
522 118 tiles/sets/grass 18 
523 118 tiles/sets/grass 18 
524 118 tiles/sets/grass 16 
525 119 tiles/sets/grass 46 
526 119 tiles/sets/grass 18 
527 119 tiles/sets/grass 18 
528 119 tiles/sets/grass 18 
529 119 tiles/sets/grass 18 
530 119 tiles/sets/grass 18 
531 119 tiles/sets/grass 16 
532 120 tiles/sets/grass 46 
533 120 tiles/sets/grass 18 
534 120 tiles/sets/grass 18 
535 120 tiles/sets/grass 18 
536 120 tiles/sets/grass 18 
537 120 tiles/sets/grass 16 
538 121 tiles/sets/grass 46 
539 121 tiles/sets/grass 18 
540 121 tiles/sets/grass 18 
541 121 tiles/sets/grass 18 
542 121 tiles/sets/grass 18 
543 121 tiles/sets/grass 16 
544 122 tiles/sets/grass 46 
545 122 tiles/sets/grass 18 
546 122 tiles/sets/grass 18 
547 122 tiles/sets/grass 18 
548 122 tiles/sets/grass 18 
549 122 tiles/sets/grass 18 
550 122 tiles/sets/grass 16 
551 123 tiles/sets/grass 46 
552 123 tiles/sets/grass 18 
553 123 tiles/sets/grass 18 
554 123 tiles/sets/grass 18 
555 123 tiles/sets/grass 18 
556 123 tiles/sets/grass 16 
557 124 tiles/sets/grass 46 
558 124 tiles/sets/grass 18 
559 124 tiles/sets/grass 18 
560 124 tiles/sets/grass 18 
561 124 tiles/sets/grass 18 
562 124 tiles/sets/grass 18 
563 124 tiles/sets/grass 16 
564 125 tiles/sets/grass 46 
565 125 tiles/sets/grass 18 
566 125 tiles/sets/grass 18 
567 125 tiles/sets/grass 18 
568 125 tiles/sets/grass 18 
569 125 tiles/sets/grass 16 
570 126 tiles/sets/grass 46 
571 126 tiles/sets/grass 18 
572 126 tiles/sets/grass 18 
573 126 tiles/sets/grass 18 
574 126 tiles/sets/grass 18 
575 126 tiles/sets/grass 16 
576 127 tiles/sets/grass 46 
577 127 tiles/sets/grass 18 
578 127 tiles/sets/grass 18 
579 127 tiles/sets/grass 18 
580 127 tiles/sets/grass 18 
581 127 tiles/sets/grass 16 
582 128 tiles/sets/grass 46 
583 128 tiles/sets/grass 18 
584 128 tiles/sets/grass 18 
585 128 tiles/sets/grass 18 
586 128 tiles/sets/grass 18 
587 128 tiles/sets/grass 16 
588 129 tiles/sets/grass 46 
589 129 tiles/sets/grass 18 
590 129 tiles/sets/grass 18 
591 129 tiles/sets/grass 18 
592 129 tiles/sets/grass 18 
593 129 tiles/sets/grass 18 
594 129 tiles/sets/grass 16 
595 130 tiles/sets/grass 46 
596 130 tiles/sets/grass 18 
597 130 tiles/sets/grass 18 
598 130 tiles/sets/grass 18 
599 130 tiles/sets/grass 18 
600 130 tiles/sets/grass 16 
601 131 tiles/sets/grass 46 
602 131 tiles/sets/grass 18 
603 131 tiles/sets/grass 18 
604 131 tiles/sets/grass 18 
605 131 tiles/sets/grass 18 
606 131 tiles/sets/grass 16 
607 132 tiles/sets/grass 46 
608 132 tiles/sets/grass 18 
609 132 tiles/sets/grass 18 
610 132 tiles/sets/grass 18 
611 132 tiles/sets/grass 18 
612 132 tiles/sets/grass 18 
613 132 tiles/sets/grass 16 
614 133 tiles/sets/grass 46 
615 133 tiles/sets/grass 18 
616 133 tiles/sets/grass 18 
617 133 tiles/sets/grass 18 
618 133 tiles/sets/grass 18 
619 133 tiles/sets/grass 16 
620 134 tiles/sets/grass 46 
621 134 tiles/sets/grass 18 
622 134 tiles/sets/grass 18 
623 134 tiles/sets/grass 18 
624 134 tiles/sets/grass 18 
625 134 tiles/sets/grass 18 
626 134 tiles/sets/grass 16 
627 135 tiles/sets/grass 46 
628 135 tiles/sets/grass 18 
629 135 tiles/sets/grass 18 
630 135 tiles/sets/grass 18 
631 135 tiles/sets/grass 18 
632 135 tiles/sets/grass 16 
633 136 tiles/sets/grass 46 
634 136 tiles/sets/grass 18 
635 136 tiles/sets/grass 18 
636 136 tiles/sets/grass 18 
637 136 tiles/sets/grass 18 
638 136 tiles/sets/grass 16 
639 137 tiles/sets/grass 46 
640 137 tiles/sets/grass 18 
641 137 tiles/sets/grass 18 
642 137 tiles/sets/grass 18 
643 137 tiles/sets/grass 18 
644 137 tiles/sets/grass 16 
645 138 tiles/sets/grass 46 
646 138 tiles/sets/grass 18 
647 138 tiles/sets/grass 18 
648 138 tiles/sets/grass 18 
649 138 tiles/sets/grass 18 
650 138 tiles/sets/grass 16 
651 139 tiles/sets/grass 46 
652 139 tiles/sets/grass 18 
653 139 tiles/sets/grass 18 
654 139 tiles/sets/grass 18 
655 139 tiles/sets/grass 18 
656 139 tiles/sets/grass 18 
657 139 tiles/sets/grass 16 
658 140 tiles/sets/grass 46 
659 140 tiles/sets/grass 18 
660 140 tiles/sets/grass 18 
661 140 tiles/sets/grass 18 
662 140 tiles/sets/grass 18 
663 140 tiles/sets/grass 16 
664 141 tiles/sets/grass 46 
665 141 tiles/sets/grass 18 
666 141 tiles/sets/grass 18 
667 141 tiles/sets/grass 18 
668 141 tiles/sets/grass 18 
669 141 tiles/sets/grass 16 
670 142 tiles/sets/grass 46 
671 142 tiles/sets/grass 18 
672 142 tiles/sets/grass 18 
673 142 tiles/sets/grass 18 
674 142 tiles/sets/grass 18 
675 142 tiles/sets/grass 18 
676 142 tiles/sets/grass 16 
677 143 tiles/sets/grass 46 
678 143 tiles/sets/grass 18 
679 143 tiles/sets/grass 18 
680 143 tiles/sets/grass 18 
681 143 tiles/sets/grass 18 
682 143 tiles/sets/grass 16 
683 144 tiles/sets/grass 46 
684 144 tiles/sets/grass 18 
685 144 tiles/sets/grass 18 
686 144 tiles/sets/grass 18 
687 144 tiles/sets/grass 18 
688 144 tiles/sets/grass 18 
689 144 tiles/sets/grass 16 
690 145 tiles/sets/grass 46 
691 145 tiles/sets/grass 18 
692 145 tiles/sets/grass 18 
693 145 tiles/sets/grass 18 
694 145 tiles/sets/grass 18 
695 145 tiles/sets/grass 16 
696 146 tiles/sets/grass 46 
697 146 tiles/sets/grass 18 
698 146 tiles/sets/grass 18 
699 146 tiles/sets/grass 18 
700 146 tiles/sets/grass 18 
701 146 tiles/sets/grass 16 
702 147 tiles/sets/grass 0 
404 102 tiles/sets/grass 0 
@background_tiles
