@crouching true
@look_around true
@is_deluxe true
@time_limit -1
@author AshQuimby
@background cold_mountains
@name Test
@double_jumping true
@wall_sliding true
@version 0.1.5
6 15 tiles/sets/grass 41 
3 12 tiles/sets/grass 46 
11 4 tiles/sets/grass 47 
11 2 tiles/sets/grass 46 
12 2 tiles/sets/grass 44 
12 3 tiles/sets/grass 3 
6 16 tiles/sets/grass 21 
5 16 tiles/sets/grass 5 
5 15 tiles/sets/grass 49 
4 15 tiles/sets/grass 22 
4 14 tiles/sets/grass 3 
4 13 tiles/sets/grass 11 
4 12 tiles/sets/grass 37 
4 9 tiles/sets/grass 4 
4 8 tiles/sets/grass 4 
4 7 tiles/sets/grass 47 
5 7 tiles/sets/grass 49 
6 6 tiles/sets/grass 47 
7 6 tiles/sets/grass 49 
9 5 tiles/sets/grass 47 
12 4 tiles/sets/grass 22 
13 4 tiles/sets/grass 49 
8 15 tiles/sets/grass 4 
4 11 tiles/sets/grass 4 
4 10 tiles/sets/grass 4 
5 8 tiles/sets/grass 5 
6 7 tiles/sets/grass 36 
7 7 tiles/sets/grass 5 
8 6 tiles/sets/grass 49 
10 5 tiles/sets/grass 49 
5 9 tiles/sets/grass 6 
6 8 tiles/sets/grass 5 
8 7 tiles/sets/grass 5 
9 6 tiles/sets/grass 36 
10 6 tiles/sets/grass 5 
11 5 tiles/sets/grass 36 
12 5 tiles/sets/grass 5 
14 4 tiles/sets/grass 49 
9 7 tiles/sets/grass 5 
13 5 tiles/sets/grass 5 
11 8 tiles/sets/grass 5 
13 7 tiles/sets/grass 5 
14 6 tiles/sets/grass 5 
7 9 tiles/sets/grass 51 
8 9 tiles/sets/grass 5 
10 7 tiles/sets/grass 5 
11 6 tiles/sets/grass 5 
12 6 tiles/sets/grass 5 
13 6 tiles/sets/grass 5 
14 5 tiles/sets/grass 5 
12 12 tiles/sets/grass 5 
11 12 tiles/sets/grass 5 
10 12 tiles/sets/grass 5 
9 12 tiles/sets/grass 5 
8 12 tiles/sets/grass 5 
7 12 tiles/sets/grass 5 
5 11 tiles/sets/grass 21 
5 10 tiles/sets/grass 34 
6 9 tiles/sets/grass 19 
7 8 tiles/sets/grass 5 
8 8 tiles/sets/grass 5 
9 8 tiles/sets/grass 5 
10 8 tiles/sets/grass 5 
11 7 tiles/sets/grass 5 
12 7 tiles/sets/grass 5 
10 14 tiles/sets/grass 5 
9 14 tiles/sets/grass 5 
8 14 tiles/sets/grass 51 
7 14 tiles/sets/grass 19 
6 14 tiles/sets/grass 11 
5 13 tiles/sets/grass 19 
5 12 tiles/sets/grass 5 
7 10 tiles/sets/grass 4 
9 9 tiles/sets/grass 5 
11 13 tiles/sets/grass 5 
10 13 tiles/sets/grass 5 
9 13 tiles/sets/grass 5 
8 13 tiles/sets/grass 5 
7 13 tiles/sets/grass 5 
6 13 tiles/sets/grass 51 
6 12 tiles/sets/grass 5 
6 11 tiles/sets/grass 49 
7 11 tiles/sets/grass 36 
12 8 tiles/sets/grass 5 
13 8 tiles/sets/grass 5 
10 9 tiles/sets/grass 5 
11 9 tiles/sets/grass 5 
12 9 tiles/sets/grass 5 
12 11 tiles/sets/grass 5 
11 11 tiles/sets/grass 5 
10 11 tiles/sets/grass 5 
9 11 tiles/sets/grass 5 
8 11 tiles/sets/grass 5 
8 10 tiles/sets/grass 5 
9 10 tiles/sets/grass 5 
10 10 tiles/sets/grass 5 
11 10 tiles/sets/grass 5 
12 10 tiles/sets/grass 5 
13 10 tiles/sets/grass 5 
13 9 tiles/sets/grass 5 
7 16 tiles/sets/grass 49 
8 16 tiles/sets/grass 36 
9 15 tiles/sets/grass 6 
9 16 tiles/sets/grass 34 
10 15 tiles/sets/grass 19 
11 14 tiles/sets/grass 5 
11 15 tiles/sets/grass 19 
12 13 tiles/sets/grass 6 
12 14 tiles/sets/grass 34 
12 15 tiles/sets/grass 26 
13 11 tiles/sets/grass 5 
13 12 tiles/sets/grass 5 
13 13 tiles/sets/grass 19 
13 15 tiles/sets/grass 18 
14 7 tiles/sets/grass 5 
14 8 tiles/sets/grass 5 
14 9 tiles/sets/grass 5 
14 10 tiles/sets/grass 5 
14 11 tiles/sets/grass 5 
14 12 tiles/sets/grass 6 
14 13 tiles/sets/grass 42 
14 14 tiles/sets/grass 13 
14 15 tiles/sets/grass 29 
15 2 tiles/sets/grass 0 
15 4 tiles/sets/grass 49 
15 5 tiles/sets/grass 5 
15 6 tiles/sets/grass 5 
15 7 tiles/sets/grass 5 
15 8 tiles/sets/grass 5 
15 9 tiles/sets/grass 5 
15 10 tiles/sets/grass 5 
15 11 tiles/sets/grass 5 
15 12 tiles/sets/grass 19 
15 14 tiles/sets/grass 18 
16 3 tiles/sets/grass 31 
16 4 tiles/sets/grass 22 
16 5 tiles/sets/grass 5 
16 6 tiles/sets/grass 5 
16 7 tiles/sets/grass 5 
16 8 tiles/sets/grass 5 
16 9 tiles/sets/grass 5 
16 10 tiles/sets/grass 5 
16 11 tiles/sets/grass 6 
16 12 tiles/sets/grass 17 
16 14 tiles/sets/grass 16 
17 1 tiles/sets/grass 46 
17 4 tiles/sets/grass 49 
17 5 tiles/sets/grass 5 
17 6 tiles/sets/grass 5 
17 7 tiles/sets/grass 5 
17 8 tiles/sets/grass 5 
17 9 tiles/sets/grass 5 
17 10 tiles/sets/grass 5 
17 11 tiles/sets/grass 19 
17 13 tiles/sets/grass 0 
18 1 tiles/sets/grass 44 
18 2 tiles/sets/grass 14 
18 4 tiles/sets/grass 32 
18 5 tiles/sets/grass 21 
18 6 tiles/sets/grass 5 
18 7 tiles/sets/grass 5 
18 8 tiles/sets/grass 5 
18 9 tiles/sets/grass 5 
18 10 tiles/sets/grass 5 
18 11 tiles/sets/grass 52 
18 12 tiles/sets/grass 1 
19 2 tiles/sets/grass 44 
19 3 tiles/sets/grass 1 
19 5 tiles/sets/grass 49 
19 6 tiles/sets/grass 5 
19 7 tiles/sets/grass 5 
19 8 tiles/sets/grass 5 
19 9 tiles/sets/grass 5 
19 10 tiles/sets/grass 6 
19 11 tiles/sets/grass 17 
20 4 tiles/sets/grass 31 
20 5 tiles/sets/grass 22 
20 6 tiles/sets/grass 5 
20 7 tiles/sets/grass 5 
20 8 tiles/sets/grass 5 
20 9 tiles/sets/grass 6 
20 10 tiles/sets/grass 17 
21 5 tiles/sets/grass 49 
21 6 tiles/sets/grass 5 
21 7 tiles/sets/grass 5 
21 8 tiles/sets/grass 6 
21 9 tiles/sets/grass 17 
22 4 tiles/sets/grass 31 
22 5 tiles/sets/grass 41 
22 6 tiles/sets/grass 21 
22 7 tiles/sets/grass 5 
22 8 tiles/sets/grass 19 
23 6 tiles/sets/grass 57 
23 7 tiles/sets/grass 34 
23 8 tiles/sets/grass 17 
24 6 tiles/sets/grass 16 
7 3 tiles/sets/grass 16 
6 3 tiles/sets/grass 46 
5 2 tiles/sets/grass 17 
4 2 tiles/sets/grass 2 
3 1 tiles/sets/grass 18 
2 1 tiles/sets/grass 14 
2 0 tiles/sets/grass 31 
5 1 tiles/sets/grass 32 
4 1 tiles/sets/grass 56 
13 27 tiles/sets/grass 2 
14 27 tiles/sets/grass 19 
15 27 tiles/sets/grass 19 
16 27 tiles/sets/grass 19 
17 27 tiles/sets/grass 19 
18 27 tiles/sets/grass 19 
19 27 tiles/sets/grass 19 
20 27 tiles/sets/grass 19 
21 27 tiles/sets/grass 19 
22 27 tiles/sets/grass 19 
23 27 tiles/sets/grass 19 
24 27 tiles/sets/grass 19 
25 27 tiles/sets/grass 19 
26 27 tiles/sets/grass 19 
27 27 tiles/sets/grass 19 
28 27 tiles/sets/grass 19 
29 27 tiles/sets/grass 51 
30 27 tiles/sets/grass 6 
31 27 tiles/sets/grass 19 
32 27 tiles/sets/grass 19 
33 27 tiles/sets/grass 19 
34 27 tiles/sets/grass 19 
35 27 tiles/sets/grass 51 
36 27 tiles/sets/grass 6 
37 27 tiles/sets/grass 19 
38 27 tiles/sets/grass 19 
39 27 tiles/sets/grass 19 
40 27 tiles/sets/grass 19 
41 27 tiles/sets/grass 19 
42 27 tiles/sets/grass 19 
43 27 tiles/sets/grass 19 
44 27 tiles/sets/grass 19 
45 27 tiles/sets/grass 19 
46 27 tiles/sets/grass 19 
47 27 tiles/sets/grass 19 
48 27 tiles/sets/grass 19 
49 27 tiles/sets/grass 19 
50 27 tiles/sets/grass 17 
50 26 tiles/sets/grass 32 
49 26 tiles/sets/grass 49 
48 26 tiles/sets/grass 49 
47 26 tiles/sets/grass 49 
46 26 tiles/sets/grass 49 
45 26 tiles/sets/grass 49 
44 26 tiles/sets/grass 49 
43 26 tiles/sets/grass 49 
42 26 tiles/sets/grass 49 
41 26 tiles/sets/grass 49 
40 26 tiles/sets/grass 49 
39 26 tiles/sets/grass 49 
38 26 tiles/sets/grass 49 
37 26 tiles/sets/grass 49 
36 26 tiles/sets/grass 49 
35 26 tiles/sets/grass 49 
34 26 tiles/sets/grass 49 
33 26 tiles/sets/grass 49 
32 26 tiles/sets/grass 49 
31 26 tiles/sets/grass 49 
30 26 tiles/sets/grass 49 
29 26 tiles/sets/grass 49 
28 26 tiles/sets/grass 49 
27 26 tiles/sets/grass 49 
26 26 tiles/sets/grass 49 
25 26 tiles/sets/grass 49 
24 26 tiles/sets/grass 49 
23 26 tiles/sets/grass 49 
22 26 tiles/sets/grass 49 
21 26 tiles/sets/grass 49 
20 26 tiles/sets/grass 49 
19 26 tiles/sets/grass 49 
15 26 tiles/sets/grass 49 
14 26 tiles/sets/grass 49 
13 26 tiles/sets/grass 47 
17 26 tiles/sets/grass 49 
18 26 tiles/sets/grass 49 
16 26 tiles/sets/grass 49 
29 28 tiles/sets/grass 4 
29 29 tiles/sets/grass 4 
29 30 tiles/sets/grass 4 
29 31 tiles/sets/grass 2 
30 31 tiles/sets/grass 17 
30 30 tiles/sets/grass 34 
30 29 tiles/sets/grass 34 
30 28 tiles/sets/grass 34 
35 28 tiles/sets/grass 4 
35 29 tiles/sets/grass 4 
35 30 tiles/sets/grass 4 
35 31 tiles/sets/grass 4 
35 32 tiles/sets/grass 4 
35 33 tiles/sets/grass 2 
36 33 tiles/sets/grass 17 
36 32 tiles/sets/grass 34 
36 31 tiles/sets/grass 34 
36 30 tiles/sets/grass 34 
36 29 tiles/sets/grass 34 
36 28 tiles/sets/grass 34 
29 35 tiles/sets/grass 47 
30 35 tiles/sets/grass 49 
30 36 tiles/sets/grass 19 
29 36 tiles/sets/grass 2 
22 33 tiles/sets/grass 19 
21 33 tiles/sets/grass 19 
20 33 tiles/sets/grass 19 
19 33 tiles/sets/grass 19 
18 33 tiles/sets/grass 19 
17 33 tiles/sets/grass 2 
17 32 tiles/sets/grass 47 
18 32 tiles/sets/grass 49 
19 32 tiles/sets/grass 49 
20 32 tiles/sets/grass 49 
21 32 tiles/sets/grass 49 
22 32 tiles/sets/grass 49 
23 33 tiles/sets/malice 17 
23 32 tiles/sets/malice 32 
31 36 tiles/sets/malice 17 
31 35 tiles/sets/malice 32 
4 16 tiles/sets/grass 5 
3 16 tiles/sets/grass 5 
2 16 tiles/sets/grass 4 
3 15 tiles/sets/grass 49 
2 15 tiles/sets/grass 47 
1 17 tiles/sets/stone 56 
2 17 tiles/sets/stone 36 
3 17 tiles/sets/stone 5 
4 17 tiles/sets/stone 5 
3 18 tiles/sets/stone 19 
2 18 tiles/sets/stone 19 
1 18 tiles/sets/stone 2 
4 18 tiles/sets/stone 19 
5 18 tiles/sets/stone 19 
6 18 tiles/sets/stone 19 
7 18 tiles/sets/stone 19 
8 18 tiles/sets/stone 19 
9 18 tiles/sets/stone 19 
9 17 tiles/sets/stone 21 
8 17 tiles/sets/stone 5 
7 17 tiles/sets/stone 5 
6 17 tiles/sets/stone 5 
5 17 tiles/sets/stone 5 
0 17 tiles/sets/stone 46 
10 17 tiles/sets/stone 49 
11 17 tiles/sets/stone 49 
12 17 tiles/sets/stone 49 
13 17 tiles/sets/stone 49 
14 17 tiles/sets/stone 49 
15 17 tiles/sets/stone 49 
13 18 tiles/sets/stone 19 
11 18 tiles/sets/stone 19 
10 18 tiles/sets/stone 19 
14 18 tiles/sets/stone 19 
16 18 tiles/sets/stone 19 
17 18 tiles/sets/stone 17 
17 17 tiles/sets/stone 57 
18 17 tiles/sets/stone 18 
16 17 tiles/sets/stone 49 
15 18 tiles/sets/stone 19 
19 17 tiles/sets/stone 16 
12 18 tiles/sets/stone 19 
@background_tiles
14 21 tiles/sets/stone 19 
13 21 tiles/sets/stone 2 
11 19 tiles/sets/stone 51 
15 21 tiles/sets/stone 19 
13 20 tiles/sets/stone 51 
12 20 tiles/sets/stone 19 
11 20 tiles/sets/stone 2 
10 19 tiles/sets/stone 2 
8 18 tiles/sets/stone 46 
9 18 tiles/sets/stone 27 
10 18 tiles/sets/stone 51 
16 21 tiles/sets/stone 17 
15 20 tiles/sets/stone 5 
14 20 tiles/sets/stone 5 
13 19 tiles/sets/stone 5 
12 19 tiles/sets/stone 5 
11 18 tiles/sets/stone 5 
9 16 tiles/sets/stone 4 
14 19 tiles/sets/stone 5 
9 17 tiles/sets/stone 4 
10 17 tiles/sets/stone 5 
11 17 tiles/sets/stone 5 
12 18 tiles/sets/stone 5 
10 16 tiles/sets/stone 5 
12 17 tiles/sets/stone 5 
11 16 tiles/sets/stone 5 
9 15 tiles/sets/stone 47 
10 15 tiles/sets/stone 49 
26 19 tiles/sets/stone 19 
19 18 tiles/sets/stone 5 
21 17 tiles/sets/stone 5 
20 18 tiles/sets/stone 5 
23 19 tiles/sets/stone 19 
25 19 tiles/sets/stone 19 
24 19 tiles/sets/stone 19 
23 18 tiles/sets/stone 5 
22 18 tiles/sets/stone 5 
21 18 tiles/sets/stone 5 
19 16 tiles/sets/stone 5 
22 17 tiles/sets/stone 5 
24 18 tiles/sets/stone 5 
25 18 tiles/sets/stone 5 
23 17 tiles/sets/stone 5 
18 15 tiles/sets/stone 5 
21 16 tiles/sets/stone 5 
19 15 tiles/sets/stone 5 
17 14 tiles/sets/stone 5 
28 18 tiles/sets/stone 32 
27 19 tiles/sets/stone 19 
30 19 tiles/sets/stone 16 
29 19 tiles/sets/stone 18 
28 19 tiles/sets/stone 26 
18 14 tiles/sets/stone 5 
17 13 tiles/sets/stone 21 
22 16 tiles/sets/stone 5 
24 17 tiles/sets/stone 5 
23 16 tiles/sets/stone 5 
21 15 tiles/sets/stone 5 
20 13 tiles/sets/stone 32 
26 16 tiles/sets/stone 32 
19 13 tiles/sets/stone 49 
20 14 tiles/sets/stone 21 
22 15 tiles/sets/stone 5 
23 15 tiles/sets/stone 21 
24 16 tiles/sets/stone 21 
25 17 tiles/sets/stone 5 
26 18 tiles/sets/stone 5 
27 18 tiles/sets/stone 21 
27 17 tiles/sets/stone 32 
26 17 tiles/sets/stone 21 
25 16 tiles/sets/stone 49 
24 15 tiles/sets/stone 32 
21 14 tiles/sets/stone 49 
22 14 tiles/sets/stone 49 
23 14 tiles/sets/stone 32 
17 12 tiles/sets/stone 32 
18 13 tiles/sets/stone 49 
19 14 tiles/sets/stone 5 
20 15 tiles/sets/stone 5 
20 16 tiles/sets/stone 5 
20 17 tiles/sets/stone 5 
19 17 tiles/sets/stone 5 
17 15 tiles/sets/stone 5 
18 16 tiles/sets/stone 5 
12 15 tiles/sets/stone 5 
12 14 tiles/sets/stone 5 
18 17 tiles/sets/stone 5 
18 18 tiles/sets/stone 5 
15 19 tiles/sets/stone 5 
14 17 tiles/sets/stone 5 
13 16 tiles/sets/stone 5 
15 18 tiles/sets/stone 5 
14 18 tiles/sets/stone 5 
13 18 tiles/sets/stone 5 
13 17 tiles/sets/stone 5 
12 16 tiles/sets/stone 5 
11 15 tiles/sets/stone 36 
11 14 tiles/sets/stone 4 
11 13 tiles/sets/stone 4 
11 12 tiles/sets/stone 47 
16 14 tiles/sets/stone 5 
14 16 tiles/sets/stone 5 
13 15 tiles/sets/stone 5 
15 12 tiles/sets/stone 49 
16 12 tiles/sets/stone 49 
16 13 tiles/sets/stone 5 
15 13 tiles/sets/stone 5 
16 20 tiles/sets/grass 6 
15 17 tiles/sets/grass 5 
16 17 tiles/sets/grass 5 
16 18 tiles/sets/grass 5 
16 19 tiles/sets/grass 5 
17 20 tiles/sets/grass 19 
17 19 tiles/sets/grass 5 
17 18 tiles/sets/grass 5 
17 17 tiles/sets/grass 5 
17 16 tiles/sets/grass 5 
16 16 tiles/sets/grass 5 
15 16 tiles/sets/grass 5 
14 15 tiles/sets/grass 5 
15 14 tiles/sets/grass 5 
16 15 tiles/sets/grass 5 
15 15 tiles/sets/grass 5 
14 14 tiles/sets/grass 5 
13 14 tiles/sets/grass 5 
12 13 tiles/sets/grass 5 
12 12 tiles/sets/grass 49 
13 13 tiles/sets/grass 5 
13 11 tiles/sets/grass 31 
13 12 tiles/sets/grass 22 
14 12 tiles/sets/grass 49 
14 13 tiles/sets/grass 5 
18 20 tiles/sets/grass 19 
19 20 tiles/sets/grass 19 
20 20 tiles/sets/grass 19 
21 20 tiles/sets/grass 19 
22 20 tiles/sets/grass 17 
22 19 tiles/sets/grass 6 
21 19 tiles/sets/grass 5 
20 19 tiles/sets/grass 5 
19 19 tiles/sets/grass 5 
18 19 tiles/sets/grass 5 
5 19 tiles/prop 0 malice_h 
@wiring_tiles
8 26 tiles/wiring/wires/actuator 0 
