@is_deluxe true
@crouching false
@look_around true
@time_limit -1
@background hyperspace
@author AshQuimby
@name Walouis Pinball
@double_jumping false
@version 0.1.5
@wall_sliding false
39 30 tiles/sets/location_bricks 43
39 40 tiles/sets/location_bricks 43
38 9 tiles/sets/location_bricks 36
37 20 tiles/sets/location_bricks 13
39 59 tiles/sets/location_bricks 3
14 70 tiles/sets/location_bricks 18
38 44 tiles/sets/bounce 18
41 25 tiles/sets/location_bricks 3
40 25 tiles/color_cube 4
41 23 tiles/sets/location_bricks 3
24 70 tiles/sets/location_bricks 18
23 70 tiles/sets/location_bricks 18
39 15 tiles/sets/location_bricks 3
41 45 tiles/sets/location_bricks 3
41 47 tiles/sets/location_bricks 3
21 70 tiles/sets/location_bricks 18
41 19 tiles/sets/location_bricks 3
41 44 tiles/sets/location_bricks 3
38 62 tiles/sets/bounce 18
39 33 tiles/sets/location_bricks 3
41 46 tiles/sets/location_bricks 3
38 20 tiles/sets/bounce 18
22 68 tiles/sets/location_bricks 18
39 24 tiles/sets/location_bricks 43
35 16 tiles/sets/location_bricks 19
31 70 tiles/sets/location_bricks 18
39 58 tiles/sets/location_bricks 43
39 18 tiles/sets/location_bricks 43
10 10 tiles/sets/location_bricks 19
38 54 tiles/sets/bounce 18
29 68 tiles/sets/location_bricks 18
19 70 tiles/sets/location_bricks 18
41 63 tiles/sets/location_bricks 3
40 57 tiles/color_cube 6
41 34 tiles/sets/location_bricks 3
40 8 tiles/sets/location_bricks 32
10 16 tiles/sets/location_bricks 19
42 10 tiles/sets/location_bricks 6
39 39 tiles/sets/location_bricks 3
41 22 tiles/sets/location_bricks 3
41 33 tiles/sets/location_bricks 3
41 64 tiles/sets/location_bricks 3
28 69 tiles/color_cube 5
41 24 tiles/sets/location_bricks 3
39 63 tiles/sets/location_bricks 3
40 47 tiles/color_cube 3
31 69 tiles/color_cube 4
41 54 tiles/sets/location_bricks 3
37 38 tiles/sets/location_bricks 13
10 15 tiles/sets/location_bricks 49
40 49 tiles/color_cube 3
26 70 tiles/sets/location_bricks 18
32 69 tiles/color_cube 4
33 44 tiles/coin 0
23 69 tiles/color_cube 7
41 49 tiles/sets/location_bricks 3
39 53 tiles/sets/location_bricks 3
37 55 tiles/sets/location_bricks 3
16 69 tiles/color_cube 0
40 22 tiles/color_cube 3
16 68 tiles/sets/location_bricks 18
41 65 tiles/sets/location_bricks 3
24 69 tiles/color_cube 6
36 35 tiles/coin 0
40 33 tiles/color_cube 7
37 24 tiles/sets/location_bricks 39
35 10 tiles/sets/location_bricks 19
36 9 tiles/sets/location_bricks 49
18 52 tiles/sets/location_bricks 17
41 20 tiles/sets/location_bricks 3
37 48 tiles/sets/location_bricks 13
33 42 tiles/sets/location_bricks 32
41 62 tiles/sets/location_bricks 3
38 22 tiles/sets/bounce 18
44 10 tiles/sets/location_bricks 17
41 67 tiles/sets/location_bricks 3
25 69 tiles/color_cube 6
40 68 tiles/color_cube 1
40 28 tiles/color_cube 5
40 26 tiles/color_cube 5
39 46 tiles/sets/location_bricks 43
40 66 tiles/color_cube 0
41 60 tiles/sets/location_bricks 3
38 32 tiles/sets/bounce 18
40 34 tiles/color_cube 7
38 64 tiles/sets/bounce 18
37 33 tiles/sets/location_bricks 3
37 34 tiles/sets/location_bricks 13
39 16 tiles/sets/location_bricks 43
41 41 tiles/sets/location_bricks 3
39 26 tiles/sets/location_bricks 43
37 18 tiles/sets/location_bricks 13
40 15 tiles/color_cube 1
39 8 tiles/sets/location_bricks 49
37 30 tiles/sets/location_bricks 13
39 57 tiles/sets/location_bricks 3
37 39 tiles/sets/location_bricks 3
38 60 tiles/sets/bounce 18
40 39 tiles/color_cube 0
39 51 tiles/sets/location_bricks 3
38 48 tiles/sets/bounce 18
40 30 tiles/color_cube 6
20 70 tiles/sets/location_bricks 18
41 31 tiles/sets/location_bricks 3
40 40 tiles/color_cube 0
39 32 tiles/sets/location_bricks 43
37 61 tiles/sets/location_bricks 3
37 67 tiles/one_way 1
40 59 tiles/color_cube 7
27 69 tiles/color_cube 5
39 36 tiles/sets/location_bricks 43
39 35 tiles/sets/location_bricks 3
37 47 tiles/sets/location_bricks 3
34 52 tiles/coin 0
40 58 tiles/color_cube 6
38 26 tiles/sets/bounce 18
40 44 tiles/color_cube 2
41 68 tiles/sets/location_bricks 12
39 47 tiles/sets/location_bricks 3
40 54 tiles/color_cube 5
36 16 tiles/sets/location_bricks 51
39 23 tiles/sets/location_bricks 3
40 19 tiles/color_cube 2
39 70 tiles/sets/location_bricks 49
38 42 tiles/sets/bounce 18
40 48 tiles/color_cube 3
38 52 tiles/sets/bounce 18
40 50 tiles/color_cube 4
41 39 tiles/sets/location_bricks 3
40 24 tiles/color_cube 4
41 43 tiles/sets/location_bricks 3
33 43 tiles/sets/location_bricks 17
37 53 tiles/sets/location_bricks 3
38 15 tiles/power_fruit 1
39 22 tiles/sets/location_bricks 43
37 63 tiles/sets/location_bricks 3
22 70 tiles/sets/location_bricks 18
41 17 tiles/sets/location_bricks 3
28 70 tiles/sets/location_bricks 18
44 9 tiles/sets/location_bricks 32
39 61 tiles/sets/location_bricks 3
39 34 tiles/sets/location_bricks 43
41 51 tiles/sets/location_bricks 3
41 36 tiles/sets/location_bricks 3
37 17 tiles/sets/location_bricks 42
17 68 tiles/sets/location_bricks 18
38 36 tiles/sets/bounce 18
37 40 tiles/sets/location_bricks 13
30 70 tiles/sets/location_bricks 18
38 50 tiles/sets/bounce 18
36 52 tiles/coin 0
19 68 tiles/sets/location_bricks 18
39 19 tiles/sets/location_bricks 3
11 70 tiles/sets/location_bricks 18
20 68 tiles/sets/location_bricks 18
41 18 tiles/sets/location_bricks 3
18 51 tiles/sets/location_bricks 32
29 70 tiles/sets/location_bricks 18
39 54 tiles/sets/location_bricks 43
41 55 tiles/sets/location_bricks 3
37 50 tiles/sets/location_bricks 39
37 70 tiles/sets/location_bricks 18
41 37 tiles/sets/location_bricks 3
40 56 tiles/color_cube 6
41 40 tiles/sets/location_bricks 3
40 17 tiles/color_cube 2
40 12 tiles/color_cube 0
32 42 tiles/sets/location_bricks 47
37 45 tiles/sets/location_bricks 3
39 42 tiles/sets/location_bricks 43
34 68 tiles/sets/location_bricks 18
39 21 tiles/sets/location_bricks 3
41 50 tiles/sets/location_bricks 3
40 65 tiles/color_cube 0
40 21 tiles/color_cube 3
41 30 tiles/sets/location_bricks 3
41 11 tiles/sets/location_bricks 11
10 9 tiles/sets/location_bricks 49
40 60 tiles/color_cube 7
41 15 tiles/sets/location_bricks 3
37 26 tiles/sets/location_bricks 24
40 31 tiles/color_cube 6
40 70 tiles/sets/location_bricks 57
41 42 tiles/sets/location_bricks 3
17 52 tiles/sets/location_bricks 2
27 70 tiles/sets/location_bricks 18
39 69 tiles/color_cube 1
40 61 tiles/color_cube 7
25 70 tiles/sets/location_bricks 18
37 68 tiles/sets/location_bricks 18
39 62 tiles/sets/location_bricks 43
25 68 tiles/sets/location_bricks 18
32 70 tiles/sets/location_bricks 18
40 11 tiles/color_cube 0
39 17 tiles/sets/location_bricks 3
42 9 tiles/sets/location_bricks 49
39 29 tiles/sets/location_bricks 3
40 18 tiles/color_cube 2
39 25 tiles/sets/location_bricks 3
37 15 tiles/sets/location_bricks 32
37 46 tiles/sets/location_bricks 13
35 52 tiles/coin 0
40 69 tiles/color_cube 1
38 24 tiles/sets/bounce 18
20 69 tiles/color_cube 8
41 27 tiles/sets/location_bricks 3
12 70 tiles/sets/location_bricks 18
41 52 tiles/sets/location_bricks 3
15 69 tiles/color_cube 0
37 57 tiles/sets/location_bricks 3
37 29 tiles/sets/location_bricks 3
39 45 tiles/sets/location_bricks 3
37 52 tiles/sets/location_bricks 13
38 40 tiles/sets/bounce 18
39 43 tiles/sets/location_bricks 3
37 69 tiles/color_cube 2
38 68 tiles/sets/location_bricks 18
40 52 tiles/color_cube 4
11 69 tiles/color_cube 2
29 69 tiles/color_cube 5
41 12 tiles/sets/location_bricks 3
37 10 tiles/sets/location_bricks 19
38 58 tiles/sets/bounce 18
42 11 tiles/sets/location_bricks 17
41 28 tiles/sets/location_bricks 3
43 10 tiles/sets/location_bricks 19
41 56 tiles/sets/location_bricks 3
37 23 tiles/sets/location_bricks 3
34 70 tiles/sets/location_bricks 18
41 9 tiles/sets/location_bricks 49
26 68 tiles/sets/location_bricks 18
39 52 tiles/sets/location_bricks 43
39 20 tiles/sets/location_bricks 43
37 41 tiles/sets/location_bricks 3
36 70 tiles/sets/location_bricks 18
40 29 tiles/color_cube 6
12 69 tiles/color_cube 1
40 35 tiles/color_cube 8
39 27 tiles/sets/location_bricks 3
41 32 tiles/sets/location_bricks 3
10 70 tiles/sets/location_bricks 18
40 63 tiles/color_cube 8
38 30 tiles/sets/bounce 18
37 44 tiles/sets/location_bricks 13
40 37 tiles/color_cube 8
37 35 tiles/sets/location_bricks 3
41 61 tiles/sets/location_bricks 3
18 68 tiles/sets/location_bricks 18
37 9 tiles/sets/location_bricks 49
33 69 tiles/color_cube 3
37 19 tiles/sets/location_bricks 3
35 15 tiles/sets/location_bricks 49
26 69 tiles/color_cube 6
38 56 tiles/sets/bounce 18
18 54 tiles/coin 0
40 9 tiles/sets/location_bricks 21
37 36 tiles/sets/location_bricks 13
40 41 tiles/color_cube 1
30 68 tiles/sets/location_bricks 18
37 14 tiles/one_way 3
35 51 tiles/sets/location_bricks 18
41 69 tiles/sets/location_bricks 4
15 68 tiles/sets/location_bricks 18
12 68 tiles/sets/location_bricks 18
11 68 tiles/sets/location_bricks 18
39 38 tiles/sets/location_bricks 43
40 16 tiles/color_cube 1
32 43 tiles/sets/location_bricks 2
39 65 tiles/sets/location_bricks 3
37 37 tiles/sets/location_bricks 3
38 34 tiles/sets/bounce 18
40 36 tiles/color_cube 8
36 15 tiles/sets/location_bricks 49
37 16 tiles/sets/location_bricks 7
19 69 tiles/color_cube 8
36 36 tiles/coin 0
18 70 tiles/sets/location_bricks 18
40 67 tiles/color_cube 0
40 27 tiles/color_cube 5
37 58 tiles/sets/location_bricks 13
41 57 tiles/sets/location_bricks 3
38 28 tiles/sets/bounce 18
40 45 tiles/color_cube 2
40 55 tiles/color_cube 5
39 31 tiles/sets/location_bricks 3
40 46 tiles/color_cube 2
41 53 tiles/sets/location_bricks 3
32 44 tiles/coin 0
24 68 tiles/sets/location_bricks 18
40 43 tiles/color_cube 1
38 10 tiles/sets/location_bricks 19
37 56 tiles/sets/location_bricks 13
41 59 tiles/sets/location_bricks 3
40 14 tiles/color_cube 1
30 69 tiles/color_cube 4
14 68 tiles/sets/location_bricks 18
36 10 tiles/sets/location_bricks 19
33 68 tiles/sets/location_bricks 18
41 35 tiles/sets/location_bricks 3
37 22 tiles/sets/location_bricks 13
37 59 tiles/sets/location_bricks 3
36 38 tiles/coin 0
21 69 tiles/color_cube 7
36 51 tiles/sets/location_bricks 27
37 25 tiles/sets/location_bricks 34
40 38 tiles/color_cube 0
43 9 tiles/sets/location_bricks 49
40 13 tiles/color_cube 0
39 12 tiles/sets/location_bricks 3
41 58 tiles/sets/location_bricks 3
34 51 tiles/sets/location_bricks 46
13 69 tiles/color_cube 1
10 68 tiles/sets/location_bricks 18
27 68 tiles/sets/location_bricks 18
40 51 tiles/color_cube 4
41 48 tiles/sets/location_bricks 3
40 64 tiles/color_cube 8
39 37 tiles/sets/location_bricks 3
16 70 tiles/sets/location_bricks 18
39 66 tiles/sets/location_bricks 43
17 70 tiles/sets/location_bricks 18
39 14 tiles/sets/location_bricks 3
37 28 tiles/sets/location_bricks 13
36 37 tiles/coin 0
39 10 tiles/sets/location_bricks 52
35 68 tiles/sets/location_bricks 18
14 69 tiles/color_cube 1
38 46 tiles/sets/bounce 18
35 69 tiles/color_cube 3
17 69 tiles/color_cube 0
31 68 tiles/sets/location_bricks 18
38 70 tiles/sets/location_bricks 56
13 70 tiles/sets/location_bricks 18
40 53 tiles/color_cube 5
37 49 tiles/sets/location_bricks 3
39 11 tiles/sets/location_bricks 3
40 20 tiles/color_cube 3
37 21 tiles/sets/location_bricks 3
37 51 tiles/sets/location_bricks 42
10 69 tiles/color_cube 2
35 9 tiles/sets/location_bricks 49
17 51 tiles/sets/location_bricks 47
33 70 tiles/sets/location_bricks 18
41 10 tiles/sets/location_bricks 51
40 62 tiles/color_cube 8
38 8 tiles/sets/location_bricks 47
39 56 tiles/sets/location_bricks 43
36 68 tiles/sets/location_bricks 18
40 32 tiles/color_cube 7
38 69 tiles/color_cube 2
34 69 tiles/color_cube 3
39 44 tiles/sets/location_bricks 43
36 50 tiles/sets/location_bricks 47
41 38 tiles/sets/location_bricks 3
18 69 tiles/color_cube 8
37 42 tiles/sets/location_bricks 13
38 66 tiles/sets/bounce 46
38 18 tiles/sets/bounce 18
37 65 tiles/sets/location_bricks 1
41 14 tiles/sets/location_bricks 3
41 21 tiles/sets/location_bricks 3
37 32 tiles/sets/location_bricks 13
41 66 tiles/sets/location_bricks 3
22 69 tiles/color_cube 7
37 43 tiles/sets/location_bricks 3
39 60 tiles/sets/location_bricks 43
37 54 tiles/sets/location_bricks 13
37 27 tiles/sets/location_bricks 3
38 13 tiles/one_way 2
40 23 tiles/color_cube 4
39 55 tiles/sets/location_bricks 3
39 68 tiles/sets/location_bricks 29
39 64 tiles/sets/location_bricks 43
39 28 tiles/sets/location_bricks 43
13 68 tiles/sets/location_bricks 18
37 62 tiles/sets/location_bricks 13
39 48 tiles/sets/location_bricks 43
41 26 tiles/sets/location_bricks 3
21 68 tiles/sets/location_bricks 18
39 9 tiles/sets/location_bricks 5
41 29 tiles/sets/location_bricks 3
35 70 tiles/sets/location_bricks 18
15 70 tiles/sets/location_bricks 18
41 70 tiles/sets/location_bricks 27
17 54 tiles/coin 0
23 68 tiles/sets/location_bricks 18
28 68 tiles/sets/location_bricks 18
38 16 tiles/sets/bounce 18
37 31 tiles/sets/location_bricks 3
39 41 tiles/sets/location_bricks 3
41 16 tiles/sets/location_bricks 3
40 42 tiles/color_cube 1
37 60 tiles/sets/location_bricks 13
39 13 tiles/sets/location_bricks 3
40 10 tiles/sets/location_bricks 19
36 69 tiles/color_cube 2
32 68 tiles/sets/location_bricks 18
38 38 tiles/sets/bounce 18
37 64 tiles/sets/location_bricks 13
39 50 tiles/sets/location_bricks 43
41 13 tiles/sets/location_bricks 3
39 49 tiles/sets/location_bricks 3
40 71 tiles/sets/location_bricks 17
39 71 tiles/sets/location_bricks 19
38 71 tiles/sets/location_bricks 2
42 68 tiles/sets/location_bricks 32
42 69 tiles/sets/location_bricks 21
42 70 tiles/sets/location_bricks 19
43 69 tiles/sets/location_bricks 49
43 70 tiles/sets/location_bricks 19
44 69 tiles/sets/location_bricks 32
44 70 tiles/sets/location_bricks 17
37 66 tiles/one_way 1
39 67 tiles/sets/location_bricks 3
38 67 tiles/slope 3
9 10 tiles/sets/location_bricks 19
9 68 tiles/sets/location_bricks 18
9 70 tiles/sets/location_bricks 18
0 9 tiles/sets/location_bricks 47
0 10 tiles/sets/location_bricks 2
0 69 tiles/sets/location_bricks 47
0 70 tiles/sets/location_bricks 2
1 9 tiles/sets/location_bricks 49
1 10 tiles/sets/location_bricks 19
1 69 tiles/sets/location_bricks 49
1 70 tiles/sets/location_bricks 19
2 9 tiles/sets/location_bricks 49
2 10 tiles/sets/location_bricks 51
2 11 tiles/sets/location_bricks 2
2 68 tiles/sets/location_bricks 47
2 69 tiles/sets/location_bricks 36
2 70 tiles/sets/location_bricks 19
3 9 tiles/sets/location_bricks 49
3 10 tiles/sets/location_bricks 6
3 11 tiles/sets/location_bricks 42
3 12 tiles/sets/location_bricks 3
3 13 tiles/sets/location_bricks 3
3 14 tiles/sets/location_bricks 3
3 15 tiles/sets/location_bricks 3
3 16 tiles/sets/location_bricks 3
3 17 tiles/sets/location_bricks 3
3 18 tiles/sets/location_bricks 3
3 19 tiles/sets/location_bricks 3
3 20 tiles/sets/location_bricks 3
3 21 tiles/sets/location_bricks 3
3 22 tiles/sets/location_bricks 3
3 23 tiles/sets/location_bricks 3
3 24 tiles/sets/location_bricks 3
3 25 tiles/sets/location_bricks 3
3 26 tiles/sets/location_bricks 3
3 27 tiles/sets/location_bricks 3
3 28 tiles/sets/location_bricks 3
3 29 tiles/sets/location_bricks 3
3 30 tiles/sets/location_bricks 3
3 31 tiles/sets/location_bricks 3
3 32 tiles/sets/location_bricks 3
3 33 tiles/sets/location_bricks 3
3 34 tiles/sets/location_bricks 3
3 35 tiles/sets/location_bricks 3
3 36 tiles/sets/location_bricks 3
3 37 tiles/sets/location_bricks 3
3 38 tiles/sets/location_bricks 3
3 39 tiles/sets/location_bricks 3
3 40 tiles/sets/location_bricks 3
3 41 tiles/sets/location_bricks 3
3 42 tiles/sets/location_bricks 3
3 43 tiles/sets/location_bricks 3
3 44 tiles/sets/location_bricks 3
3 45 tiles/sets/location_bricks 3
3 46 tiles/sets/location_bricks 3
3 47 tiles/sets/location_bricks 3
3 48 tiles/sets/location_bricks 3
3 49 tiles/sets/location_bricks 3
3 50 tiles/sets/location_bricks 3
3 51 tiles/sets/location_bricks 3
3 52 tiles/sets/location_bricks 3
3 53 tiles/sets/location_bricks 3
3 54 tiles/sets/location_bricks 3
3 55 tiles/sets/location_bricks 3
3 56 tiles/sets/location_bricks 3
3 57 tiles/sets/location_bricks 3
3 58 tiles/sets/location_bricks 3
3 59 tiles/sets/location_bricks 3
3 60 tiles/sets/location_bricks 3
3 61 tiles/sets/location_bricks 3
3 62 tiles/sets/location_bricks 3
3 63 tiles/sets/location_bricks 3
3 64 tiles/sets/location_bricks 3
3 65 tiles/sets/location_bricks 3
3 66 tiles/sets/location_bricks 3
3 67 tiles/sets/location_bricks 3
3 68 tiles/sets/location_bricks 41
3 69 tiles/sets/location_bricks 34
3 70 tiles/sets/location_bricks 26
4 8 tiles/sets/location_bricks 47
4 9 tiles/sets/location_bricks 36
4 10 tiles/sets/location_bricks 19
4 70 tiles/sets/location_bricks 56
4 71 tiles/sets/location_bricks 2
5 8 tiles/sets/location_bricks 49
5 9 tiles/sets/location_bricks 5
5 10 tiles/sets/location_bricks 52
5 11 tiles/sets/location_bricks 3
5 12 tiles/sets/location_bricks 3
5 13 tiles/sets/location_bricks 3
5 14 tiles/sets/location_bricks 3
5 15 tiles/sets/location_bricks 3
5 16 tiles/sets/location_bricks 13
5 17 tiles/sets/location_bricks 3
5 18 tiles/sets/location_bricks 13
5 19 tiles/sets/location_bricks 3
5 20 tiles/sets/location_bricks 13
5 21 tiles/sets/location_bricks 3
5 22 tiles/sets/location_bricks 13
5 23 tiles/sets/location_bricks 3
5 24 tiles/sets/location_bricks 13
5 25 tiles/sets/location_bricks 3
5 26 tiles/sets/location_bricks 13
5 27 tiles/sets/location_bricks 3
5 28 tiles/sets/location_bricks 13
5 29 tiles/sets/location_bricks 3
5 30 tiles/sets/location_bricks 13
5 31 tiles/sets/location_bricks 3
5 32 tiles/sets/location_bricks 13
5 33 tiles/sets/location_bricks 3
5 34 tiles/sets/location_bricks 13
5 35 tiles/sets/location_bricks 3
5 36 tiles/sets/location_bricks 13
5 37 tiles/sets/location_bricks 3
5 38 tiles/sets/location_bricks 13
5 39 tiles/sets/location_bricks 3
5 40 tiles/sets/location_bricks 13
5 41 tiles/sets/location_bricks 3
5 42 tiles/sets/location_bricks 13
5 43 tiles/sets/location_bricks 3
5 44 tiles/sets/location_bricks 13
5 45 tiles/sets/location_bricks 3
5 46 tiles/sets/location_bricks 13
5 47 tiles/sets/location_bricks 3
5 48 tiles/sets/location_bricks 13
5 49 tiles/sets/location_bricks 3
5 50 tiles/sets/location_bricks 13
5 51 tiles/sets/location_bricks 3
5 52 tiles/sets/location_bricks 13
5 53 tiles/sets/location_bricks 3
5 54 tiles/sets/location_bricks 13
5 55 tiles/sets/location_bricks 3
5 56 tiles/sets/location_bricks 13
5 57 tiles/sets/location_bricks 3
5 58 tiles/sets/location_bricks 13
5 59 tiles/sets/location_bricks 3
5 60 tiles/sets/location_bricks 13
5 61 tiles/sets/location_bricks 3
5 62 tiles/sets/location_bricks 13
5 63 tiles/sets/location_bricks 3
5 64 tiles/sets/location_bricks 13
5 65 tiles/sets/location_bricks 3
5 66 tiles/sets/location_bricks 13
5 67 tiles/sets/location_bricks 3
5 68 tiles/sets/location_bricks 14
5 70 tiles/sets/location_bricks 49
5 71 tiles/sets/location_bricks 19
6 8 tiles/sets/location_bricks 32
6 9 tiles/sets/location_bricks 21
6 10 tiles/sets/location_bricks 19
6 13 tiles/one_way 2
6 15 tiles/power_fruit 1
6 16 tiles/sets/bounce 18
6 18 tiles/sets/bounce 18
6 20 tiles/sets/bounce 18
6 22 tiles/sets/bounce 18
6 24 tiles/sets/bounce 18
6 26 tiles/sets/bounce 18
6 28 tiles/sets/bounce 18
6 30 tiles/sets/bounce 18
6 32 tiles/sets/bounce 18
6 34 tiles/sets/bounce 18
6 36 tiles/sets/bounce 18
6 38 tiles/sets/bounce 18
6 40 tiles/sets/bounce 18
6 42 tiles/sets/bounce 18
6 44 tiles/sets/bounce 18
6 46 tiles/sets/bounce 18
6 48 tiles/sets/bounce 18
6 50 tiles/sets/bounce 18
6 52 tiles/sets/bounce 18
6 54 tiles/sets/bounce 18
6 56 tiles/sets/bounce 18
6 58 tiles/sets/bounce 18
6 60 tiles/sets/bounce 18
6 62 tiles/sets/bounce 18
6 64 tiles/sets/bounce 18
6 66 tiles/sets/bounce 16
6 67 tiles/slope 2
6 68 tiles/sets/location_bricks 18
6 70 tiles/sets/location_bricks 57
6 71 tiles/sets/location_bricks 17
7 10 tiles/sets/location_bricks 19
7 14 tiles/one_way 1
7 15 tiles/sets/location_bricks 47
7 16 tiles/sets/location_bricks 37
7 17 tiles/sets/location_bricks 11
7 18 tiles/sets/location_bricks 43
7 19 tiles/sets/location_bricks 3
7 20 tiles/sets/location_bricks 43
7 21 tiles/sets/location_bricks 3
7 22 tiles/sets/location_bricks 43
7 23 tiles/sets/location_bricks 3
7 24 tiles/sets/location_bricks 54
7 25 tiles/sets/location_bricks 4
7 26 tiles/sets/location_bricks 9
7 27 tiles/sets/location_bricks 3
7 28 tiles/sets/location_bricks 43
7 29 tiles/sets/location_bricks 3
7 30 tiles/sets/location_bricks 43
7 31 tiles/sets/location_bricks 3
7 32 tiles/sets/location_bricks 43
7 33 tiles/sets/location_bricks 3
7 34 tiles/sets/location_bricks 43
7 35 tiles/sets/location_bricks 3
7 36 tiles/sets/location_bricks 43
7 37 tiles/sets/location_bricks 3
7 38 tiles/sets/location_bricks 43
7 39 tiles/sets/location_bricks 3
7 40 tiles/sets/location_bricks 43
7 41 tiles/sets/location_bricks 3
7 42 tiles/sets/location_bricks 43
7 43 tiles/sets/location_bricks 3
7 44 tiles/sets/location_bricks 43
7 45 tiles/sets/location_bricks 3
7 46 tiles/sets/location_bricks 43
7 47 tiles/sets/location_bricks 3
7 48 tiles/sets/location_bricks 54
7 49 tiles/sets/location_bricks 4
7 50 tiles/sets/location_bricks 37
7 51 tiles/sets/location_bricks 4
7 52 tiles/sets/location_bricks 37
7 53 tiles/sets/location_bricks 4
7 54 tiles/sets/location_bricks 37
7 55 tiles/sets/location_bricks 4
7 56 tiles/sets/location_bricks 9
7 57 tiles/sets/location_bricks 3
7 58 tiles/sets/location_bricks 43
7 59 tiles/sets/location_bricks 3
7 60 tiles/sets/location_bricks 43
7 61 tiles/sets/location_bricks 3
7 62 tiles/sets/location_bricks 43
7 63 tiles/sets/location_bricks 3
7 64 tiles/sets/location_bricks 43
7 65 tiles/sets/location_bricks 1
7 66 tiles/one_way 3
7 67 tiles/one_way 3
7 68 tiles/sets/location_bricks 18
7 70 tiles/sets/location_bricks 18
9 69 tiles/color_cube 2
8 69 tiles/color_cube 3
7 69 tiles/color_cube 3
6 69 tiles/color_cube 3
5 69 tiles/color_cube 4
4 69 tiles/color_cube 4
4 67 tiles/color_cube 5
4 66 tiles/color_cube 5
4 64 tiles/color_cube 6
4 63 tiles/color_cube 6
4 61 tiles/color_cube 7
4 60 tiles/color_cube 7
4 59 tiles/color_cube 7
4 68 tiles/color_cube 4
4 65 tiles/color_cube 5
4 62 tiles/color_cube 6
4 58 tiles/color_cube 8
4 57 tiles/color_cube 8
4 56 tiles/color_cube 8
4 55 tiles/color_cube 0
4 54 tiles/color_cube 0
4 52 tiles/color_cube 1
4 51 tiles/color_cube 1
4 50 tiles/color_cube 1
4 53 tiles/color_cube 0
4 49 tiles/color_cube 2
4 48 tiles/color_cube 2
4 47 tiles/color_cube 2
4 46 tiles/color_cube 3
4 45 tiles/color_cube 3
4 44 tiles/color_cube 3
4 43 tiles/color_cube 4
4 42 tiles/color_cube 4
4 41 tiles/color_cube 4
4 40 tiles/color_cube 5
4 39 tiles/color_cube 5
4 38 tiles/color_cube 5
4 37 tiles/color_cube 6
4 36 tiles/color_cube 6
4 35 tiles/color_cube 6
4 34 tiles/color_cube 7
4 33 tiles/color_cube 7
4 32 tiles/color_cube 7
4 29 tiles/color_cube 8
4 30 tiles/color_cube 8
4 31 tiles/color_cube 8
4 26 tiles/color_cube 0
4 27 tiles/color_cube 0
4 28 tiles/color_cube 0
4 25 tiles/color_cube 1
4 24 tiles/color_cube 1
4 23 tiles/color_cube 1
4 22 tiles/color_cube 2
4 21 tiles/color_cube 2
4 20 tiles/color_cube 2
4 19 tiles/color_cube 3
4 18 tiles/color_cube 3
4 17 tiles/color_cube 3
4 16 tiles/color_cube 4
4 15 tiles/color_cube 4
4 14 tiles/color_cube 4
4 13 tiles/color_cube 5
4 12 tiles/color_cube 5
4 11 tiles/color_cube 5
7 9 tiles/sets/location_bricks 49
9 9 tiles/sets/location_bricks 49
8 9 tiles/sets/location_bricks 49
8 10 tiles/sets/location_bricks 19
8 70 tiles/sets/location_bricks 18
8 68 tiles/sets/location_bricks 18
16 45 tiles/coin 0
17 45 tiles/coin 0
18 44 tiles/coin 0
18 45 tiles/coin 0
18 46 tiles/coin 0
20 43 tiles/sets/location_bricks 59
20 44 tiles/sets/location_bricks 3
20 45 tiles/sets/location_bricks 3
20 46 tiles/sets/location_bricks 3
20 47 tiles/sets/location_bricks 14
21 41 tiles/coin 0
21 43 tiles/sets/location_bricks 18
21 44 tiles/color_cube 0
21 45 tiles/color_cube 0
21 46 tiles/color_cube 0
21 47 tiles/sets/location_bricks 18
22 40 tiles/coin 0
22 41 tiles/coin 0
22 43 tiles/sets/location_bricks 18
22 44 tiles/color_cube 14
22 45 tiles/color_cube 0
22 46 tiles/color_cube 14
22 47 tiles/sets/location_bricks 18
23 41 tiles/coin 0
23 43 tiles/sets/location_bricks 18
23 44 tiles/color_cube 0
23 45 tiles/color_cube 0
23 46 tiles/color_cube 0
23 47 tiles/sets/location_bricks 18
24 43 tiles/sets/location_bricks 44
24 44 tiles/sets/location_bricks 3
24 45 tiles/sets/location_bricks 3
24 46 tiles/sets/location_bricks 3
24 47 tiles/sets/location_bricks 29
26 44 tiles/coin 0
26 45 tiles/coin 0
26 46 tiles/coin 0
27 45 tiles/coin 0
28 45 tiles/coin 0
8 15 tiles/sets/location_bricks 49
8 16 tiles/sets/location_bricks 6
9 15 tiles/sets/location_bricks 49
9 16 tiles/sets/location_bricks 19
11 9 tiles/sets/location_bricks 49
11 10 tiles/sets/location_bricks 19
11 11 tiles/one_way 1
11 12 tiles/one_way 1
11 13 tiles/one_way 1
11 14 tiles/one_way 1
11 15 tiles/sets/location_bricks 49
11 16 tiles/sets/location_bricks 19
12 9 tiles/sets/location_bricks 49
12 10 tiles/sets/location_bricks 19
12 11 tiles/color_cube 6
12 12 tiles/color_cube 6
12 13 tiles/color_cube 6
12 14 tiles/color_cube 6
12 15 tiles/sets/location_bricks 49
12 16 tiles/sets/location_bricks 19
13 9 tiles/sets/location_bricks 49
13 10 tiles/sets/location_bricks 19
13 11 tiles/color_cube 6
13 12 tiles/color_cube 6
13 13 tiles/color_cube 6
13 14 tiles/color_cube 6
13 15 tiles/sets/location_bricks 49
13 16 tiles/sets/location_bricks 19
14 2 tiles/sets/location_bricks 2
14 8 tiles/sets/location_bricks 47
14 9 tiles/sets/location_bricks 36
14 10 tiles/sets/location_bricks 19
14 11 tiles/color_cube 6
14 12 tiles/color_cube 6
14 13 tiles/color_cube 6
14 14 tiles/color_cube 6
14 15 tiles/sets/location_bricks 49
14 16 tiles/sets/location_bricks 19
15 0 tiles/sets/location_bricks 47
15 2 tiles/sets/location_bricks 51
15 3 tiles/sets/location_bricks 4
15 4 tiles/sets/location_bricks 4
15 5 tiles/sets/location_bricks 4
15 6 tiles/sets/location_bricks 4
15 7 tiles/sets/location_bricks 4
15 8 tiles/sets/location_bricks 36
15 9 tiles/sets/location_bricks 5
15 10 tiles/sets/location_bricks 19
15 11 tiles/color_cube 6
15 12 tiles/color_cube 6
15 13 tiles/color_cube 6
15 14 tiles/color_cube 6
15 15 tiles/sets/location_bricks 49
15 16 tiles/sets/location_bricks 19
16 0 tiles/sets/location_bricks 32
16 2 tiles/sets/location_bricks 6
16 3 tiles/sets/location_bricks 34
16 4 tiles/sets/location_bricks 34
16 5 tiles/sets/location_bricks 34
16 6 tiles/sets/location_bricks 34
16 7 tiles/sets/location_bricks 34
16 8 tiles/sets/location_bricks 34
16 9 tiles/sets/location_bricks 21
16 10 tiles/sets/location_bricks 19
16 11 tiles/color_cube 6
16 12 tiles/color_cube 6
16 13 tiles/color_cube 6
16 14 tiles/color_cube 6
16 15 tiles/sets/location_bricks 49
16 16 tiles/sets/location_bricks 19
16 18 tiles/sets/bounce 47
16 19 tiles/sets/bounce 2
17 2 tiles/sets/location_bricks 17
17 9 tiles/sets/location_bricks 49
17 10 tiles/sets/location_bricks 19
17 13 tiles/color_cube 6
17 15 tiles/sets/location_bricks 49
17 16 tiles/sets/location_bricks 51
17 17 tiles/sets/bounce 4
17 18 tiles/sets/bounce 8
17 19 tiles/sets/bounce 17
18 1 tiles/sets/location_bricks 18
18 8 tiles/sets/location_bricks 47
18 9 tiles/sets/location_bricks 36
18 10 tiles/sets/location_bricks 19
18 14 tiles/color_cube 2
18 15 tiles/sets/location_bricks 49
18 16 tiles/sets/bounce 5
18 17 tiles/sets/bounce 6
18 18 tiles/sets/bounce 17
19 1 tiles/sets/location_bricks 18
19 4 tiles/sets/location_bricks 59
19 5 tiles/sets/location_bricks 3
19 6 tiles/sets/location_bricks 3
19 7 tiles/sets/location_bricks 3
19 8 tiles/sets/location_bricks 41
19 9 tiles/sets/location_bricks 34
19 10 tiles/sets/location_bricks 17
19 11 tiles/color_cube 6
19 12 tiles/color_cube 6
19 13 tiles/color_cube 6
19 15 tiles/sets/location_bricks 32
19 17 tiles/sets/bounce 17
20 1 tiles/sets/location_bricks 18
20 4 tiles/sets/location_bricks 18
20 10 tiles/coin_box 0
20 15 tiles/one_way 0
21 1 tiles/sets/location_bricks 18
21 4 tiles/sets/location_bricks 18
21 10 tiles/coin_box 0
21 15 tiles/one_way 0
22 1 tiles/sets/location_bricks 18
22 4 tiles/sets/location_bricks 18
22 7 tiles/end 0
22 10 tiles/coin_box 0
22 11 tiles/spawn 0
22 15 tiles/one_way 0
23 1 tiles/sets/location_bricks 18
23 4 tiles/sets/location_bricks 18
23 10 tiles/coin_box 0
23 15 tiles/one_way 0
24 1 tiles/sets/location_bricks 18
24 4 tiles/sets/location_bricks 18
24 10 tiles/coin_box 0
24 15 tiles/one_way 0
25 1 tiles/sets/location_bricks 18
25 4 tiles/sets/location_bricks 44
25 5 tiles/sets/location_bricks 3
25 6 tiles/sets/location_bricks 3
25 7 tiles/sets/location_bricks 3
25 8 tiles/sets/location_bricks 12
25 9 tiles/sets/location_bricks 4
25 10 tiles/sets/location_bricks 2
25 11 tiles/color_cube 6
25 12 tiles/color_cube 6
25 13 tiles/color_cube 6
25 15 tiles/sets/location_bricks 47
25 17 tiles/sets/bounce 2
26 1 tiles/sets/location_bricks 18
26 8 tiles/sets/location_bricks 32
26 9 tiles/sets/location_bricks 21
26 10 tiles/sets/location_bricks 19
26 14 tiles/color_cube 2
26 15 tiles/sets/location_bricks 49
26 16 tiles/sets/bounce 5
26 17 tiles/sets/bounce 51
26 18 tiles/sets/bounce 2
27 1 tiles/sets/location_bricks 56
27 2 tiles/sets/location_bricks 2
27 9 tiles/sets/location_bricks 49
27 10 tiles/sets/location_bricks 19
27 11 tiles/color_cube 6
27 12 tiles/color_cube 6
27 13 tiles/color_cube 6
27 15 tiles/sets/location_bricks 49
27 16 tiles/sets/location_bricks 6
27 17 tiles/sets/bounce 34
27 18 tiles/sets/bounce 23
27 19 tiles/sets/bounce 2
28 0 tiles/sets/location_bricks 47
28 1 tiles/sets/location_bricks 36
28 2 tiles/sets/location_bricks 51
28 3 tiles/sets/location_bricks 4
28 4 tiles/sets/location_bricks 4
28 5 tiles/sets/location_bricks 4
28 6 tiles/sets/location_bricks 4
28 7 tiles/sets/location_bricks 4
28 8 tiles/sets/location_bricks 4
28 9 tiles/sets/location_bricks 36
28 10 tiles/sets/location_bricks 19
28 11 tiles/color_cube 6
28 12 tiles/color_cube 6
28 13 tiles/color_cube 6
28 14 tiles/color_cube 6
28 15 tiles/sets/location_bricks 49
28 16 tiles/sets/location_bricks 19
28 18 tiles/sets/bounce 32
28 19 tiles/sets/bounce 17
29 0 tiles/sets/location_bricks 32
29 1 tiles/sets/location_bricks 21
29 2 tiles/sets/location_bricks 6
29 3 tiles/sets/location_bricks 34
29 4 tiles/sets/location_bricks 34
29 5 tiles/sets/location_bricks 34
29 6 tiles/sets/location_bricks 34
29 7 tiles/sets/location_bricks 34
29 8 tiles/sets/location_bricks 21
29 9 tiles/sets/location_bricks 5
29 10 tiles/sets/location_bricks 19
29 11 tiles/color_cube 6
29 12 tiles/color_cube 6
29 13 tiles/color_cube 6
29 14 tiles/color_cube 6
29 15 tiles/sets/location_bricks 49
29 16 tiles/sets/location_bricks 19
30 1 tiles/sets/location_bricks 32
30 2 tiles/sets/location_bricks 17
30 8 tiles/sets/location_bricks 32
30 9 tiles/sets/location_bricks 21
30 10 tiles/sets/location_bricks 19
30 11 tiles/color_cube 6
30 12 tiles/color_cube 6
30 13 tiles/color_cube 6
30 14 tiles/color_cube 6
30 15 tiles/sets/location_bricks 49
30 16 tiles/sets/location_bricks 19
31 9 tiles/sets/location_bricks 49
31 10 tiles/sets/location_bricks 19
31 11 tiles/color_cube 6
31 12 tiles/color_cube 6
31 13 tiles/color_cube 6
31 14 tiles/color_cube 6
31 15 tiles/sets/location_bricks 49
31 16 tiles/sets/location_bricks 19
32 9 tiles/sets/location_bricks 49
32 10 tiles/sets/location_bricks 19
32 11 tiles/color_cube 6
32 12 tiles/color_cube 6
32 13 tiles/color_cube 6
32 14 tiles/color_cube 6
32 15 tiles/sets/location_bricks 49
32 16 tiles/sets/location_bricks 19
33 9 tiles/sets/location_bricks 49
33 10 tiles/sets/location_bricks 19
33 11 tiles/one_way 3
33 12 tiles/one_way 3
33 13 tiles/one_way 3
33 14 tiles/one_way 3
33 15 tiles/sets/location_bricks 49
33 16 tiles/sets/location_bricks 19
34 16 tiles/sets/location_bricks 19
34 15 tiles/sets/location_bricks 49
34 10 tiles/sets/location_bricks 19
34 9 tiles/sets/location_bricks 49
25 16 tiles/sets/bounce 4
19 16 tiles/sets/bounce 34
28 29 tiles/coin 0
28 30 tiles/coin 0
29 29 tiles/coin 0
29 30 tiles/coin 0
35 26 tiles/sets/bounce 2
36 25 tiles/sets/bounce 36
36 26 tiles/sets/bounce 19
16 35 tiles/sets/location_bricks 47
16 36 tiles/sets/location_bricks 2
17 35 tiles/sets/location_bricks 49
17 36 tiles/sets/location_bricks 19
17 37 tiles/coin 0
18 35 tiles/sets/location_bricks 57
19 34 tiles/sets/location_bricks 47
19 35 tiles/sets/location_bricks 27
20 34 tiles/sets/location_bricks 32
20 35 tiles/sets/location_bricks 17
24 34 tiles/sets/location_bricks 47
24 35 tiles/sets/location_bricks 2
25 34 tiles/sets/location_bricks 32
25 35 tiles/sets/location_bricks 26
26 35 tiles/sets/location_bricks 56
27 35 tiles/sets/location_bricks 49
27 36 tiles/sets/location_bricks 19
27 37 tiles/coin 0
28 35 tiles/sets/location_bricks 32
28 36 tiles/sets/location_bricks 17
22 39 tiles/coin 0
10 34 tiles/coin 0
10 35 tiles/coin 0
10 36 tiles/coin 0
10 37 tiles/coin 0
11 39 tiles/sets/location_bricks 59
11 40 tiles/sets/location_bricks 3
11 41 tiles/sets/location_bricks 14
12 39 tiles/sets/location_bricks 18
12 40 tiles/color_cube 6
12 41 tiles/sets/location_bricks 18
13 39 tiles/sets/location_bricks 44
13 40 tiles/sets/location_bricks 3
13 41 tiles/sets/location_bricks 29
23 8 tiles/color_cube 13
22 8 tiles/color_cube 13
21 8 tiles/color_cube 13
21 7 tiles/color_cube 13
21 6 tiles/color_cube 13
22 6 tiles/color_cube 13
23 6 tiles/color_cube 13
23 7 tiles/color_cube 13
17 12 tiles/color_cube 6
17 11 tiles/color_cube 6
17 14 tiles/color_cube 6
19 14 tiles/color_cube 6
25 14 tiles/color_cube 6
27 14 tiles/color_cube 6
18 36 tiles/sets/location_bricks 17
26 36 tiles/sets/location_bricks 2
21 49 tiles/coin 0
22 50 tiles/coin 0
22 51 tiles/coin 0
23 49 tiles/coin 0
22 49 tiles/coin 0
8 17 tiles/sets/location_bricks 17
36 17 tiles/sets/location_bricks 2
11 63 tiles/sets/location_bricks 31
11 64 tiles/sets/location_bricks 14
12 62 tiles/sets/location_bricks 46
12 63 tiles/color_cube 2
12 64 tiles/sets/location_bricks 16
13 62 tiles/sets/location_bricks 44
13 63 tiles/sets/location_bricks 1
8 48 tiles/sets/location_bricks 49
8 49 tiles/sets/location_bricks 5
8 50 tiles/sets/location_bricks 5
8 51 tiles/sets/location_bricks 5
8 52 tiles/sets/location_bricks 5
8 53 tiles/sets/location_bricks 5
8 54 tiles/sets/location_bricks 5
8 55 tiles/sets/location_bricks 5
8 56 tiles/sets/location_bricks 19
9 48 tiles/sets/location_bricks 32
9 49 tiles/sets/location_bricks 34
9 50 tiles/sets/location_bricks 34
9 51 tiles/sets/location_bricks 34
9 52 tiles/sets/location_bricks 34
9 53 tiles/sets/location_bricks 34
9 54 tiles/sets/location_bricks 34
9 55 tiles/sets/location_bricks 34
9 56 tiles/sets/location_bricks 17
10 49 tiles/coin 0
10 50 tiles/coin 0
10 51 tiles/coin 0
10 52 tiles/coin 0
10 53 tiles/coin 0
10 54 tiles/coin 0
10 55 tiles/coin 0
11 48 tiles/sets/location_bricks 47
11 49 tiles/sets/location_bricks 4
11 50 tiles/sets/location_bricks 4
11 51 tiles/sets/location_bricks 4
11 52 tiles/sets/location_bricks 4
11 53 tiles/sets/location_bricks 4
11 54 tiles/sets/location_bricks 4
11 55 tiles/sets/location_bricks 4
11 56 tiles/sets/location_bricks 2
12 48 tiles/sets/location_bricks 32
12 49 tiles/sets/location_bricks 34
12 50 tiles/sets/location_bricks 34
12 51 tiles/sets/location_bricks 34
12 52 tiles/sets/location_bricks 34
12 53 tiles/sets/location_bricks 34
12 54 tiles/sets/location_bricks 34
12 55 tiles/sets/location_bricks 34
12 56 tiles/sets/location_bricks 17
30 49 tiles/coin 0
30 50 tiles/coin 0
30 51 tiles/coin 0
30 52 tiles/coin 0
25 56 tiles/sets/location_bricks 0
27 57 tiles/coin 0
27 62 tiles/sets/location_bricks 0
28 60 tiles/coin 0
29 58 tiles/sets/location_bricks 0
30 56 tiles/coin 0
31 54 tiles/sets/location_bricks 0
31 59 tiles/coin 0
33 60 tiles/sets/location_bricks 0
18 60 tiles/sets/location_bricks 47
18 61 tiles/sets/location_bricks 2
18 62 tiles/coin 0
19 60 tiles/sets/location_bricks 49
19 61 tiles/sets/location_bricks 19
19 62 tiles/coin 0
20 60 tiles/sets/location_bricks 49
20 61 tiles/sets/location_bricks 19
20 62 tiles/coin 0
21 60 tiles/sets/location_bricks 32
21 61 tiles/sets/location_bricks 17
21 62 tiles/coin 0
13 27 tiles/sets/location_bricks 31
13 28 tiles/sets/location_bricks 14
14 26 tiles/sets/location_bricks 0
14 27 tiles/color_cube 2
14 28 tiles/sets/location_bricks 16
15 25 tiles/sets/location_bricks 46
15 26 tiles/color_cube 2
15 27 tiles/sets/location_bricks 0
15 30 tiles/coin 0
16 25 tiles/sets/location_bricks 44
16 26 tiles/sets/location_bricks 1
16 29 tiles/coin 0
17 28 tiles/coin 0
18 27 tiles/coin 0
8 25 tiles/sets/bounce 21
8 26 tiles/sets/bounce 19
9 26 tiles/sets/bounce 17
9 25 tiles/sets/bounce 32
8 24 tiles/sets/bounce 32
35 25 tiles/sets/bounce 47
36 24 tiles/sets/bounce 47
30 25 tiles/sets/location_bricks 59
30 26 tiles/sets/location_bricks 3
30 27 tiles/sets/location_bricks 14
31 25 tiles/sets/location_bricks 18
31 26 tiles/color_cube 6
31 27 tiles/sets/location_bricks 18
32 25 tiles/sets/location_bricks 44
32 26 tiles/sets/location_bricks 3
32 27 tiles/sets/location_bricks 29
14 1 tiles/sets/location_bricks 47
15 1 tiles/sets/location_bricks 36
16 1 tiles/sets/location_bricks 21
17 1 tiles/sets/location_bricks 57
@background_tiles
38 16 tiles/sets/bounce 5
38 17 tiles/sets/bounce 5
38 18 tiles/sets/bounce 5
38 19 tiles/sets/bounce 5
38 20 tiles/sets/bounce 5
38 21 tiles/sets/bounce 5
38 22 tiles/sets/bounce 5
38 23 tiles/sets/bounce 5
38 24 tiles/sets/bounce 5
38 25 tiles/sets/bounce 5
38 26 tiles/sets/bounce 5
38 27 tiles/sets/bounce 5
38 28 tiles/sets/bounce 5
38 29 tiles/sets/bounce 5
38 30 tiles/sets/bounce 5
38 31 tiles/sets/bounce 5
38 32 tiles/sets/bounce 5
38 33 tiles/sets/bounce 5
38 34 tiles/sets/bounce 5
38 35 tiles/sets/bounce 5
38 36 tiles/sets/bounce 5
38 37 tiles/sets/bounce 5
38 38 tiles/sets/bounce 5
38 39 tiles/sets/bounce 5
38 40 tiles/sets/bounce 5
38 41 tiles/sets/bounce 5
38 42 tiles/sets/bounce 5
38 43 tiles/sets/bounce 5
38 44 tiles/sets/bounce 5
38 45 tiles/sets/bounce 5
38 46 tiles/sets/bounce 5
38 47 tiles/sets/bounce 5
38 48 tiles/sets/bounce 5
38 49 tiles/sets/bounce 5
38 50 tiles/sets/bounce 5
38 51 tiles/sets/bounce 5
38 52 tiles/sets/bounce 5
38 53 tiles/sets/bounce 5
38 54 tiles/sets/bounce 5
38 55 tiles/sets/bounce 5
38 56 tiles/sets/bounce 5
38 57 tiles/sets/bounce 5
38 58 tiles/sets/bounce 5
38 59 tiles/sets/bounce 5
38 60 tiles/sets/bounce 5
38 61 tiles/sets/bounce 5
38 62 tiles/sets/bounce 5
38 63 tiles/sets/bounce 5
38 64 tiles/sets/bounce 5
38 65 tiles/sets/bounce 5
38 66 tiles/sets/bounce 5
38 67 tiles/sets/bounce 19
37 67 tiles/sets/location_bricks 2
37 66 tiles/sets/location_bricks 4
37 65 tiles/sets/location_bricks 4
37 64 tiles/sets/location_bricks 4
37 63 tiles/sets/location_bricks 4
37 62 tiles/sets/location_bricks 4
37 61 tiles/sets/location_bricks 4
37 60 tiles/sets/location_bricks 4
37 59 tiles/sets/location_bricks 4
37 58 tiles/sets/location_bricks 4
37 57 tiles/sets/location_bricks 4
37 56 tiles/sets/location_bricks 4
37 55 tiles/sets/location_bricks 4
37 54 tiles/sets/location_bricks 4
37 53 tiles/sets/location_bricks 4
37 52 tiles/sets/location_bricks 4
37 51 tiles/sets/location_bricks 4
37 50 tiles/sets/location_bricks 4
37 49 tiles/sets/location_bricks 4
37 48 tiles/sets/location_bricks 4
37 47 tiles/sets/location_bricks 4
37 46 tiles/sets/location_bricks 4
37 45 tiles/sets/location_bricks 4
37 44 tiles/sets/location_bricks 4
37 43 tiles/sets/location_bricks 4
37 42 tiles/sets/location_bricks 4
37 41 tiles/sets/location_bricks 4
37 40 tiles/sets/location_bricks 4
37 39 tiles/sets/location_bricks 4
37 38 tiles/sets/location_bricks 4
37 37 tiles/sets/location_bricks 4
37 36 tiles/sets/location_bricks 4
37 35 tiles/sets/location_bricks 4
37 34 tiles/sets/location_bricks 4
37 33 tiles/sets/location_bricks 4
37 32 tiles/sets/location_bricks 4
37 31 tiles/sets/location_bricks 4
37 30 tiles/sets/location_bricks 4
37 29 tiles/sets/location_bricks 4
37 28 tiles/sets/location_bricks 4
37 27 tiles/sets/location_bricks 4
37 26 tiles/sets/location_bricks 4
37 25 tiles/sets/location_bricks 4
37 24 tiles/sets/location_bricks 4
37 23 tiles/sets/location_bricks 4
37 22 tiles/sets/location_bricks 4
37 21 tiles/sets/location_bricks 4
37 20 tiles/sets/location_bricks 4
37 19 tiles/sets/location_bricks 4
37 18 tiles/sets/location_bricks 4
37 17 tiles/sets/location_bricks 4
37 16 tiles/sets/location_bricks 4
37 15 tiles/sets/location_bricks 4
39 15 tiles/sets/location_bricks 34
39 16 tiles/sets/location_bricks 34
39 17 tiles/sets/location_bricks 34
39 18 tiles/sets/location_bricks 34
39 19 tiles/sets/location_bricks 34
39 20 tiles/sets/location_bricks 34
39 21 tiles/sets/location_bricks 34
39 22 tiles/sets/location_bricks 34
39 23 tiles/sets/location_bricks 34
39 24 tiles/sets/location_bricks 34
39 25 tiles/sets/location_bricks 34
39 26 tiles/sets/location_bricks 34
39 27 tiles/sets/location_bricks 34
39 28 tiles/sets/location_bricks 34
39 29 tiles/sets/location_bricks 34
39 30 tiles/sets/location_bricks 34
39 31 tiles/sets/location_bricks 34
39 32 tiles/sets/location_bricks 34
39 33 tiles/sets/location_bricks 34
39 34 tiles/sets/location_bricks 34
39 35 tiles/sets/location_bricks 34
39 36 tiles/sets/location_bricks 34
39 37 tiles/sets/location_bricks 34
39 38 tiles/sets/location_bricks 34
39 39 tiles/sets/location_bricks 34
39 40 tiles/sets/location_bricks 34
39 41 tiles/sets/location_bricks 34
39 42 tiles/sets/location_bricks 34
39 43 tiles/sets/location_bricks 34
39 44 tiles/sets/location_bricks 34
39 45 tiles/sets/location_bricks 34
39 46 tiles/sets/location_bricks 34
39 47 tiles/sets/location_bricks 34
39 48 tiles/sets/location_bricks 34
39 49 tiles/sets/location_bricks 34
39 50 tiles/sets/location_bricks 34
39 51 tiles/sets/location_bricks 34
39 52 tiles/sets/location_bricks 34
39 53 tiles/sets/location_bricks 34
39 54 tiles/sets/location_bricks 34
39 55 tiles/sets/location_bricks 34
39 56 tiles/sets/location_bricks 34
39 57 tiles/sets/location_bricks 34
39 58 tiles/sets/location_bricks 34
39 59 tiles/sets/location_bricks 34
39 60 tiles/sets/location_bricks 34
39 61 tiles/sets/location_bricks 34
39 62 tiles/sets/location_bricks 34
39 63 tiles/sets/location_bricks 34
39 64 tiles/sets/location_bricks 34
39 65 tiles/sets/location_bricks 34
39 66 tiles/sets/location_bricks 34
39 67 tiles/sets/location_bricks 17
38 15 tiles/sets/bounce 5
5 15 tiles/sets/location_bricks 4
5 16 tiles/sets/location_bricks 4
5 17 tiles/sets/location_bricks 4
5 18 tiles/sets/location_bricks 4
5 19 tiles/sets/location_bricks 4
5 20 tiles/sets/location_bricks 4
5 21 tiles/sets/location_bricks 4
5 22 tiles/sets/location_bricks 4
5 23 tiles/sets/location_bricks 4
5 24 tiles/sets/location_bricks 4
5 25 tiles/sets/location_bricks 4
5 26 tiles/sets/location_bricks 4
5 27 tiles/sets/location_bricks 4
5 28 tiles/sets/location_bricks 4
5 29 tiles/sets/location_bricks 4
5 30 tiles/sets/location_bricks 4
5 31 tiles/sets/location_bricks 4
5 32 tiles/sets/location_bricks 4
5 33 tiles/sets/location_bricks 4
5 34 tiles/sets/location_bricks 4
5 35 tiles/sets/location_bricks 4
5 36 tiles/sets/location_bricks 4
5 37 tiles/sets/location_bricks 4
5 38 tiles/sets/location_bricks 4
5 39 tiles/sets/location_bricks 4
5 40 tiles/sets/location_bricks 4
5 41 tiles/sets/location_bricks 4
5 42 tiles/sets/location_bricks 4
5 43 tiles/sets/location_bricks 4
5 44 tiles/sets/location_bricks 4
5 45 tiles/sets/location_bricks 4
5 46 tiles/sets/location_bricks 4
5 47 tiles/sets/location_bricks 4
5 48 tiles/sets/location_bricks 4
5 49 tiles/sets/location_bricks 4
5 50 tiles/sets/location_bricks 4
5 51 tiles/sets/location_bricks 4
5 52 tiles/sets/location_bricks 4
5 53 tiles/sets/location_bricks 4
5 54 tiles/sets/location_bricks 4
5 55 tiles/sets/location_bricks 4
5 56 tiles/sets/location_bricks 4
5 57 tiles/sets/location_bricks 4
5 58 tiles/sets/location_bricks 4
5 59 tiles/sets/location_bricks 4
5 60 tiles/sets/location_bricks 4
5 61 tiles/sets/location_bricks 4
5 62 tiles/sets/location_bricks 4
5 63 tiles/sets/location_bricks 4
5 64 tiles/sets/location_bricks 4
5 65 tiles/sets/location_bricks 4
5 66 tiles/sets/location_bricks 4
5 67 tiles/sets/location_bricks 2
6 15 tiles/sets/bounce 5
6 16 tiles/sets/bounce 5
6 17 tiles/sets/bounce 5
6 18 tiles/sets/bounce 5
6 19 tiles/sets/bounce 5
6 20 tiles/sets/bounce 5
6 21 tiles/sets/bounce 5
6 22 tiles/sets/bounce 5
6 23 tiles/sets/bounce 5
6 24 tiles/sets/bounce 5
6 25 tiles/sets/bounce 5
6 26 tiles/sets/bounce 5
6 27 tiles/sets/bounce 5
6 28 tiles/sets/bounce 5
6 29 tiles/sets/bounce 5
6 30 tiles/sets/bounce 5
6 31 tiles/sets/bounce 5
6 32 tiles/sets/bounce 5
6 33 tiles/sets/bounce 5
6 34 tiles/sets/bounce 5
6 35 tiles/sets/bounce 5
6 36 tiles/sets/bounce 5
6 37 tiles/sets/bounce 5
6 38 tiles/sets/bounce 5
6 39 tiles/sets/bounce 5
6 40 tiles/sets/bounce 5
6 41 tiles/sets/bounce 5
6 42 tiles/sets/bounce 5
6 43 tiles/sets/bounce 5
6 44 tiles/sets/bounce 5
6 45 tiles/sets/bounce 5
6 46 tiles/sets/bounce 5
6 47 tiles/sets/bounce 5
6 48 tiles/sets/bounce 5
6 49 tiles/sets/bounce 5
6 50 tiles/sets/bounce 5
6 51 tiles/sets/bounce 5
6 52 tiles/sets/bounce 5
6 53 tiles/sets/bounce 5
6 54 tiles/sets/bounce 5
6 55 tiles/sets/bounce 5
6 56 tiles/sets/bounce 5
6 57 tiles/sets/bounce 5
6 58 tiles/sets/bounce 5
6 59 tiles/sets/bounce 5
6 60 tiles/sets/bounce 5
6 61 tiles/sets/bounce 5
6 62 tiles/sets/bounce 5
6 63 tiles/sets/bounce 5
6 64 tiles/sets/bounce 5
6 65 tiles/sets/bounce 5
6 66 tiles/sets/bounce 5
6 67 tiles/sets/bounce 19
7 15 tiles/sets/location_bricks 34
7 16 tiles/sets/location_bricks 34
7 17 tiles/sets/location_bricks 34
7 18 tiles/sets/location_bricks 34
7 19 tiles/sets/location_bricks 34
7 20 tiles/sets/location_bricks 34
7 21 tiles/sets/location_bricks 34
7 22 tiles/sets/location_bricks 34
7 23 tiles/sets/location_bricks 34
7 24 tiles/sets/location_bricks 34
7 25 tiles/sets/location_bricks 34
7 26 tiles/sets/location_bricks 34
7 27 tiles/sets/location_bricks 34
7 28 tiles/sets/location_bricks 34
7 29 tiles/sets/location_bricks 34
7 30 tiles/sets/location_bricks 34
7 31 tiles/sets/location_bricks 34
7 32 tiles/sets/location_bricks 34
7 33 tiles/sets/location_bricks 34
7 34 tiles/sets/location_bricks 34
7 35 tiles/sets/location_bricks 34
7 36 tiles/sets/location_bricks 34
7 37 tiles/sets/location_bricks 34
7 38 tiles/sets/location_bricks 34
7 39 tiles/sets/location_bricks 34
7 40 tiles/sets/location_bricks 34
7 41 tiles/sets/location_bricks 34
7 42 tiles/sets/location_bricks 34
7 43 tiles/sets/location_bricks 34
7 44 tiles/sets/location_bricks 21
7 45 tiles/sets/location_bricks 5
7 46 tiles/sets/location_bricks 5
7 47 tiles/sets/location_bricks 5
7 48 tiles/sets/location_bricks 6
7 49 tiles/sets/location_bricks 34
7 50 tiles/sets/location_bricks 34
7 51 tiles/sets/location_bricks 34
7 52 tiles/sets/location_bricks 34
7 53 tiles/sets/location_bricks 34
7 54 tiles/sets/location_bricks 34
7 55 tiles/sets/location_bricks 34
7 56 tiles/sets/location_bricks 21
7 57 tiles/sets/location_bricks 5
7 58 tiles/sets/location_bricks 5
7 59 tiles/sets/location_bricks 5
7 60 tiles/sets/location_bricks 6
7 61 tiles/sets/location_bricks 34
7 62 tiles/sets/location_bricks 34
7 63 tiles/sets/location_bricks 34
7 64 tiles/sets/location_bricks 34
7 65 tiles/sets/location_bricks 34
7 66 tiles/sets/location_bricks 34
7 67 tiles/sets/location_bricks 17
16 45 tiles/color_cube 1
22 39 tiles/color_cube 6
22 51 tiles/color_cube 0
27 45 tiles/color_cube 1
28 45 tiles/color_cube 1
7 14 tiles/sets/location_bricks 34
5 14 tiles/sets/location_bricks 4
7 13 tiles/sets/location_bricks 34
6 12 tiles/sets/location_bricks 5
7 12 tiles/sets/location_bricks 34
7 11 tiles/sets/location_bricks 34
6 11 tiles/sets/location_bricks 5
6 13 tiles/sets/location_bricks 5
5 13 tiles/sets/location_bricks 4
5 12 tiles/sets/location_bricks 4
5 11 tiles/sets/location_bricks 4
5 10 tiles/sets/location_bricks 47
6 10 tiles/sets/location_bricks 49
7 10 tiles/sets/location_bricks 32
37 14 tiles/sets/location_bricks 4
37 13 tiles/sets/location_bricks 4
37 12 tiles/sets/location_bricks 4
37 11 tiles/sets/location_bricks 4
37 10 tiles/sets/location_bricks 47
39 10 tiles/sets/location_bricks 32
39 11 tiles/sets/location_bricks 34
39 12 tiles/sets/location_bricks 34
39 13 tiles/sets/location_bricks 34
39 14 tiles/sets/location_bricks 34
38 13 tiles/sets/location_bricks 5
38 12 tiles/sets/location_bricks 5
38 11 tiles/sets/location_bricks 5
38 10 tiles/sets/location_bricks 49
6 14 tiles/sets/bounce 5
38 14 tiles/sets/bounce 5
20 5 tiles/color_cube 13
20 6 tiles/color_cube 13
20 7 tiles/color_cube 13
20 8 tiles/color_cube 13
20 9 tiles/color_cube 13
21 9 tiles/color_cube 13
22 9 tiles/color_cube 13
23 9 tiles/color_cube 13
24 9 tiles/color_cube 13
24 8 tiles/color_cube 13
24 7 tiles/color_cube 13
24 6 tiles/color_cube 13
24 5 tiles/color_cube 13
23 5 tiles/color_cube 13
22 5 tiles/color_cube 13
21 5 tiles/color_cube 13
20 10 tiles/color_cube 13
21 10 tiles/color_cube 13
22 10 tiles/color_cube 13
23 10 tiles/color_cube 13
24 10 tiles/color_cube 13
27 8 tiles/color_cube 13
27 7 tiles/color_cube 13
27 6 tiles/color_cube 13
27 5 tiles/color_cube 13
27 4 tiles/color_cube 13
27 3 tiles/color_cube 13
26 2 tiles/color_cube 13
17 3 tiles/color_cube 13
17 4 tiles/color_cube 13
17 5 tiles/color_cube 13
17 6 tiles/color_cube 13
17 7 tiles/color_cube 13
17 8 tiles/color_cube 13
18 7 tiles/color_cube 13
26 7 tiles/color_cube 13
26 6 tiles/color_cube 13
26 5 tiles/color_cube 13
26 4 tiles/color_cube 13
26 3 tiles/color_cube 13
25 3 tiles/color_cube 13
24 3 tiles/color_cube 13
23 3 tiles/color_cube 13
22 3 tiles/color_cube 13
21 3 tiles/color_cube 13
20 3 tiles/color_cube 13
19 3 tiles/color_cube 13
18 6 tiles/color_cube 13
18 5 tiles/color_cube 13
18 4 tiles/color_cube 13
18 3 tiles/color_cube 13
18 2 tiles/color_cube 13
19 2 tiles/color_cube 13
20 2 tiles/color_cube 13
21 2 tiles/color_cube 13
22 2 tiles/color_cube 13
23 2 tiles/color_cube 13
24 2 tiles/color_cube 13
25 2 tiles/color_cube 13
22 7 tiles/color_cube 11
26 13 tiles/color_cube 13
26 12 tiles/color_cube 13
26 11 tiles/color_cube 13
18 13 tiles/color_cube 13
18 12 tiles/color_cube 13
18 11 tiles/color_cube 13
34 14 tiles/color_cube 6
34 13 tiles/color_cube 6
34 12 tiles/color_cube 6
34 11 tiles/color_cube 6
35 11 tiles/color_cube 6
36 11 tiles/color_cube 6
35 13 tiles/color_cube 6
35 14 tiles/color_cube 6
36 14 tiles/color_cube 6
36 13 tiles/color_cube 6
36 12 tiles/color_cube 6
35 12 tiles/color_cube 6
9 14 tiles/color_cube 6
8 14 tiles/color_cube 6
8 13 tiles/color_cube 6
8 12 tiles/color_cube 6
10 11 tiles/color_cube 6
10 12 tiles/color_cube 6
10 14 tiles/color_cube 6
10 13 tiles/color_cube 6
9 13 tiles/color_cube 6
9 12 tiles/color_cube 6
9 11 tiles/color_cube 6
8 11 tiles/color_cube 6
18 19 tiles/color_cube 13
18 20 tiles/color_cube 13
18 21 tiles/color_cube 13
18 22 tiles/color_cube 13
18 23 tiles/color_cube 13
18 24 tiles/color_cube 13
18 25 tiles/color_cube 13
18 26 tiles/color_cube 13
18 27 tiles/color_cube 13
18 28 tiles/color_cube 13
18 29 tiles/color_cube 13
18 30 tiles/color_cube 13
18 31 tiles/color_cube 13
18 32 tiles/color_cube 13
18 33 tiles/color_cube 13
18 34 tiles/color_cube 13
18 35 tiles/color_cube 13
18 36 tiles/color_cube 13
18 37 tiles/color_cube 13
18 38 tiles/color_cube 13
18 39 tiles/color_cube 13
18 40 tiles/color_cube 13
18 42 tiles/color_cube 13
18 48 tiles/color_cube 13
18 49 tiles/color_cube 13
18 50 tiles/color_cube 13
18 51 tiles/color_cube 13
18 52 tiles/color_cube 13
18 53 tiles/color_cube 13
18 54 tiles/color_cube 13
18 55 tiles/color_cube 13
18 56 tiles/color_cube 13
18 57 tiles/color_cube 13
18 58 tiles/color_cube 13
18 59 tiles/color_cube 13
18 60 tiles/color_cube 13
18 61 tiles/color_cube 13
18 62 tiles/color_cube 13
18 63 tiles/color_cube 13
18 64 tiles/color_cube 13
18 65 tiles/color_cube 13
18 66 tiles/color_cube 13
18 67 tiles/color_cube 13
26 48 tiles/color_cube 13
26 49 tiles/color_cube 13
26 50 tiles/color_cube 13
26 51 tiles/color_cube 13
26 52 tiles/color_cube 13
26 53 tiles/color_cube 13
26 54 tiles/color_cube 13
26 55 tiles/color_cube 13
26 56 tiles/color_cube 13
26 57 tiles/color_cube 13
26 58 tiles/color_cube 13
26 59 tiles/color_cube 13
26 60 tiles/color_cube 13
26 61 tiles/color_cube 13
26 62 tiles/color_cube 13
26 63 tiles/color_cube 13
26 64 tiles/color_cube 13
26 65 tiles/color_cube 13
26 66 tiles/color_cube 13
26 67 tiles/color_cube 13
26 42 tiles/color_cube 13
26 40 tiles/color_cube 13
26 39 tiles/color_cube 13
26 38 tiles/color_cube 13
26 37 tiles/color_cube 13
26 36 tiles/color_cube 13
26 35 tiles/color_cube 13
26 34 tiles/color_cube 13
26 33 tiles/color_cube 13
26 32 tiles/color_cube 13
26 31 tiles/color_cube 13
26 30 tiles/color_cube 13
26 29 tiles/color_cube 13
26 28 tiles/color_cube 13
26 27 tiles/color_cube 13
26 26 tiles/color_cube 13
26 25 tiles/color_cube 13
26 24 tiles/color_cube 13
26 23 tiles/color_cube 13
26 22 tiles/color_cube 13
26 21 tiles/color_cube 13
26 20 tiles/color_cube 13
26 19 tiles/color_cube 13
26 18 tiles/color_cube 13
25 41 tiles/color_cube 13
26 41 tiles/color_cube 13
27 41 tiles/color_cube 13
28 41 tiles/color_cube 13
29 41 tiles/color_cube 13
30 41 tiles/color_cube 13
31 41 tiles/color_cube 13
32 41 tiles/color_cube 13
33 41 tiles/color_cube 13
34 41 tiles/color_cube 13
35 41 tiles/color_cube 13
36 41 tiles/color_cube 13
19 41 tiles/color_cube 13
18 41 tiles/color_cube 13
17 41 tiles/color_cube 13
16 41 tiles/color_cube 13
15 41 tiles/color_cube 13
14 41 tiles/color_cube 13
13 41 tiles/color_cube 13
12 41 tiles/color_cube 13
11 41 tiles/color_cube 13
10 41 tiles/color_cube 13
9 41 tiles/color_cube 13
8 41 tiles/color_cube 13
18 18 tiles/color_cube 13
17 49 tiles/color_cube 13
16 49 tiles/color_cube 13
15 49 tiles/color_cube 13
14 49 tiles/color_cube 13
13 49 tiles/color_cube 13
27 49 tiles/color_cube 13
28 49 tiles/color_cube 13
29 49 tiles/color_cube 13
30 49 tiles/color_cube 13
31 49 tiles/color_cube 13
32 49 tiles/color_cube 13
33 49 tiles/color_cube 13
34 49 tiles/color_cube 13
35 49 tiles/color_cube 13
36 49 tiles/color_cube 13
25 49 tiles/color_cube 13
19 49 tiles/color_cube 13
19 46 tiles/color_cube 11
19 45 tiles/color_cube 11
19 44 tiles/color_cube 11
19 43 tiles/color_cube 11
20 42 tiles/color_cube 11
21 42 tiles/color_cube 11
22 42 tiles/color_cube 11
23 42 tiles/color_cube 11
24 42 tiles/color_cube 11
25 43 tiles/color_cube 11
25 44 tiles/color_cube 11
25 45 tiles/color_cube 11
25 46 tiles/color_cube 11
23 48 tiles/color_cube 11
22 48 tiles/color_cube 11
21 48 tiles/color_cube 11
25 47 tiles/color_cube 11
24 48 tiles/color_cube 11
20 48 tiles/color_cube 11
19 47 tiles/color_cube 11
25 48 tiles/color_cube 12
19 48 tiles/color_cube 12
19 42 tiles/color_cube 12
25 42 tiles/color_cube 12
14 45 tiles/color_cube 1
15 45 tiles/color_cube 1
29 45 tiles/color_cube 1
30 45 tiles/color_cube 1
22 38 tiles/color_cube 6
22 37 tiles/color_cube 6
22 53 tiles/color_cube 0
22 52 tiles/color_cube 0
20 49 tiles/color_cube 0
21 49 tiles/color_cube 0
22 49 tiles/color_cube 0
23 49 tiles/color_cube 0
24 49 tiles/color_cube 0
26 47 tiles/color_cube 1
26 46 tiles/color_cube 1
26 45 tiles/color_cube 1
26 44 tiles/color_cube 1
26 43 tiles/color_cube 1
18 47 tiles/color_cube 1
18 46 tiles/color_cube 1
18 45 tiles/color_cube 1
18 43 tiles/color_cube 1
18 44 tiles/color_cube 1
17 45 tiles/color_cube 1
22 50 tiles/color_cube 0
22 40 tiles/color_cube 6
24 41 tiles/color_cube 6
23 41 tiles/color_cube 6
22 41 tiles/color_cube 6
21 41 tiles/color_cube 6
20 41 tiles/color_cube 6
10 38 tiles/color_cube 4
10 33 tiles/color_cube 4
28 28 tiles/color_cube 4
27 29 tiles/color_cube 4
29 31 tiles/color_cube 4
30 30 tiles/color_cube 4
30 31 tiles/color_cube 5
27 28 tiles/color_cube 5
10 32 tiles/color_cube 5
10 39 tiles/color_cube 5
12 36 tiles/color_cube 5
12 35 tiles/color_cube 5
8 36 tiles/color_cube 5
8 35 tiles/color_cube 5
28 33 tiles/color_cube 5
29 33 tiles/color_cube 5
32 30 tiles/color_cube 5
32 29 tiles/color_cube 5
29 30 tiles/color_cube 11
10 37 tiles/color_cube 11
10 36 tiles/color_cube 11
10 35 tiles/color_cube 11
10 34 tiles/color_cube 11
28 30 tiles/color_cube 11
28 29 tiles/color_cube 11
29 29 tiles/color_cube 11
8 44 tiles/sets/location_bricks 57
8 45 tiles/sets/location_bricks 34
8 46 tiles/sets/location_bricks 34
8 47 tiles/sets/location_bricks 34
8 48 tiles/sets/location_bricks 17
8 56 tiles/sets/location_bricks 32
8 57 tiles/sets/location_bricks 34
8 58 tiles/sets/location_bricks 34
8 59 tiles/sets/location_bricks 34
8 60 tiles/sets/location_bricks 26
9 44 tiles/sets/location_bricks 18
9 45 tiles/color_cube 4
9 46 tiles/color_cube 4
9 47 tiles/color_cube 4
9 57 tiles/color_cube 4
9 58 tiles/color_cube 4
9 59 tiles/color_cube 4
9 60 tiles/sets/location_bricks 18
10 44 tiles/sets/location_bricks 18
10 45 tiles/color_cube 4
10 46 tiles/color_cube 4
10 47 tiles/color_cube 4
10 48 tiles/color_cube 9
10 49 tiles/color_cube 9
10 50 tiles/color_cube 9
10 51 tiles/color_cube 11
10 52 tiles/color_cube 11
10 53 tiles/color_cube 11
10 54 tiles/color_cube 9
10 55 tiles/color_cube 9
10 56 tiles/color_cube 9
10 57 tiles/color_cube 4
10 58 tiles/color_cube 4
10 59 tiles/color_cube 4
10 60 tiles/sets/location_bricks 18
11 44 tiles/sets/location_bricks 18
11 45 tiles/color_cube 4
11 46 tiles/color_cube 4
11 47 tiles/color_cube 4
11 57 tiles/color_cube 4
11 58 tiles/color_cube 4
11 59 tiles/color_cube 4
11 60 tiles/sets/location_bricks 18
12 44 tiles/sets/location_bricks 44
12 45 tiles/sets/location_bricks 3
12 46 tiles/sets/location_bricks 3
12 47 tiles/sets/location_bricks 3
12 48 tiles/sets/location_bricks 1
12 56 tiles/sets/location_bricks 31
12 57 tiles/sets/location_bricks 3
12 58 tiles/sets/location_bricks 3
12 59 tiles/sets/location_bricks 3
12 60 tiles/sets/location_bricks 29
